Java HotSpot(TM) 64-Bit Server VM (25.251-b08) for windows-amd64 JRE (1.8.0_251-b08), built on Mar 12 2020 06:31:49 by "" with MS VC++ 10.0 (VS2010)
Memory: 4k page, physical 8267176k(3209612k free), swap 15400256k(6046776k free)
CommandLine flags: -XX:CMSInitiatingOccupancyFraction=50 -XX:CMSMaxAbortablePrecleanTime=6000 -XX:+CMSParallelRemarkEnabled -XX:+CMSScavengeBeforeRemark -XX:ConcGCThreads=4 -XX:GCLogFileSize=20971520 -XX:InitialHeapSize=536870912 -XX:MaxHeapSize=536870912 -XX:MaxTenuringThreshold=8 -XX:NewRatio=3 -XX:NumberOfGCLogFiles=9 -XX:OldPLABSize=16 -XX:-OmitStackTraceInFastThrow -XX:ParallelGCThreads=4 -XX:+ParallelRefProcEnabled -XX:PretenureSizeThreshold=67108864 -XX:+PrintGC -XX:+PrintGCApplicationStoppedTime -XX:+PrintGCDateStamps -XX:+PrintGCDetails -XX:+PrintGCTimeStamps -XX:+PrintHeapAtGC -XX:+PrintTenuringDistribution -XX:SurvivorRatio=4 -XX:TargetSurvivorRatio=90 -XX:ThreadStackSize=256 -XX:+UseCMSInitiatingOccupancyOnly -XX:+UseCompressedClassPointers -XX:+UseCompressedOops -XX:+UseConcMarkSweepGC -XX:+UseGCLogFileRotation -XX:-UseLargePagesIndividualAllocation -XX:+UseParNewGC 
2020-06-30T21:15:52.610+0100: 0.254: Total time for which application threads were stopped: 0.0001338 seconds, Stopping threads took: 0.0000217 seconds
2020-06-30T21:15:52.799+0100: 0.442: Total time for which application threads were stopped: 0.0001808 seconds, Stopping threads took: 0.0000275 seconds
2020-06-30T21:15:53.431+0100: 1.075: Total time for which application threads were stopped: 0.0001576 seconds, Stopping threads took: 0.0000248 seconds
2020-06-30T21:15:53.557+0100: 1.201: Total time for which application threads were stopped: 0.0001945 seconds, Stopping threads took: 0.0000323 seconds
2020-06-30T21:15:53.759+0100: 1.402: Total time for which application threads were stopped: 0.0001658 seconds, Stopping threads took: 0.0000179 seconds
2020-06-30T21:15:54.165+0100: 1.808: Total time for which application threads were stopped: 0.0001315 seconds, Stopping threads took: 0.0000253 seconds
2020-06-30T21:15:54.263+0100: 1.906: Total time for which application threads were stopped: 0.0002631 seconds, Stopping threads took: 0.0000284 seconds
2020-06-30T21:15:54.269+0100: 1.912: Total time for which application threads were stopped: 0.0001596 seconds, Stopping threads took: 0.0000190 seconds
2020-06-30T21:15:54.355+0100: 1.999: Total time for which application threads were stopped: 0.0002907 seconds, Stopping threads took: 0.0000476 seconds
{Heap before GC invocations=0 (full 0):
 par new generation   total 109248K, used 87424K [0x00000000e0000000, 0x00000000e8000000, 0x00000000e8000000)
  eden space 87424K, 100% used [0x00000000e0000000, 0x00000000e5560000, 0x00000000e5560000)
  from space 21824K,   0% used [0x00000000e5560000, 0x00000000e5560000, 0x00000000e6ab0000)
  to   space 21824K,   0% used [0x00000000e6ab0000, 0x00000000e6ab0000, 0x00000000e8000000)
 concurrent mark-sweep generation total 393216K, used 0K [0x00000000e8000000, 0x0000000100000000, 0x0000000100000000)
 Metaspace       used 17388K, capacity 17734K, committed 17920K, reserved 1064960K
  class space    used 2131K, capacity 2221K, committed 2304K, reserved 1048576K
2020-06-30T21:15:55.122+0100: 2.766: [GC (Allocation Failure) 2020-06-30T21:15:55.122+0100: 2.766: [ParNew
Desired survivor size 20112992 bytes, new threshold 8 (max 8)
- age   1:   11327504 bytes,   11327504 total
: 87424K->11173K(109248K), 0.0089957 secs] 87424K->11173K(502464K), 0.0091578 secs] [Times: user=0.03 sys=0.03, real=0.01 secs] 
Heap after GC invocations=1 (full 0):
 par new generation   total 109248K, used 11173K [0x00000000e0000000, 0x00000000e8000000, 0x00000000e8000000)
  eden space 87424K,   0% used [0x00000000e0000000, 0x00000000e0000000, 0x00000000e5560000)
  from space 21824K,  51% used [0x00000000e6ab0000, 0x00000000e75995e8, 0x00000000e8000000)
  to   space 21824K,   0% used [0x00000000e5560000, 0x00000000e5560000, 0x00000000e6ab0000)
 concurrent mark-sweep generation total 393216K, used 0K [0x00000000e8000000, 0x0000000100000000, 0x0000000100000000)
 Metaspace       used 17388K, capacity 17734K, committed 17920K, reserved 1064960K
  class space    used 2131K, capacity 2221K, committed 2304K, reserved 1048576K
}
2020-06-30T21:15:55.132+0100: 2.775: Total time for which application threads were stopped: 0.0093421 seconds, Stopping threads took: 0.0000295 seconds
2020-06-30T21:15:55.244+0100: 2.887: Total time for which application threads were stopped: 0.0002289 seconds, Stopping threads took: 0.0000235 seconds
2020-06-30T21:15:55.576+0100: 3.220: Total time for which application threads were stopped: 0.0001362 seconds, Stopping threads took: 0.0000342 seconds
2020-06-30T21:15:55.613+0100: 3.256: Total time for which application threads were stopped: 0.0001008 seconds, Stopping threads took: 0.0000343 seconds
2020-06-30T21:15:56.182+0100: 3.826: Total time for which application threads were stopped: 0.0004573 seconds, Stopping threads took: 0.0000405 seconds
2020-06-30T21:15:56.188+0100: 3.831: Total time for which application threads were stopped: 0.0003082 seconds, Stopping threads took: 0.0000329 seconds
2020-06-30T21:15:56.189+0100: 3.832: Total time for which application threads were stopped: 0.0002790 seconds, Stopping threads took: 0.0000266 seconds
2020-06-30T21:15:56.194+0100: 3.838: Total time for which application threads were stopped: 0.0003332 seconds, Stopping threads took: 0.0000386 seconds
2020-06-30T21:15:56.199+0100: 3.843: Total time for which application threads were stopped: 0.0000973 seconds, Stopping threads took: 0.0000354 seconds
2020-06-30T21:15:56.257+0100: 3.900: Total time for which application threads were stopped: 0.0001395 seconds, Stopping threads took: 0.0000428 seconds
2020-06-30T21:15:56.280+0100: 3.924: Total time for which application threads were stopped: 0.0000831 seconds, Stopping threads took: 0.0000313 seconds
2020-06-30T21:15:56.311+0100: 3.955: Total time for which application threads were stopped: 0.0000797 seconds, Stopping threads took: 0.0000294 seconds
{Heap before GC invocations=1 (full 0):
 par new generation   total 109248K, used 98597K [0x00000000e0000000, 0x00000000e8000000, 0x00000000e8000000)
  eden space 87424K, 100% used [0x00000000e0000000, 0x00000000e5560000, 0x00000000e5560000)
  from space 21824K,  51% used [0x00000000e6ab0000, 0x00000000e75995e8, 0x00000000e8000000)
  to   space 21824K,   0% used [0x00000000e5560000, 0x00000000e5560000, 0x00000000e6ab0000)
 concurrent mark-sweep generation total 393216K, used 0K [0x00000000e8000000, 0x0000000100000000, 0x0000000100000000)
 Metaspace       used 22528K, capacity 22956K, committed 23288K, reserved 1069056K
  class space    used 2800K, capacity 2940K, committed 3020K, reserved 1048576K
2020-06-30T21:15:56.339+0100: 3.983: [GC (Allocation Failure) 2020-06-30T21:15:56.339+0100: 3.983: [ParNew
Desired survivor size 20112992 bytes, new threshold 8 (max 8)
- age   1:    4682680 bytes,    4682680 total
- age   2:    5558288 bytes,   10240968 total
: 98597K->13760K(109248K), 0.0085866 secs] 98597K->13760K(502464K), 0.0086950 secs] [Times: user=0.00 sys=0.00, real=0.01 secs] 
Heap after GC invocations=2 (full 0):
 par new generation   total 109248K, used 13760K [0x00000000e0000000, 0x00000000e8000000, 0x00000000e8000000)
  eden space 87424K,   0% used [0x00000000e0000000, 0x00000000e0000000, 0x00000000e5560000)
  from space 21824K,  63% used [0x00000000e5560000, 0x00000000e62d01d0, 0x00000000e6ab0000)
  to   space 21824K,   0% used [0x00000000e6ab0000, 0x00000000e6ab0000, 0x00000000e8000000)
 concurrent mark-sweep generation total 393216K, used 0K [0x00000000e8000000, 0x0000000100000000, 0x0000000100000000)
 Metaspace       used 22528K, capacity 22956K, committed 23288K, reserved 1069056K
  class space    used 2800K, capacity 2940K, committed 3020K, reserved 1048576K
}
2020-06-30T21:15:56.348+0100: 3.991: Total time for which application threads were stopped: 0.0088890 seconds, Stopping threads took: 0.0000553 seconds
2020-06-30T21:15:56.348+0100: 3.992: [GC (CMS Initial Mark) [1 CMS-initial-mark: 0K(393216K)] 13760K(502464K), 0.0021925 secs] [Times: user=0.06 sys=0.00, real=0.00 secs] 
2020-06-30T21:15:56.350+0100: 3.994: Total time for which application threads were stopped: 0.0023369 seconds, Stopping threads took: 0.0000586 seconds
2020-06-30T21:15:56.350+0100: 3.994: [CMS-concurrent-mark-start]
2020-06-30T21:15:56.351+0100: 3.995: [CMS-concurrent-mark: 0.001/0.001 secs] [Times: user=0.00 sys=0.00, real=0.00 secs] 
2020-06-30T21:15:56.351+0100: 3.995: [CMS-concurrent-preclean-start]
2020-06-30T21:15:56.352+0100: 3.996: [CMS-concurrent-preclean: 0.001/0.001 secs] [Times: user=0.00 sys=0.00, real=0.00 secs] 
2020-06-30T21:15:56.353+0100: 3.996: [GC (CMS Final Remark) [YG occupancy: 15463 K (109248 K)]{Heap before GC invocations=2 (full 1):
 par new generation   total 109248K, used 15463K [0x00000000e0000000, 0x00000000e8000000, 0x00000000e8000000)
  eden space 87424K,   1% used [0x00000000e0000000, 0x00000000e01a9c40, 0x00000000e5560000)
  from space 21824K,  63% used [0x00000000e5560000, 0x00000000e62d01d0, 0x00000000e6ab0000)
  to   space 21824K,   0% used [0x00000000e6ab0000, 0x00000000e6ab0000, 0x00000000e8000000)
 concurrent mark-sweep generation total 393216K, used 0K [0x00000000e8000000, 0x0000000100000000, 0x0000000100000000)
 Metaspace       used 22530K, capacity 22956K, committed 23288K, reserved 1069056K
  class space    used 2801K, capacity 2940K, committed 3020K, reserved 1048576K
2020-06-30T21:15:56.353+0100: 3.996: [GC (CMS Final Remark) 2020-06-30T21:15:56.353+0100: 3.996: [ParNew
Desired survivor size 20112992 bytes, new threshold 8 (max 8)
- age   1:      32152 bytes,      32152 total
- age   2:     998224 bytes,    1030376 total
- age   3:    5486584 bytes,    6516960 total
: 15463K->9277K(109248K), 0.0073147 secs] 15463K->9277K(502464K), 0.0073730 secs] [Times: user=0.00 sys=0.00, real=0.01 secs] 
Heap after GC invocations=3 (full 1):
 par new generation   total 109248K, used 9277K [0x00000000e0000000, 0x00000000e8000000, 0x00000000e8000000)
  eden space 87424K,   0% used [0x00000000e0000000, 0x00000000e0000000, 0x00000000e5560000)
  from space 21824K,  42% used [0x00000000e6ab0000, 0x00000000e73bf610, 0x00000000e8000000)
  to   space 21824K,   0% used [0x00000000e5560000, 0x00000000e5560000, 0x00000000e6ab0000)
 concurrent mark-sweep generation total 393216K, used 0K [0x00000000e8000000, 0x0000000100000000, 0x0000000100000000)
 Metaspace       used 22530K, capacity 22956K, committed 23288K, reserved 1069056K
  class space    used 2801K, capacity 2940K, committed 3020K, reserved 1048576K
}
2020-06-30T21:15:56.360+0100: 4.004: [Rescan (parallel) , 0.0018938 secs]2020-06-30T21:15:56.362+0100: 4.006: [weak refs processing, 0.0008064 secs]2020-06-30T21:15:56.363+0100: 4.006: [class unloading, 0.0025185 secs]2020-06-30T21:15:56.365+0100: 4.009: [scrub symbol table, 0.0028230 secs]2020-06-30T21:15:56.368+0100: 4.012: [scrub string table, 0.0002236 secs][1 CMS-remark: 0K(393216K)] 9277K(502464K), 0.0163492 secs] [Times: user=0.02 sys=0.00, real=0.02 secs] 
2020-06-30T21:15:56.369+0100: 4.013: Total time for which application threads were stopped: 0.0164949 seconds, Stopping threads took: 0.0000545 seconds
2020-06-30T21:15:56.369+0100: 4.013: [CMS-concurrent-sweep-start]
2020-06-30T21:15:56.369+0100: 4.013: [CMS-concurrent-sweep: 0.000/0.000 secs] [Times: user=0.00 sys=0.00, real=0.00 secs] 
2020-06-30T21:15:56.369+0100: 4.013: [CMS-concurrent-reset-start]
2020-06-30T21:15:56.372+0100: 4.016: [CMS-concurrent-reset: 0.003/0.003 secs] [Times: user=0.00 sys=0.00, real=0.00 secs] 
2020-06-30T21:15:56.421+0100: 4.065: Total time for which application threads were stopped: 0.0002506 seconds, Stopping threads took: 0.0000213 seconds
2020-06-30T21:15:56.502+0100: 4.145: Total time for which application threads were stopped: 0.0002434 seconds, Stopping threads took: 0.0000334 seconds
2020-06-30T21:15:56.549+0100: 4.193: Total time for which application threads were stopped: 0.0002437 seconds, Stopping threads took: 0.0000596 seconds
2020-06-30T21:15:57.021+0100: 4.664: Total time for which application threads were stopped: 0.0005334 seconds, Stopping threads took: 0.0000574 seconds
2020-06-30T21:15:57.103+0100: 4.747: Total time for which application threads were stopped: 0.0002948 seconds, Stopping threads took: 0.0000187 seconds
2020-06-30T21:15:57.144+0100: 4.787: Total time for which application threads were stopped: 0.0001426 seconds, Stopping threads took: 0.0000590 seconds
2020-06-30T21:15:57.160+0100: 4.803: Total time for which application threads were stopped: 0.0001263 seconds, Stopping threads took: 0.0000580 seconds
2020-06-30T21:15:57.163+0100: 4.807: Total time for which application threads were stopped: 0.0001211 seconds, Stopping threads took: 0.0000383 seconds
2020-06-30T21:15:57.234+0100: 4.878: Total time for which application threads were stopped: 0.0001260 seconds, Stopping threads took: 0.0000176 seconds
2020-06-30T21:15:57.306+0100: 4.950: Total time for which application threads were stopped: 0.0003471 seconds, Stopping threads took: 0.0000362 seconds
2020-06-30T21:15:58.306+0100: 5.949: Total time for which application threads were stopped: 0.0000838 seconds, Stopping threads took: 0.0000336 seconds
2020-06-30T21:16:02.069+0100: 9.713: Total time for which application threads were stopped: 0.0001366 seconds, Stopping threads took: 0.0000527 seconds
2020-06-30T21:16:02.070+0100: 9.714: Total time for which application threads were stopped: 0.0000708 seconds, Stopping threads took: 0.0000212 seconds
2020-06-30T21:16:02.070+0100: 9.714: Total time for which application threads were stopped: 0.0000599 seconds, Stopping threads took: 0.0000161 seconds
2020-06-30T21:16:02.071+0100: 9.714: Total time for which application threads were stopped: 0.0000932 seconds, Stopping threads took: 0.0000396 seconds
2020-06-30T21:16:02.127+0100: 9.771: Total time for which application threads were stopped: 0.0001250 seconds, Stopping threads took: 0.0000527 seconds
2020-06-30T21:16:02.128+0100: 9.772: Total time for which application threads were stopped: 0.0001158 seconds, Stopping threads took: 0.0000548 seconds
{Heap before GC invocations=3 (full 1):
 par new generation   total 109248K, used 96701K [0x00000000e0000000, 0x00000000e8000000, 0x00000000e8000000)
  eden space 87424K, 100% used [0x00000000e0000000, 0x00000000e5560000, 0x00000000e5560000)
  from space 21824K,  42% used [0x00000000e6ab0000, 0x00000000e73bf610, 0x00000000e8000000)
  to   space 21824K,   0% used [0x00000000e5560000, 0x00000000e5560000, 0x00000000e6ab0000)
 concurrent mark-sweep generation total 393216K, used 0K [0x00000000e8000000, 0x0000000100000000, 0x0000000100000000)
 Metaspace       used 28750K, capacity 29518K, committed 29772K, reserved 1075200K
  class space    used 3619K, capacity 3839K, committed 3916K, reserved 1048576K
2020-06-30T21:16:02.133+0100: 9.776: [GC (Allocation Failure) 2020-06-30T21:16:02.133+0100: 9.776: [ParNew
Desired survivor size 20112992 bytes, new threshold 8 (max 8)
- age   1:    7808024 bytes,    7808024 total
- age   2:       2456 bytes,    7810480 total
- age   3:     946744 bytes,    8757224 total
- age   4:    5426600 bytes,   14183824 total
: 96701K->14847K(109248K), 0.0109843 secs] 96701K->14847K(502464K), 0.0110494 secs] [Times: user=0.00 sys=0.00, real=0.01 secs] 
Heap after GC invocations=4 (full 1):
 par new generation   total 109248K, used 14847K [0x00000000e0000000, 0x00000000e8000000, 0x00000000e8000000)
  eden space 87424K,   0% used [0x00000000e0000000, 0x00000000e0000000, 0x00000000e5560000)
  from space 21824K,  68% used [0x00000000e5560000, 0x00000000e63dfe80, 0x00000000e6ab0000)
  to   space 21824K,   0% used [0x00000000e6ab0000, 0x00000000e6ab0000, 0x00000000e8000000)
 concurrent mark-sweep generation total 393216K, used 0K [0x00000000e8000000, 0x0000000100000000, 0x0000000100000000)
 Metaspace       used 28750K, capacity 29518K, committed 29772K, reserved 1075200K
  class space    used 3619K, capacity 3839K, committed 3916K, reserved 1048576K
}
2020-06-30T21:16:02.144+0100: 9.787: Total time for which application threads were stopped: 0.0112598 seconds, Stopping threads took: 0.0000674 seconds
2020-06-30T21:16:02.144+0100: 9.788: Total time for which application threads were stopped: 0.0001752 seconds, Stopping threads took: 0.0001025 seconds
2020-06-30T21:16:02.145+0100: 9.789: Total time for which application threads were stopped: 0.0001801 seconds, Stopping threads took: 0.0001271 seconds
2020-06-30T21:16:02.146+0100: 9.789: Total time for which application threads were stopped: 0.0001078 seconds, Stopping threads took: 0.0000573 seconds
2020-06-30T21:16:02.146+0100: 9.789: Total time for which application threads were stopped: 0.0000845 seconds, Stopping threads took: 0.0000443 seconds
2020-06-30T21:16:02.146+0100: 9.790: Total time for which application threads were stopped: 0.0001281 seconds, Stopping threads took: 0.0000603 seconds
2020-06-30T21:16:02.146+0100: 9.790: Total time for which application threads were stopped: 0.0001054 seconds, Stopping threads took: 0.0000599 seconds
2020-06-30T21:16:02.147+0100: 9.790: Total time for which application threads were stopped: 0.0002299 seconds, Stopping threads took: 0.0001476 seconds
2020-06-30T21:16:02.147+0100: 9.790: Total time for which application threads were stopped: 0.0000970 seconds, Stopping threads took: 0.0000241 seconds
2020-06-30T21:16:02.187+0100: 9.831: Total time for which application threads were stopped: 0.0001866 seconds, Stopping threads took: 0.0000399 seconds
2020-06-30T21:16:02.236+0100: 9.880: Total time for which application threads were stopped: 0.0001473 seconds, Stopping threads took: 0.0000303 seconds
2020-06-30T21:16:02.282+0100: 9.926: Total time for which application threads were stopped: 0.0001773 seconds, Stopping threads took: 0.0000600 seconds
2020-06-30T21:16:02.337+0100: 9.981: Total time for which application threads were stopped: 0.0001767 seconds, Stopping threads took: 0.0000581 seconds
2020-06-30T21:16:02.344+0100: 9.988: Total time for which application threads were stopped: 0.0001642 seconds, Stopping threads took: 0.0000409 seconds
2020-06-30T21:16:02.349+0100: 9.992: Total time for which application threads were stopped: 0.0001821 seconds, Stopping threads took: 0.0000570 seconds
2020-06-30T21:16:02.361+0100: 10.004: Total time for which application threads were stopped: 0.0001656 seconds, Stopping threads took: 0.0000442 seconds
2020-06-30T21:16:02.364+0100: 10.007: Total time for which application threads were stopped: 0.0001373 seconds, Stopping threads took: 0.0000380 seconds
2020-06-30T21:16:02.365+0100: 10.009: Total time for which application threads were stopped: 0.0001540 seconds, Stopping threads took: 0.0000436 seconds
2020-06-30T21:16:02.366+0100: 10.010: Total time for which application threads were stopped: 0.0001159 seconds, Stopping threads took: 0.0000343 seconds
2020-06-30T21:16:02.367+0100: 10.011: Total time for which application threads were stopped: 0.0001320 seconds, Stopping threads took: 0.0000324 seconds
2020-06-30T21:16:02.370+0100: 10.013: Total time for which application threads were stopped: 0.0001316 seconds, Stopping threads took: 0.0000320 seconds
2020-06-30T21:16:02.374+0100: 10.017: Total time for which application threads were stopped: 0.0001419 seconds, Stopping threads took: 0.0000429 seconds
2020-06-30T21:16:02.386+0100: 10.029: Total time for which application threads were stopped: 0.0001152 seconds, Stopping threads took: 0.0000346 seconds
2020-06-30T21:16:02.387+0100: 10.031: Total time for which application threads were stopped: 0.0004388 seconds, Stopping threads took: 0.0000328 seconds
2020-06-30T21:16:02.422+0100: 10.066: Total time for which application threads were stopped: 0.0004534 seconds, Stopping threads took: 0.0000499 seconds
2020-06-30T21:16:02.432+0100: 10.076: Total time for which application threads were stopped: 0.0001469 seconds, Stopping threads took: 0.0000315 seconds
2020-06-30T21:16:02.461+0100: 10.105: Total time for which application threads were stopped: 0.0002916 seconds, Stopping threads took: 0.0000327 seconds
2020-06-30T21:16:02.580+0100: 10.224: Total time for which application threads were stopped: 0.0002118 seconds, Stopping threads took: 0.0000528 seconds
2020-06-30T21:16:02.580+0100: 10.224: Total time for which application threads were stopped: 0.0000943 seconds, Stopping threads took: 0.0000211 seconds
2020-06-30T21:16:02.580+0100: 10.224: Total time for which application threads were stopped: 0.0000867 seconds, Stopping threads took: 0.0000217 seconds
2020-06-30T21:16:02.581+0100: 10.224: Total time for which application threads were stopped: 0.0001259 seconds, Stopping threads took: 0.0000225 seconds
2020-06-30T21:16:02.581+0100: 10.225: Total time for which application threads were stopped: 0.0000908 seconds, Stopping threads took: 0.0000206 seconds
2020-06-30T21:16:02.581+0100: 10.225: Total time for which application threads were stopped: 0.0001154 seconds, Stopping threads took: 0.0000372 seconds
2020-06-30T21:16:02.581+0100: 10.225: Total time for which application threads were stopped: 0.0000903 seconds, Stopping threads took: 0.0000227 seconds
2020-06-30T21:16:02.581+0100: 10.225: Total time for which application threads were stopped: 0.0000883 seconds, Stopping threads took: 0.0000179 seconds
2020-06-30T21:16:02.583+0100: 10.227: Total time for which application threads were stopped: 0.0001735 seconds, Stopping threads took: 0.0000503 seconds
{Heap before GC invocations=4 (full 1):
 par new generation   total 109248K, used 102256K [0x00000000e0000000, 0x00000000e8000000, 0x00000000e8000000)
  eden space 87424K,  99% used [0x00000000e0000000, 0x00000000e555c4a8, 0x00000000e5560000)
  from space 21824K,  68% used [0x00000000e5560000, 0x00000000e63dfe80, 0x00000000e6ab0000)
  to   space 21824K,   0% used [0x00000000e6ab0000, 0x00000000e6ab0000, 0x00000000e8000000)
 concurrent mark-sweep generation total 393216K, used 0K [0x00000000e8000000, 0x0000000100000000, 0x0000000100000000)
 Metaspace       used 30627K, capacity 31350K, committed 31564K, reserved 1077248K
  class space    used 3828K, capacity 4045K, committed 4172K, reserved 1048576K
2020-06-30T21:16:02.636+0100: 10.280: [GC (Allocation Failure) 2020-06-30T21:16:02.636+0100: 10.280: [ParNew
Desired survivor size 20112992 bytes, new threshold 8 (max 8)
- age   1:    3312792 bytes,    3312792 total
- age   2:    3787152 bytes,    7099944 total
- age   3:        840 bytes,    7100784 total
- age   4:     934624 bytes,    8035408 total
- age   5:    5425632 bytes,   13461040 total
: 102256K->19803K(109248K), 0.0098016 secs] 102256K->19803K(502464K), 0.0098960 secs] [Times: user=0.00 sys=0.00, real=0.01 secs] 
Heap after GC invocations=5 (full 1):
 par new generation   total 109248K, used 19803K [0x00000000e0000000, 0x00000000e8000000, 0x00000000e8000000)
  eden space 87424K,   0% used [0x00000000e0000000, 0x00000000e0000000, 0x00000000e5560000)
  from space 21824K,  90% used [0x00000000e6ab0000, 0x00000000e7e06f10, 0x00000000e8000000)
  to   space 21824K,   0% used [0x00000000e5560000, 0x00000000e5560000, 0x00000000e6ab0000)
 concurrent mark-sweep generation total 393216K, used 0K [0x00000000e8000000, 0x0000000100000000, 0x0000000100000000)
 Metaspace       used 30627K, capacity 31350K, committed 31564K, reserved 1077248K
  class space    used 3828K, capacity 4045K, committed 4172K, reserved 1048576K
}
2020-06-30T21:16:02.646+0100: 10.290: Total time for which application threads were stopped: 0.0101223 seconds, Stopping threads took: 0.0000342 seconds
2020-06-30T21:16:02.647+0100: 10.290: Total time for which application threads were stopped: 0.0002278 seconds, Stopping threads took: 0.0001387 seconds
2020-06-30T21:16:02.730+0100: 10.374: Total time for which application threads were stopped: 0.0002186 seconds, Stopping threads took: 0.0000836 seconds
{Heap before GC invocations=5 (full 1):
 par new generation   total 109248K, used 107227K [0x00000000e0000000, 0x00000000e8000000, 0x00000000e8000000)
  eden space 87424K, 100% used [0x00000000e0000000, 0x00000000e5560000, 0x00000000e5560000)
  from space 21824K,  90% used [0x00000000e6ab0000, 0x00000000e7e06f10, 0x00000000e8000000)
  to   space 21824K,   0% used [0x00000000e5560000, 0x00000000e5560000, 0x00000000e6ab0000)
 concurrent mark-sweep generation total 393216K, used 0K [0x00000000e8000000, 0x0000000100000000, 0x0000000100000000)
 Metaspace       used 30967K, capacity 31732K, committed 32076K, reserved 1077248K
  class space    used 3876K, capacity 4082K, committed 4172K, reserved 1048576K
2020-06-30T21:16:02.817+0100: 10.460: [GC (Allocation Failure) 2020-06-30T21:16:02.817+0100: 10.460: [ParNew
Desired survivor size 20112992 bytes, new threshold 8 (max 8)
- age   1:     566000 bytes,     566000 total
- age   2:    1767760 bytes,    2333760 total
- age   3:    3761576 bytes,    6095336 total
- age   4:        840 bytes,    6096176 total
- age   5:     932872 bytes,    7029048 total
- age   6:    5426312 bytes,   12455360 total
: 107227K->15288K(109248K), 0.0092648 secs] 107227K->15288K(502464K), 0.0093458 secs] [Times: user=0.06 sys=0.00, real=0.01 secs] 
Heap after GC invocations=6 (full 1):
 par new generation   total 109248K, used 15288K [0x00000000e0000000, 0x00000000e8000000, 0x00000000e8000000)
  eden space 87424K,   0% used [0x00000000e0000000, 0x00000000e0000000, 0x00000000e5560000)
  from space 21824K,  70% used [0x00000000e5560000, 0x00000000e644e2b0, 0x00000000e6ab0000)
  to   space 21824K,   0% used [0x00000000e6ab0000, 0x00000000e6ab0000, 0x00000000e8000000)
 concurrent mark-sweep generation total 393216K, used 0K [0x00000000e8000000, 0x0000000100000000, 0x0000000100000000)
 Metaspace       used 30967K, capacity 31732K, committed 32076K, reserved 1077248K
  class space    used 3876K, capacity 4082K, committed 4172K, reserved 1048576K
}
2020-06-30T21:16:02.826+0100: 10.470: Total time for which application threads were stopped: 0.0096156 seconds, Stopping threads took: 0.0000313 seconds
2020-06-30T21:16:02.826+0100: 10.470: Total time for which application threads were stopped: 0.0001284 seconds, Stopping threads took: 0.0000680 seconds
2020-06-30T21:16:02.931+0100: 10.575: Total time for which application threads were stopped: 0.0002437 seconds, Stopping threads took: 0.0000476 seconds
2020-06-30T21:16:03.026+0100: 10.669: Total time for which application threads were stopped: 0.0007012 seconds, Stopping threads took: 0.0000407 seconds
2020-06-30T21:16:03.037+0100: 10.681: Total time for which application threads were stopped: 0.0001577 seconds, Stopping threads took: 0.0000483 seconds
2020-06-30T21:16:03.112+0100: 10.756: Total time for which application threads were stopped: 0.0001319 seconds, Stopping threads took: 0.0000623 seconds
2020-06-30T21:16:03.125+0100: 10.769: Total time for which application threads were stopped: 0.0001041 seconds, Stopping threads took: 0.0000343 seconds
2020-06-30T21:16:03.132+0100: 10.775: Total time for which application threads were stopped: 0.0001251 seconds, Stopping threads took: 0.0000514 seconds
2020-06-30T21:16:03.143+0100: 10.786: Total time for which application threads were stopped: 0.0001047 seconds, Stopping threads took: 0.0000352 seconds
2020-06-30T21:16:03.147+0100: 10.791: Total time for which application threads were stopped: 0.0003803 seconds, Stopping threads took: 0.0000296 seconds
2020-06-30T21:16:03.302+0100: 10.946: Total time for which application threads were stopped: 0.0001909 seconds, Stopping threads took: 0.0000607 seconds
2020-06-30T21:16:03.303+0100: 10.946: Total time for which application threads were stopped: 0.0001296 seconds, Stopping threads took: 0.0000500 seconds
2020-06-30T21:16:03.314+0100: 10.958: Total time for which application threads were stopped: 0.0001217 seconds, Stopping threads took: 0.0000479 seconds
2020-06-30T21:16:03.316+0100: 10.959: Total time for which application threads were stopped: 0.0001623 seconds, Stopping threads took: 0.0000636 seconds
2020-06-30T21:16:03.318+0100: 10.961: Total time for which application threads were stopped: 0.0001336 seconds, Stopping threads took: 0.0000628 seconds
2020-06-30T21:16:03.318+0100: 10.961: Total time for which application threads were stopped: 0.0000845 seconds, Stopping threads took: 0.0000449 seconds
2020-06-30T21:16:03.420+0100: 11.064: Total time for which application threads were stopped: 0.0000938 seconds, Stopping threads took: 0.0000326 seconds
2020-06-30T21:16:03.442+0100: 11.086: Total time for which application threads were stopped: 0.0000822 seconds, Stopping threads took: 0.0000364 seconds
2020-06-30T21:16:03.469+0100: 11.113: Total time for which application threads were stopped: 0.0000883 seconds, Stopping threads took: 0.0000353 seconds
2020-06-30T21:16:03.469+0100: 11.113: Total time for which application threads were stopped: 0.0000569 seconds, Stopping threads took: 0.0000214 seconds
2020-06-30T21:16:03.469+0100: 11.113: Total time for which application threads were stopped: 0.0000462 seconds, Stopping threads took: 0.0000187 seconds
2020-06-30T21:16:03.469+0100: 11.113: Total time for which application threads were stopped: 0.0000471 seconds, Stopping threads took: 0.0000193 seconds
2020-06-30T21:16:03.470+0100: 11.113: Total time for which application threads were stopped: 0.0000775 seconds, Stopping threads took: 0.0000188 seconds
2020-06-30T21:16:03.470+0100: 11.113: Total time for which application threads were stopped: 0.0000473 seconds, Stopping threads took: 0.0000190 seconds
2020-06-30T21:16:03.480+0100: 11.123: Total time for which application threads were stopped: 0.0004440 seconds, Stopping threads took: 0.0000555 seconds
2020-06-30T21:16:03.494+0100: 11.137: Total time for which application threads were stopped: 0.0000792 seconds, Stopping threads took: 0.0000331 seconds
2020-06-30T21:16:03.505+0100: 11.148: Total time for which application threads were stopped: 0.0001383 seconds, Stopping threads took: 0.0000764 seconds
{Heap before GC invocations=6 (full 1):
 par new generation   total 109248K, used 102712K [0x00000000e0000000, 0x00000000e8000000, 0x00000000e8000000)
  eden space 87424K, 100% used [0x00000000e0000000, 0x00000000e5560000, 0x00000000e5560000)
  from space 21824K,  70% used [0x00000000e5560000, 0x00000000e644e2b0, 0x00000000e6ab0000)
  to   space 21824K,   0% used [0x00000000e6ab0000, 0x00000000e6ab0000, 0x00000000e8000000)
 concurrent mark-sweep generation total 393216K, used 0K [0x00000000e8000000, 0x0000000100000000, 0x0000000100000000)
 Metaspace       used 33875K, capacity 34748K, committed 35020K, reserved 1079296K
  class space    used 4231K, capacity 4478K, committed 4556K, reserved 1048576K
2020-06-30T21:16:03.515+0100: 11.159: [GC (Allocation Failure) 2020-06-30T21:16:03.515+0100: 11.159: [ParNew
Desired survivor size 20112992 bytes, new threshold 8 (max 8)
- age   1:    3400368 bytes,    3400368 total
- age   2:     149336 bytes,    3549704 total
- age   3:    1176824 bytes,    4726528 total
- age   4:    3750352 bytes,    8476880 total
- age   5:        840 bytes,    8477720 total
- age   6:     930992 bytes,    9408712 total
- age   7:    5345984 bytes,   14754696 total
: 102712K->21301K(109248K), 0.0110923 secs] 102712K->21301K(502464K), 0.0111672 secs] [Times: user=0.06 sys=0.00, real=0.01 secs] 
Heap after GC invocations=7 (full 1):
 par new generation   total 109248K, used 21301K [0x00000000e0000000, 0x00000000e8000000, 0x00000000e8000000)
  eden space 87424K,   0% used [0x00000000e0000000, 0x00000000e0000000, 0x00000000e5560000)
  from space 21824K,  97% used [0x00000000e6ab0000, 0x00000000e7f7d680, 0x00000000e8000000)
  to   space 21824K,   0% used [0x00000000e5560000, 0x00000000e5560000, 0x00000000e6ab0000)
 concurrent mark-sweep generation total 393216K, used 0K [0x00000000e8000000, 0x0000000100000000, 0x0000000100000000)
 Metaspace       used 33875K, capacity 34748K, committed 35020K, reserved 1079296K
  class space    used 4231K, capacity 4478K, committed 4556K, reserved 1048576K
}
2020-06-30T21:16:03.527+0100: 11.170: Total time for which application threads were stopped: 0.0113872 seconds, Stopping threads took: 0.0000578 seconds
2020-06-30T21:16:03.528+0100: 11.172: Total time for which application threads were stopped: 0.0000721 seconds, Stopping threads took: 0.0000336 seconds
2020-06-30T21:16:03.645+0100: 11.288: Total time for which application threads were stopped: 0.0001272 seconds, Stopping threads took: 0.0000720 seconds
2020-06-30T21:16:03.661+0100: 11.304: Total time for which application threads were stopped: 0.0001167 seconds, Stopping threads took: 0.0000451 seconds
2020-06-30T21:16:03.845+0100: 11.489: Total time for which application threads were stopped: 0.0001261 seconds, Stopping threads took: 0.0000416 seconds
2020-06-30T21:16:03.846+0100: 11.490: Total time for which application threads were stopped: 0.0000649 seconds, Stopping threads took: 0.0000270 seconds
2020-06-30T21:16:03.855+0100: 11.499: Total time for which application threads were stopped: 0.0001224 seconds, Stopping threads took: 0.0000542 seconds
2020-06-30T21:16:03.856+0100: 11.500: Total time for which application threads were stopped: 0.0000824 seconds, Stopping threads took: 0.0000351 seconds
2020-06-30T21:16:03.859+0100: 11.502: Total time for which application threads were stopped: 0.0000903 seconds, Stopping threads took: 0.0000375 seconds
2020-06-30T21:16:03.859+0100: 11.503: Total time for which application threads were stopped: 0.0000620 seconds, Stopping threads took: 0.0000240 seconds
2020-06-30T21:16:03.859+0100: 11.503: Total time for which application threads were stopped: 0.0000577 seconds, Stopping threads took: 0.0000211 seconds
2020-06-30T21:16:03.859+0100: 11.503: Total time for which application threads were stopped: 0.0000485 seconds, Stopping threads took: 0.0000191 seconds
2020-06-30T21:16:03.860+0100: 11.503: Total time for which application threads were stopped: 0.0000463 seconds, Stopping threads took: 0.0000175 seconds
2020-06-30T21:16:03.860+0100: 11.503: Total time for which application threads were stopped: 0.0000473 seconds, Stopping threads took: 0.0000193 seconds
2020-06-30T21:16:03.937+0100: 11.580: Total time for which application threads were stopped: 0.0000974 seconds, Stopping threads took: 0.0000358 seconds
2020-06-30T21:16:04.006+0100: 11.650: Total time for which application threads were stopped: 0.0001304 seconds, Stopping threads took: 0.0000514 seconds
2020-06-30T21:16:04.006+0100: 11.650: Total time for which application threads were stopped: 0.0000633 seconds, Stopping threads took: 0.0000247 seconds
2020-06-30T21:16:04.006+0100: 11.650: Total time for which application threads were stopped: 0.0000600 seconds, Stopping threads took: 0.0000182 seconds
2020-06-30T21:16:04.007+0100: 11.651: Total time for which application threads were stopped: 0.0000998 seconds, Stopping threads took: 0.0000418 seconds
2020-06-30T21:16:04.008+0100: 11.651: Total time for which application threads were stopped: 0.0000711 seconds, Stopping threads took: 0.0000238 seconds
2020-06-30T21:16:04.011+0100: 11.654: Total time for which application threads were stopped: 0.0002088 seconds, Stopping threads took: 0.0000484 seconds
2020-06-30T21:16:04.024+0100: 11.667: Total time for which application threads were stopped: 0.0001826 seconds, Stopping threads took: 0.0001052 seconds
2020-06-30T21:16:04.031+0100: 11.675: Total time for which application threads were stopped: 0.0022194 seconds, Stopping threads took: 0.0020082 seconds
2020-06-30T21:16:04.040+0100: 11.683: Total time for which application threads were stopped: 0.0001091 seconds, Stopping threads took: 0.0000481 seconds
2020-06-30T21:16:04.040+0100: 11.683: Total time for which application threads were stopped: 0.0000828 seconds, Stopping threads took: 0.0000238 seconds
2020-06-30T21:16:04.040+0100: 11.684: Total time for which application threads were stopped: 0.0000446 seconds, Stopping threads took: 0.0000189 seconds
2020-06-30T21:16:04.093+0100: 11.736: Total time for which application threads were stopped: 0.0007505 seconds, Stopping threads took: 0.0000663 seconds
2020-06-30T21:16:04.100+0100: 11.744: Total time for which application threads were stopped: 0.0001459 seconds, Stopping threads took: 0.0000588 seconds
2020-06-30T21:16:04.100+0100: 11.744: Total time for which application threads were stopped: 0.0000684 seconds, Stopping threads took: 0.0000321 seconds
2020-06-30T21:16:04.100+0100: 11.744: Total time for which application threads were stopped: 0.0000718 seconds, Stopping threads took: 0.0000273 seconds
2020-06-30T21:16:04.101+0100: 11.744: Total time for which application threads were stopped: 0.0002625 seconds, Stopping threads took: 0.0000244 seconds
2020-06-30T21:16:04.120+0100: 11.763: Total time for which application threads were stopped: 0.0002243 seconds, Stopping threads took: 0.0000696 seconds
{Heap before GC invocations=7 (full 1):
 par new generation   total 109248K, used 108725K [0x00000000e0000000, 0x00000000e8000000, 0x00000000e8000000)
  eden space 87424K, 100% used [0x00000000e0000000, 0x00000000e5560000, 0x00000000e5560000)
  from space 21824K,  97% used [0x00000000e6ab0000, 0x00000000e7f7d680, 0x00000000e8000000)
  to   space 21824K,   0% used [0x00000000e5560000, 0x00000000e5560000, 0x00000000e6ab0000)
 concurrent mark-sweep generation total 393216K, used 0K [0x00000000e8000000, 0x0000000100000000, 0x0000000100000000)
 Metaspace       used 36354K, capacity 37296K, committed 37452K, reserved 1081344K
  class space    used 4574K, capacity 4826K, committed 4940K, reserved 1048576K
2020-06-30T21:16:04.121+0100: 11.764: [GC (Allocation Failure) 2020-06-30T21:16:04.121+0100: 11.765: [ParNew
Desired survivor size 20112992 bytes, new threshold 8 (max 8)
- age   1:    4498584 bytes,    4498584 total
- age   2:    1360064 bytes,    5858648 total
- age   3:     147424 bytes,    6006072 total
- age   4:    1165272 bytes,    7171344 total
- age   5:    3712664 bytes,   10884008 total
- age   6:        840 bytes,   10884848 total
- age   7:     925216 bytes,   11810064 total
- age   8:    5341776 bytes,   17151840 total
: 108725K->21824K(109248K), 0.0131747 secs] 108725K->21824K(502464K), 0.0132934 secs] [Times: user=0.06 sys=0.00, real=0.01 secs] 
Heap after GC invocations=8 (full 1):
 par new generation   total 109248K, used 21824K [0x00000000e0000000, 0x00000000e8000000, 0x00000000e8000000)
  eden space 87424K,   0% used [0x00000000e0000000, 0x00000000e0000000, 0x00000000e5560000)
  from space 21824K, 100% used [0x00000000e5560000, 0x00000000e6ab0000, 0x00000000e6ab0000)
  to   space 21824K,   0% used [0x00000000e6ab0000, 0x00000000e6ab0000, 0x00000000e8000000)
 concurrent mark-sweep generation total 393216K, used 0K [0x00000000e8000000, 0x0000000100000000, 0x0000000100000000)
 Metaspace       used 36354K, capacity 37296K, committed 37452K, reserved 1081344K
  class space    used 4574K, capacity 4826K, committed 4940K, reserved 1048576K
}
2020-06-30T21:16:04.134+0100: 11.778: Total time for which application threads were stopped: 0.0135593 seconds, Stopping threads took: 0.0000591 seconds
2020-06-30T21:16:04.142+0100: 11.786: Total time for which application threads were stopped: 0.0001418 seconds, Stopping threads took: 0.0000454 seconds
2020-06-30T21:16:04.156+0100: 11.799: Total time for which application threads were stopped: 0.0001576 seconds, Stopping threads took: 0.0000394 seconds
2020-06-30T21:16:04.159+0100: 11.803: Total time for which application threads were stopped: 0.0001317 seconds, Stopping threads took: 0.0000423 seconds
2020-06-30T21:16:04.163+0100: 11.807: Total time for which application threads were stopped: 0.0003376 seconds, Stopping threads took: 0.0000533 seconds
2020-06-30T21:16:04.200+0100: 11.843: Total time for which application threads were stopped: 0.0001214 seconds, Stopping threads took: 0.0000543 seconds
2020-06-30T21:16:04.295+0100: 11.939: Total time for which application threads were stopped: 0.0001225 seconds, Stopping threads took: 0.0000574 seconds
2020-06-30T21:16:04.296+0100: 11.939: Total time for which application threads were stopped: 0.0001077 seconds, Stopping threads took: 0.0000489 seconds
2020-06-30T21:16:04.296+0100: 11.939: Total time for which application threads were stopped: 0.0000763 seconds, Stopping threads took: 0.0000271 seconds
2020-06-30T21:16:04.296+0100: 11.939: Total time for which application threads were stopped: 0.0000878 seconds, Stopping threads took: 0.0000408 seconds
2020-06-30T21:16:04.296+0100: 11.940: Total time for which application threads were stopped: 0.0000716 seconds, Stopping threads took: 0.0000417 seconds
2020-06-30T21:16:04.296+0100: 11.940: Total time for which application threads were stopped: 0.0000744 seconds, Stopping threads took: 0.0000349 seconds
2020-06-30T21:16:04.296+0100: 11.940: Total time for which application threads were stopped: 0.0000714 seconds, Stopping threads took: 0.0000365 seconds
2020-06-30T21:16:04.296+0100: 11.940: Total time for which application threads were stopped: 0.0000965 seconds, Stopping threads took: 0.0000374 seconds
2020-06-30T21:16:08.642+0100: 16.285: Total time for which application threads were stopped: 0.0001199 seconds, Stopping threads took: 0.0000271 seconds
2020-06-30T21:16:08.683+0100: 16.327: Total time for which application threads were stopped: 0.0000897 seconds, Stopping threads took: 0.0000272 seconds
2020-06-30T21:16:08.729+0100: 16.373: Total time for which application threads were stopped: 0.0001834 seconds, Stopping threads took: 0.0000324 seconds
2020-06-30T21:16:08.756+0100: 16.400: Total time for which application threads were stopped: 0.0000975 seconds, Stopping threads took: 0.0000297 seconds
2020-06-30T21:16:08.812+0100: 16.455: Total time for which application threads were stopped: 0.0001417 seconds, Stopping threads took: 0.0000454 seconds
2020-06-30T21:16:08.864+0100: 16.507: Total time for which application threads were stopped: 0.0004751 seconds, Stopping threads took: 0.0000500 seconds
2020-06-30T21:16:08.878+0100: 16.522: Total time for which application threads were stopped: 0.0001466 seconds, Stopping threads took: 0.0000452 seconds
2020-06-30T21:16:08.913+0100: 16.556: Total time for which application threads were stopped: 0.0000964 seconds, Stopping threads took: 0.0000385 seconds
2020-06-30T21:16:08.928+0100: 16.572: Total time for which application threads were stopped: 0.0001240 seconds, Stopping threads took: 0.0000369 seconds
2020-06-30T21:16:08.937+0100: 16.580: Total time for which application threads were stopped: 0.0005820 seconds, Stopping threads took: 0.0000417 seconds
{Heap before GC invocations=8 (full 1):
 par new generation   total 109248K, used 109248K [0x00000000e0000000, 0x00000000e8000000, 0x00000000e8000000)
  eden space 87424K, 100% used [0x00000000e0000000, 0x00000000e5560000, 0x00000000e5560000)
  from space 21824K, 100% used [0x00000000e5560000, 0x00000000e6ab0000, 0x00000000e6ab0000)
  to   space 21824K,   0% used [0x00000000e6ab0000, 0x00000000e6ab0000, 0x00000000e8000000)
 concurrent mark-sweep generation total 393216K, used 0K [0x00000000e8000000, 0x0000000100000000, 0x0000000100000000)
 Metaspace       used 39577K, capacity 40683K, committed 40732K, reserved 1085440K
  class space    used 5046K, capacity 5316K, committed 5324K, reserved 1048576K
2020-06-30T21:16:08.979+0100: 16.623: [GC (Allocation Failure) 2020-06-30T21:16:08.979+0100: 16.623: [ParNew
Desired survivor size 20112992 bytes, new threshold 8 (max 8)
- age   1:   11601072 bytes,   11601072 total
- age   2:    2032776 bytes,   13633848 total
- age   3:    1352904 bytes,   14986752 total
- age   4:     145632 bytes,   15132384 total
- age   5:    1147984 bytes,   16280368 total
- age   6:    3710792 bytes,   19991160 total
- age   7:        840 bytes,   19992000 total
- age   8:     923872 bytes,   20915872 total
: 109248K->21824K(109248K), 0.0317233 secs] 109248K->27644K(502464K), 0.0317923 secs] [Times: user=0.13 sys=0.00, real=0.03 secs] 
Heap after GC invocations=9 (full 1):
 par new generation   total 109248K, used 21824K [0x00000000e0000000, 0x00000000e8000000, 0x00000000e8000000)
  eden space 87424K,   0% used [0x00000000e0000000, 0x00000000e0000000, 0x00000000e5560000)
  from space 21824K, 100% used [0x00000000e6ab0000, 0x00000000e8000000, 0x00000000e8000000)
  to   space 21824K,   0% used [0x00000000e5560000, 0x00000000e5560000, 0x00000000e6ab0000)
 concurrent mark-sweep generation total 393216K, used 5820K [0x00000000e8000000, 0x0000000100000000, 0x0000000100000000)
 Metaspace       used 39577K, capacity 40683K, committed 40732K, reserved 1085440K
  class space    used 5046K, capacity 5316K, committed 5324K, reserved 1048576K
}
2020-06-30T21:16:09.011+0100: 16.655: Total time for which application threads were stopped: 0.0320249 seconds, Stopping threads took: 0.0000449 seconds
2020-06-30T21:16:09.012+0100: 16.655: [GC (CMS Initial Mark) [1 CMS-initial-mark: 5820K(393216K)] 27644K(502464K), 0.0044904 secs] [Times: user=0.00 sys=0.00, real=0.00 secs] 
2020-06-30T21:16:09.016+0100: 16.660: Total time for which application threads were stopped: 0.0047484 seconds, Stopping threads took: 0.0001229 seconds
2020-06-30T21:16:09.016+0100: 16.660: [CMS-concurrent-mark-start]
2020-06-30T21:16:09.020+0100: 16.663: Total time for which application threads were stopped: 0.0001592 seconds, Stopping threads took: 0.0000404 seconds
2020-06-30T21:16:09.020+0100: 16.663: Total time for which application threads were stopped: 0.0001003 seconds, Stopping threads took: 0.0000495 seconds
2020-06-30T21:16:09.023+0100: 16.666: [CMS-concurrent-mark: 0.005/0.007 secs] [Times: user=0.03 sys=0.02, real=0.01 secs] 
2020-06-30T21:16:09.023+0100: 16.666: [CMS-concurrent-preclean-start]
2020-06-30T21:16:09.024+0100: 16.668: [CMS-concurrent-preclean: 0.001/0.001 secs] [Times: user=0.00 sys=0.00, real=0.00 secs] 
2020-06-30T21:16:09.024+0100: 16.668: [GC (CMS Final Remark) [YG occupancy: 23307 K (109248 K)]{Heap before GC invocations=9 (full 2):
 par new generation   total 109248K, used 23307K [0x00000000e0000000, 0x00000000e8000000, 0x00000000e8000000)
  eden space 87424K,   1% used [0x00000000e0000000, 0x00000000e0172fd8, 0x00000000e5560000)
  from space 21824K, 100% used [0x00000000e6ab0000, 0x00000000e8000000, 0x00000000e8000000)
  to   space 21824K,   0% used [0x00000000e5560000, 0x00000000e5560000, 0x00000000e6ab0000)
 concurrent mark-sweep generation total 393216K, used 5820K [0x00000000e8000000, 0x0000000100000000, 0x0000000100000000)
 Metaspace       used 39577K, capacity 40683K, committed 40732K, reserved 1085440K
  class space    used 5046K, capacity 5316K, committed 5324K, reserved 1048576K
2020-06-30T21:16:09.024+0100: 16.668: [GC (CMS Final Remark) 2020-06-30T21:16:09.024+0100: 16.668: [ParNew
Desired survivor size 20112992 bytes, new threshold 8 (max 8)
- age   1:       3304 bytes,       3304 total
- age   2:    7565192 bytes,    7568496 total
- age   3:    2032552 bytes,    9601048 total
- age   4:    1352880 bytes,   10953928 total
- age   5:     145632 bytes,   11099560 total
- age   6:    1147984 bytes,   12247544 total
- age   7:    3710784 bytes,   15958328 total
- age   8:        840 bytes,   15959168 total
: 23307K->21824K(109248K), 0.0221917 secs] 29128K->29728K(502464K), 0.0222588 secs] [Times: user=0.06 sys=0.00, real=0.02 secs] 
Heap after GC invocations=10 (full 2):
 par new generation   total 109248K, used 21824K [0x00000000e0000000, 0x00000000e8000000, 0x00000000e8000000)
  eden space 87424K,   0% used [0x00000000e0000000, 0x00000000e0000000, 0x00000000e5560000)
  from space 21824K, 100% used [0x00000000e5560000, 0x00000000e6ab0000, 0x00000000e6ab0000)
  to   space 21824K,   0% used [0x00000000e6ab0000, 0x00000000e6ab0000, 0x00000000e8000000)
 concurrent mark-sweep generation total 393216K, used 7904K [0x00000000e8000000, 0x0000000100000000, 0x0000000100000000)
 Metaspace       used 39577K, capacity 40683K, committed 40732K, reserved 1085440K
  class space    used 5046K, capacity 5316K, committed 5324K, reserved 1048576K
}
2020-06-30T21:16:09.047+0100: 16.690: [Rescan (parallel) , 0.0061231 secs]2020-06-30T21:16:09.053+0100: 16.696: [weak refs processing, 0.0007559 secs]2020-06-30T21:16:09.054+0100: 16.697: [class unloading, 0.0073671 secs]2020-06-30T21:16:09.061+0100: 16.705: [scrub symbol table, 0.0094561 secs]2020-06-30T21:16:09.070+0100: 16.714: [scrub string table, 0.0005149 secs][1 CMS-remark: 7904K(393216K)] 29728K(502464K), 0.0476382 secs] [Times: user=0.13 sys=0.00, real=0.05 secs] 
2020-06-30T21:16:09.072+0100: 16.715: Total time for which application threads were stopped: 0.0477886 seconds, Stopping threads took: 0.0000401 seconds
2020-06-30T21:16:09.072+0100: 16.716: [CMS-concurrent-sweep-start]
2020-06-30T21:16:09.072+0100: 16.716: Total time for which application threads were stopped: 0.0001324 seconds, Stopping threads took: 0.0000457 seconds
2020-06-30T21:16:09.076+0100: 16.719: [CMS-concurrent-sweep: 0.004/0.004 secs] [Times: user=0.00 sys=0.00, real=0.00 secs] 
2020-06-30T21:16:09.076+0100: 16.719: [CMS-concurrent-reset-start]
2020-06-30T21:16:09.077+0100: 16.720: [CMS-concurrent-reset: 0.001/0.001 secs] [Times: user=0.00 sys=0.00, real=0.00 secs] 
2020-06-30T21:16:09.151+0100: 16.795: Total time for which application threads were stopped: 0.0001475 seconds, Stopping threads took: 0.0000499 seconds
2020-06-30T21:16:09.153+0100: 16.797: Total time for which application threads were stopped: 0.0001333 seconds, Stopping threads took: 0.0000623 seconds
2020-06-30T21:16:09.163+0100: 16.807: Total time for which application threads were stopped: 0.0000964 seconds, Stopping threads took: 0.0000508 seconds
2020-06-30T21:16:14.827+0100: 22.471: Total time for which application threads were stopped: 0.0000672 seconds, Stopping threads took: 0.0000262 seconds
2020-06-30T21:16:14.828+0100: 22.471: Total time for which application threads were stopped: 0.0000763 seconds, Stopping threads took: 0.0000150 seconds
2020-06-30T21:16:14.828+0100: 22.471: Total time for which application threads were stopped: 0.0000413 seconds, Stopping threads took: 0.0000130 seconds
2020-06-30T21:16:14.837+0100: 22.480: Total time for which application threads were stopped: 0.0000782 seconds, Stopping threads took: 0.0000304 seconds
2020-06-30T21:16:14.837+0100: 22.481: Total time for which application threads were stopped: 0.0000636 seconds, Stopping threads took: 0.0000315 seconds
2020-06-30T21:16:14.837+0100: 22.481: Total time for which application threads were stopped: 0.0000622 seconds, Stopping threads took: 0.0000360 seconds
2020-06-30T21:16:14.837+0100: 22.481: Total time for which application threads were stopped: 0.0000387 seconds, Stopping threads took: 0.0000147 seconds
2020-06-30T21:16:14.837+0100: 22.481: Total time for which application threads were stopped: 0.0000552 seconds, Stopping threads took: 0.0000297 seconds
2020-06-30T21:16:14.837+0100: 22.481: Total time for which application threads were stopped: 0.0000558 seconds, Stopping threads took: 0.0000297 seconds
2020-06-30T21:16:14.840+0100: 22.484: Total time for which application threads were stopped: 0.0000579 seconds, Stopping threads took: 0.0000216 seconds
2020-06-30T21:16:14.840+0100: 22.484: Total time for which application threads were stopped: 0.0000352 seconds, Stopping threads took: 0.0000116 seconds
2020-06-30T21:16:14.840+0100: 22.484: Total time for which application threads were stopped: 0.0000305 seconds, Stopping threads took: 0.0000106 seconds
2020-06-30T21:16:14.841+0100: 22.484: Total time for which application threads were stopped: 0.0000302 seconds, Stopping threads took: 0.0000105 seconds
2020-06-30T21:16:14.841+0100: 22.484: Total time for which application threads were stopped: 0.0000296 seconds, Stopping threads took: 0.0000103 seconds
2020-06-30T21:16:14.841+0100: 22.484: Total time for which application threads were stopped: 0.0000294 seconds, Stopping threads took: 0.0000102 seconds
2020-06-30T21:16:14.841+0100: 22.484: Total time for which application threads were stopped: 0.0000292 seconds, Stopping threads took: 0.0000100 seconds
2020-06-30T21:16:14.841+0100: 22.485: Total time for which application threads were stopped: 0.0000294 seconds, Stopping threads took: 0.0000102 seconds
2020-06-30T21:16:14.841+0100: 22.485: Total time for which application threads were stopped: 0.0000293 seconds, Stopping threads took: 0.0000102 seconds
2020-06-30T21:16:14.841+0100: 22.485: Total time for which application threads were stopped: 0.0000324 seconds, Stopping threads took: 0.0000135 seconds
2020-06-30T21:16:14.841+0100: 22.485: Total time for which application threads were stopped: 0.0000307 seconds, Stopping threads took: 0.0000104 seconds
2020-06-30T21:16:14.841+0100: 22.485: Total time for which application threads were stopped: 0.0000302 seconds, Stopping threads took: 0.0000100 seconds
2020-06-30T21:16:14.841+0100: 22.485: Total time for which application threads were stopped: 0.0000303 seconds, Stopping threads took: 0.0000100 seconds
2020-06-30T21:16:14.842+0100: 22.485: Total time for which application threads were stopped: 0.0000677 seconds, Stopping threads took: 0.0000329 seconds
2020-06-30T21:16:14.842+0100: 22.485: Total time for which application threads were stopped: 0.0000298 seconds, Stopping threads took: 0.0000104 seconds
2020-06-30T21:16:14.842+0100: 22.485: Total time for which application threads were stopped: 0.0000307 seconds, Stopping threads took: 0.0000104 seconds
2020-06-30T21:16:14.842+0100: 22.485: Total time for which application threads were stopped: 0.0000294 seconds, Stopping threads took: 0.0000103 seconds
2020-06-30T21:16:14.842+0100: 22.485: Total time for which application threads were stopped: 0.0000300 seconds, Stopping threads took: 0.0000103 seconds
2020-06-30T21:16:14.842+0100: 22.486: Total time for which application threads were stopped: 0.0000294 seconds, Stopping threads took: 0.0000104 seconds
2020-06-30T21:16:14.842+0100: 22.486: Total time for which application threads were stopped: 0.0001894 seconds, Stopping threads took: 0.0000109 seconds
2020-06-30T21:16:14.842+0100: 22.486: Total time for which application threads were stopped: 0.0000310 seconds, Stopping threads took: 0.0000103 seconds
2020-06-30T21:16:14.842+0100: 22.486: Total time for which application threads were stopped: 0.0000339 seconds, Stopping threads took: 0.0000103 seconds
2020-06-30T21:16:14.842+0100: 22.486: Total time for which application threads were stopped: 0.0000314 seconds, Stopping threads took: 0.0000102 seconds
2020-06-30T21:16:14.843+0100: 22.486: Total time for which application threads were stopped: 0.0000313 seconds, Stopping threads took: 0.0000104 seconds
2020-06-30T21:16:14.843+0100: 22.486: Total time for which application threads were stopped: 0.0000298 seconds, Stopping threads took: 0.0000085 seconds
2020-06-30T21:16:14.843+0100: 22.487: Total time for which application threads were stopped: 0.0000322 seconds, Stopping threads took: 0.0000104 seconds
2020-06-30T21:16:14.872+0100: 22.515: Total time for which application threads were stopped: 0.0001513 seconds, Stopping threads took: 0.0000761 seconds
2020-06-30T21:16:14.872+0100: 22.516: Total time for which application threads were stopped: 0.0001263 seconds, Stopping threads took: 0.0000775 seconds
2020-06-30T21:16:14.872+0100: 22.516: Total time for which application threads were stopped: 0.0001325 seconds, Stopping threads took: 0.0000912 seconds
2020-06-30T21:16:14.872+0100: 22.516: Total time for which application threads were stopped: 0.0000562 seconds, Stopping threads took: 0.0000185 seconds
2020-06-30T21:16:14.873+0100: 22.516: Total time for which application threads were stopped: 0.0001461 seconds, Stopping threads took: 0.0000948 seconds
2020-06-30T21:16:14.873+0100: 22.516: Total time for which application threads were stopped: 0.0000566 seconds, Stopping threads took: 0.0000181 seconds
2020-06-30T21:16:14.873+0100: 22.516: Total time for which application threads were stopped: 0.0001240 seconds, Stopping threads took: 0.0000756 seconds
2020-06-30T21:16:14.873+0100: 22.517: Total time for which application threads were stopped: 0.0000972 seconds, Stopping threads took: 0.0000635 seconds
2020-06-30T21:16:14.873+0100: 22.517: Total time for which application threads were stopped: 0.0001183 seconds, Stopping threads took: 0.0000773 seconds
2020-06-30T21:16:14.873+0100: 22.517: Total time for which application threads were stopped: 0.0000502 seconds, Stopping threads took: 0.0000203 seconds
2020-06-30T21:16:14.873+0100: 22.517: Total time for which application threads were stopped: 0.0000444 seconds, Stopping threads took: 0.0000148 seconds
2020-06-30T21:16:14.874+0100: 22.517: Total time for which application threads were stopped: 0.0000587 seconds, Stopping threads took: 0.0000277 seconds
2020-06-30T21:16:14.874+0100: 22.517: Total time for which application threads were stopped: 0.0000501 seconds, Stopping threads took: 0.0000196 seconds
2020-06-30T21:16:14.874+0100: 22.517: Total time for which application threads were stopped: 0.0000469 seconds, Stopping threads took: 0.0000152 seconds
2020-06-30T21:16:14.874+0100: 22.517: Total time for which application threads were stopped: 0.0000594 seconds, Stopping threads took: 0.0000302 seconds
2020-06-30T21:16:14.874+0100: 22.517: Total time for which application threads were stopped: 0.0000628 seconds, Stopping threads took: 0.0000309 seconds
2020-06-30T21:16:14.874+0100: 22.518: Total time for which application threads were stopped: 0.0000477 seconds, Stopping threads took: 0.0000162 seconds
2020-06-30T21:16:14.874+0100: 22.518: Total time for which application threads were stopped: 0.0000885 seconds, Stopping threads took: 0.0000564 seconds
2020-06-30T21:16:14.874+0100: 22.518: Total time for which application threads were stopped: 0.0000685 seconds, Stopping threads took: 0.0000346 seconds
2020-06-30T21:16:14.874+0100: 22.518: Total time for which application threads were stopped: 0.0001430 seconds, Stopping threads took: 0.0000407 seconds
2020-06-30T21:16:14.876+0100: 22.519: Total time for which application threads were stopped: 0.0007339 seconds, Stopping threads took: 0.0006747 seconds
2020-06-30T21:16:14.885+0100: 22.528: Total time for which application threads were stopped: 0.0000693 seconds, Stopping threads took: 0.0000331 seconds
2020-06-30T21:16:14.885+0100: 22.528: Total time for which application threads were stopped: 0.0000339 seconds, Stopping threads took: 0.0000115 seconds
2020-06-30T21:16:14.885+0100: 22.528: Total time for which application threads were stopped: 0.0000307 seconds, Stopping threads took: 0.0000107 seconds
2020-06-30T21:16:14.885+0100: 22.529: Total time for which application threads were stopped: 0.0000377 seconds, Stopping threads took: 0.0000117 seconds
2020-06-30T21:16:14.895+0100: 22.539: Total time for which application threads were stopped: 0.0000686 seconds, Stopping threads took: 0.0000252 seconds
2020-06-30T21:16:14.901+0100: 22.544: Total time for which application threads were stopped: 0.0000801 seconds, Stopping threads took: 0.0000263 seconds
2020-06-30T21:16:14.922+0100: 22.565: Total time for which application threads were stopped: 0.0000934 seconds, Stopping threads took: 0.0000361 seconds
2020-06-30T21:16:14.922+0100: 22.565: Total time for which application threads were stopped: 0.0000564 seconds, Stopping threads took: 0.0000178 seconds
2020-06-30T21:16:14.922+0100: 22.565: Total time for which application threads were stopped: 0.0000498 seconds, Stopping threads took: 0.0000158 seconds
2020-06-30T21:16:14.922+0100: 22.566: Total time for which application threads were stopped: 0.0000535 seconds, Stopping threads took: 0.0000160 seconds
2020-06-30T21:16:14.923+0100: 22.567: Total time for which application threads were stopped: 0.0000746 seconds, Stopping threads took: 0.0000266 seconds
2020-06-30T21:16:14.923+0100: 22.567: Total time for which application threads were stopped: 0.0000517 seconds, Stopping threads took: 0.0000167 seconds
2020-06-30T21:16:14.924+0100: 22.567: Total time for which application threads were stopped: 0.0000507 seconds, Stopping threads took: 0.0000148 seconds
2020-06-30T21:16:14.924+0100: 22.568: Total time for which application threads were stopped: 0.0000826 seconds, Stopping threads took: 0.0000432 seconds
2020-06-30T21:16:14.926+0100: 22.569: Total time for which application threads were stopped: 0.0004884 seconds, Stopping threads took: 0.0000436 seconds
2020-06-30T21:16:14.942+0100: 22.585: Total time for which application threads were stopped: 0.0000732 seconds, Stopping threads took: 0.0000287 seconds
2020-06-30T21:16:14.983+0100: 22.627: Total time for which application threads were stopped: 0.0001155 seconds, Stopping threads took: 0.0000385 seconds
2020-06-30T21:16:15.015+0100: 22.659: Total time for which application threads were stopped: 0.0000708 seconds, Stopping threads took: 0.0000265 seconds
2020-06-30T21:16:15.016+0100: 22.659: Total time for which application threads were stopped: 0.0000526 seconds, Stopping threads took: 0.0000168 seconds
2020-06-30T21:16:15.016+0100: 22.659: Total time for which application threads were stopped: 0.0000379 seconds, Stopping threads took: 0.0000141 seconds
2020-06-30T21:16:15.016+0100: 22.660: Total time for which application threads were stopped: 0.0000435 seconds, Stopping threads took: 0.0000154 seconds
2020-06-30T21:16:15.016+0100: 22.660: Total time for which application threads were stopped: 0.0000404 seconds, Stopping threads took: 0.0000143 seconds
2020-06-30T21:16:15.018+0100: 22.662: Total time for which application threads were stopped: 0.0000732 seconds, Stopping threads took: 0.0000328 seconds
2020-06-30T21:16:15.018+0100: 22.662: Total time for which application threads were stopped: 0.0000598 seconds, Stopping threads took: 0.0000235 seconds
2020-06-30T21:16:15.019+0100: 22.662: Total time for which application threads were stopped: 0.0000458 seconds, Stopping threads took: 0.0000178 seconds
2020-06-30T21:16:15.021+0100: 22.664: Total time for which application threads were stopped: 0.0000643 seconds, Stopping threads took: 0.0000234 seconds
2020-06-30T21:16:15.021+0100: 22.665: Total time for which application threads were stopped: 0.0000495 seconds, Stopping threads took: 0.0000172 seconds
2020-06-30T21:16:15.021+0100: 22.665: Total time for which application threads were stopped: 0.0000342 seconds, Stopping threads took: 0.0000124 seconds
2020-06-30T21:16:15.027+0100: 22.671: Total time for which application threads were stopped: 0.0000663 seconds, Stopping threads took: 0.0000248 seconds
2020-06-30T21:16:15.055+0100: 22.698: Total time for which application threads were stopped: 0.0001167 seconds, Stopping threads took: 0.0000364 seconds
2020-06-30T21:16:15.055+0100: 22.699: Total time for which application threads were stopped: 0.0000588 seconds, Stopping threads took: 0.0000217 seconds
2020-06-30T21:16:15.056+0100: 22.700: Total time for which application threads were stopped: 0.0002684 seconds, Stopping threads took: 0.0000544 seconds
2020-06-30T21:16:15.094+0100: 22.738: Total time for which application threads were stopped: 0.0006078 seconds, Stopping threads took: 0.0001130 seconds
2020-06-30T21:16:15.439+0100: 23.083: Total time for which application threads were stopped: 0.0009792 seconds, Stopping threads took: 0.0004859 seconds
2020-06-30T21:16:15.544+0100: 23.188: Total time for which application threads were stopped: 0.0001472 seconds, Stopping threads took: 0.0000641 seconds
2020-06-30T21:16:15.545+0100: 23.188: Total time for which application threads were stopped: 0.0001100 seconds, Stopping threads took: 0.0000474 seconds
2020-06-30T21:16:15.545+0100: 23.188: Total time for which application threads were stopped: 0.0000917 seconds, Stopping threads took: 0.0000352 seconds
2020-06-30T21:16:15.545+0100: 23.189: Total time for which application threads were stopped: 0.0001123 seconds, Stopping threads took: 0.0000630 seconds
2020-06-30T21:16:15.678+0100: 23.321: Total time for which application threads were stopped: 0.0007847 seconds, Stopping threads took: 0.0000636 seconds
2020-06-30T21:16:15.856+0100: 23.500: Total time for which application threads were stopped: 0.0172011 seconds, Stopping threads took: 0.0170620 seconds
2020-06-30T21:16:15.867+0100: 23.511: Total time for which application threads were stopped: 0.0001332 seconds, Stopping threads took: 0.0000702 seconds
2020-06-30T21:16:15.867+0100: 23.511: Total time for which application threads were stopped: 0.0001110 seconds, Stopping threads took: 0.0000505 seconds
2020-06-30T21:16:15.869+0100: 23.512: Total time for which application threads were stopped: 0.0001572 seconds, Stopping threads took: 0.0000824 seconds
2020-06-30T21:16:15.871+0100: 23.514: Total time for which application threads were stopped: 0.0002178 seconds, Stopping threads took: 0.0001473 seconds
2020-06-30T21:16:15.872+0100: 23.515: Total time for which application threads were stopped: 0.0001410 seconds, Stopping threads took: 0.0000545 seconds
2020-06-30T21:16:15.872+0100: 23.516: Total time for which application threads were stopped: 0.0001069 seconds, Stopping threads took: 0.0000524 seconds
2020-06-30T21:16:15.873+0100: 23.516: Total time for which application threads were stopped: 0.0001505 seconds, Stopping threads took: 0.0000931 seconds
2020-06-30T21:16:15.882+0100: 23.526: Total time for which application threads were stopped: 0.0001251 seconds, Stopping threads took: 0.0000628 seconds
2020-06-30T21:16:15.903+0100: 23.546: Total time for which application threads were stopped: 0.0010852 seconds, Stopping threads took: 0.0009128 seconds
2020-06-30T21:16:15.933+0100: 23.576: Total time for which application threads were stopped: 0.0151061 seconds, Stopping threads took: 0.0150315 seconds
2020-06-30T21:16:15.938+0100: 23.581: Total time for which application threads were stopped: 0.0005723 seconds, Stopping threads took: 0.0004936 seconds
2020-06-30T21:16:15.940+0100: 23.583: Total time for which application threads were stopped: 0.0004211 seconds, Stopping threads took: 0.0003586 seconds
2020-06-30T21:16:15.940+0100: 23.583: Total time for which application threads were stopped: 0.0000916 seconds, Stopping threads took: 0.0000425 seconds
2020-06-30T21:16:15.940+0100: 23.583: Total time for which application threads were stopped: 0.0000750 seconds, Stopping threads took: 0.0000402 seconds
2020-06-30T21:16:15.940+0100: 23.584: Total time for which application threads were stopped: 0.0001060 seconds, Stopping threads took: 0.0000607 seconds
2020-06-30T21:16:15.944+0100: 23.587: Total time for which application threads were stopped: 0.0001370 seconds, Stopping threads took: 0.0000681 seconds
2020-06-30T21:16:15.944+0100: 23.587: Total time for which application threads were stopped: 0.0000724 seconds, Stopping threads took: 0.0000287 seconds
2020-06-30T21:16:15.944+0100: 23.587: Total time for which application threads were stopped: 0.0000924 seconds, Stopping threads took: 0.0000480 seconds
2020-06-30T21:16:15.944+0100: 23.588: Total time for which application threads were stopped: 0.0001090 seconds, Stopping threads took: 0.0000471 seconds
{Heap before GC invocations=10 (full 2):
 par new generation   total 109248K, used 109248K [0x00000000e0000000, 0x00000000e8000000, 0x00000000e8000000)
  eden space 87424K, 100% used [0x00000000e0000000, 0x00000000e5560000, 0x00000000e5560000)
  from space 21824K, 100% used [0x00000000e5560000, 0x00000000e6ab0000, 0x00000000e6ab0000)
  to   space 21824K,   0% used [0x00000000e6ab0000, 0x00000000e6ab0000, 0x00000000e8000000)
 concurrent mark-sweep generation total 393216K, used 7899K [0x00000000e8000000, 0x0000000100000000, 0x0000000100000000)
 Metaspace       used 43981K, capacity 45343K, committed 45644K, reserved 1089536K
  class space    used 5549K, capacity 5898K, committed 5964K, reserved 1048576K
2020-06-30T21:16:15.972+0100: 23.615: [GC (Allocation Failure) 2020-06-30T21:16:15.972+0100: 23.615: [ParNew
Desired survivor size 20112992 bytes, new threshold 8 (max 8)
- age   1:    6464824 bytes,    6464824 total
- age   2:       2808 bytes,    6467632 total
- age   3:    7549192 bytes,   14016824 total
- age   4:    2021384 bytes,   16038208 total
- age   5:    1349448 bytes,   17387656 total
- age   6:     145136 bytes,   17532792 total
- age   7:    1103632 bytes,   18636424 total
- age   8:    3704272 bytes,   22340696 total
: 109248K->21824K(109248K), 0.0189221 secs] 117147K->30646K(502464K), 0.0190211 secs] [Times: user=0.11 sys=0.00, real=0.02 secs] 
Heap after GC invocations=11 (full 2):
 par new generation   total 109248K, used 21824K [0x00000000e0000000, 0x00000000e8000000, 0x00000000e8000000)
  eden space 87424K,   0% used [0x00000000e0000000, 0x00000000e0000000, 0x00000000e5560000)
  from space 21824K, 100% used [0x00000000e6ab0000, 0x00000000e8000000, 0x00000000e8000000)
  to   space 21824K,   0% used [0x00000000e5560000, 0x00000000e5560000, 0x00000000e6ab0000)
 concurrent mark-sweep generation total 393216K, used 8822K [0x00000000e8000000, 0x0000000100000000, 0x0000000100000000)
 Metaspace       used 43981K, capacity 45343K, committed 45644K, reserved 1089536K
  class space    used 5549K, capacity 5898K, committed 5964K, reserved 1048576K
}
2020-06-30T21:16:15.991+0100: 23.634: Total time for which application threads were stopped: 0.0193033 seconds, Stopping threads took: 0.0000676 seconds
2020-06-30T21:16:16.005+0100: 23.649: Total time for which application threads were stopped: 0.0003623 seconds, Stopping threads took: 0.0002832 seconds
2020-06-30T21:16:16.006+0100: 23.649: Total time for which application threads were stopped: 0.0001120 seconds, Stopping threads took: 0.0000587 seconds
2020-06-30T21:16:16.006+0100: 23.649: Total time for which application threads were stopped: 0.0000615 seconds, Stopping threads took: 0.0000197 seconds
2020-06-30T21:16:16.039+0100: 23.682: Total time for which application threads were stopped: 0.0001913 seconds, Stopping threads took: 0.0000724 seconds
2020-06-30T21:16:16.039+0100: 23.683: Total time for which application threads were stopped: 0.0001009 seconds, Stopping threads took: 0.0000445 seconds
2020-06-30T21:16:16.040+0100: 23.683: Total time for which application threads were stopped: 0.0001054 seconds, Stopping threads took: 0.0000582 seconds
2020-06-30T21:16:16.042+0100: 23.686: Total time for which application threads were stopped: 0.0001333 seconds, Stopping threads took: 0.0000723 seconds
2020-06-30T21:16:16.085+0100: 23.728: Total time for which application threads were stopped: 0.0001724 seconds, Stopping threads took: 0.0000624 seconds
2020-06-30T21:16:16.085+0100: 23.729: Total time for which application threads were stopped: 0.0003819 seconds, Stopping threads took: 0.0000488 seconds
2020-06-30T21:16:16.085+0100: 23.729: Total time for which application threads were stopped: 0.0000845 seconds, Stopping threads took: 0.0000486 seconds
2020-06-30T21:16:16.086+0100: 23.729: Total time for which application threads were stopped: 0.0001029 seconds, Stopping threads took: 0.0000450 seconds
2020-06-30T21:16:16.090+0100: 23.734: Total time for which application threads were stopped: 0.0001265 seconds, Stopping threads took: 0.0000679 seconds
2020-06-30T21:16:16.090+0100: 23.734: Total time for which application threads were stopped: 0.0000864 seconds, Stopping threads took: 0.0000417 seconds
2020-06-30T21:16:16.091+0100: 23.734: Total time for which application threads were stopped: 0.0001109 seconds, Stopping threads took: 0.0000489 seconds
2020-06-30T21:16:16.140+0100: 23.783: Total time for which application threads were stopped: 0.0001187 seconds, Stopping threads took: 0.0000474 seconds
2020-06-30T21:16:16.140+0100: 23.784: Total time for which application threads were stopped: 0.0000980 seconds, Stopping threads took: 0.0000567 seconds
2020-06-30T21:16:16.140+0100: 23.784: Total time for which application threads were stopped: 0.0001112 seconds, Stopping threads took: 0.0000526 seconds
2020-06-30T21:16:16.146+0100: 23.789: Total time for which application threads were stopped: 0.0001764 seconds, Stopping threads took: 0.0000622 seconds
2020-06-30T21:16:16.148+0100: 23.791: Total time for which application threads were stopped: 0.0004032 seconds, Stopping threads took: 0.0001083 seconds
2020-06-30T21:16:16.148+0100: 23.792: Total time for which application threads were stopped: 0.0001394 seconds, Stopping threads took: 0.0000769 seconds
2020-06-30T21:16:16.153+0100: 23.796: Total time for which application threads were stopped: 0.0001495 seconds, Stopping threads took: 0.0000726 seconds
2020-06-30T21:16:16.153+0100: 23.797: Total time for which application threads were stopped: 0.0001495 seconds, Stopping threads took: 0.0000546 seconds
2020-06-30T21:16:16.181+0100: 23.825: Total time for which application threads were stopped: 0.0008000 seconds, Stopping threads took: 0.0001084 seconds
2020-06-30T21:16:16.200+0100: 23.844: Total time for which application threads were stopped: 0.0001092 seconds, Stopping threads took: 0.0000598 seconds
2020-06-30T21:16:16.200+0100: 23.844: Total time for which application threads were stopped: 0.0000998 seconds, Stopping threads took: 0.0000543 seconds
2020-06-30T21:16:16.230+0100: 23.874: Total time for which application threads were stopped: 0.0001941 seconds, Stopping threads took: 0.0001120 seconds
2020-06-30T21:16:16.231+0100: 23.875: Total time for which application threads were stopped: 0.0001310 seconds, Stopping threads took: 0.0000654 seconds
2020-06-30T21:16:16.233+0100: 23.876: Total time for which application threads were stopped: 0.0003937 seconds, Stopping threads took: 0.0001098 seconds
2020-06-30T21:16:16.233+0100: 23.877: Total time for which application threads were stopped: 0.0001270 seconds, Stopping threads took: 0.0000592 seconds
2020-06-30T21:16:16.246+0100: 23.890: Total time for which application threads were stopped: 0.0001409 seconds, Stopping threads took: 0.0000717 seconds
2020-06-30T21:16:16.253+0100: 23.897: Total time for which application threads were stopped: 0.0003033 seconds, Stopping threads took: 0.0000919 seconds
2020-06-30T21:16:16.361+0100: 24.004: Total time for which application threads were stopped: 0.0006412 seconds, Stopping threads took: 0.0000659 seconds
2020-06-30T21:16:16.390+0100: 24.034: Total time for which application threads were stopped: 0.0006419 seconds, Stopping threads took: 0.0000673 seconds
2020-06-30T21:16:16.391+0100: 24.035: Total time for which application threads were stopped: 0.0006817 seconds, Stopping threads took: 0.0001355 seconds
{Heap before GC invocations=11 (full 2):
 par new generation   total 109248K, used 109248K [0x00000000e0000000, 0x00000000e8000000, 0x00000000e8000000)
  eden space 87424K, 100% used [0x00000000e0000000, 0x00000000e5560000, 0x00000000e5560000)
  from space 21824K, 100% used [0x00000000e6ab0000, 0x00000000e8000000, 0x00000000e8000000)
  to   space 21824K,   0% used [0x00000000e5560000, 0x00000000e5560000, 0x00000000e6ab0000)
 concurrent mark-sweep generation total 393216K, used 8822K [0x00000000e8000000, 0x0000000100000000, 0x0000000100000000)
 Metaspace       used 47847K, capacity 49169K, committed 49356K, reserved 1091584K
  class space    used 5966K, capacity 6319K, committed 6348K, reserved 1048576K
2020-06-30T21:16:16.778+0100: 24.421: [GC (Allocation Failure) 2020-06-30T21:16:16.778+0100: 24.421: [ParNew
Desired survivor size 20112992 bytes, new threshold 6 (max 8)
- age   1:    5930552 bytes,    5930552 total
- age   2:    4989792 bytes,   10920344 total
- age   3:       2712 bytes,   10923056 total
- age   4:    6849256 bytes,   17772312 total
- age   5:    1993160 bytes,   19765472 total
- age   6:    1340040 bytes,   21105512 total
- age   7:     143376 bytes,   21248888 total
- age   8:    1098768 bytes,   22347656 total
: 109248K->21824K(109248K), 0.0267529 secs] 118070K->37917K(502464K), 0.0268881 secs] [Times: user=0.09 sys=0.02, real=0.03 secs] 
Heap after GC invocations=12 (full 2):
 par new generation   total 109248K, used 21824K [0x00000000e0000000, 0x00000000e8000000, 0x00000000e8000000)
  eden space 87424K,   0% used [0x00000000e0000000, 0x00000000e0000000, 0x00000000e5560000)
  from space 21824K, 100% used [0x00000000e5560000, 0x00000000e6ab0000, 0x00000000e6ab0000)
  to   space 21824K,   0% used [0x00000000e6ab0000, 0x00000000e6ab0000, 0x00000000e8000000)
 concurrent mark-sweep generation total 393216K, used 16093K [0x00000000e8000000, 0x0000000100000000, 0x0000000100000000)
 Metaspace       used 47847K, capacity 49169K, committed 49356K, reserved 1091584K
  class space    used 5966K, capacity 6319K, committed 6348K, reserved 1048576K
}
2020-06-30T21:16:16.805+0100: 24.448: Total time for which application threads were stopped: 0.0272222 seconds, Stopping threads took: 0.0001016 seconds
2020-06-30T21:16:16.805+0100: 24.449: Total time for which application threads were stopped: 0.0002702 seconds, Stopping threads took: 0.0000802 seconds
2020-06-30T21:16:16.806+0100: 24.449: Total time for which application threads were stopped: 0.0005305 seconds, Stopping threads took: 0.0004748 seconds
2020-06-30T21:16:16.806+0100: 24.450: Total time for which application threads were stopped: 0.0000799 seconds, Stopping threads took: 0.0000358 seconds
2020-06-30T21:16:16.806+0100: 24.450: Total time for which application threads were stopped: 0.0001390 seconds, Stopping threads took: 0.0000942 seconds
2020-06-30T21:16:16.806+0100: 24.450: Total time for which application threads were stopped: 0.0000776 seconds, Stopping threads took: 0.0000416 seconds
2020-06-30T21:16:16.806+0100: 24.450: Total time for which application threads were stopped: 0.0000908 seconds, Stopping threads took: 0.0000553 seconds
2020-06-30T21:16:16.807+0100: 24.450: Total time for which application threads were stopped: 0.0002082 seconds, Stopping threads took: 0.0001507 seconds
2020-06-30T21:16:16.807+0100: 24.450: Total time for which application threads were stopped: 0.0001689 seconds, Stopping threads took: 0.0001255 seconds
2020-06-30T21:16:16.807+0100: 24.451: Total time for which application threads were stopped: 0.0000994 seconds, Stopping threads took: 0.0000608 seconds
2020-06-30T21:16:16.807+0100: 24.451: Total time for which application threads were stopped: 0.0000950 seconds, Stopping threads took: 0.0000582 seconds
2020-06-30T21:16:16.807+0100: 24.451: Total time for which application threads were stopped: 0.0001024 seconds, Stopping threads took: 0.0000609 seconds
2020-06-30T21:16:16.808+0100: 24.451: Total time for which application threads were stopped: 0.0001160 seconds, Stopping threads took: 0.0000577 seconds
2020-06-30T21:16:16.808+0100: 24.451: Total time for which application threads were stopped: 0.0001107 seconds, Stopping threads took: 0.0000737 seconds
2020-06-30T21:16:16.808+0100: 24.451: Total time for which application threads were stopped: 0.0001017 seconds, Stopping threads took: 0.0000653 seconds
2020-06-30T21:16:16.808+0100: 24.452: Total time for which application threads were stopped: 0.0000897 seconds, Stopping threads took: 0.0000540 seconds
2020-06-30T21:16:16.808+0100: 24.452: Total time for which application threads were stopped: 0.0000937 seconds, Stopping threads took: 0.0000594 seconds
2020-06-30T21:16:17.312+0100: 24.955: Total time for which application threads were stopped: 0.0008059 seconds, Stopping threads took: 0.0000662 seconds
2020-06-30T21:16:17.859+0100: 25.502: Total time for which application threads were stopped: 0.0002892 seconds, Stopping threads took: 0.0000789 seconds
2020-06-30T21:16:17.859+0100: 25.502: Total time for which application threads were stopped: 0.0001077 seconds, Stopping threads took: 0.0000610 seconds
2020-06-30T21:16:17.884+0100: 25.527: Total time for which application threads were stopped: 0.0014017 seconds, Stopping threads took: 0.0013230 seconds
{Heap before GC invocations=12 (full 2):
 par new generation   total 109248K, used 109248K [0x00000000e0000000, 0x00000000e8000000, 0x00000000e8000000)
  eden space 87424K, 100% used [0x00000000e0000000, 0x00000000e5560000, 0x00000000e5560000)
  from space 21824K, 100% used [0x00000000e5560000, 0x00000000e6ab0000, 0x00000000e6ab0000)
  to   space 21824K,   0% used [0x00000000e6ab0000, 0x00000000e6ab0000, 0x00000000e8000000)
 concurrent mark-sweep generation total 393216K, used 16093K [0x00000000e8000000, 0x0000000100000000, 0x0000000100000000)
 Metaspace       used 49915K, capacity 51267K, committed 51660K, reserved 1093632K
  class space    used 6163K, capacity 6482K, committed 6604K, reserved 1048576K
2020-06-30T21:16:17.944+0100: 25.588: [GC (Allocation Failure) 2020-06-30T21:16:17.944+0100: 25.588: [ParNew
Desired survivor size 20112992 bytes, new threshold 5 (max 8)
- age   1:    9376544 bytes,    9376544 total
- age   2:    2293184 bytes,   11669728 total
- age   3:    2845240 bytes,   14514968 total
- age   4:       2424 bytes,   14517392 total
- age   5:    6110216 bytes,   20627608 total
- age   6:    1720048 bytes,   22347656 total
: 109248K->21824K(109248K), 0.0303784 secs] 125341K->48901K(502464K), 0.0304585 secs] [Times: user=0.06 sys=0.00, real=0.03 secs] 
Heap after GC invocations=13 (full 2):
 par new generation   total 109248K, used 21824K [0x00000000e0000000, 0x00000000e8000000, 0x00000000e8000000)
  eden space 87424K,   0% used [0x00000000e0000000, 0x00000000e0000000, 0x00000000e5560000)
  from space 21824K, 100% used [0x00000000e6ab0000, 0x00000000e8000000, 0x00000000e8000000)
  to   space 21824K,   0% used [0x00000000e5560000, 0x00000000e5560000, 0x00000000e6ab0000)
 concurrent mark-sweep generation total 393216K, used 27077K [0x00000000e8000000, 0x0000000100000000, 0x0000000100000000)
 Metaspace       used 49915K, capacity 51267K, committed 51660K, reserved 1093632K
  class space    used 6163K, capacity 6482K, committed 6604K, reserved 1048576K
}
2020-06-30T21:16:17.975+0100: 25.618: Total time for which application threads were stopped: 0.0310856 seconds, Stopping threads took: 0.0002364 seconds
2020-06-30T21:16:17.978+0100: 25.621: Total time for which application threads were stopped: 0.0002202 seconds, Stopping threads took: 0.0001360 seconds
2020-06-30T21:16:17.978+0100: 25.622: Total time for which application threads were stopped: 0.0001541 seconds, Stopping threads took: 0.0000802 seconds
2020-06-30T21:16:17.978+0100: 25.622: Total time for which application threads were stopped: 0.0001699 seconds, Stopping threads took: 0.0001105 seconds
2020-06-30T21:16:17.979+0100: 25.623: Total time for which application threads were stopped: 0.0001321 seconds, Stopping threads took: 0.0000735 seconds
2020-06-30T21:16:17.979+0100: 25.623: Total time for which application threads were stopped: 0.0001280 seconds, Stopping threads took: 0.0000541 seconds
2020-06-30T21:16:17.979+0100: 25.623: Total time for which application threads were stopped: 0.0000984 seconds, Stopping threads took: 0.0000387 seconds
2020-06-30T21:16:17.980+0100: 25.623: Total time for which application threads were stopped: 0.0001671 seconds, Stopping threads took: 0.0000941 seconds
2020-06-30T21:16:17.980+0100: 25.623: Total time for which application threads were stopped: 0.0001596 seconds, Stopping threads took: 0.0001091 seconds
2020-06-30T21:16:17.980+0100: 25.624: Total time for which application threads were stopped: 0.0001509 seconds, Stopping threads took: 0.0000559 seconds
2020-06-30T21:16:17.981+0100: 25.624: Total time for which application threads were stopped: 0.0001043 seconds, Stopping threads took: 0.0000224 seconds
2020-06-30T21:16:17.981+0100: 25.624: Total time for which application threads were stopped: 0.0001196 seconds, Stopping threads took: 0.0000465 seconds
2020-06-30T21:16:17.981+0100: 25.624: Total time for which application threads were stopped: 0.0000819 seconds, Stopping threads took: 0.0000196 seconds
2020-06-30T21:16:17.981+0100: 25.625: Total time for which application threads were stopped: 0.0000793 seconds, Stopping threads took: 0.0000180 seconds
2020-06-30T21:16:17.981+0100: 25.625: Total time for which application threads were stopped: 0.0001110 seconds, Stopping threads took: 0.0000445 seconds
2020-06-30T21:16:17.981+0100: 25.625: Total time for which application threads were stopped: 0.0001018 seconds, Stopping threads took: 0.0000347 seconds
2020-06-30T21:16:17.981+0100: 25.625: Total time for which application threads were stopped: 0.0000796 seconds, Stopping threads took: 0.0000192 seconds
2020-06-30T21:16:17.982+0100: 25.625: Total time for which application threads were stopped: 0.0001629 seconds, Stopping threads took: 0.0000900 seconds
2020-06-30T21:16:17.982+0100: 25.625: Total time for which application threads were stopped: 0.0002317 seconds, Stopping threads took: 0.0000384 seconds
2020-06-30T21:16:17.982+0100: 25.626: Total time for which application threads were stopped: 0.0001251 seconds, Stopping threads took: 0.0000527 seconds
2020-06-30T21:16:17.982+0100: 25.626: Total time for which application threads were stopped: 0.0000770 seconds, Stopping threads took: 0.0000309 seconds
2020-06-30T21:16:17.983+0100: 25.626: Total time for which application threads were stopped: 0.0000921 seconds, Stopping threads took: 0.0000188 seconds
{Heap before GC invocations=13 (full 2):
 par new generation   total 109248K, used 109248K [0x00000000e0000000, 0x00000000e8000000, 0x00000000e8000000)
  eden space 87424K, 100% used [0x00000000e0000000, 0x00000000e5560000, 0x00000000e5560000)
  from space 21824K, 100% used [0x00000000e6ab0000, 0x00000000e8000000, 0x00000000e8000000)
  to   space 21824K,   0% used [0x00000000e5560000, 0x00000000e5560000, 0x00000000e6ab0000)
 concurrent mark-sweep generation total 393216K, used 27077K [0x00000000e8000000, 0x0000000100000000, 0x0000000100000000)
 Metaspace       used 50060K, capacity 51395K, committed 51916K, reserved 1095680K
  class space    used 6163K, capacity 6482K, committed 6604K, reserved 1048576K
2020-06-30T21:16:18.454+0100: 26.097: [GC (Allocation Failure) 2020-06-30T21:16:18.454+0100: 26.097: [ParNew
Desired survivor size 20112992 bytes, new threshold 8 (max 8)
- age   1:    4668168 bytes,    4668168 total
- age   2:    8949472 bytes,   13617640 total
- age   3:    2269416 bytes,   15887056 total
- age   4:    2748128 bytes,   18635184 total
- age   5:       2344 bytes,   18637528 total
: 109248K->21824K(109248K), 0.0295215 secs] 136325K->60732K(502464K), 0.0296050 secs] [Times: user=0.11 sys=0.02, real=0.03 secs] 
Heap after GC invocations=14 (full 2):
 par new generation   total 109248K, used 21824K [0x00000000e0000000, 0x00000000e8000000, 0x00000000e8000000)
  eden space 87424K,   0% used [0x00000000e0000000, 0x00000000e0000000, 0x00000000e5560000)
  from space 21824K, 100% used [0x00000000e5560000, 0x00000000e6ab0000, 0x00000000e6ab0000)
  to   space 21824K,   0% used [0x00000000e6ab0000, 0x00000000e6ab0000, 0x00000000e8000000)
 concurrent mark-sweep generation total 393216K, used 38908K [0x00000000e8000000, 0x0000000100000000, 0x0000000100000000)
 Metaspace       used 50060K, capacity 51395K, committed 51916K, reserved 1095680K
  class space    used 6163K, capacity 6482K, committed 6604K, reserved 1048576K
}
2020-06-30T21:16:18.484+0100: 26.127: Total time for which application threads were stopped: 0.0301043 seconds, Stopping threads took: 0.0000785 seconds
2020-06-30T21:16:18.485+0100: 26.128: Total time for which application threads were stopped: 0.0004779 seconds, Stopping threads took: 0.0003947 seconds
2020-06-30T21:16:18.485+0100: 26.129: Total time for which application threads were stopped: 0.0001393 seconds, Stopping threads took: 0.0000758 seconds
{Heap before GC invocations=14 (full 2):
 par new generation   total 109248K, used 109248K [0x00000000e0000000, 0x00000000e8000000, 0x00000000e8000000)
  eden space 87424K, 100% used [0x00000000e0000000, 0x00000000e5560000, 0x00000000e5560000)
  from space 21824K, 100% used [0x00000000e5560000, 0x00000000e6ab0000, 0x00000000e6ab0000)
  to   space 21824K,   0% used [0x00000000e6ab0000, 0x00000000e6ab0000, 0x00000000e8000000)
 concurrent mark-sweep generation total 393216K, used 38908K [0x00000000e8000000, 0x0000000100000000, 0x0000000100000000)
 Metaspace       used 50130K, capacity 51491K, committed 51916K, reserved 1095680K
  class space    used 6167K, capacity 6514K, committed 6604K, reserved 1048576K
2020-06-30T21:16:18.856+0100: 26.499: [GC (Allocation Failure) 2020-06-30T21:16:18.856+0100: 26.500: [ParNew
Desired survivor size 20112992 bytes, new threshold 5 (max 8)
- age   1:    5458608 bytes,    5458608 total
- age   2:    4438400 bytes,    9897008 total
- age   3:    8630704 bytes,   18527712 total
- age   4:    1214504 bytes,   19742216 total
- age   5:    2598080 bytes,   22340296 total
- age   6:       2344 bytes,   22342640 total
: 109248K->21824K(109248K), 0.0178829 secs] 148156K->63196K(502464K), 0.0179630 secs] [Times: user=0.06 sys=0.00, real=0.02 secs] 
Heap after GC invocations=15 (full 2):
 par new generation   total 109248K, used 21824K [0x00000000e0000000, 0x00000000e8000000, 0x00000000e8000000)
  eden space 87424K,   0% used [0x00000000e0000000, 0x00000000e0000000, 0x00000000e5560000)
  from space 21824K, 100% used [0x00000000e6ab0000, 0x00000000e8000000, 0x00000000e8000000)
  to   space 21824K,   0% used [0x00000000e5560000, 0x00000000e5560000, 0x00000000e6ab0000)
 concurrent mark-sweep generation total 393216K, used 41372K [0x00000000e8000000, 0x0000000100000000, 0x0000000100000000)
 Metaspace       used 50130K, capacity 51491K, committed 51916K, reserved 1095680K
  class space    used 6167K, capacity 6514K, committed 6604K, reserved 1048576K
}
2020-06-30T21:16:18.874+0100: 26.518: Total time for which application threads were stopped: 0.0207271 seconds, Stopping threads took: 0.0024684 seconds
2020-06-30T21:16:18.874+0100: 26.518: Total time for which application threads were stopped: 0.0001955 seconds, Stopping threads took: 0.0001103 seconds
{Heap before GC invocations=15 (full 2):
 par new generation   total 109248K, used 109248K [0x00000000e0000000, 0x00000000e8000000, 0x00000000e8000000)
  eden space 87424K, 100% used [0x00000000e0000000, 0x00000000e5560000, 0x00000000e5560000)
  from space 21824K, 100% used [0x00000000e6ab0000, 0x00000000e8000000, 0x00000000e8000000)
  to   space 21824K,   0% used [0x00000000e5560000, 0x00000000e5560000, 0x00000000e6ab0000)
 concurrent mark-sweep generation total 393216K, used 41372K [0x00000000e8000000, 0x0000000100000000, 0x0000000100000000)
 Metaspace       used 50332K, capacity 51747K, committed 52172K, reserved 1095680K
  class space    used 6185K, capacity 6578K, committed 6604K, reserved 1048576K
2020-06-30T21:16:19.206+0100: 26.849: [GC (Allocation Failure) 2020-06-30T21:16:19.206+0100: 26.849: [ParNew
Desired survivor size 20112992 bytes, new threshold 4 (max 8)
- age   1:    3303288 bytes,    3303288 total
- age   2:    4779104 bytes,    8082392 total
- age   3:    4419968 bytes,   12502360 total
- age   4:    8630408 bytes,   21132768 total
- age   5:    1214408 bytes,   22347176 total
: 109248K->21824K(109248K), 0.0235191 secs] 150620K->72225K(502464K), 0.0236305 secs] [Times: user=0.13 sys=0.00, real=0.02 secs] 
Heap after GC invocations=16 (full 2):
 par new generation   total 109248K, used 21824K [0x00000000e0000000, 0x00000000e8000000, 0x00000000e8000000)
  eden space 87424K,   0% used [0x00000000e0000000, 0x00000000e0000000, 0x00000000e5560000)
  from space 21824K, 100% used [0x00000000e5560000, 0x00000000e6ab0000, 0x00000000e6ab0000)
  to   space 21824K,   0% used [0x00000000e6ab0000, 0x00000000e6ab0000, 0x00000000e8000000)
 concurrent mark-sweep generation total 393216K, used 50401K [0x00000000e8000000, 0x0000000100000000, 0x0000000100000000)
 Metaspace       used 50332K, capacity 51747K, committed 52172K, reserved 1095680K
  class space    used 6185K, capacity 6578K, committed 6604K, reserved 1048576K
}
2020-06-30T21:16:19.229+0100: 26.873: Total time for which application threads were stopped: 0.0240591 seconds, Stopping threads took: 0.0000936 seconds
2020-06-30T21:16:19.230+0100: 26.873: Total time for which application threads were stopped: 0.0001651 seconds, Stopping threads took: 0.0000658 seconds
2020-06-30T21:16:19.237+0100: 26.881: Total time for which application threads were stopped: 0.0001787 seconds, Stopping threads took: 0.0000748 seconds
2020-06-30T21:16:19.376+0100: 27.020: Total time for which application threads were stopped: 0.0040569 seconds, Stopping threads took: 0.0033640 seconds
2020-06-30T21:16:19.439+0100: 27.083: Total time for which application threads were stopped: 0.0021227 seconds, Stopping threads took: 0.0019841 seconds
2020-06-30T21:16:19.439+0100: 27.083: Total time for which application threads were stopped: 0.0001399 seconds, Stopping threads took: 0.0000560 seconds
2020-06-30T21:16:19.439+0100: 27.083: Total time for which application threads were stopped: 0.0001199 seconds, Stopping threads took: 0.0000507 seconds
2020-06-30T21:16:19.440+0100: 27.083: Total time for which application threads were stopped: 0.0000810 seconds, Stopping threads took: 0.0000262 seconds
2020-06-30T21:16:19.440+0100: 27.083: Total time for which application threads were stopped: 0.0001266 seconds, Stopping threads took: 0.0000523 seconds
2020-06-30T21:16:19.503+0100: 27.147: Total time for which application threads were stopped: 0.0041029 seconds, Stopping threads took: 0.0039467 seconds
2020-06-30T21:16:19.525+0100: 27.168: Total time for which application threads were stopped: 0.0002787 seconds, Stopping threads took: 0.0001184 seconds
2020-06-30T21:16:19.525+0100: 27.168: Total time for which application threads were stopped: 0.0001150 seconds, Stopping threads took: 0.0000234 seconds
2020-06-30T21:16:19.525+0100: 27.168: Total time for which application threads were stopped: 0.0001312 seconds, Stopping threads took: 0.0000562 seconds
2020-06-30T21:16:19.525+0100: 27.169: Total time for which application threads were stopped: 0.0001227 seconds, Stopping threads took: 0.0000462 seconds
2020-06-30T21:16:19.525+0100: 27.169: Total time for which application threads were stopped: 0.0000906 seconds, Stopping threads took: 0.0000200 seconds
2020-06-30T21:16:19.527+0100: 27.170: Total time for which application threads were stopped: 0.0003652 seconds, Stopping threads took: 0.0001665 seconds
2020-06-30T21:16:19.527+0100: 27.170: Total time for which application threads were stopped: 0.0001480 seconds, Stopping threads took: 0.0000570 seconds
2020-06-30T21:16:19.527+0100: 27.171: Total time for which application threads were stopped: 0.0001309 seconds, Stopping threads took: 0.0000557 seconds
2020-06-30T21:16:19.527+0100: 27.171: Total time for which application threads were stopped: 0.0001076 seconds, Stopping threads took: 0.0000230 seconds
2020-06-30T21:16:19.527+0100: 27.171: Total time for which application threads were stopped: 0.0001338 seconds, Stopping threads took: 0.0000223 seconds
2020-06-30T21:16:19.528+0100: 27.171: Total time for which application threads were stopped: 0.0002119 seconds, Stopping threads took: 0.0001361 seconds
2020-06-30T21:16:19.528+0100: 27.171: Total time for which application threads were stopped: 0.0000879 seconds, Stopping threads took: 0.0000217 seconds
2020-06-30T21:16:19.528+0100: 27.172: Total time for which application threads were stopped: 0.0001509 seconds, Stopping threads took: 0.0000186 seconds
2020-06-30T21:16:20.529+0100: 28.172: Total time for which application threads were stopped: 0.0002885 seconds, Stopping threads took: 0.0001487 seconds
2020-06-30T21:16:20.925+0100: 28.569: Total time for which application threads were stopped: 0.0001409 seconds, Stopping threads took: 0.0000832 seconds
2020-06-30T21:16:20.925+0100: 28.569: Total time for which application threads were stopped: 0.0000986 seconds, Stopping threads took: 0.0000599 seconds
2020-06-30T21:16:20.932+0100: 28.575: Total time for which application threads were stopped: 0.0001359 seconds, Stopping threads took: 0.0000816 seconds
2020-06-30T21:16:20.939+0100: 28.582: Total time for which application threads were stopped: 0.0001410 seconds, Stopping threads took: 0.0000772 seconds
2020-06-30T21:16:20.950+0100: 28.593: Total time for which application threads were stopped: 0.0005824 seconds, Stopping threads took: 0.0000596 seconds
2020-06-30T21:16:20.980+0100: 28.624: Total time for which application threads were stopped: 0.0002584 seconds, Stopping threads took: 0.0001967 seconds
2020-06-30T21:16:20.981+0100: 28.624: Total time for which application threads were stopped: 0.0001146 seconds, Stopping threads took: 0.0000656 seconds
2020-06-30T21:16:20.981+0100: 28.624: Total time for which application threads were stopped: 0.0001043 seconds, Stopping threads took: 0.0000703 seconds
2020-06-30T21:16:20.982+0100: 28.625: Total time for which application threads were stopped: 0.0001443 seconds, Stopping threads took: 0.0000478 seconds
2020-06-30T21:16:20.986+0100: 28.630: Total time for which application threads were stopped: 0.0001504 seconds, Stopping threads took: 0.0000530 seconds
2020-06-30T21:16:21.987+0100: 29.630: Total time for which application threads were stopped: 0.0001355 seconds, Stopping threads took: 0.0000716 seconds
2020-06-30T21:16:22.211+0100: 29.854: Total time for which application threads were stopped: 0.0002252 seconds, Stopping threads took: 0.0001561 seconds
2020-06-30T21:16:23.212+0100: 30.855: Total time for which application threads were stopped: 0.0002563 seconds, Stopping threads took: 0.0001584 seconds
2020-06-30T21:16:27.167+0100: 34.811: Total time for which application threads were stopped: 0.0005267 seconds, Stopping threads took: 0.0004632 seconds
2020-06-30T21:16:27.171+0100: 34.814: Total time for which application threads were stopped: 0.0001167 seconds, Stopping threads took: 0.0000617 seconds
2020-06-30T21:16:27.180+0100: 34.823: Total time for which application threads were stopped: 0.0006791 seconds, Stopping threads took: 0.0000604 seconds
2020-06-30T21:16:27.184+0100: 34.828: Total time for which application threads were stopped: 0.0001407 seconds, Stopping threads took: 0.0000597 seconds
2020-06-30T21:16:28.184+0100: 35.827: Total time for which application threads were stopped: 0.0001513 seconds, Stopping threads took: 0.0000609 seconds
2020-06-30T21:16:30.035+0100: 37.678: Total time for which application threads were stopped: 0.0000617 seconds, Stopping threads took: 0.0000220 seconds
2020-06-30T21:16:39.578+0100: 47.222: Total time for which application threads were stopped: 0.0002939 seconds, Stopping threads took: 0.0002444 seconds
{Heap before GC invocations=16 (full 2):
 par new generation   total 109248K, used 109248K [0x00000000e0000000, 0x00000000e8000000, 0x00000000e8000000)
  eden space 87424K, 100% used [0x00000000e0000000, 0x00000000e5560000, 0x00000000e5560000)
  from space 21824K, 100% used [0x00000000e5560000, 0x00000000e6ab0000, 0x00000000e6ab0000)
  to   space 21824K,   0% used [0x00000000e6ab0000, 0x00000000e6ab0000, 0x00000000e8000000)
 concurrent mark-sweep generation total 393216K, used 50401K [0x00000000e8000000, 0x0000000100000000, 0x0000000100000000)
 Metaspace       used 52489K, capacity 53965K, committed 54220K, reserved 1097728K
  class space    used 6467K, capacity 6838K, committed 6860K, reserved 1048576K
2020-06-30T21:16:39.801+0100: 47.444: [GC (Allocation Failure) 2020-06-30T21:16:39.801+0100: 47.444: [ParNew
Desired survivor size 20112992 bytes, new threshold 8 (max 8)
- age   1:    5836456 bytes,    5836456 total
- age   2:    1912032 bytes,    7748488 total
- age   3:    4736704 bytes,   12485192 total
- age   4:    4247328 bytes,   16732520 total
: 109248K->21824K(109248K), 0.0246407 secs] 159649K->86040K(502464K), 0.0247650 secs] [Times: user=0.13 sys=0.00, real=0.02 secs] 
Heap after GC invocations=17 (full 2):
 par new generation   total 109248K, used 21824K [0x00000000e0000000, 0x00000000e8000000, 0x00000000e8000000)
  eden space 87424K,   0% used [0x00000000e0000000, 0x00000000e0000000, 0x00000000e5560000)
  from space 21824K, 100% used [0x00000000e6ab0000, 0x00000000e8000000, 0x00000000e8000000)
  to   space 21824K,   0% used [0x00000000e5560000, 0x00000000e5560000, 0x00000000e6ab0000)
 concurrent mark-sweep generation total 393216K, used 64216K [0x00000000e8000000, 0x0000000100000000, 0x0000000100000000)
 Metaspace       used 52489K, capacity 53965K, committed 54220K, reserved 1097728K
  class space    used 6467K, capacity 6838K, committed 6860K, reserved 1048576K
}
2020-06-30T21:16:39.826+0100: 47.469: Total time for which application threads were stopped: 0.0251538 seconds, Stopping threads took: 0.0000834 seconds
2020-06-30T21:16:39.826+0100: 47.470: Total time for which application threads were stopped: 0.0001781 seconds, Stopping threads took: 0.0000932 seconds
2020-06-30T21:16:39.826+0100: 47.470: Total time for which application threads were stopped: 0.0001353 seconds, Stopping threads took: 0.0000549 seconds
2020-06-30T21:16:39.855+0100: 47.498: Total time for which application threads were stopped: 0.0001861 seconds, Stopping threads took: 0.0000619 seconds
{Heap before GC invocations=17 (full 2):
 par new generation   total 109248K, used 109248K [0x00000000e0000000, 0x00000000e8000000, 0x00000000e8000000)
  eden space 87424K, 100% used [0x00000000e0000000, 0x00000000e5560000, 0x00000000e5560000)
  from space 21824K, 100% used [0x00000000e6ab0000, 0x00000000e8000000, 0x00000000e8000000)
  to   space 21824K,   0% used [0x00000000e5560000, 0x00000000e5560000, 0x00000000e6ab0000)
 concurrent mark-sweep generation total 393216K, used 64216K [0x00000000e8000000, 0x0000000100000000, 0x0000000100000000)
 Metaspace       used 52535K, capacity 54035K, committed 54476K, reserved 1097728K
  class space    used 6468K, capacity 6839K, committed 6860K, reserved 1048576K
2020-06-30T21:16:40.021+0100: 47.665: [GC (Allocation Failure) 2020-06-30T21:16:40.021+0100: 47.665: [ParNew
Desired survivor size 20112992 bytes, new threshold 5 (max 8)
- age   1:    7280176 bytes,    7280176 total
- age   2:    3342984 bytes,   10623160 total
- age   3:    1911232 bytes,   12534392 total
- age   4:    4736704 bytes,   17271096 total
- age   5:    4247328 bytes,   21518424 total
: 109248K->21824K(109248K), 0.0132456 secs] 173464K->88177K(502464K), 0.0134029 secs] [Times: user=0.06 sys=0.00, real=0.01 secs] 
Heap after GC invocations=18 (full 2):
 par new generation   total 109248K, used 21824K [0x00000000e0000000, 0x00000000e8000000, 0x00000000e8000000)
  eden space 87424K,   0% used [0x00000000e0000000, 0x00000000e0000000, 0x00000000e5560000)
  from space 21824K, 100% used [0x00000000e5560000, 0x00000000e6ab0000, 0x00000000e6ab0000)
  to   space 21824K,   0% used [0x00000000e6ab0000, 0x00000000e6ab0000, 0x00000000e8000000)
 concurrent mark-sweep generation total 393216K, used 66353K [0x00000000e8000000, 0x0000000100000000, 0x0000000100000000)
 Metaspace       used 52535K, capacity 54035K, committed 54476K, reserved 1097728K
  class space    used 6468K, capacity 6839K, committed 6860K, reserved 1048576K
}
2020-06-30T21:16:40.035+0100: 47.678: Total time for which application threads were stopped: 0.0143754 seconds, Stopping threads took: 0.0006523 seconds
2020-06-30T21:16:40.035+0100: 47.679: Total time for which application threads were stopped: 0.0002371 seconds, Stopping threads took: 0.0000794 seconds
2020-06-30T21:16:40.060+0100: 47.704: Total time for which application threads were stopped: 0.0002454 seconds, Stopping threads took: 0.0000860 seconds
{Heap before GC invocations=18 (full 2):
 par new generation   total 109248K, used 109248K [0x00000000e0000000, 0x00000000e8000000, 0x00000000e8000000)
  eden space 87424K, 100% used [0x00000000e0000000, 0x00000000e5560000, 0x00000000e5560000)
  from space 21824K, 100% used [0x00000000e5560000, 0x00000000e6ab0000, 0x00000000e6ab0000)
  to   space 21824K,   0% used [0x00000000e6ab0000, 0x00000000e6ab0000, 0x00000000e8000000)
 concurrent mark-sweep generation total 393216K, used 66353K [0x00000000e8000000, 0x0000000100000000, 0x0000000100000000)
 Metaspace       used 52610K, capacity 54099K, committed 54476K, reserved 1097728K
  class space    used 6468K, capacity 6839K, committed 6860K, reserved 1048576K
2020-06-30T21:16:40.230+0100: 47.874: [GC (Allocation Failure) 2020-06-30T21:16:40.230+0100: 47.874: [ParNew
Desired survivor size 20112992 bytes, new threshold 8 (max 8)
- age   1:    5327048 bytes,    5327048 total
- age   2:    3542640 bytes,    8869688 total
- age   3:    3261472 bytes,   12131160 total
- age   4:    1911232 bytes,   14042392 total
- age   5:    4736704 bytes,   18779096 total
: 109248K->21824K(109248K), 0.0157300 secs] 175601K->92544K(502464K), 0.0158311 secs] [Times: user=0.06 sys=0.00, real=0.02 secs] 
Heap after GC invocations=19 (full 2):
 par new generation   total 109248K, used 21824K [0x00000000e0000000, 0x00000000e8000000, 0x00000000e8000000)
  eden space 87424K,   0% used [0x00000000e0000000, 0x00000000e0000000, 0x00000000e5560000)
  from space 21824K, 100% used [0x00000000e6ab0000, 0x00000000e8000000, 0x00000000e8000000)
  to   space 21824K,   0% used [0x00000000e5560000, 0x00000000e5560000, 0x00000000e6ab0000)
 concurrent mark-sweep generation total 393216K, used 70720K [0x00000000e8000000, 0x0000000100000000, 0x0000000100000000)
 Metaspace       used 52610K, capacity 54099K, committed 54476K, reserved 1097728K
  class space    used 6468K, capacity 6839K, committed 6860K, reserved 1048576K
}
2020-06-30T21:16:40.246+0100: 47.889: Total time for which application threads were stopped: 0.0161230 seconds, Stopping threads took: 0.0000741 seconds
2020-06-30T21:16:40.246+0100: 47.890: Total time for which application threads were stopped: 0.0001430 seconds, Stopping threads took: 0.0000626 seconds
{Heap before GC invocations=19 (full 2):
 par new generation   total 109248K, used 109248K [0x00000000e0000000, 0x00000000e8000000, 0x00000000e8000000)
  eden space 87424K, 100% used [0x00000000e0000000, 0x00000000e5560000, 0x00000000e5560000)
  from space 21824K, 100% used [0x00000000e6ab0000, 0x00000000e8000000, 0x00000000e8000000)
  to   space 21824K,   0% used [0x00000000e5560000, 0x00000000e5560000, 0x00000000e6ab0000)
 concurrent mark-sweep generation total 393216K, used 70720K [0x00000000e8000000, 0x0000000100000000, 0x0000000100000000)
 Metaspace       used 52707K, capacity 54117K, committed 54476K, reserved 1097728K
  class space    used 6470K, capacity 6842K, committed 6860K, reserved 1048576K
2020-06-30T21:16:40.448+0100: 48.092: [GC (Allocation Failure) 2020-06-30T21:16:40.449+0100: 48.092: [ParNew
Desired survivor size 20112992 bytes, new threshold 6 (max 8)
- age   1:    5188464 bytes,    5188464 total
- age   2:    4444160 bytes,    9632624 total
- age   3:    2806160 bytes,   12438784 total
- age   4:    3250640 bytes,   15689424 total
- age   5:    1911232 bytes,   17600656 total
- age   6:    4737224 bytes,   22337880 total
: 109248K->21824K(109248K), 0.0171480 secs] 179968K->97010K(502464K), 0.0172594 secs] [Times: user=0.06 sys=0.00, real=0.02 secs] 
Heap after GC invocations=20 (full 2):
 par new generation   total 109248K, used 21824K [0x00000000e0000000, 0x00000000e8000000, 0x00000000e8000000)
  eden space 87424K,   0% used [0x00000000e0000000, 0x00000000e0000000, 0x00000000e5560000)
  from space 21824K, 100% used [0x00000000e5560000, 0x00000000e6ab0000, 0x00000000e6ab0000)
  to   space 21824K,   0% used [0x00000000e6ab0000, 0x00000000e6ab0000, 0x00000000e8000000)
 concurrent mark-sweep generation total 393216K, used 75186K [0x00000000e8000000, 0x0000000100000000, 0x0000000100000000)
 Metaspace       used 52707K, capacity 54117K, committed 54476K, reserved 1097728K
  class space    used 6470K, capacity 6842K, committed 6860K, reserved 1048576K
}
2020-06-30T21:16:40.466+0100: 48.109: Total time for which application threads were stopped: 0.0175803 seconds, Stopping threads took: 0.0000711 seconds
2020-06-30T21:16:40.466+0100: 48.110: Total time for which application threads were stopped: 0.0001529 seconds, Stopping threads took: 0.0000637 seconds
2020-06-30T21:16:40.466+0100: 48.110: Total time for which application threads were stopped: 0.0001176 seconds, Stopping threads took: 0.0000564 seconds
2020-06-30T21:16:40.466+0100: 48.110: Total time for which application threads were stopped: 0.0001231 seconds, Stopping threads took: 0.0000630 seconds
2020-06-30T21:16:41.468+0100: 49.111: Total time for which application threads were stopped: 0.0013170 seconds, Stopping threads took: 0.0012255 seconds
2020-06-30T21:16:42.328+0100: 49.972: Total time for which application threads were stopped: 0.0001680 seconds, Stopping threads took: 0.0001200 seconds
2020-06-30T21:16:42.329+0100: 49.972: Total time for which application threads were stopped: 0.0001457 seconds, Stopping threads took: 0.0001046 seconds
2020-06-30T21:16:42.329+0100: 49.973: Total time for which application threads were stopped: 0.0000875 seconds, Stopping threads took: 0.0000497 seconds
2020-06-30T21:16:42.337+0100: 49.980: Total time for which application threads were stopped: 0.0001272 seconds, Stopping threads took: 0.0000658 seconds
2020-06-30T21:16:42.338+0100: 49.981: Total time for which application threads were stopped: 0.0001122 seconds, Stopping threads took: 0.0000619 seconds
2020-06-30T21:16:42.338+0100: 49.981: Total time for which application threads were stopped: 0.0001183 seconds, Stopping threads took: 0.0000754 seconds
2020-06-30T21:16:42.338+0100: 49.982: Total time for which application threads were stopped: 0.0000790 seconds, Stopping threads took: 0.0000453 seconds
2020-06-30T21:16:42.338+0100: 49.982: Total time for which application threads were stopped: 0.0000435 seconds, Stopping threads took: 0.0000137 seconds
2020-06-30T21:16:43.339+0100: 50.982: Total time for which application threads were stopped: 0.0002457 seconds, Stopping threads took: 0.0000724 seconds
2020-06-30T21:16:47.340+0100: 54.983: Total time for which application threads were stopped: 0.0001260 seconds, Stopping threads took: 0.0000720 seconds
2020-06-30T21:16:53.285+0100: 60.928: Total time for which application threads were stopped: 0.0002646 seconds, Stopping threads took: 0.0001952 seconds
2020-06-30T21:16:53.288+0100: 60.931: Total time for which application threads were stopped: 0.0001689 seconds, Stopping threads took: 0.0000722 seconds
2020-06-30T21:16:53.292+0100: 60.935: Total time for which application threads were stopped: 0.0005330 seconds, Stopping threads took: 0.0004215 seconds
2020-06-30T21:16:53.293+0100: 60.937: Total time for which application threads were stopped: 0.0001527 seconds, Stopping threads took: 0.0000662 seconds
2020-06-30T21:16:53.323+0100: 60.966: Total time for which application threads were stopped: 0.0001658 seconds, Stopping threads took: 0.0000837 seconds
2020-06-30T21:16:53.325+0100: 60.969: Total time for which application threads were stopped: 0.0001195 seconds, Stopping threads took: 0.0000666 seconds
2020-06-30T21:16:53.326+0100: 60.969: Total time for which application threads were stopped: 0.0001579 seconds, Stopping threads took: 0.0001068 seconds
2020-06-30T21:16:53.327+0100: 60.971: Total time for which application threads were stopped: 0.0001672 seconds, Stopping threads took: 0.0000644 seconds
2020-06-30T21:16:53.327+0100: 60.971: Total time for which application threads were stopped: 0.0000838 seconds, Stopping threads took: 0.0000411 seconds
2020-06-30T21:16:53.336+0100: 60.980: Total time for which application threads were stopped: 0.0001746 seconds, Stopping threads took: 0.0000685 seconds
2020-06-30T21:16:53.338+0100: 60.982: Total time for which application threads were stopped: 0.0001170 seconds, Stopping threads took: 0.0000661 seconds
2020-06-30T21:16:53.351+0100: 60.995: Total time for which application threads were stopped: 0.0001468 seconds, Stopping threads took: 0.0000720 seconds
2020-06-30T21:16:53.352+0100: 60.995: Total time for which application threads were stopped: 0.0002486 seconds, Stopping threads took: 0.0002016 seconds
2020-06-30T21:16:53.352+0100: 60.995: Total time for which application threads were stopped: 0.0001534 seconds, Stopping threads took: 0.0001104 seconds
2020-06-30T21:16:53.352+0100: 60.996: Total time for which application threads were stopped: 0.0001057 seconds, Stopping threads took: 0.0000616 seconds
2020-06-30T21:16:53.354+0100: 60.997: Total time for which application threads were stopped: 0.0001299 seconds, Stopping threads took: 0.0000705 seconds
2020-06-30T21:16:53.354+0100: 60.998: Total time for which application threads were stopped: 0.0000718 seconds, Stopping threads took: 0.0000339 seconds
2020-06-30T21:16:53.354+0100: 60.998: Total time for which application threads were stopped: 0.0000889 seconds, Stopping threads took: 0.0000461 seconds
2020-06-30T21:16:53.355+0100: 60.998: Total time for which application threads were stopped: 0.0000926 seconds, Stopping threads took: 0.0000507 seconds
2020-06-30T21:16:53.356+0100: 61.000: Total time for which application threads were stopped: 0.0000938 seconds, Stopping threads took: 0.0000533 seconds
2020-06-30T21:16:53.360+0100: 61.004: Total time for which application threads were stopped: 0.0001830 seconds, Stopping threads took: 0.0001225 seconds
2020-06-30T21:16:53.360+0100: 61.004: Total time for which application threads were stopped: 0.0000986 seconds, Stopping threads took: 0.0000513 seconds
2020-06-30T21:16:53.362+0100: 61.005: Total time for which application threads were stopped: 0.0001373 seconds, Stopping threads took: 0.0000809 seconds
2020-06-30T21:16:53.373+0100: 61.016: Total time for which application threads were stopped: 0.0000939 seconds, Stopping threads took: 0.0000474 seconds
2020-06-30T21:16:53.373+0100: 61.017: Total time for which application threads were stopped: 0.0000944 seconds, Stopping threads took: 0.0000480 seconds
2020-06-30T21:16:53.373+0100: 61.017: Total time for which application threads were stopped: 0.0000653 seconds, Stopping threads took: 0.0000318 seconds
2020-06-30T21:16:53.373+0100: 61.017: Total time for which application threads were stopped: 0.0000792 seconds, Stopping threads took: 0.0000435 seconds
2020-06-30T21:16:53.374+0100: 61.017: Total time for which application threads were stopped: 0.0000920 seconds, Stopping threads took: 0.0000522 seconds
2020-06-30T21:16:53.374+0100: 61.017: Total time for which application threads were stopped: 0.0000750 seconds, Stopping threads took: 0.0000423 seconds
2020-06-30T21:16:53.374+0100: 61.017: Total time for which application threads were stopped: 0.0000550 seconds, Stopping threads took: 0.0000294 seconds
2020-06-30T21:16:53.374+0100: 61.017: Total time for which application threads were stopped: 0.0000687 seconds, Stopping threads took: 0.0000435 seconds
2020-06-30T21:16:53.374+0100: 61.018: Total time for which application threads were stopped: 0.0000690 seconds, Stopping threads took: 0.0000441 seconds
2020-06-30T21:16:53.374+0100: 61.018: Total time for which application threads were stopped: 0.0000698 seconds, Stopping threads took: 0.0000457 seconds
2020-06-30T21:16:53.374+0100: 61.018: Total time for which application threads were stopped: 0.0000755 seconds, Stopping threads took: 0.0000426 seconds
2020-06-30T21:16:53.374+0100: 61.018: Total time for which application threads were stopped: 0.0000524 seconds, Stopping threads took: 0.0000282 seconds
2020-06-30T21:16:53.375+0100: 61.018: Total time for which application threads were stopped: 0.0000779 seconds, Stopping threads took: 0.0000421 seconds
2020-06-30T21:16:53.375+0100: 61.018: Total time for which application threads were stopped: 0.0000728 seconds, Stopping threads took: 0.0000408 seconds
2020-06-30T21:16:53.375+0100: 61.018: Total time for which application threads were stopped: 0.0000638 seconds, Stopping threads took: 0.0000396 seconds
2020-06-30T21:16:53.375+0100: 61.018: Total time for which application threads were stopped: 0.0000659 seconds, Stopping threads took: 0.0000420 seconds
2020-06-30T21:16:53.375+0100: 61.018: Total time for which application threads were stopped: 0.0000734 seconds, Stopping threads took: 0.0000493 seconds
2020-06-30T21:16:53.375+0100: 61.019: Total time for which application threads were stopped: 0.0000730 seconds, Stopping threads took: 0.0000494 seconds
2020-06-30T21:16:53.375+0100: 61.019: Total time for which application threads were stopped: 0.0000730 seconds, Stopping threads took: 0.0000496 seconds
2020-06-30T21:16:53.375+0100: 61.019: Total time for which application threads were stopped: 0.0000723 seconds, Stopping threads took: 0.0000491 seconds
2020-06-30T21:16:53.375+0100: 61.019: Total time for which application threads were stopped: 0.0001604 seconds, Stopping threads took: 0.0000483 seconds
2020-06-30T21:16:53.389+0100: 61.032: Total time for which application threads were stopped: 0.0001200 seconds, Stopping threads took: 0.0000629 seconds
2020-06-30T21:16:53.389+0100: 61.033: Total time for which application threads were stopped: 0.0000886 seconds, Stopping threads took: 0.0000471 seconds
2020-06-30T21:16:53.393+0100: 61.037: Total time for which application threads were stopped: 0.0001422 seconds, Stopping threads took: 0.0000860 seconds
2020-06-30T21:16:53.395+0100: 61.038: Total time for which application threads were stopped: 0.0001488 seconds, Stopping threads took: 0.0001026 seconds
2020-06-30T21:16:53.409+0100: 61.053: Total time for which application threads were stopped: 0.0001598 seconds, Stopping threads took: 0.0000688 seconds
2020-06-30T21:16:53.439+0100: 61.083: Total time for which application threads were stopped: 0.0002921 seconds, Stopping threads took: 0.0002227 seconds
2020-06-30T21:16:53.440+0100: 61.084: Total time for which application threads were stopped: 0.0001076 seconds, Stopping threads took: 0.0000551 seconds
2020-06-30T21:16:53.440+0100: 61.084: Total time for which application threads were stopped: 0.0001083 seconds, Stopping threads took: 0.0000494 seconds
2020-06-30T21:16:53.441+0100: 61.084: Total time for which application threads were stopped: 0.0001925 seconds, Stopping threads took: 0.0001404 seconds
{Heap before GC invocations=20 (full 2):
 par new generation   total 109248K, used 109248K [0x00000000e0000000, 0x00000000e8000000, 0x00000000e8000000)
  eden space 87424K, 100% used [0x00000000e0000000, 0x00000000e5560000, 0x00000000e5560000)
  from space 21824K, 100% used [0x00000000e5560000, 0x00000000e6ab0000, 0x00000000e6ab0000)
  to   space 21824K,   0% used [0x00000000e6ab0000, 0x00000000e6ab0000, 0x00000000e8000000)
 concurrent mark-sweep generation total 393216K, used 75186K [0x00000000e8000000, 0x0000000100000000, 0x0000000100000000)
 Metaspace       used 52825K, capacity 54303K, committed 54476K, reserved 1097728K
  class space    used 6477K, capacity 6851K, committed 6860K, reserved 1048576K
2020-06-30T21:16:53.518+0100: 61.161: [GC (Allocation Failure) 2020-06-30T21:16:53.518+0100: 61.162: [ParNew
Desired survivor size 20112992 bytes, new threshold 6 (max 8)
- age   1:    6316984 bytes,    6316984 total
- age   2:    3648224 bytes,    9965208 total
- age   3:    4409072 bytes,   14374280 total
- age   4:    2387520 bytes,   16761800 total
- age   5:    2591432 bytes,   19353232 total
- age   6:    1877952 bytes,   21231184 total
: 109248K->21824K(109248K), 0.0187749 secs] 184434K->103360K(502464K), 0.0188908 secs] [Times: user=0.11 sys=0.00, real=0.02 secs] 
Heap after GC invocations=21 (full 2):
 par new generation   total 109248K, used 21824K [0x00000000e0000000, 0x00000000e8000000, 0x00000000e8000000)
  eden space 87424K,   0% used [0x00000000e0000000, 0x00000000e0000000, 0x00000000e5560000)
  from space 21824K, 100% used [0x00000000e6ab0000, 0x00000000e8000000, 0x00000000e8000000)
  to   space 21824K,   0% used [0x00000000e5560000, 0x00000000e5560000, 0x00000000e6ab0000)
 concurrent mark-sweep generation total 393216K, used 81536K [0x00000000e8000000, 0x0000000100000000, 0x0000000100000000)
 Metaspace       used 52825K, capacity 54303K, committed 54476K, reserved 1097728K
  class space    used 6477K, capacity 6851K, committed 6860K, reserved 1048576K
}
2020-06-30T21:16:53.537+0100: 61.180: Total time for which application threads were stopped: 0.0196413 seconds, Stopping threads took: 0.0005189 seconds
2020-06-30T21:16:53.537+0100: 61.181: Total time for which application threads were stopped: 0.0001400 seconds, Stopping threads took: 0.0000532 seconds
2020-06-30T21:16:53.537+0100: 61.181: Total time for which application threads were stopped: 0.0000994 seconds, Stopping threads took: 0.0000320 seconds
2020-06-30T21:16:53.624+0100: 61.268: Total time for which application threads were stopped: 0.0026196 seconds, Stopping threads took: 0.0025277 seconds
{Heap before GC invocations=21 (full 2):
 par new generation   total 109248K, used 109248K [0x00000000e0000000, 0x00000000e8000000, 0x00000000e8000000)
  eden space 87424K, 100% used [0x00000000e0000000, 0x00000000e5560000, 0x00000000e5560000)
  from space 21824K, 100% used [0x00000000e6ab0000, 0x00000000e8000000, 0x00000000e8000000)
  to   space 21824K,   0% used [0x00000000e5560000, 0x00000000e5560000, 0x00000000e6ab0000)
 concurrent mark-sweep generation total 393216K, used 81536K [0x00000000e8000000, 0x0000000100000000, 0x0000000100000000)
 Metaspace       used 52842K, capacity 54367K, committed 54732K, reserved 1097728K
  class space    used 6477K, capacity 6851K, committed 6860K, reserved 1048576K
2020-06-30T21:16:53.733+0100: 61.377: [GC (Allocation Failure) 2020-06-30T21:16:53.733+0100: 61.377: [ParNew
Desired survivor size 20112992 bytes, new threshold 6 (max 8)
- age   1:    4159488 bytes,    4159488 total
- age   2:    5248320 bytes,    9407808 total
- age   3:    3645512 bytes,   13053320 total
- age   4:    4408888 bytes,   17462208 total
- age   5:    2387456 bytes,   19849664 total
- age   6:    2490152 bytes,   22339816 total
: 109248K->21824K(109248K), 0.0153416 secs] 190784K->107756K(502464K), 0.0154498 secs] [Times: user=0.06 sys=0.00, real=0.01 secs] 
Heap after GC invocations=22 (full 2):
 par new generation   total 109248K, used 21824K [0x00000000e0000000, 0x00000000e8000000, 0x00000000e8000000)
  eden space 87424K,   0% used [0x00000000e0000000, 0x00000000e0000000, 0x00000000e5560000)
  from space 21824K, 100% used [0x00000000e5560000, 0x00000000e6ab0000, 0x00000000e6ab0000)
  to   space 21824K,   0% used [0x00000000e6ab0000, 0x00000000e6ab0000, 0x00000000e8000000)
 concurrent mark-sweep generation total 393216K, used 85932K [0x00000000e8000000, 0x0000000100000000, 0x0000000100000000)
 Metaspace       used 52842K, capacity 54367K, committed 54732K, reserved 1097728K
  class space    used 6477K, capacity 6851K, committed 6860K, reserved 1048576K
}
2020-06-30T21:16:53.749+0100: 61.392: Total time for which application threads were stopped: 0.0157782 seconds, Stopping threads took: 0.0000890 seconds
2020-06-30T21:16:53.758+0100: 61.402: Total time for which application threads were stopped: 0.0002476 seconds, Stopping threads took: 0.0001181 seconds
2020-06-30T21:16:53.759+0100: 61.402: Total time for which application threads were stopped: 0.0001395 seconds, Stopping threads took: 0.0000550 seconds
2020-06-30T21:16:53.759+0100: 61.402: Total time for which application threads were stopped: 0.0000825 seconds, Stopping threads took: 0.0000434 seconds
2020-06-30T21:16:53.759+0100: 61.403: Total time for which application threads were stopped: 0.0000728 seconds, Stopping threads took: 0.0000397 seconds
2020-06-30T21:16:53.767+0100: 61.411: Total time for which application threads were stopped: 0.0001486 seconds, Stopping threads took: 0.0000822 seconds
2020-06-30T21:16:53.767+0100: 61.411: Total time for which application threads were stopped: 0.0001004 seconds, Stopping threads took: 0.0000552 seconds
2020-06-30T21:16:53.902+0100: 61.545: Total time for which application threads were stopped: 0.0001255 seconds, Stopping threads took: 0.0000517 seconds
2020-06-30T21:16:53.902+0100: 61.545: Total time for which application threads were stopped: 0.0000648 seconds, Stopping threads took: 0.0000361 seconds
2020-06-30T21:16:53.902+0100: 61.545: Total time for which application threads were stopped: 0.0000586 seconds, Stopping threads took: 0.0000345 seconds
{Heap before GC invocations=22 (full 2):
 par new generation   total 109248K, used 109248K [0x00000000e0000000, 0x00000000e8000000, 0x00000000e8000000)
  eden space 87424K, 100% used [0x00000000e0000000, 0x00000000e5560000, 0x00000000e5560000)
  from space 21824K, 100% used [0x00000000e5560000, 0x00000000e6ab0000, 0x00000000e6ab0000)
  to   space 21824K,   0% used [0x00000000e6ab0000, 0x00000000e6ab0000, 0x00000000e8000000)
 concurrent mark-sweep generation total 393216K, used 85932K [0x00000000e8000000, 0x0000000100000000, 0x0000000100000000)
 Metaspace       used 52874K, capacity 54367K, committed 54732K, reserved 1097728K
  class space    used 6477K, capacity 6851K, committed 6860K, reserved 1048576K
2020-06-30T21:16:53.912+0100: 61.555: [GC (Allocation Failure) 2020-06-30T21:16:53.912+0100: 61.555: [ParNew
Desired survivor size 20112992 bytes, new threshold 6 (max 8)
- age   1:    4256080 bytes,    4256080 total
- age   2:    2732008 bytes,    6988088 total
- age   3:    4591512 bytes,   11579600 total
- age   4:    3383448 bytes,   14963048 total
- age   5:    4408888 bytes,   19371936 total
- age   6:    2382280 bytes,   21754216 total
: 109248K->21824K(109248K), 0.0211802 secs] 195180K->115557K(502464K), 0.0212679 secs] [Times: user=0.06 sys=0.00, real=0.02 secs] 
Heap after GC invocations=23 (full 2):
 par new generation   total 109248K, used 21824K [0x00000000e0000000, 0x00000000e8000000, 0x00000000e8000000)
  eden space 87424K,   0% used [0x00000000e0000000, 0x00000000e0000000, 0x00000000e5560000)
  from space 21824K, 100% used [0x00000000e6ab0000, 0x00000000e8000000, 0x00000000e8000000)
  to   space 21824K,   0% used [0x00000000e5560000, 0x00000000e5560000, 0x00000000e6ab0000)
 concurrent mark-sweep generation total 393216K, used 93733K [0x00000000e8000000, 0x0000000100000000, 0x0000000100000000)
 Metaspace       used 52874K, capacity 54367K, committed 54732K, reserved 1097728K
  class space    used 6477K, capacity 6851K, committed 6860K, reserved 1048576K
}
2020-06-30T21:16:53.933+0100: 61.577: Total time for which application threads were stopped: 0.0215106 seconds, Stopping threads took: 0.0000688 seconds
2020-06-30T21:16:53.933+0100: 61.577: Total time for which application threads were stopped: 0.0001455 seconds, Stopping threads took: 0.0000633 seconds
2020-06-30T21:16:54.000+0100: 61.644: Total time for which application threads were stopped: 0.0001168 seconds, Stopping threads took: 0.0000557 seconds
2020-06-30T21:16:54.046+0100: 61.689: Total time for which application threads were stopped: 0.0001035 seconds, Stopping threads took: 0.0000554 seconds
2020-06-30T21:16:54.046+0100: 61.689: Total time for which application threads were stopped: 0.0000574 seconds, Stopping threads took: 0.0000286 seconds
2020-06-30T21:16:54.046+0100: 61.689: Total time for which application threads were stopped: 0.0000499 seconds, Stopping threads took: 0.0000260 seconds
2020-06-30T21:16:54.077+0100: 61.721: Total time for which application threads were stopped: 0.0001253 seconds, Stopping threads took: 0.0000647 seconds
{Heap before GC invocations=23 (full 2):
 par new generation   total 109248K, used 109248K [0x00000000e0000000, 0x00000000e8000000, 0x00000000e8000000)
  eden space 87424K, 100% used [0x00000000e0000000, 0x00000000e5560000, 0x00000000e5560000)
  from space 21824K, 100% used [0x00000000e6ab0000, 0x00000000e8000000, 0x00000000e8000000)
  to   space 21824K,   0% used [0x00000000e5560000, 0x00000000e5560000, 0x00000000e6ab0000)
 concurrent mark-sweep generation total 393216K, used 93733K [0x00000000e8000000, 0x0000000100000000, 0x0000000100000000)
 Metaspace       used 52911K, capacity 54391K, committed 54732K, reserved 1097728K
  class space    used 6479K, capacity 6855K, committed 6860K, reserved 1048576K
2020-06-30T21:16:54.077+0100: 61.721: [GC (Allocation Failure) 2020-06-30T21:16:54.077+0100: 61.721: [ParNew
Desired survivor size 20112992 bytes, new threshold 6 (max 8)
- age   1:    4397848 bytes,    4397848 total
- age   2:    3226112 bytes,    7623960 total
- age   3:    2475872 bytes,   10099832 total
- age   4:    4548912 bytes,   14648744 total
- age   5:    3271496 bytes,   17920240 total
- age   6:    4408544 bytes,   22328784 total
: 109248K->21824K(109248K), 0.0206093 secs] 202981K->124344K(502464K), 0.0206957 secs] [Times: user=0.06 sys=0.00, real=0.02 secs] 
Heap after GC invocations=24 (full 2):
 par new generation   total 109248K, used 21824K [0x00000000e0000000, 0x00000000e8000000, 0x00000000e8000000)
  eden space 87424K,   0% used [0x00000000e0000000, 0x00000000e0000000, 0x00000000e5560000)
  from space 21824K, 100% used [0x00000000e5560000, 0x00000000e6ab0000, 0x00000000e6ab0000)
  to   space 21824K,   0% used [0x00000000e6ab0000, 0x00000000e6ab0000, 0x00000000e8000000)
 concurrent mark-sweep generation total 393216K, used 102520K [0x00000000e8000000, 0x0000000100000000, 0x0000000100000000)
 Metaspace       used 52911K, capacity 54391K, committed 54732K, reserved 1097728K
  class space    used 6479K, capacity 6855K, committed 6860K, reserved 1048576K
}
2020-06-30T21:16:54.098+0100: 61.742: Total time for which application threads were stopped: 0.0209109 seconds, Stopping threads took: 0.0000397 seconds
2020-06-30T21:16:54.099+0100: 61.742: Total time for which application threads were stopped: 0.0003350 seconds, Stopping threads took: 0.0000615 seconds
2020-06-30T21:16:54.099+0100: 61.743: Total time for which application threads were stopped: 0.0001454 seconds, Stopping threads took: 0.0000928 seconds
2020-06-30T21:16:54.104+0100: 61.747: Total time for which application threads were stopped: 0.0002411 seconds, Stopping threads took: 0.0001843 seconds
2020-06-30T21:16:54.800+0100: 62.443: Total time for which application threads were stopped: 0.0004397 seconds, Stopping threads took: 0.0003306 seconds
2020-06-30T21:16:54.800+0100: 62.444: Total time for which application threads were stopped: 0.0003119 seconds, Stopping threads took: 0.0002560 seconds
2020-06-30T21:16:54.804+0100: 62.448: Total time for which application threads were stopped: 0.0036968 seconds, Stopping threads took: 0.0036241 seconds
2020-06-30T21:16:54.814+0100: 62.458: Total time for which application threads were stopped: 0.0014763 seconds, Stopping threads took: 0.0014051 seconds
2020-06-30T21:16:54.826+0100: 62.469: Total time for which application threads were stopped: 0.0001087 seconds, Stopping threads took: 0.0000537 seconds
2020-06-30T21:16:54.826+0100: 62.469: Total time for which application threads were stopped: 0.0000974 seconds, Stopping threads took: 0.0000445 seconds
2020-06-30T21:16:54.835+0100: 62.478: Total time for which application threads were stopped: 0.0001362 seconds, Stopping threads took: 0.0000677 seconds
2020-06-30T21:16:55.240+0100: 62.883: Total time for which application threads were stopped: 0.0003244 seconds, Stopping threads took: 0.0002640 seconds
2020-06-30T21:16:55.245+0100: 62.888: Total time for which application threads were stopped: 0.0001717 seconds, Stopping threads took: 0.0000802 seconds
2020-06-30T21:16:55.246+0100: 62.889: Total time for which application threads were stopped: 0.0001653 seconds, Stopping threads took: 0.0000749 seconds
2020-06-30T21:16:55.261+0100: 62.905: Total time for which application threads were stopped: 0.0001116 seconds, Stopping threads took: 0.0000616 seconds
2020-06-30T21:16:55.263+0100: 62.906: Total time for which application threads were stopped: 0.0000911 seconds, Stopping threads took: 0.0000488 seconds
2020-06-30T21:16:55.282+0100: 62.926: Total time for which application threads were stopped: 0.0001698 seconds, Stopping threads took: 0.0000863 seconds
2020-06-30T21:16:55.283+0100: 62.926: Total time for which application threads were stopped: 0.0000978 seconds, Stopping threads took: 0.0000496 seconds
2020-06-30T21:16:55.283+0100: 62.926: Total time for which application threads were stopped: 0.0000808 seconds, Stopping threads took: 0.0000497 seconds
2020-06-30T21:16:55.302+0100: 62.945: Total time for which application threads were stopped: 0.0001405 seconds, Stopping threads took: 0.0000750 seconds
2020-06-30T21:16:55.302+0100: 62.945: Total time for which application threads were stopped: 0.0001152 seconds, Stopping threads took: 0.0000520 seconds
2020-06-30T21:16:55.302+0100: 62.946: Total time for which application threads were stopped: 0.0000856 seconds, Stopping threads took: 0.0000530 seconds
2020-06-30T21:16:55.302+0100: 62.946: Total time for which application threads were stopped: 0.0001263 seconds, Stopping threads took: 0.0000553 seconds
2020-06-30T21:16:55.302+0100: 62.946: Total time for which application threads were stopped: 0.0000824 seconds, Stopping threads took: 0.0000426 seconds
2020-06-30T21:16:55.303+0100: 62.946: Total time for which application threads were stopped: 0.0003173 seconds, Stopping threads took: 0.0002522 seconds
2020-06-30T21:16:55.303+0100: 62.947: Total time for which application threads were stopped: 0.0001168 seconds, Stopping threads took: 0.0000576 seconds
2020-06-30T21:16:55.303+0100: 62.947: Total time for which application threads were stopped: 0.0002642 seconds, Stopping threads took: 0.0001939 seconds
2020-06-30T21:16:55.304+0100: 62.947: Total time for which application threads were stopped: 0.0001198 seconds, Stopping threads took: 0.0000803 seconds
2020-06-30T21:16:55.304+0100: 62.947: Total time for which application threads were stopped: 0.0000889 seconds, Stopping threads took: 0.0000468 seconds
2020-06-30T21:16:55.304+0100: 62.947: Total time for which application threads were stopped: 0.0000954 seconds, Stopping threads took: 0.0000434 seconds
2020-06-30T21:16:55.304+0100: 62.948: Total time for which application threads were stopped: 0.0000943 seconds, Stopping threads took: 0.0000589 seconds
2020-06-30T21:16:55.304+0100: 62.948: Total time for which application threads were stopped: 0.0001155 seconds, Stopping threads took: 0.0000634 seconds
2020-06-30T21:16:55.304+0100: 62.948: Total time for which application threads were stopped: 0.0000890 seconds, Stopping threads took: 0.0000394 seconds
2020-06-30T21:16:55.305+0100: 62.948: Total time for which application threads were stopped: 0.0001002 seconds, Stopping threads took: 0.0000589 seconds
2020-06-30T21:16:55.305+0100: 62.948: Total time for which application threads were stopped: 0.0000877 seconds, Stopping threads took: 0.0000553 seconds
2020-06-30T21:16:55.305+0100: 62.948: Total time for which application threads were stopped: 0.0000857 seconds, Stopping threads took: 0.0000541 seconds
2020-06-30T21:16:55.305+0100: 62.948: Total time for which application threads were stopped: 0.0000486 seconds, Stopping threads took: 0.0000137 seconds
2020-06-30T21:16:55.305+0100: 62.949: Total time for which application threads were stopped: 0.0000775 seconds, Stopping threads took: 0.0000414 seconds
2020-06-30T21:16:55.305+0100: 62.949: Total time for which application threads were stopped: 0.0001844 seconds, Stopping threads took: 0.0000561 seconds
2020-06-30T21:16:55.363+0100: 63.006: Total time for which application threads were stopped: 0.0001499 seconds, Stopping threads took: 0.0000803 seconds
2020-06-30T21:16:55.366+0100: 63.010: Total time for which application threads were stopped: 0.0003402 seconds, Stopping threads took: 0.0000708 seconds
{Heap before GC invocations=24 (full 2):
 par new generation   total 109248K, used 109248K [0x00000000e0000000, 0x00000000e8000000, 0x00000000e8000000)
  eden space 87424K, 100% used [0x00000000e0000000, 0x00000000e5560000, 0x00000000e5560000)
  from space 21824K, 100% used [0x00000000e5560000, 0x00000000e6ab0000, 0x00000000e6ab0000)
  to   space 21824K,   0% used [0x00000000e6ab0000, 0x00000000e6ab0000, 0x00000000e8000000)
 concurrent mark-sweep generation total 393216K, used 102520K [0x00000000e8000000, 0x0000000100000000, 0x0000000100000000)
 Metaspace       used 52977K, capacity 54519K, committed 54732K, reserved 1097728K
  class space    used 6479K, capacity 6855K, committed 6860K, reserved 1048576K
2020-06-30T21:16:55.414+0100: 63.057: [GC (Allocation Failure) 2020-06-30T21:16:55.414+0100: 63.057: [ParNew
Desired survivor size 20112992 bytes, new threshold 6 (max 8)
- age   1:    5044240 bytes,    5044240 total
- age   2:    3891464 bytes,    8935704 total
- age   3:    1794480 bytes,   10730184 total
- age   4:    2202712 bytes,   12932896 total
- age   5:    4123912 bytes,   17056808 total
- age   6:    3057656 bytes,   20114464 total
: 109248K->21824K(109248K), 0.0207609 secs] 211768K->136097K(502464K), 0.0209083 secs] [Times: user=0.05 sys=0.00, real=0.02 secs] 
Heap after GC invocations=25 (full 2):
 par new generation   total 109248K, used 21824K [0x00000000e0000000, 0x00000000e8000000, 0x00000000e8000000)
  eden space 87424K,   0% used [0x00000000e0000000, 0x00000000e0000000, 0x00000000e5560000)
  from space 21824K, 100% used [0x00000000e6ab0000, 0x00000000e8000000, 0x00000000e8000000)
  to   space 21824K,   0% used [0x00000000e5560000, 0x00000000e5560000, 0x00000000e6ab0000)
 concurrent mark-sweep generation total 393216K, used 114273K [0x00000000e8000000, 0x0000000100000000, 0x0000000100000000)
 Metaspace       used 52977K, capacity 54519K, committed 54732K, reserved 1097728K
  class space    used 6479K, capacity 6855K, committed 6860K, reserved 1048576K
}
2020-06-30T21:16:55.435+0100: 63.078: Total time for which application threads were stopped: 0.0212440 seconds, Stopping threads took: 0.0000676 seconds
2020-06-30T21:16:55.435+0100: 63.078: Total time for which application threads were stopped: 0.0001757 seconds, Stopping threads took: 0.0000885 seconds
2020-06-30T21:16:55.435+0100: 63.079: Total time for which application threads were stopped: 0.0001260 seconds, Stopping threads took: 0.0000760 seconds
{Heap before GC invocations=25 (full 2):
 par new generation   total 109248K, used 109248K [0x00000000e0000000, 0x00000000e8000000, 0x00000000e8000000)
  eden space 87424K, 100% used [0x00000000e0000000, 0x00000000e5560000, 0x00000000e5560000)
  from space 21824K, 100% used [0x00000000e6ab0000, 0x00000000e8000000, 0x00000000e8000000)
  to   space 21824K,   0% used [0x00000000e5560000, 0x00000000e5560000, 0x00000000e6ab0000)
 concurrent mark-sweep generation total 393216K, used 114273K [0x00000000e8000000, 0x0000000100000000, 0x0000000100000000)
 Metaspace       used 52987K, capacity 54519K, committed 54732K, reserved 1097728K
  class space    used 6479K, capacity 6855K, committed 6860K, reserved 1048576K
2020-06-30T21:16:55.537+0100: 63.181: [GC (Allocation Failure) 2020-06-30T21:16:55.537+0100: 63.181: [ParNew
Desired survivor size 20112992 bytes, new threshold 6 (max 8)
- age   1:    6832504 bytes,    6832504 total
- age   2:    3081136 bytes,    9913640 total
- age   3:    3891192 bytes,   13804832 total
- age   4:    1792088 bytes,   15596920 total
- age   5:    2202352 bytes,   17799272 total
- age   6:    3998304 bytes,   21797576 total
: 109248K->21824K(109248K), 0.0167206 secs] 223521K->142191K(502464K), 0.0168021 secs] [Times: user=0.06 sys=0.00, real=0.02 secs] 
Heap after GC invocations=26 (full 2):
 par new generation   total 109248K, used 21824K [0x00000000e0000000, 0x00000000e8000000, 0x00000000e8000000)
  eden space 87424K,   0% used [0x00000000e0000000, 0x00000000e0000000, 0x00000000e5560000)
  from space 21824K, 100% used [0x00000000e5560000, 0x00000000e6ab0000, 0x00000000e6ab0000)
  to   space 21824K,   0% used [0x00000000e6ab0000, 0x00000000e6ab0000, 0x00000000e8000000)
 concurrent mark-sweep generation total 393216K, used 120367K [0x00000000e8000000, 0x0000000100000000, 0x0000000100000000)
 Metaspace       used 52987K, capacity 54519K, committed 54732K, reserved 1097728K
  class space    used 6479K, capacity 6855K, committed 6860K, reserved 1048576K
}
2020-06-30T21:16:55.554+0100: 63.198: Total time for which application threads were stopped: 0.0170695 seconds, Stopping threads took: 0.0000668 seconds
2020-06-30T21:16:55.554+0100: 63.198: Total time for which application threads were stopped: 0.0001309 seconds, Stopping threads took: 0.0000698 seconds
2020-06-30T21:16:55.554+0100: 63.198: Total time for which application threads were stopped: 0.0001143 seconds, Stopping threads took: 0.0000503 seconds
2020-06-30T21:16:55.555+0100: 63.198: Total time for which application threads were stopped: 0.0001009 seconds, Stopping threads took: 0.0000515 seconds
2020-06-30T21:16:55.555+0100: 63.198: Total time for which application threads were stopped: 0.0000716 seconds, Stopping threads took: 0.0000385 seconds
2020-06-30T21:16:55.555+0100: 63.199: Total time for which application threads were stopped: 0.0000764 seconds, Stopping threads took: 0.0000421 seconds
2020-06-30T21:16:55.555+0100: 63.199: Total time for which application threads were stopped: 0.0000672 seconds, Stopping threads took: 0.0000392 seconds
2020-06-30T21:16:55.556+0100: 63.199: Total time for which application threads were stopped: 0.0000896 seconds, Stopping threads took: 0.0000595 seconds
2020-06-30T21:16:55.556+0100: 63.199: Total time for which application threads were stopped: 0.0000808 seconds, Stopping threads took: 0.0000492 seconds
2020-06-30T21:16:55.639+0100: 63.282: Total time for which application threads were stopped: 0.0000917 seconds, Stopping threads took: 0.0000468 seconds
2020-06-30T21:16:55.639+0100: 63.282: Total time for which application threads were stopped: 0.0000652 seconds, Stopping threads took: 0.0000360 seconds
2020-06-30T21:16:55.639+0100: 63.283: Total time for which application threads were stopped: 0.0000588 seconds, Stopping threads took: 0.0000342 seconds
2020-06-30T21:16:55.669+0100: 63.312: Total time for which application threads were stopped: 0.0001563 seconds, Stopping threads took: 0.0000697 seconds
2020-06-30T21:16:55.669+0100: 63.312: Total time for which application threads were stopped: 0.0000818 seconds, Stopping threads took: 0.0000446 seconds
2020-06-30T21:16:55.669+0100: 63.313: Total time for which application threads were stopped: 0.0000779 seconds, Stopping threads took: 0.0000527 seconds
{Heap before GC invocations=26 (full 2):
 par new generation   total 109248K, used 109248K [0x00000000e0000000, 0x00000000e8000000, 0x00000000e8000000)
  eden space 87424K, 100% used [0x00000000e0000000, 0x00000000e5560000, 0x00000000e5560000)
  from space 21824K, 100% used [0x00000000e5560000, 0x00000000e6ab0000, 0x00000000e6ab0000)
  to   space 21824K,   0% used [0x00000000e6ab0000, 0x00000000e6ab0000, 0x00000000e8000000)
 concurrent mark-sweep generation total 393216K, used 120367K [0x00000000e8000000, 0x0000000100000000, 0x0000000100000000)
 Metaspace       used 53018K, capacity 54519K, committed 54732K, reserved 1097728K
  class space    used 6479K, capacity 6855K, committed 6860K, reserved 1048576K
2020-06-30T21:16:55.711+0100: 63.355: [GC (Allocation Failure) 2020-06-30T21:16:55.711+0100: 63.355: [ParNew
Desired survivor size 20112992 bytes, new threshold 6 (max 8)
- age   1:    4989496 bytes,    4989496 total
- age   2:    4178600 bytes,    9168096 total
- age   3:    3069536 bytes,   12237632 total
- age   4:    3891192 bytes,   16128824 total
- age   5:    1791944 bytes,   17920768 total
- age   6:    2202352 bytes,   20123120 total
: 109248K->21824K(109248K), 0.0150484 secs] 229615K->149504K(502464K), 0.0151633 secs] [Times: user=0.05 sys=0.01, real=0.02 secs] 
Heap after GC invocations=27 (full 2):
 par new generation   total 109248K, used 21824K [0x00000000e0000000, 0x00000000e8000000, 0x00000000e8000000)
  eden space 87424K,   0% used [0x00000000e0000000, 0x00000000e0000000, 0x00000000e5560000)
  from space 21824K, 100% used [0x00000000e6ab0000, 0x00000000e8000000, 0x00000000e8000000)
  to   space 21824K,   0% used [0x00000000e5560000, 0x00000000e5560000, 0x00000000e6ab0000)
 concurrent mark-sweep generation total 393216K, used 127680K [0x00000000e8000000, 0x0000000100000000, 0x0000000100000000)
 Metaspace       used 53018K, capacity 54519K, committed 54732K, reserved 1097728K
  class space    used 6479K, capacity 6855K, committed 6860K, reserved 1048576K
}
2020-06-30T21:16:55.727+0100: 63.370: Total time for which application threads were stopped: 0.0154858 seconds, Stopping threads took: 0.0000947 seconds
2020-06-30T21:16:55.727+0100: 63.370: Total time for which application threads were stopped: 0.0001324 seconds, Stopping threads took: 0.0000462 seconds
2020-06-30T21:16:55.727+0100: 63.371: Total time for which application threads were stopped: 0.0002010 seconds, Stopping threads took: 0.0001062 seconds
2020-06-30T21:16:55.842+0100: 63.486: Total time for which application threads were stopped: 0.0001274 seconds, Stopping threads took: 0.0000670 seconds
2020-06-30T21:16:55.842+0100: 63.486: Total time for which application threads were stopped: 0.0000793 seconds, Stopping threads took: 0.0000485 seconds
2020-06-30T21:16:55.842+0100: 63.486: Total time for which application threads were stopped: 0.0000810 seconds, Stopping threads took: 0.0000532 seconds
2020-06-30T21:16:56.469+0100: 64.112: Total time for which application threads were stopped: 0.0001638 seconds, Stopping threads took: 0.0000780 seconds
2020-06-30T21:16:56.469+0100: 64.113: Total time for which application threads were stopped: 0.0001273 seconds, Stopping threads took: 0.0000726 seconds
2020-06-30T21:16:56.470+0100: 64.113: Total time for which application threads were stopped: 0.0001504 seconds, Stopping threads took: 0.0000980 seconds
2020-06-30T21:16:56.474+0100: 64.117: Total time for which application threads were stopped: 0.0001077 seconds, Stopping threads took: 0.0000462 seconds
2020-06-30T21:16:56.474+0100: 64.117: Total time for which application threads were stopped: 0.0000965 seconds, Stopping threads took: 0.0000607 seconds
2020-06-30T21:16:56.474+0100: 64.118: Total time for which application threads were stopped: 0.0000626 seconds, Stopping threads took: 0.0000356 seconds
2020-06-30T21:16:56.474+0100: 64.118: Total time for which application threads were stopped: 0.0000772 seconds, Stopping threads took: 0.0000455 seconds
2020-06-30T21:16:56.951+0100: 64.595: Total time for which application threads were stopped: 0.0005562 seconds, Stopping threads took: 0.0005053 seconds
2020-06-30T21:16:56.956+0100: 64.600: Total time for which application threads were stopped: 0.0003500 seconds, Stopping threads took: 0.0002444 seconds
2020-06-30T21:16:56.957+0100: 64.601: Total time for which application threads were stopped: 0.0001508 seconds, Stopping threads took: 0.0000750 seconds
2020-06-30T21:16:57.013+0100: 64.657: Total time for which application threads were stopped: 0.0001162 seconds, Stopping threads took: 0.0000685 seconds
2020-06-30T21:16:57.014+0100: 64.657: Total time for which application threads were stopped: 0.0000763 seconds, Stopping threads took: 0.0000411 seconds
2020-06-30T21:16:57.014+0100: 64.657: Total time for which application threads were stopped: 0.0000798 seconds, Stopping threads took: 0.0000441 seconds
{Heap before GC invocations=27 (full 2):
 par new generation   total 109248K, used 109248K [0x00000000e0000000, 0x00000000e8000000, 0x00000000e8000000)
  eden space 87424K, 100% used [0x00000000e0000000, 0x00000000e5560000, 0x00000000e5560000)
  from space 21824K, 100% used [0x00000000e6ab0000, 0x00000000e8000000, 0x00000000e8000000)
  to   space 21824K,   0% used [0x00000000e5560000, 0x00000000e5560000, 0x00000000e6ab0000)
 concurrent mark-sweep generation total 393216K, used 127680K [0x00000000e8000000, 0x0000000100000000, 0x0000000100000000)
 Metaspace       used 53089K, capacity 54585K, committed 54732K, reserved 1097728K
  class space    used 6480K, capacity 6856K, committed 6860K, reserved 1048576K
2020-06-30T21:16:57.058+0100: 64.701: [GC (Allocation Failure) 2020-06-30T21:16:57.058+0100: 64.701: [ParNew
Desired survivor size 20112992 bytes, new threshold 8 (max 8)
- age   1:    4285280 bytes,    4285280 total
- age   2:    3478032 bytes,    7763312 total
- age   3:    3988632 bytes,   11751944 total
- age   4:    2630648 bytes,   14382592 total
- age   5:    3891192 bytes,   18273784 total
- age   6:    1791944 bytes,   20065728 total
: 109248K->21824K(109248K), 0.0132163 secs] 236928K->152660K(502464K), 0.0133103 secs] [Times: user=0.03 sys=0.00, real=0.01 secs] 
Heap after GC invocations=28 (full 2):
 par new generation   total 109248K, used 21824K [0x00000000e0000000, 0x00000000e8000000, 0x00000000e8000000)
  eden space 87424K,   0% used [0x00000000e0000000, 0x00000000e0000000, 0x00000000e5560000)
  from space 21824K, 100% used [0x00000000e5560000, 0x00000000e6ab0000, 0x00000000e6ab0000)
  to   space 21824K,   0% used [0x00000000e6ab0000, 0x00000000e6ab0000, 0x00000000e8000000)
 concurrent mark-sweep generation total 393216K, used 130836K [0x00000000e8000000, 0x0000000100000000, 0x0000000100000000)
 Metaspace       used 53089K, capacity 54585K, committed 54732K, reserved 1097728K
  class space    used 6480K, capacity 6856K, committed 6860K, reserved 1048576K
}
2020-06-30T21:16:57.071+0100: 64.715: Total time for which application threads were stopped: 0.0146036 seconds, Stopping threads took: 0.0009989 seconds
2020-06-30T21:16:57.072+0100: 64.716: Total time for which application threads were stopped: 0.0002464 seconds, Stopping threads took: 0.0001641 seconds
2020-06-30T21:16:57.074+0100: 64.717: Total time for which application threads were stopped: 0.0002538 seconds, Stopping threads took: 0.0001784 seconds
2020-06-30T21:16:57.139+0100: 64.782: Total time for which application threads were stopped: 0.0001222 seconds, Stopping threads took: 0.0000527 seconds
{Heap before GC invocations=28 (full 2):
 par new generation   total 109248K, used 109248K [0x00000000e0000000, 0x00000000e8000000, 0x00000000e8000000)
  eden space 87424K, 100% used [0x00000000e0000000, 0x00000000e5560000, 0x00000000e5560000)
  from space 21824K, 100% used [0x00000000e5560000, 0x00000000e6ab0000, 0x00000000e6ab0000)
  to   space 21824K,   0% used [0x00000000e6ab0000, 0x00000000e6ab0000, 0x00000000e8000000)
 concurrent mark-sweep generation total 393216K, used 130836K [0x00000000e8000000, 0x0000000100000000, 0x0000000100000000)
 Metaspace       used 53137K, capacity 54589K, committed 54732K, reserved 1097728K
  class space    used 6480K, capacity 6856K, committed 6860K, reserved 1048576K
2020-06-30T21:16:57.213+0100: 64.856: [GC (Allocation Failure) 2020-06-30T21:16:57.213+0100: 64.857: [ParNew
Desired survivor size 20112992 bytes, new threshold 6 (max 8)
- age   1:    5039944 bytes,    5039944 total
- age   2:    3226992 bytes,    8266936 total
- age   3:    1905976 bytes,   10172912 total
- age   4:    3988232 bytes,   14161144 total
- age   5:    2486064 bytes,   16647208 total
- age   6:    3891192 bytes,   20538400 total
- age   7:    1791864 bytes,   22330264 total
: 109248K->21824K(109248K), 0.0138543 secs] 240084K->154662K(502464K), 0.0139315 secs] [Times: user=0.06 sys=0.00, real=0.01 secs] 
Heap after GC invocations=29 (full 2):
 par new generation   total 109248K, used 21824K [0x00000000e0000000, 0x00000000e8000000, 0x00000000e8000000)
  eden space 87424K,   0% used [0x00000000e0000000, 0x00000000e0000000, 0x00000000e5560000)
  from space 21824K, 100% used [0x00000000e6ab0000, 0x00000000e8000000, 0x00000000e8000000)
  to   space 21824K,   0% used [0x00000000e5560000, 0x00000000e5560000, 0x00000000e6ab0000)
 concurrent mark-sweep generation total 393216K, used 132838K [0x00000000e8000000, 0x0000000100000000, 0x0000000100000000)
 Metaspace       used 53137K, capacity 54589K, committed 54732K, reserved 1097728K
  class space    used 6480K, capacity 6856K, committed 6860K, reserved 1048576K
}
2020-06-30T21:16:57.227+0100: 64.870: Total time for which application threads were stopped: 0.0141702 seconds, Stopping threads took: 0.0000647 seconds
2020-06-30T21:16:57.227+0100: 64.871: Total time for which application threads were stopped: 0.0001545 seconds, Stopping threads took: 0.0000841 seconds
2020-06-30T21:16:57.227+0100: 64.871: Total time for which application threads were stopped: 0.0001064 seconds, Stopping threads took: 0.0000630 seconds
2020-06-30T21:16:57.228+0100: 64.871: Total time for which application threads were stopped: 0.0001108 seconds, Stopping threads took: 0.0000514 seconds
2020-06-30T21:16:57.228+0100: 64.871: Total time for which application threads were stopped: 0.0001047 seconds, Stopping threads took: 0.0000577 seconds
2020-06-30T21:16:57.228+0100: 64.872: Total time for which application threads were stopped: 0.0000955 seconds, Stopping threads took: 0.0000575 seconds
2020-06-30T21:16:57.228+0100: 64.872: Total time for which application threads were stopped: 0.0001015 seconds, Stopping threads took: 0.0000555 seconds
2020-06-30T21:16:57.229+0100: 64.872: Total time for which application threads were stopped: 0.0001180 seconds, Stopping threads took: 0.0000622 seconds
2020-06-30T21:16:57.229+0100: 64.872: Total time for which application threads were stopped: 0.0001124 seconds, Stopping threads took: 0.0000657 seconds
{Heap before GC invocations=29 (full 2):
 par new generation   total 109248K, used 109248K [0x00000000e0000000, 0x00000000e8000000, 0x00000000e8000000)
  eden space 87424K, 100% used [0x00000000e0000000, 0x00000000e5560000, 0x00000000e5560000)
  from space 21824K, 100% used [0x00000000e6ab0000, 0x00000000e8000000, 0x00000000e8000000)
  to   space 21824K,   0% used [0x00000000e5560000, 0x00000000e5560000, 0x00000000e6ab0000)
 concurrent mark-sweep generation total 393216K, used 132838K [0x00000000e8000000, 0x0000000100000000, 0x0000000100000000)
 Metaspace       used 53146K, capacity 54589K, committed 54732K, reserved 1097728K
  class space    used 6480K, capacity 6856K, committed 6860K, reserved 1048576K
2020-06-30T21:16:57.338+0100: 64.982: [GC (Allocation Failure) 2020-06-30T21:16:57.338+0100: 64.982: [ParNew
Desired survivor size 20112992 bytes, new threshold 6 (max 8)
- age   1:    6899656 bytes,    6899656 total
- age   2:    2952984 bytes,    9852640 total
- age   3:    3226128 bytes,   13078768 total
- age   4:    1905832 bytes,   14984600 total
- age   5:    3987744 bytes,   18972344 total
- age   6:    1904872 bytes,   20877216 total
: 109248K->21824K(109248K), 0.0222862 secs] 242086K->165922K(502464K), 0.0223915 secs] [Times: user=0.03 sys=0.01, real=0.02 secs] 
Heap after GC invocations=30 (full 2):
 par new generation   total 109248K, used 21824K [0x00000000e0000000, 0x00000000e8000000, 0x00000000e8000000)
  eden space 87424K,   0% used [0x00000000e0000000, 0x00000000e0000000, 0x00000000e5560000)
  from space 21824K, 100% used [0x00000000e5560000, 0x00000000e6ab0000, 0x00000000e6ab0000)
  to   space 21824K,   0% used [0x00000000e6ab0000, 0x00000000e6ab0000, 0x00000000e8000000)
 concurrent mark-sweep generation total 393216K, used 144098K [0x00000000e8000000, 0x0000000100000000, 0x0000000100000000)
 Metaspace       used 53146K, capacity 54589K, committed 54732K, reserved 1097728K
  class space    used 6480K, capacity 6856K, committed 6860K, reserved 1048576K
}
2020-06-30T21:16:57.361+0100: 65.004: Total time for which application threads were stopped: 0.0231178 seconds, Stopping threads took: 0.0005058 seconds
2020-06-30T21:16:57.361+0100: 65.005: Total time for which application threads were stopped: 0.0001811 seconds, Stopping threads took: 0.0000478 seconds
2020-06-30T21:16:57.459+0100: 65.103: Total time for which application threads were stopped: 0.0001203 seconds, Stopping threads took: 0.0000657 seconds
2020-06-30T21:16:57.459+0100: 65.103: Total time for which application threads were stopped: 0.0001053 seconds, Stopping threads took: 0.0000543 seconds
2020-06-30T21:16:57.460+0100: 65.103: Total time for which application threads were stopped: 0.0001142 seconds, Stopping threads took: 0.0000810 seconds
2020-06-30T21:16:57.587+0100: 65.231: Total time for which application threads were stopped: 0.0001406 seconds, Stopping threads took: 0.0000637 seconds
2020-06-30T21:16:57.587+0100: 65.231: Total time for which application threads were stopped: 0.0001293 seconds, Stopping threads took: 0.0000593 seconds
2020-06-30T21:16:57.588+0100: 65.231: Total time for which application threads were stopped: 0.0000876 seconds, Stopping threads took: 0.0000471 seconds
{Heap before GC invocations=30 (full 2):
 par new generation   total 109248K, used 109248K [0x00000000e0000000, 0x00000000e8000000, 0x00000000e8000000)
  eden space 87424K, 100% used [0x00000000e0000000, 0x00000000e5560000, 0x00000000e5560000)
  from space 21824K, 100% used [0x00000000e5560000, 0x00000000e6ab0000, 0x00000000e6ab0000)
  to   space 21824K,   0% used [0x00000000e6ab0000, 0x00000000e6ab0000, 0x00000000e8000000)
 concurrent mark-sweep generation total 393216K, used 144098K [0x00000000e8000000, 0x0000000100000000, 0x0000000100000000)
 Metaspace       used 53152K, capacity 54589K, committed 54732K, reserved 1097728K
  class space    used 6480K, capacity 6856K, committed 6860K, reserved 1048576K
2020-06-30T21:16:57.748+0100: 65.391: [GC (Allocation Failure) 2020-06-30T21:16:57.748+0100: 65.391: [ParNew
Desired survivor size 20112992 bytes, new threshold 6 (max 8)
- age   1:    6563240 bytes,    6563240 total
- age   2:    3719112 bytes,   10282352 total
- age   3:    2950856 bytes,   13233208 total
- age   4:    3215320 bytes,   16448528 total
- age   5:    1905832 bytes,   18354360 total
- age   6:    3987744 bytes,   22342104 total
: 109248K->21824K(109248K), 0.0198636 secs] 253346K->175577K(502464K), 0.0199698 secs] [Times: user=0.06 sys=0.00, real=0.02 secs] 
Heap after GC invocations=31 (full 2):
 par new generation   total 109248K, used 21824K [0x00000000e0000000, 0x00000000e8000000, 0x00000000e8000000)
  eden space 87424K,   0% used [0x00000000e0000000, 0x00000000e0000000, 0x00000000e5560000)
  from space 21824K, 100% used [0x00000000e6ab0000, 0x00000000e8000000, 0x00000000e8000000)
  to   space 21824K,   0% used [0x00000000e5560000, 0x00000000e5560000, 0x00000000e6ab0000)
 concurrent mark-sweep generation total 393216K, used 153753K [0x00000000e8000000, 0x0000000100000000, 0x0000000100000000)
 Metaspace       used 53152K, capacity 54589K, committed 54732K, reserved 1097728K
  class space    used 6480K, capacity 6856K, committed 6860K, reserved 1048576K
}
2020-06-30T21:16:57.768+0100: 65.411: Total time for which application threads were stopped: 0.0202941 seconds, Stopping threads took: 0.0000721 seconds
2020-06-30T21:16:57.770+0100: 65.413: Total time for which application threads were stopped: 0.0001826 seconds, Stopping threads took: 0.0000720 seconds
2020-06-30T21:16:57.770+0100: 65.413: Total time for which application threads were stopped: 0.0001667 seconds, Stopping threads took: 0.0000739 seconds
2020-06-30T21:16:57.801+0100: 65.444: Total time for which application threads were stopped: 0.0003060 seconds, Stopping threads took: 0.0000602 seconds
2020-06-30T21:16:57.801+0100: 65.444: Total time for which application threads were stopped: 0.0001077 seconds, Stopping threads took: 0.0000651 seconds
2020-06-30T21:16:58.746+0100: 66.390: Total time for which application threads were stopped: 0.0001521 seconds, Stopping threads took: 0.0000931 seconds
2020-06-30T21:16:58.747+0100: 66.390: Total time for which application threads were stopped: 0.0000920 seconds, Stopping threads took: 0.0000480 seconds
2020-06-30T21:16:58.747+0100: 66.391: Total time for which application threads were stopped: 0.0001152 seconds, Stopping threads took: 0.0000633 seconds
2020-06-30T21:16:58.750+0100: 66.393: Total time for which application threads were stopped: 0.0001569 seconds, Stopping threads took: 0.0000749 seconds
2020-06-30T21:16:58.750+0100: 66.393: Total time for which application threads were stopped: 0.0001024 seconds, Stopping threads took: 0.0000439 seconds
2020-06-30T21:16:58.750+0100: 66.394: Total time for which application threads were stopped: 0.0000731 seconds, Stopping threads took: 0.0000353 seconds
2020-06-30T21:16:58.750+0100: 66.394: Total time for which application threads were stopped: 0.0000982 seconds, Stopping threads took: 0.0000433 seconds
2020-06-30T21:16:58.750+0100: 66.394: Total time for which application threads were stopped: 0.0000865 seconds, Stopping threads took: 0.0000529 seconds
2020-06-30T21:17:01.790+0100: 69.433: Total time for which application threads were stopped: 0.0003580 seconds, Stopping threads took: 0.0002990 seconds
2020-06-30T21:17:01.795+0100: 69.438: Total time for which application threads were stopped: 0.0003371 seconds, Stopping threads took: 0.0002364 seconds
2020-06-30T21:17:01.796+0100: 69.439: Total time for which application threads were stopped: 0.0003464 seconds, Stopping threads took: 0.0002677 seconds
2020-06-30T21:17:01.813+0100: 69.457: Total time for which application threads were stopped: 0.0001156 seconds, Stopping threads took: 0.0000702 seconds
2020-06-30T21:17:01.815+0100: 69.458: Total time for which application threads were stopped: 0.0001325 seconds, Stopping threads took: 0.0000738 seconds
{Heap before GC invocations=31 (full 2):
 par new generation   total 109248K, used 109248K [0x00000000e0000000, 0x00000000e8000000, 0x00000000e8000000)
  eden space 87424K, 100% used [0x00000000e0000000, 0x00000000e5560000, 0x00000000e5560000)
  from space 21824K, 100% used [0x00000000e6ab0000, 0x00000000e8000000, 0x00000000e8000000)
  to   space 21824K,   0% used [0x00000000e5560000, 0x00000000e5560000, 0x00000000e6ab0000)
 concurrent mark-sweep generation total 393216K, used 153753K [0x00000000e8000000, 0x0000000100000000, 0x0000000100000000)
 Metaspace       used 53206K, capacity 54735K, committed 54988K, reserved 1097728K
  class space    used 6481K, capacity 6859K, committed 6860K, reserved 1048576K
2020-06-30T21:17:01.938+0100: 69.581: [GC (Allocation Failure) 2020-06-30T21:17:01.938+0100: 69.581: [ParNew
Desired survivor size 20112992 bytes, new threshold 8 (max 8)
- age   1:    7286520 bytes,    7286520 total
- age   2:    1222752 bytes,    8509272 total
- age   3:    3684224 bytes,   12193496 total
- age   4:    2520048 bytes,   14713544 total
- age   5:    2777736 bytes,   17491280 total
- age   6:    1905752 bytes,   19397032 total
: 109248K->21824K(109248K), 0.0169316 secs] 263001K->182337K(502464K), 0.0170744 secs] [Times: user=0.06 sys=0.00, real=0.02 secs] 
Heap after GC invocations=32 (full 2):
 par new generation   total 109248K, used 21824K [0x00000000e0000000, 0x00000000e8000000, 0x00000000e8000000)
  eden space 87424K,   0% used [0x00000000e0000000, 0x00000000e0000000, 0x00000000e5560000)
  from space 21824K, 100% used [0x00000000e5560000, 0x00000000e6ab0000, 0x00000000e6ab0000)
  to   space 21824K,   0% used [0x00000000e6ab0000, 0x00000000e6ab0000, 0x00000000e8000000)
 concurrent mark-sweep generation total 393216K, used 160513K [0x00000000e8000000, 0x0000000100000000, 0x0000000100000000)
 Metaspace       used 53206K, capacity 54735K, committed 54988K, reserved 1097728K
  class space    used 6481K, capacity 6859K, committed 6860K, reserved 1048576K
}
2020-06-30T21:17:01.955+0100: 69.599: Total time for which application threads were stopped: 0.0178423 seconds, Stopping threads took: 0.0004517 seconds
2020-06-30T21:17:01.965+0100: 69.608: Total time for which application threads were stopped: 0.0016815 seconds, Stopping threads took: 0.0015934 seconds
2020-06-30T21:17:01.965+0100: 69.609: Total time for which application threads were stopped: 0.0005917 seconds, Stopping threads took: 0.0004941 seconds
2020-06-30T21:17:02.009+0100: 69.653: Total time for which application threads were stopped: 0.0093650 seconds, Stopping threads took: 0.0092773 seconds
2020-06-30T21:17:02.014+0100: 69.657: Total time for which application threads were stopped: 0.0001851 seconds, Stopping threads took: 0.0001192 seconds
2020-06-30T21:17:02.035+0100: 69.679: Total time for which application threads were stopped: 0.0039776 seconds, Stopping threads took: 0.0033131 seconds
2020-06-30T21:17:02.063+0100: 69.706: Total time for which application threads were stopped: 0.0010675 seconds, Stopping threads took: 0.0009524 seconds
2020-06-30T21:17:02.139+0100: 69.783: Total time for which application threads were stopped: 0.0006523 seconds, Stopping threads took: 0.0005810 seconds
2020-06-30T21:17:02.213+0100: 69.856: Total time for which application threads were stopped: 0.0019506 seconds, Stopping threads took: 0.0010113 seconds
{Heap before GC invocations=32 (full 2):
 par new generation   total 109248K, used 109248K [0x00000000e0000000, 0x00000000e8000000, 0x00000000e8000000)
  eden space 87424K, 100% used [0x00000000e0000000, 0x00000000e5560000, 0x00000000e5560000)
  from space 21824K, 100% used [0x00000000e5560000, 0x00000000e6ab0000, 0x00000000e6ab0000)
  to   space 21824K,   0% used [0x00000000e6ab0000, 0x00000000e6ab0000, 0x00000000e8000000)
 concurrent mark-sweep generation total 393216K, used 160513K [0x00000000e8000000, 0x0000000100000000, 0x0000000100000000)
 Metaspace       used 53450K, capacity 55113K, committed 55372K, reserved 1097728K
  class space    used 6517K, capacity 6910K, committed 6988K, reserved 1048576K
2020-06-30T21:17:02.259+0100: 69.902: [GC (Allocation Failure) 2020-06-30T21:17:02.259+0100: 69.902: [ParNew
Desired survivor size 20112992 bytes, new threshold 6 (max 8)
- age   1:    6817248 bytes,    6817248 total
- age   2:    3421448 bytes,   10238696 total
- age   3:    1222312 bytes,   11461008 total
- age   4:    3684080 bytes,   15145088 total
- age   5:    2517904 bytes,   17662992 total
- age   6:    2776232 bytes,   20439224 total
- age   7:    1905344 bytes,   22344568 total
: 109248K->21824K(109248K), 0.0156764 secs] 269761K->185738K(502464K), 0.0158114 secs] [Times: user=0.05 sys=0.00, real=0.01 secs] 
Heap after GC invocations=33 (full 2):
 par new generation   total 109248K, used 21824K [0x00000000e0000000, 0x00000000e8000000, 0x00000000e8000000)
  eden space 87424K,   0% used [0x00000000e0000000, 0x00000000e0000000, 0x00000000e5560000)
  from space 21824K, 100% used [0x00000000e6ab0000, 0x00000000e8000000, 0x00000000e8000000)
  to   space 21824K,   0% used [0x00000000e5560000, 0x00000000e5560000, 0x00000000e6ab0000)
 concurrent mark-sweep generation total 393216K, used 163914K [0x00000000e8000000, 0x0000000100000000, 0x0000000100000000)
 Metaspace       used 53450K, capacity 55113K, committed 55372K, reserved 1097728K
  class space    used 6517K, capacity 6910K, committed 6988K, reserved 1048576K
}
2020-06-30T21:17:02.275+0100: 69.918: Total time for which application threads were stopped: 0.0229132 seconds, Stopping threads took: 0.0067583 seconds
2020-06-30T21:17:02.276+0100: 69.920: Total time for which application threads were stopped: 0.0002135 seconds, Stopping threads took: 0.0000838 seconds
2020-06-30T21:17:02.283+0100: 69.926: Total time for which application threads were stopped: 0.0001708 seconds, Stopping threads took: 0.0000801 seconds
2020-06-30T21:17:02.348+0100: 69.991: Total time for which application threads were stopped: 0.0103218 seconds, Stopping threads took: 0.0101948 seconds
2020-06-30T21:17:02.348+0100: 69.992: Total time for which application threads were stopped: 0.0001034 seconds, Stopping threads took: 0.0000386 seconds
{Heap before GC invocations=33 (full 2):
 par new generation   total 109248K, used 109248K [0x00000000e0000000, 0x00000000e8000000, 0x00000000e8000000)
  eden space 87424K, 100% used [0x00000000e0000000, 0x00000000e5560000, 0x00000000e5560000)
  from space 21824K, 100% used [0x00000000e6ab0000, 0x00000000e8000000, 0x00000000e8000000)
  to   space 21824K,   0% used [0x00000000e5560000, 0x00000000e5560000, 0x00000000e6ab0000)
 concurrent mark-sweep generation total 393216K, used 163914K [0x00000000e8000000, 0x0000000100000000, 0x0000000100000000)
 Metaspace       used 53576K, capacity 55189K, committed 55372K, reserved 1097728K
  class space    used 6528K, capacity 6912K, committed 6988K, reserved 1048576K
2020-06-30T21:17:02.613+0100: 70.256: [GC (Allocation Failure) 2020-06-30T21:17:02.613+0100: 70.256: [ParNew
Desired survivor size 20112992 bytes, new threshold 8 (max 8)
- age   1:    3797992 bytes,    3797992 total
- age   2:    3439656 bytes,    7237648 total
- age   3:    3277888 bytes,   10515536 total
- age   4:    1216672 bytes,   11732208 total
- age   5:    3346216 bytes,   15078424 total
- age   6:    2517856 bytes,   17596280 total
: 109248K->21824K(109248K), 0.0166319 secs] 273162K->193610K(502464K), 0.0167135 secs] [Times: user=0.06 sys=0.00, real=0.02 secs] 
Heap after GC invocations=34 (full 2):
 par new generation   total 109248K, used 21824K [0x00000000e0000000, 0x00000000e8000000, 0x00000000e8000000)
  eden space 87424K,   0% used [0x00000000e0000000, 0x00000000e0000000, 0x00000000e5560000)
  from space 21824K, 100% used [0x00000000e5560000, 0x00000000e6ab0000, 0x00000000e6ab0000)
  to   space 21824K,   0% used [0x00000000e6ab0000, 0x00000000e6ab0000, 0x00000000e8000000)
 concurrent mark-sweep generation total 393216K, used 171786K [0x00000000e8000000, 0x0000000100000000, 0x0000000100000000)
 Metaspace       used 53576K, capacity 55189K, committed 55372K, reserved 1097728K
  class space    used 6528K, capacity 6912K, committed 6988K, reserved 1048576K
}
2020-06-30T21:17:02.630+0100: 70.273: Total time for which application threads were stopped: 0.0169853 seconds, Stopping threads took: 0.0000707 seconds
2020-06-30T21:17:02.630+0100: 70.273: Total time for which application threads were stopped: 0.0001369 seconds, Stopping threads took: 0.0000751 seconds
2020-06-30T21:17:02.630+0100: 70.274: Total time for which application threads were stopped: 0.0002417 seconds, Stopping threads took: 0.0000532 seconds
{Heap before GC invocations=34 (full 2):
 par new generation   total 109248K, used 109248K [0x00000000e0000000, 0x00000000e8000000, 0x00000000e8000000)
  eden space 87424K, 100% used [0x00000000e0000000, 0x00000000e5560000, 0x00000000e5560000)
  from space 21824K, 100% used [0x00000000e5560000, 0x00000000e6ab0000, 0x00000000e6ab0000)
  to   space 21824K,   0% used [0x00000000e6ab0000, 0x00000000e6ab0000, 0x00000000e8000000)
 concurrent mark-sweep generation total 393216K, used 171786K [0x00000000e8000000, 0x0000000100000000, 0x0000000100000000)
 Metaspace       used 53586K, capacity 55189K, committed 55372K, reserved 1097728K
  class space    used 6528K, capacity 6912K, committed 6988K, reserved 1048576K
2020-06-30T21:17:03.022+0100: 70.665: [GC (Allocation Failure) 2020-06-30T21:17:03.022+0100: 70.665: [ParNew
Desired survivor size 20112992 bytes, new threshold 7 (max 8)
- age   1:    6097160 bytes,    6097160 total
- age   2:    2463648 bytes,    8560808 total
- age   3:    3422992 bytes,   11983800 total
- age   4:    3277752 bytes,   15261552 total
- age   5:    1216472 bytes,   16478024 total
- age   6:    3346256 bytes,   19824280 total
- age   7:    2517856 bytes,   22342136 total
: 109248K->21824K(109248K), 0.0178199 secs] 281034K->198209K(502464K), 0.0179397 secs] [Times: user=0.06 sys=0.00, real=0.02 secs] 
Heap after GC invocations=35 (full 2):
 par new generation   total 109248K, used 21824K [0x00000000e0000000, 0x00000000e8000000, 0x00000000e8000000)
  eden space 87424K,   0% used [0x00000000e0000000, 0x00000000e0000000, 0x00000000e5560000)
  from space 21824K, 100% used [0x00000000e6ab0000, 0x00000000e8000000, 0x00000000e8000000)
  to   space 21824K,   0% used [0x00000000e5560000, 0x00000000e5560000, 0x00000000e6ab0000)
 concurrent mark-sweep generation total 393216K, used 176385K [0x00000000e8000000, 0x0000000100000000, 0x0000000100000000)
 Metaspace       used 53586K, capacity 55189K, committed 55372K, reserved 1097728K
  class space    used 6528K, capacity 6912K, committed 6988K, reserved 1048576K
}
2020-06-30T21:17:03.040+0100: 70.683: Total time for which application threads were stopped: 0.0182874 seconds, Stopping threads took: 0.0000870 seconds
2020-06-30T21:17:03.903+0100: 71.547: Total time for which application threads were stopped: 0.0001699 seconds, Stopping threads took: 0.0000896 seconds
2020-06-30T21:17:03.904+0100: 71.547: Total time for which application threads were stopped: 0.0000958 seconds, Stopping threads took: 0.0000518 seconds
2020-06-30T21:17:03.904+0100: 71.548: Total time for which application threads were stopped: 0.0001269 seconds, Stopping threads took: 0.0000665 seconds
2020-06-30T21:17:03.906+0100: 71.550: Total time for which application threads were stopped: 0.0000940 seconds, Stopping threads took: 0.0000522 seconds
2020-06-30T21:17:03.907+0100: 71.550: Total time for which application threads were stopped: 0.0000867 seconds, Stopping threads took: 0.0000555 seconds
2020-06-30T21:17:03.907+0100: 71.551: Total time for which application threads were stopped: 0.0001889 seconds, Stopping threads took: 0.0000453 seconds
2020-06-30T21:17:04.907+0100: 72.550: Total time for which application threads were stopped: 0.0000999 seconds, Stopping threads took: 0.0000540 seconds
2020-06-30T21:17:06.172+0100: 73.816: Total time for which application threads were stopped: 0.0001797 seconds, Stopping threads took: 0.0001401 seconds
2020-06-30T21:17:06.177+0100: 73.820: Total time for which application threads were stopped: 0.0001842 seconds, Stopping threads took: 0.0001077 seconds
2020-06-30T21:17:06.178+0100: 73.821: Total time for which application threads were stopped: 0.0001544 seconds, Stopping threads took: 0.0000812 seconds
2020-06-30T21:17:06.212+0100: 73.855: Total time for which application threads were stopped: 0.0001729 seconds, Stopping threads took: 0.0000571 seconds
2020-06-30T21:17:06.310+0100: 73.954: Total time for which application threads were stopped: 0.0001366 seconds, Stopping threads took: 0.0000626 seconds
{Heap before GC invocations=35 (full 2):
 par new generation   total 109248K, used 109248K [0x00000000e0000000, 0x00000000e8000000, 0x00000000e8000000)
  eden space 87424K, 100% used [0x00000000e0000000, 0x00000000e5560000, 0x00000000e5560000)
  from space 21824K, 100% used [0x00000000e6ab0000, 0x00000000e8000000, 0x00000000e8000000)
  to   space 21824K,   0% used [0x00000000e5560000, 0x00000000e5560000, 0x00000000e6ab0000)
 concurrent mark-sweep generation total 393216K, used 176385K [0x00000000e8000000, 0x0000000100000000, 0x0000000100000000)
 Metaspace       used 53616K, capacity 55193K, committed 55372K, reserved 1097728K
  class space    used 6528K, capacity 6912K, committed 6988K, reserved 1048576K
2020-06-30T21:17:06.341+0100: 73.985: [GC (Allocation Failure) 2020-06-30T21:17:06.341+0100: 73.985: [ParNew
Desired survivor size 20112992 bytes, new threshold 7 (max 8)
- age   1:    6181952 bytes,    6181952 total
- age   2:    3942736 bytes,   10124688 total
- age   3:    2003312 bytes,   12128000 total
- age   4:    3004792 bytes,   15132792 total
- age   5:    3083680 bytes,   18216472 total
- age   6:    1215224 bytes,   19431696 total
- age   7:    2896376 bytes,   22328072 total
: 109248K->21824K(109248K), 0.0189270 secs] 285633K->205029K(502464K), 0.0191021 secs] [Times: user=0.03 sys=0.00, real=0.02 secs] 
Heap after GC invocations=36 (full 2):
 par new generation   total 109248K, used 21824K [0x00000000e0000000, 0x00000000e8000000, 0x00000000e8000000)
  eden space 87424K,   0% used [0x00000000e0000000, 0x00000000e0000000, 0x00000000e5560000)
  from space 21824K, 100% used [0x00000000e5560000, 0x00000000e6ab0000, 0x00000000e6ab0000)
  to   space 21824K,   0% used [0x00000000e6ab0000, 0x00000000e6ab0000, 0x00000000e8000000)
 concurrent mark-sweep generation total 393216K, used 183205K [0x00000000e8000000, 0x0000000100000000, 0x0000000100000000)
 Metaspace       used 53616K, capacity 55193K, committed 55372K, reserved 1097728K
  class space    used 6528K, capacity 6912K, committed 6988K, reserved 1048576K
}
2020-06-30T21:17:06.361+0100: 74.004: Total time for which application threads were stopped: 0.0194969 seconds, Stopping threads took: 0.0000602 seconds
{Heap before GC invocations=36 (full 2):
 par new generation   total 109248K, used 109248K [0x00000000e0000000, 0x00000000e8000000, 0x00000000e8000000)
  eden space 87424K, 100% used [0x00000000e0000000, 0x00000000e5560000, 0x00000000e5560000)
  from space 21824K, 100% used [0x00000000e5560000, 0x00000000e6ab0000, 0x00000000e6ab0000)
  to   space 21824K,   0% used [0x00000000e6ab0000, 0x00000000e6ab0000, 0x00000000e8000000)
 concurrent mark-sweep generation total 393216K, used 183205K [0x00000000e8000000, 0x0000000100000000, 0x0000000100000000)
 Metaspace       used 53640K, capacity 55193K, committed 55372K, reserved 1097728K
  class space    used 6528K, capacity 6912K, committed 6988K, reserved 1048576K
2020-06-30T21:17:06.502+0100: 74.146: [GC (Allocation Failure) 2020-06-30T21:17:06.502+0100: 74.146: [ParNew
Desired survivor size 20112992 bytes, new threshold 6 (max 8)
- age   1:    4923680 bytes,    4923680 total
- age   2:    4213952 bytes,    9137632 total
- age   3:    3874928 bytes,   13012560 total
- age   4:    1928216 bytes,   14940776 total
- age   5:    2993600 bytes,   17934376 total
- age   6:    3082032 bytes,   21016408 total
- age   7:    1213416 bytes,   22229824 total
: 109248K->21824K(109248K), 0.0189763 secs] 292453K->212839K(502464K), 0.0190757 secs] [Times: user=0.06 sys=0.00, real=0.02 secs] 
Heap after GC invocations=37 (full 2):
 par new generation   total 109248K, used 21824K [0x00000000e0000000, 0x00000000e8000000, 0x00000000e8000000)
  eden space 87424K,   0% used [0x00000000e0000000, 0x00000000e0000000, 0x00000000e5560000)
  from space 21824K, 100% used [0x00000000e6ab0000, 0x00000000e8000000, 0x00000000e8000000)
  to   space 21824K,   0% used [0x00000000e5560000, 0x00000000e5560000, 0x00000000e6ab0000)
 concurrent mark-sweep generation total 393216K, used 191015K [0x00000000e8000000, 0x0000000100000000, 0x0000000100000000)
 Metaspace       used 53640K, capacity 55193K, committed 55372K, reserved 1097728K
  class space    used 6528K, capacity 6912K, committed 6988K, reserved 1048576K
}
2020-06-30T21:17:06.521+0100: 74.165: Total time for which application threads were stopped: 0.0193832 seconds, Stopping threads took: 0.0000726 seconds
2020-06-30T21:17:06.668+0100: 74.312: Total time for which application threads were stopped: 0.0006856 seconds, Stopping threads took: 0.0004813 seconds
{Heap before GC invocations=37 (full 2):
 par new generation   total 109248K, used 109248K [0x00000000e0000000, 0x00000000e8000000, 0x00000000e8000000)
  eden space 87424K, 100% used [0x00000000e0000000, 0x00000000e5560000, 0x00000000e5560000)
  from space 21824K, 100% used [0x00000000e6ab0000, 0x00000000e8000000, 0x00000000e8000000)
  to   space 21824K,   0% used [0x00000000e5560000, 0x00000000e5560000, 0x00000000e6ab0000)
 concurrent mark-sweep generation total 393216K, used 191015K [0x00000000e8000000, 0x0000000100000000, 0x0000000100000000)
 Metaspace       used 53672K, capacity 55257K, committed 55372K, reserved 1097728K
  class space    used 6528K, capacity 6912K, committed 6988K, reserved 1048576K
2020-06-30T21:17:06.807+0100: 74.451: [GC (Allocation Failure) 2020-06-30T21:17:06.807+0100: 74.451: [ParNew
Desired survivor size 20112992 bytes, new threshold 8 (max 8)
- age   1:    3218592 bytes,    3218592 total
- age   2:    3593640 bytes,    6812232 total
- age   3:    4028344 bytes,   10840576 total
- age   4:    3873736 bytes,   14714312 total
- age   5:    1901600 bytes,   16615912 total
- age   6:    2990088 bytes,   19606000 total
: 109248K->21824K(109248K), 0.0177730 secs] 300263K->218718K(502464K), 0.0178681 secs] [Times: user=0.06 sys=0.00, real=0.02 secs] 
Heap after GC invocations=38 (full 2):
 par new generation   total 109248K, used 21824K [0x00000000e0000000, 0x00000000e8000000, 0x00000000e8000000)
  eden space 87424K,   0% used [0x00000000e0000000, 0x00000000e0000000, 0x00000000e5560000)
  from space 21824K, 100% used [0x00000000e5560000, 0x00000000e6ab0000, 0x00000000e6ab0000)
  to   space 21824K,   0% used [0x00000000e6ab0000, 0x00000000e6ab0000, 0x00000000e8000000)
 concurrent mark-sweep generation total 393216K, used 196894K [0x00000000e8000000, 0x0000000100000000, 0x0000000100000000)
 Metaspace       used 53672K, capacity 55257K, committed 55372K, reserved 1097728K
  class space    used 6528K, capacity 6912K, committed 6988K, reserved 1048576K
}
2020-06-30T21:17:06.825+0100: 74.469: Total time for which application threads were stopped: 0.0181692 seconds, Stopping threads took: 0.0000695 seconds
2020-06-30T21:17:06.826+0100: 74.470: [GC (CMS Initial Mark) [1 CMS-initial-mark: 196894K(393216K)] 218726K(502464K), 0.0036319 secs] [Times: user=0.00 sys=0.00, real=0.00 secs] 
2020-06-30T21:17:06.830+0100: 74.473: Total time for which application threads were stopped: 0.0042887 seconds, Stopping threads took: 0.0005204 seconds
2020-06-30T21:17:06.830+0100: 74.474: [CMS-concurrent-mark-start]
2020-06-30T21:17:06.855+0100: 74.498: [CMS-concurrent-mark: 0.025/0.025 secs] [Times: user=0.11 sys=0.00, real=0.03 secs] 
2020-06-30T21:17:06.855+0100: 74.498: [CMS-concurrent-preclean-start]
2020-06-30T21:17:06.856+0100: 74.500: [CMS-concurrent-preclean: 0.001/0.001 secs] [Times: user=0.00 sys=0.00, real=0.00 secs] 
2020-06-30T21:17:06.857+0100: 74.501: [GC (CMS Final Remark) [YG occupancy: 24633 K (109248 K)]{Heap before GC invocations=38 (full 3):
 par new generation   total 109248K, used 24633K [0x00000000e0000000, 0x00000000e8000000, 0x00000000e8000000)
  eden space 87424K,   3% used [0x00000000e0000000, 0x00000000e02be6d8, 0x00000000e5560000)
  from space 21824K, 100% used [0x00000000e5560000, 0x00000000e6ab0000, 0x00000000e6ab0000)
  to   space 21824K,   0% used [0x00000000e6ab0000, 0x00000000e6ab0000, 0x00000000e8000000)
 concurrent mark-sweep generation total 393216K, used 196894K [0x00000000e8000000, 0x0000000100000000, 0x0000000100000000)
 Metaspace       used 53672K, capacity 55257K, committed 55372K, reserved 1097728K
  class space    used 6528K, capacity 6912K, committed 6988K, reserved 1048576K
2020-06-30T21:17:06.858+0100: 74.501: [GC (CMS Final Remark) 2020-06-30T21:17:06.858+0100: 74.501: [ParNew
Desired survivor size 20112992 bytes, new threshold 8 (max 8)
- age   1:     909120 bytes,     909120 total
- age   2:    2755288 bytes,    3664408 total
- age   3:    3027592 bytes,    6692000 total
- age   4:    4028136 bytes,   10720136 total
- age   5:    3873736 bytes,   14593872 total
- age   6:    1888712 bytes,   16482584 total
- age   7:    2989872 bytes,   19472456 total
: 24633K->21824K(109248K), 0.0116182 secs] 221527K->219962K(502464K), 0.0117658 secs] [Times: user=0.06 sys=0.00, real=0.01 secs] 
Heap after GC invocations=39 (full 3):
 par new generation   total 109248K, used 21824K [0x00000000e0000000, 0x00000000e8000000, 0x00000000e8000000)
  eden space 87424K,   0% used [0x00000000e0000000, 0x00000000e0000000, 0x00000000e5560000)
  from space 21824K, 100% used [0x00000000e6ab0000, 0x00000000e8000000, 0x00000000e8000000)
  to   space 21824K,   0% used [0x00000000e5560000, 0x00000000e5560000, 0x00000000e6ab0000)
 concurrent mark-sweep generation total 393216K, used 198138K [0x00000000e8000000, 0x0000000100000000, 0x0000000100000000)
 Metaspace       used 53672K, capacity 55257K, committed 55372K, reserved 1097728K
  class space    used 6528K, capacity 6912K, committed 6988K, reserved 1048576K
}
2020-06-30T21:17:06.869+0100: 74.513: [Rescan (parallel) , 0.0046098 secs]2020-06-30T21:17:06.874+0100: 74.518: [weak refs processing, 0.0043508 secs]2020-06-30T21:17:06.879+0100: 74.522: [class unloading, 0.0137109 secs]2020-06-30T21:17:06.892+0100: 74.536: [scrub symbol table, 0.0162156 secs]2020-06-30T21:17:06.909+0100: 74.552: [scrub string table, 0.0008652 secs][1 CMS-remark: 198138K(393216K)] 219962K(502464K), 0.0533091 secs] [Times: user=0.09 sys=0.00, real=0.05 secs] 
2020-06-30T21:17:06.911+0100: 74.554: Total time for which application threads were stopped: 0.0536005 seconds, Stopping threads took: 0.0000906 seconds
2020-06-30T21:17:06.911+0100: 74.554: [CMS-concurrent-sweep-start]
2020-06-30T21:17:06.927+0100: 74.571: Total time for which application threads were stopped: 0.0001348 seconds, Stopping threads took: 0.0000677 seconds
2020-06-30T21:17:06.928+0100: 74.572: Total time for which application threads were stopped: 0.0001199 seconds, Stopping threads took: 0.0000623 seconds
2020-06-30T21:17:06.929+0100: 74.572: Total time for which application threads were stopped: 0.0001214 seconds, Stopping threads took: 0.0000600 seconds
2020-06-30T21:17:06.929+0100: 74.573: Total time for which application threads were stopped: 0.0001135 seconds, Stopping threads took: 0.0000564 seconds
2020-06-30T21:17:06.931+0100: 74.574: Total time for which application threads were stopped: 0.0002090 seconds, Stopping threads took: 0.0000773 seconds
2020-06-30T21:17:06.931+0100: 74.575: Total time for which application threads were stopped: 0.0000984 seconds, Stopping threads took: 0.0000478 seconds
2020-06-30T21:17:06.931+0100: 74.575: Total time for which application threads were stopped: 0.0000853 seconds, Stopping threads took: 0.0000439 seconds
2020-06-30T21:17:06.931+0100: 74.575: Total time for which application threads were stopped: 0.0000877 seconds, Stopping threads took: 0.0000462 seconds
2020-06-30T21:17:07.002+0100: 74.646: [CMS-concurrent-sweep: 0.090/0.091 secs] [Times: user=0.31 sys=0.00, real=0.09 secs] 
2020-06-30T21:17:07.002+0100: 74.646: [CMS-concurrent-reset-start]
2020-06-30T21:17:07.003+0100: 74.646: [CMS-concurrent-reset: 0.001/0.001 secs] [Times: user=0.00 sys=0.00, real=0.00 secs] 
2020-06-30T21:17:07.933+0100: 75.577: Total time for which application threads were stopped: 0.0006141 seconds, Stopping threads took: 0.0005233 seconds
2020-06-30T21:17:08.788+0100: 76.432: Total time for which application threads were stopped: 0.0001452 seconds, Stopping threads took: 0.0000862 seconds
2020-06-30T21:17:08.788+0100: 76.432: Total time for which application threads were stopped: 0.0000952 seconds, Stopping threads took: 0.0000531 seconds
2020-06-30T21:17:08.789+0100: 76.432: Total time for which application threads were stopped: 0.0001206 seconds, Stopping threads took: 0.0000656 seconds
2020-06-30T21:17:08.792+0100: 76.436: Total time for which application threads were stopped: 0.0001355 seconds, Stopping threads took: 0.0000749 seconds
2020-06-30T21:17:08.793+0100: 76.437: Total time for which application threads were stopped: 0.0001150 seconds, Stopping threads took: 0.0000515 seconds
2020-06-30T21:17:09.794+0100: 77.437: Total time for which application threads were stopped: 0.0001645 seconds, Stopping threads took: 0.0000788 seconds
2020-06-30T21:17:10.092+0100: 77.736: Total time for which application threads were stopped: 0.0009564 seconds, Stopping threads took: 0.0008935 seconds
2020-06-30T21:17:10.111+0100: 77.754: Total time for which application threads were stopped: 0.0018022 seconds, Stopping threads took: 0.0017241 seconds
2020-06-30T21:17:10.112+0100: 77.755: Total time for which application threads were stopped: 0.0001445 seconds, Stopping threads took: 0.0000568 seconds
2020-06-30T21:17:10.129+0100: 77.773: Total time for which application threads were stopped: 0.0001376 seconds, Stopping threads took: 0.0000666 seconds
2020-06-30T21:17:10.131+0100: 77.774: Total time for which application threads were stopped: 0.0001553 seconds, Stopping threads took: 0.0000715 seconds
{Heap before GC invocations=39 (full 3):
 par new generation   total 109248K, used 109248K [0x00000000e0000000, 0x00000000e8000000, 0x00000000e8000000)
  eden space 87424K, 100% used [0x00000000e0000000, 0x00000000e5560000, 0x00000000e5560000)
  from space 21824K, 100% used [0x00000000e6ab0000, 0x00000000e8000000, 0x00000000e8000000)
  to   space 21824K,   0% used [0x00000000e5560000, 0x00000000e5560000, 0x00000000e6ab0000)
 concurrent mark-sweep generation total 393216K, used 72837K [0x00000000e8000000, 0x0000000100000000, 0x0000000100000000)
 Metaspace       used 53705K, capacity 55269K, committed 55372K, reserved 1097728K
  class space    used 6529K, capacity 6914K, committed 6988K, reserved 1048576K
2020-06-30T21:17:10.135+0100: 77.778: [GC (Allocation Failure) 2020-06-30T21:17:10.135+0100: 77.778: [ParNew
Desired survivor size 20112992 bytes, new threshold 8 (max 8)
- age   1:    3702816 bytes,    3702816 total
- age   2:     882296 bytes,    4585112 total
- age   3:    2413160 bytes,    6998272 total
- age   4:    2837888 bytes,    9836160 total
- age   5:    2319000 bytes,   12155160 total
- age   6:    1992328 bytes,   14147488 total
- age   7:    1888712 bytes,   16036200 total
- age   8:    2989872 bytes,   19026072 total
: 109248K->21824K(109248K), 0.0117179 secs] 182085K->95849K(502464K), 0.0118157 secs] [Times: user=0.00 sys=0.00, real=0.01 secs] 
Heap after GC invocations=40 (full 3):
 par new generation   total 109248K, used 21824K [0x00000000e0000000, 0x00000000e8000000, 0x00000000e8000000)
  eden space 87424K,   0% used [0x00000000e0000000, 0x00000000e0000000, 0x00000000e5560000)
  from space 21824K, 100% used [0x00000000e5560000, 0x00000000e6ab0000, 0x00000000e6ab0000)
  to   space 21824K,   0% used [0x00000000e6ab0000, 0x00000000e6ab0000, 0x00000000e8000000)
 concurrent mark-sweep generation total 393216K, used 74025K [0x00000000e8000000, 0x0000000100000000, 0x0000000100000000)
 Metaspace       used 53705K, capacity 55269K, committed 55372K, reserved 1097728K
  class space    used 6529K, capacity 6914K, committed 6988K, reserved 1048576K
}
2020-06-30T21:17:10.147+0100: 77.790: Total time for which application threads were stopped: 0.0121244 seconds, Stopping threads took: 0.0000899 seconds
2020-06-30T21:17:10.269+0100: 77.913: Total time for which application threads were stopped: 0.0001992 seconds, Stopping threads took: 0.0000926 seconds
{Heap before GC invocations=40 (full 3):
 par new generation   total 109248K, used 109248K [0x00000000e0000000, 0x00000000e8000000, 0x00000000e8000000)
  eden space 87424K, 100% used [0x00000000e0000000, 0x00000000e5560000, 0x00000000e5560000)
  from space 21824K, 100% used [0x00000000e5560000, 0x00000000e6ab0000, 0x00000000e6ab0000)
  to   space 21824K,   0% used [0x00000000e6ab0000, 0x00000000e6ab0000, 0x00000000e8000000)
 concurrent mark-sweep generation total 393216K, used 74025K [0x00000000e8000000, 0x0000000100000000, 0x0000000100000000)
 Metaspace       used 53719K, capacity 55269K, committed 55372K, reserved 1097728K
  class space    used 6529K, capacity 6914K, committed 6988K, reserved 1048576K
2020-06-30T21:17:10.363+0100: 78.007: [GC (Allocation Failure) 2020-06-30T21:17:10.363+0100: 78.007: [ParNew
Desired survivor size 20112992 bytes, new threshold 7 (max 8)
- age   1:    6961328 bytes,    6961328 total
- age   2:    3151192 bytes,   10112520 total
- age   3:     882192 bytes,   10994712 total
- age   4:    2412536 bytes,   13407248 total
- age   5:    2837704 bytes,   16244952 total
- age   6:    2217792 bytes,   18462744 total
- age   7:    1992328 bytes,   20455072 total
- age   8:    1888712 bytes,   22343784 total
: 109248K->21824K(109248K), 0.0169527 secs] 183273K->102682K(502464K), 0.0170859 secs] [Times: user=0.03 sys=0.00, real=0.02 secs] 
Heap after GC invocations=41 (full 3):
 par new generation   total 109248K, used 21824K [0x00000000e0000000, 0x00000000e8000000, 0x00000000e8000000)
  eden space 87424K,   0% used [0x00000000e0000000, 0x00000000e0000000, 0x00000000e5560000)
  from space 21824K, 100% used [0x00000000e6ab0000, 0x00000000e8000000, 0x00000000e8000000)
  to   space 21824K,   0% used [0x00000000e5560000, 0x00000000e5560000, 0x00000000e6ab0000)
 concurrent mark-sweep generation total 393216K, used 80858K [0x00000000e8000000, 0x0000000100000000, 0x0000000100000000)
 Metaspace       used 53719K, capacity 55269K, committed 55372K, reserved 1097728K
  class space    used 6529K, capacity 6914K, committed 6988K, reserved 1048576K
}
2020-06-30T21:17:10.380+0100: 78.024: Total time for which application threads were stopped: 0.0173901 seconds, Stopping threads took: 0.0000736 seconds
2020-06-30T21:17:10.381+0100: 78.024: Total time for which application threads were stopped: 0.0001258 seconds, Stopping threads took: 0.0000649 seconds
2020-06-30T21:17:10.381+0100: 78.024: Total time for which application threads were stopped: 0.0001187 seconds, Stopping threads took: 0.0000673 seconds
2020-06-30T21:17:10.381+0100: 78.025: Total time for which application threads were stopped: 0.0001110 seconds, Stopping threads took: 0.0000709 seconds
2020-06-30T21:17:10.381+0100: 78.025: Total time for which application threads were stopped: 0.0000926 seconds, Stopping threads took: 0.0000639 seconds
{Heap before GC invocations=41 (full 3):
 par new generation   total 109248K, used 109248K [0x00000000e0000000, 0x00000000e8000000, 0x00000000e8000000)
  eden space 87424K, 100% used [0x00000000e0000000, 0x00000000e5560000, 0x00000000e5560000)
  from space 21824K, 100% used [0x00000000e6ab0000, 0x00000000e8000000, 0x00000000e8000000)
  to   space 21824K,   0% used [0x00000000e5560000, 0x00000000e5560000, 0x00000000e6ab0000)
 concurrent mark-sweep generation total 393216K, used 80858K [0x00000000e8000000, 0x0000000100000000, 0x0000000100000000)
 Metaspace       used 53734K, capacity 55333K, committed 55628K, reserved 1097728K
  class space    used 6529K, capacity 6914K, committed 6988K, reserved 1048576K
2020-06-30T21:17:10.535+0100: 78.179: [GC (Allocation Failure) 2020-06-30T21:17:10.535+0100: 78.179: [ParNew
Desired survivor size 20112992 bytes, new threshold 8 (max 8)
- age   1:    6639064 bytes,    6639064 total
- age   2:    2713456 bytes,    9352520 total
- age   3:    3134288 bytes,   12486808 total
- age   4:     882192 bytes,   13369000 total
- age   5:    1616840 bytes,   14985840 total
- age   6:    2834576 bytes,   17820416 total
- age   7:    2217504 bytes,   20037920 total
: 109248K->21824K(109248K), 0.0196477 secs] 190106K->112197K(502464K), 0.0197242 secs] [Times: user=0.13 sys=0.00, real=0.02 secs] 
Heap after GC invocations=42 (full 3):
 par new generation   total 109248K, used 21824K [0x00000000e0000000, 0x00000000e8000000, 0x00000000e8000000)
  eden space 87424K,   0% used [0x00000000e0000000, 0x00000000e0000000, 0x00000000e5560000)
  from space 21824K, 100% used [0x00000000e5560000, 0x00000000e6ab0000, 0x00000000e6ab0000)
  to   space 21824K,   0% used [0x00000000e6ab0000, 0x00000000e6ab0000, 0x00000000e8000000)
 concurrent mark-sweep generation total 393216K, used 90373K [0x00000000e8000000, 0x0000000100000000, 0x0000000100000000)
 Metaspace       used 53734K, capacity 55333K, committed 55628K, reserved 1097728K
  class space    used 6529K, capacity 6914K, committed 6988K, reserved 1048576K
}
2020-06-30T21:17:10.556+0100: 78.199: Total time for which application threads were stopped: 0.0203642 seconds, Stopping threads took: 0.0000739 seconds
2020-06-30T21:17:10.611+0100: 78.255: Total time for which application threads were stopped: 0.0001858 seconds, Stopping threads took: 0.0001227 seconds
2020-06-30T21:17:10.611+0100: 78.255: Total time for which application threads were stopped: 0.0000867 seconds, Stopping threads took: 0.0000363 seconds
{Heap before GC invocations=42 (full 3):
 par new generation   total 109248K, used 109248K [0x00000000e0000000, 0x00000000e8000000, 0x00000000e8000000)
  eden space 87424K, 100% used [0x00000000e0000000, 0x00000000e5560000, 0x00000000e5560000)
  from space 21824K, 100% used [0x00000000e5560000, 0x00000000e6ab0000, 0x00000000e6ab0000)
  to   space 21824K,   0% used [0x00000000e6ab0000, 0x00000000e6ab0000, 0x00000000e8000000)
 concurrent mark-sweep generation total 393216K, used 90373K [0x00000000e8000000, 0x0000000100000000, 0x0000000100000000)
 Metaspace       used 54045K, capacity 55859K, committed 56012K, reserved 1097728K
  class space    used 6572K, capacity 6991K, committed 7116K, reserved 1048576K
2020-06-30T21:17:10.804+0100: 78.447: [GC (Allocation Failure) 2020-06-30T21:17:10.804+0100: 78.447: [ParNew
Desired survivor size 20112992 bytes, new threshold 8 (max 8)
- age   1:    4202920 bytes,    4202920 total
- age   2:    5046408 bytes,    9249328 total
- age   3:    2523040 bytes,   11772368 total
- age   4:    3117152 bytes,   14889520 total
- age   5:     882192 bytes,   15771712 total
- age   6:    1566336 bytes,   17338048 total
- age   7:    2733872 bytes,   20071920 total
- age   8:    2213176 bytes,   22285096 total
: 109248K->21824K(109248K), 0.0179005 secs] 199621K->123423K(502464K), 0.0180394 secs] [Times: user=0.05 sys=0.02, real=0.02 secs] 
Heap after GC invocations=43 (full 3):
 par new generation   total 109248K, used 21824K [0x00000000e0000000, 0x00000000e8000000, 0x00000000e8000000)
  eden space 87424K,   0% used [0x00000000e0000000, 0x00000000e0000000, 0x00000000e5560000)
  from space 21824K, 100% used [0x00000000e6ab0000, 0x00000000e8000000, 0x00000000e8000000)
  to   space 21824K,   0% used [0x00000000e5560000, 0x00000000e5560000, 0x00000000e6ab0000)
 concurrent mark-sweep generation total 393216K, used 101599K [0x00000000e8000000, 0x0000000100000000, 0x0000000100000000)
 Metaspace       used 54045K, capacity 55859K, committed 56012K, reserved 1097728K
  class space    used 6572K, capacity 6991K, committed 7116K, reserved 1048576K
}
2020-06-30T21:17:10.822+0100: 78.465: Total time for which application threads were stopped: 0.0183305 seconds, Stopping threads took: 0.0000601 seconds
2020-06-30T21:17:11.525+0100: 79.169: Total time for which application threads were stopped: 0.0001153 seconds, Stopping threads took: 0.0000568 seconds
2020-06-30T21:17:11.526+0100: 79.169: Total time for which application threads were stopped: 0.0001415 seconds, Stopping threads took: 0.0001063 seconds
2020-06-30T21:17:11.526+0100: 79.170: Total time for which application threads were stopped: 0.0001154 seconds, Stopping threads took: 0.0000546 seconds
2020-06-30T21:17:11.529+0100: 79.172: Total time for which application threads were stopped: 0.0001162 seconds, Stopping threads took: 0.0000691 seconds
2020-06-30T21:17:11.529+0100: 79.173: Total time for which application threads were stopped: 0.0000690 seconds, Stopping threads took: 0.0000349 seconds
2020-06-30T21:17:11.529+0100: 79.173: Total time for which application threads were stopped: 0.0000610 seconds, Stopping threads took: 0.0000354 seconds
2020-06-30T21:17:11.529+0100: 79.173: Total time for which application threads were stopped: 0.0000588 seconds, Stopping threads took: 0.0000347 seconds
2020-06-30T21:17:14.172+0100: 81.816: Total time for which application threads were stopped: 0.0002131 seconds, Stopping threads took: 0.0001730 seconds
2020-06-30T21:17:14.177+0100: 81.820: Total time for which application threads were stopped: 0.0001442 seconds, Stopping threads took: 0.0000694 seconds
2020-06-30T21:17:14.178+0100: 81.821: Total time for which application threads were stopped: 0.0001560 seconds, Stopping threads took: 0.0000760 seconds
{Heap before GC invocations=43 (full 3):
 par new generation   total 109248K, used 109248K [0x00000000e0000000, 0x00000000e8000000, 0x00000000e8000000)
  eden space 87424K, 100% used [0x00000000e0000000, 0x00000000e5560000, 0x00000000e5560000)
  from space 21824K, 100% used [0x00000000e6ab0000, 0x00000000e8000000, 0x00000000e8000000)
  to   space 21824K,   0% used [0x00000000e5560000, 0x00000000e5560000, 0x00000000e6ab0000)
 concurrent mark-sweep generation total 393216K, used 101599K [0x00000000e8000000, 0x0000000100000000, 0x0000000100000000)
 Metaspace       used 54075K, capacity 55859K, committed 56012K, reserved 1097728K
  class space    used 6572K, capacity 6991K, committed 7116K, reserved 1048576K
2020-06-30T21:17:14.292+0100: 81.935: [GC (Allocation Failure) 2020-06-30T21:17:14.292+0100: 81.935: [ParNew
Desired survivor size 20112992 bytes, new threshold 7 (max 8)
- age   1:    4696888 bytes,    4696888 total
- age   2:    3168448 bytes,    7865336 total
- age   3:    4850800 bytes,   12716136 total
- age   4:    2064416 bytes,   14780552 total
- age   5:    2991752 bytes,   17772304 total
- age   6:     882192 bytes,   18654496 total
- age   7:    1472960 bytes,   20127456 total
- age   8:    2086144 bytes,   22213600 total
: 109248K->21824K(109248K), 0.0178519 secs] 210847K->133540K(502464K), 0.0179446 secs] [Times: user=0.06 sys=0.00, real=0.02 secs] 
Heap after GC invocations=44 (full 3):
 par new generation   total 109248K, used 21824K [0x00000000e0000000, 0x00000000e8000000, 0x00000000e8000000)
  eden space 87424K,   0% used [0x00000000e0000000, 0x00000000e0000000, 0x00000000e5560000)
  from space 21824K, 100% used [0x00000000e5560000, 0x00000000e6ab0000, 0x00000000e6ab0000)
  to   space 21824K,   0% used [0x00000000e6ab0000, 0x00000000e6ab0000, 0x00000000e8000000)
 concurrent mark-sweep generation total 393216K, used 111716K [0x00000000e8000000, 0x0000000100000000, 0x0000000100000000)
 Metaspace       used 54075K, capacity 55859K, committed 56012K, reserved 1097728K
  class space    used 6572K, capacity 6991K, committed 7116K, reserved 1048576K
}
2020-06-30T21:17:14.310+0100: 81.953: Total time for which application threads were stopped: 0.0182153 seconds, Stopping threads took: 0.0000672 seconds
2020-06-30T21:17:14.323+0100: 81.967: Total time for which application threads were stopped: 0.0001117 seconds, Stopping threads took: 0.0000578 seconds
{Heap before GC invocations=44 (full 3):
 par new generation   total 109248K, used 109248K [0x00000000e0000000, 0x00000000e8000000, 0x00000000e8000000)
  eden space 87424K, 100% used [0x00000000e0000000, 0x00000000e5560000, 0x00000000e5560000)
  from space 21824K, 100% used [0x00000000e5560000, 0x00000000e6ab0000, 0x00000000e6ab0000)
  to   space 21824K,   0% used [0x00000000e6ab0000, 0x00000000e6ab0000, 0x00000000e8000000)
 concurrent mark-sweep generation total 393216K, used 111716K [0x00000000e8000000, 0x0000000100000000, 0x0000000100000000)
 Metaspace       used 54084K, capacity 55859K, committed 56012K, reserved 1097728K
  class space    used 6572K, capacity 6991K, committed 7116K, reserved 1048576K
2020-06-30T21:17:14.414+0100: 82.057: [GC (Allocation Failure) 2020-06-30T21:17:14.414+0100: 82.058: [ParNew
Desired survivor size 20112992 bytes, new threshold 6 (max 8)
- age   1:    4851808 bytes,    4851808 total
- age   2:    3668120 bytes,    8519928 total
- age   3:    3051456 bytes,   11571384 total
- age   4:    4847248 bytes,   16418632 total
- age   5:    2062920 bytes,   18481552 total
- age   6:    2950936 bytes,   21432488 total
- age   7:     882192 bytes,   22314680 total
: 109248K->21824K(109248K), 0.0165085 secs] 220964K->142713K(502464K), 0.0166138 secs] [Times: user=0.06 sys=0.00, real=0.02 secs] 
Heap after GC invocations=45 (full 3):
 par new generation   total 109248K, used 21824K [0x00000000e0000000, 0x00000000e8000000, 0x00000000e8000000)
  eden space 87424K,   0% used [0x00000000e0000000, 0x00000000e0000000, 0x00000000e5560000)
  from space 21824K, 100% used [0x00000000e6ab0000, 0x00000000e8000000, 0x00000000e8000000)
  to   space 21824K,   0% used [0x00000000e5560000, 0x00000000e5560000, 0x00000000e6ab0000)
 concurrent mark-sweep generation total 393216K, used 120889K [0x00000000e8000000, 0x0000000100000000, 0x0000000100000000)
 Metaspace       used 54084K, capacity 55859K, committed 56012K, reserved 1097728K
  class space    used 6572K, capacity 6991K, committed 7116K, reserved 1048576K
}
2020-06-30T21:17:14.431+0100: 82.074: Total time for which application threads were stopped: 0.0169294 seconds, Stopping threads took: 0.0000603 seconds
{Heap before GC invocations=45 (full 3):
 par new generation   total 109248K, used 109248K [0x00000000e0000000, 0x00000000e8000000, 0x00000000e8000000)
  eden space 87424K, 100% used [0x00000000e0000000, 0x00000000e5560000, 0x00000000e5560000)
  from space 21824K, 100% used [0x00000000e6ab0000, 0x00000000e8000000, 0x00000000e8000000)
  to   space 21824K,   0% used [0x00000000e5560000, 0x00000000e5560000, 0x00000000e6ab0000)
 concurrent mark-sweep generation total 393216K, used 120889K [0x00000000e8000000, 0x0000000100000000, 0x0000000100000000)
 Metaspace       used 54091K, capacity 55859K, committed 56012K, reserved 1097728K
  class space    used 6572K, capacity 6991K, committed 7116K, reserved 1048576K
2020-06-30T21:17:14.549+0100: 82.193: [GC (Allocation Failure) 2020-06-30T21:17:14.549+0100: 82.193: [ParNew
Desired survivor size 20112992 bytes, new threshold 8 (max 8)
- age   1:    2517992 bytes,    2517992 total
- age   2:    3212192 bytes,    5730184 total
- age   3:    3657928 bytes,    9388112 total
- age   4:    3051144 bytes,   12439256 total
- age   5:    4713464 bytes,   17152720 total
- age   6:    2062920 bytes,   19215640 total
: 109248K->21824K(109248K), 0.0151826 secs] 230137K->150306K(502464K), 0.0152523 secs] [Times: user=0.06 sys=0.00, real=0.01 secs] 
Heap after GC invocations=46 (full 3):
 par new generation   total 109248K, used 21824K [0x00000000e0000000, 0x00000000e8000000, 0x00000000e8000000)
  eden space 87424K,   0% used [0x00000000e0000000, 0x00000000e0000000, 0x00000000e5560000)
  from space 21824K, 100% used [0x00000000e5560000, 0x00000000e6ab0000, 0x00000000e6ab0000)
  to   space 21824K,   0% used [0x00000000e6ab0000, 0x00000000e6ab0000, 0x00000000e8000000)
 concurrent mark-sweep generation total 393216K, used 128482K [0x00000000e8000000, 0x0000000100000000, 0x0000000100000000)
 Metaspace       used 54091K, capacity 55859K, committed 56012K, reserved 1097728K
  class space    used 6572K, capacity 6991K, committed 7116K, reserved 1048576K
}
2020-06-30T21:17:14.564+0100: 82.208: Total time for which application threads were stopped: 0.0155090 seconds, Stopping threads took: 0.0000803 seconds
{Heap before GC invocations=46 (full 3):
 par new generation   total 109248K, used 109248K [0x00000000e0000000, 0x00000000e8000000, 0x00000000e8000000)
  eden space 87424K, 100% used [0x00000000e0000000, 0x00000000e5560000, 0x00000000e5560000)
  from space 21824K, 100% used [0x00000000e5560000, 0x00000000e6ab0000, 0x00000000e6ab0000)
  to   space 21824K,   0% used [0x00000000e6ab0000, 0x00000000e6ab0000, 0x00000000e8000000)
 concurrent mark-sweep generation total 393216K, used 128482K [0x00000000e8000000, 0x0000000100000000, 0x0000000100000000)
 Metaspace       used 54111K, capacity 55859K, committed 56012K, reserved 1097728K
  class space    used 6572K, capacity 6991K, committed 7116K, reserved 1048576K
2020-06-30T21:17:14.724+0100: 82.368: [GC (Allocation Failure) 2020-06-30T21:17:14.724+0100: 82.368: [ParNew
Desired survivor size 20112992 bytes, new threshold 6 (max 8)
- age   1:    3728888 bytes,    3728888 total
- age   2:    1930112 bytes,    5659000 total
- age   3:    3195448 bytes,    8854448 total
- age   4:    3657792 bytes,   12512240 total
- age   5:    3051144 bytes,   15563384 total
- age   6:    4713464 bytes,   20276848 total
- age   7:    2062920 bytes,   22339768 total
: 109248K->21824K(109248K), 0.0148880 secs] 237730K->155885K(502464K), 0.0149964 secs] [Times: user=0.06 sys=0.00, real=0.02 secs] 
Heap after GC invocations=47 (full 3):
 par new generation   total 109248K, used 21824K [0x00000000e0000000, 0x00000000e8000000, 0x00000000e8000000)
  eden space 87424K,   0% used [0x00000000e0000000, 0x00000000e0000000, 0x00000000e5560000)
  from space 21824K, 100% used [0x00000000e6ab0000, 0x00000000e8000000, 0x00000000e8000000)
  to   space 21824K,   0% used [0x00000000e5560000, 0x00000000e5560000, 0x00000000e6ab0000)
 concurrent mark-sweep generation total 393216K, used 134061K [0x00000000e8000000, 0x0000000100000000, 0x0000000100000000)
 Metaspace       used 54111K, capacity 55859K, committed 56012K, reserved 1097728K
  class space    used 6572K, capacity 6991K, committed 7116K, reserved 1048576K
}
2020-06-30T21:17:14.739+0100: 82.383: Total time for which application threads were stopped: 0.0158409 seconds, Stopping threads took: 0.0005913 seconds
2020-06-30T21:17:15.421+0100: 83.065: Total time for which application threads were stopped: 0.0001582 seconds, Stopping threads took: 0.0000727 seconds
2020-06-30T21:17:15.421+0100: 83.065: Total time for which application threads were stopped: 0.0001364 seconds, Stopping threads took: 0.0000599 seconds
2020-06-30T21:17:15.422+0100: 83.066: Total time for which application threads were stopped: 0.0001211 seconds, Stopping threads took: 0.0000602 seconds
2020-06-30T21:17:15.426+0100: 83.069: Total time for which application threads were stopped: 0.0001305 seconds, Stopping threads took: 0.0000548 seconds
2020-06-30T21:17:15.427+0100: 83.070: Total time for which application threads were stopped: 0.0001457 seconds, Stopping threads took: 0.0000610 seconds
2020-06-30T21:17:15.427+0100: 83.070: Total time for which application threads were stopped: 0.0000998 seconds, Stopping threads took: 0.0000399 seconds
2020-06-30T21:17:15.427+0100: 83.070: Total time for which application threads were stopped: 0.0001039 seconds, Stopping threads took: 0.0000478 seconds
2020-06-30T21:17:15.427+0100: 83.071: Total time for which application threads were stopped: 0.0001237 seconds, Stopping threads took: 0.0000450 seconds
2020-06-30T21:17:29.198+0100: 96.842: Total time for which application threads were stopped: 0.0000653 seconds, Stopping threads took: 0.0000238 seconds
2020-06-30T21:18:03.216+0100: 130.859: Total time for which application threads were stopped: 0.0001249 seconds, Stopping threads took: 0.0000415 seconds
2020-06-30T21:18:26.229+0100: 153.872: Total time for which application threads were stopped: 0.0001825 seconds, Stopping threads took: 0.0000556 seconds
2020-06-30T21:18:36.235+0100: 163.878: Total time for which application threads were stopped: 0.0001279 seconds, Stopping threads took: 0.0000401 seconds
2020-06-30T21:18:57.638+0100: 185.281: Total time for which application threads were stopped: 0.0004571 seconds, Stopping threads took: 0.0000613 seconds
2020-06-30T21:18:57.641+0100: 185.285: Total time for which application threads were stopped: 0.0002531 seconds, Stopping threads took: 0.0001974 seconds
2020-06-30T21:18:57.661+0100: 185.305: Total time for which application threads were stopped: 0.0001322 seconds, Stopping threads took: 0.0000303 seconds
2020-06-30T21:18:57.663+0100: 185.307: Total time for which application threads were stopped: 0.0001051 seconds, Stopping threads took: 0.0000380 seconds
2020-06-30T21:18:57.863+0100: 185.507: Total time for which application threads were stopped: 0.0004384 seconds, Stopping threads took: 0.0003420 seconds
{Heap before GC invocations=47 (full 3):
 par new generation   total 109248K, used 109248K [0x00000000e0000000, 0x00000000e8000000, 0x00000000e8000000)
  eden space 87424K, 100% used [0x00000000e0000000, 0x00000000e5560000, 0x00000000e5560000)
  from space 21824K, 100% used [0x00000000e6ab0000, 0x00000000e8000000, 0x00000000e8000000)
  to   space 21824K,   0% used [0x00000000e5560000, 0x00000000e5560000, 0x00000000e6ab0000)
 concurrent mark-sweep generation total 393216K, used 134061K [0x00000000e8000000, 0x0000000100000000, 0x0000000100000000)
 Metaspace       used 54152K, capacity 55859K, committed 56012K, reserved 1097728K
  class space    used 6572K, capacity 6991K, committed 7116K, reserved 1048576K
2020-06-30T21:18:57.901+0100: 185.545: [GC (Allocation Failure) 2020-06-30T21:18:57.901+0100: 185.545: [ParNew
Desired survivor size 20112992 bytes, new threshold 6 (max 8)
- age   1:    6463144 bytes,    6463144 total
- age   2:    3089304 bytes,    9552448 total
- age   3:    1850288 bytes,   11402736 total
- age   4:    2781264 bytes,   14184000 total
- age   5:    3325040 bytes,   17509040 total
- age   6:    3048008 bytes,   20557048 total
: 109248K->21824K(109248K), 0.0182464 secs] 243309K->164514K(502464K), 0.0183216 secs] [Times: user=0.06 sys=0.00, real=0.02 secs] 
Heap after GC invocations=48 (full 3):
 par new generation   total 109248K, used 21824K [0x00000000e0000000, 0x00000000e8000000, 0x00000000e8000000)
  eden space 87424K,   0% used [0x00000000e0000000, 0x00000000e0000000, 0x00000000e5560000)
  from space 21824K, 100% used [0x00000000e5560000, 0x00000000e6ab0000, 0x00000000e6ab0000)
  to   space 21824K,   0% used [0x00000000e6ab0000, 0x00000000e6ab0000, 0x00000000e8000000)
 concurrent mark-sweep generation total 393216K, used 142690K [0x00000000e8000000, 0x0000000100000000, 0x0000000100000000)
 Metaspace       used 54152K, capacity 55859K, committed 56012K, reserved 1097728K
  class space    used 6572K, capacity 6991K, committed 7116K, reserved 1048576K
}
2020-06-30T21:18:57.920+0100: 185.563: Total time for which application threads were stopped: 0.0309160 seconds, Stopping threads took: 0.0123569 seconds
2020-06-30T21:18:58.028+0100: 185.672: Total time for which application threads were stopped: 0.0001442 seconds, Stopping threads took: 0.0000652 seconds
{Heap before GC invocations=48 (full 3):
 par new generation   total 109248K, used 109248K [0x00000000e0000000, 0x00000000e8000000, 0x00000000e8000000)
  eden space 87424K, 100% used [0x00000000e0000000, 0x00000000e5560000, 0x00000000e5560000)
  from space 21824K, 100% used [0x00000000e5560000, 0x00000000e6ab0000, 0x00000000e6ab0000)
  to   space 21824K,   0% used [0x00000000e6ab0000, 0x00000000e6ab0000, 0x00000000e8000000)
 concurrent mark-sweep generation total 393216K, used 142690K [0x00000000e8000000, 0x0000000100000000, 0x0000000100000000)
 Metaspace       used 54154K, capacity 55859K, committed 56012K, reserved 1097728K
  class space    used 6572K, capacity 6991K, committed 7116K, reserved 1048576K
2020-06-30T21:18:58.073+0100: 185.717: [GC (Allocation Failure) 2020-06-30T21:18:58.073+0100: 185.717: [ParNew
Desired survivor size 20112992 bytes, new threshold 6 (max 8)
- age   1:    5638112 bytes,    5638112 total
- age   2:    4181088 bytes,    9819200 total
- age   3:    2901712 bytes,   12720912 total
- age   4:    1850288 bytes,   14571200 total
- age   5:    2781200 bytes,   17352400 total
- age   6:    3324976 bytes,   20677376 total
: 109248K->21824K(109248K), 0.0139969 secs] 251938K->169461K(502464K), 0.0140771 secs] [Times: user=0.06 sys=0.00, real=0.01 secs] 
Heap after GC invocations=49 (full 3):
 par new generation   total 109248K, used 21824K [0x00000000e0000000, 0x00000000e8000000, 0x00000000e8000000)
  eden space 87424K,   0% used [0x00000000e0000000, 0x00000000e0000000, 0x00000000e5560000)
  from space 21824K, 100% used [0x00000000e6ab0000, 0x00000000e8000000, 0x00000000e8000000)
  to   space 21824K,   0% used [0x00000000e5560000, 0x00000000e5560000, 0x00000000e6ab0000)
 concurrent mark-sweep generation total 393216K, used 147637K [0x00000000e8000000, 0x0000000100000000, 0x0000000100000000)
 Metaspace       used 54154K, capacity 55859K, committed 56012K, reserved 1097728K
  class space    used 6572K, capacity 6991K, committed 7116K, reserved 1048576K
}
2020-06-30T21:18:58.087+0100: 185.731: Total time for which application threads were stopped: 0.0143518 seconds, Stopping threads took: 0.0000806 seconds
{Heap before GC invocations=49 (full 3):
 par new generation   total 109248K, used 109248K [0x00000000e0000000, 0x00000000e8000000, 0x00000000e8000000)
  eden space 87424K, 100% used [0x00000000e0000000, 0x00000000e5560000, 0x00000000e5560000)
  from space 21824K, 100% used [0x00000000e6ab0000, 0x00000000e8000000, 0x00000000e8000000)
  to   space 21824K,   0% used [0x00000000e5560000, 0x00000000e5560000, 0x00000000e6ab0000)
 concurrent mark-sweep generation total 393216K, used 147637K [0x00000000e8000000, 0x0000000100000000, 0x0000000100000000)
 Metaspace       used 54155K, capacity 55859K, committed 56012K, reserved 1097728K
  class space    used 6572K, capacity 6991K, committed 7116K, reserved 1048576K
2020-06-30T21:18:58.300+0100: 185.944: [GC (Allocation Failure) 2020-06-30T21:18:58.300+0100: 185.944: [ParNew
Desired survivor size 20112992 bytes, new threshold 6 (max 8)
- age   1:    5871800 bytes,    5871800 total
- age   2:    3976024 bytes,    9847824 total
- age   3:    3936360 bytes,   13784184 total
- age   4:    2901712 bytes,   16685896 total
- age   5:    1850064 bytes,   18535960 total
- age   6:    2781200 bytes,   21317160 total
: 109248K->21824K(109248K), 0.0166832 secs] 256885K->174008K(502464K), 0.0167990 secs] [Times: user=0.06 sys=0.00, real=0.02 secs] 
Heap after GC invocations=50 (full 3):
 par new generation   total 109248K, used 21824K [0x00000000e0000000, 0x00000000e8000000, 0x00000000e8000000)
  eden space 87424K,   0% used [0x00000000e0000000, 0x00000000e0000000, 0x00000000e5560000)
  from space 21824K, 100% used [0x00000000e5560000, 0x00000000e6ab0000, 0x00000000e6ab0000)
  to   space 21824K,   0% used [0x00000000e6ab0000, 0x00000000e6ab0000, 0x00000000e8000000)
 concurrent mark-sweep generation total 393216K, used 152184K [0x00000000e8000000, 0x0000000100000000, 0x0000000100000000)
 Metaspace       used 54155K, capacity 55859K, committed 56012K, reserved 1097728K
  class space    used 6572K, capacity 6991K, committed 7116K, reserved 1048576K
}
2020-06-30T21:18:58.317+0100: 185.961: Total time for which application threads were stopped: 0.0172849 seconds, Stopping threads took: 0.0001908 seconds
2020-06-30T21:18:59.075+0100: 186.718: Total time for which application threads were stopped: 0.0001471 seconds, Stopping threads took: 0.0000726 seconds
2020-06-30T21:18:59.075+0100: 186.718: Total time for which application threads were stopped: 0.0001019 seconds, Stopping threads took: 0.0000384 seconds
2020-06-30T21:18:59.075+0100: 186.719: Total time for which application threads were stopped: 0.0001108 seconds, Stopping threads took: 0.0000611 seconds
{Heap before GC invocations=50 (full 3):
 par new generation   total 109248K, used 109248K [0x00000000e0000000, 0x00000000e8000000, 0x00000000e8000000)
  eden space 87424K, 100% used [0x00000000e0000000, 0x00000000e5560000, 0x00000000e5560000)
  from space 21824K, 100% used [0x00000000e5560000, 0x00000000e6ab0000, 0x00000000e6ab0000)
  to   space 21824K,   0% used [0x00000000e6ab0000, 0x00000000e6ab0000, 0x00000000e8000000)
 concurrent mark-sweep generation total 393216K, used 152184K [0x00000000e8000000, 0x0000000100000000, 0x0000000100000000)
 Metaspace       used 54201K, capacity 55923K, committed 56268K, reserved 1097728K
  class space    used 6573K, capacity 6991K, committed 7116K, reserved 1048576K
2020-06-30T21:18:59.076+0100: 186.720: [GC (Allocation Failure) 2020-06-30T21:18:59.076+0100: 186.720: [ParNew
Desired survivor size 20112992 bytes, new threshold 6 (max 8)
- age   1:    4223360 bytes,    4223360 total
- age   2:    3773088 bytes,    7996448 total
- age   3:    3784000 bytes,   11780448 total
- age   4:    3651704 bytes,   15432152 total
- age   5:    2901712 bytes,   18333864 total
- age   6:    1850064 bytes,   20183928 total
: 109248K->21824K(109248K), 0.0155944 secs] 261432K->178766K(502464K), 0.0156886 secs] [Times: user=0.06 sys=0.00, real=0.02 secs] 
Heap after GC invocations=51 (full 3):
 par new generation   total 109248K, used 21824K [0x00000000e0000000, 0x00000000e8000000, 0x00000000e8000000)
  eden space 87424K,   0% used [0x00000000e0000000, 0x00000000e0000000, 0x00000000e5560000)
  from space 21824K, 100% used [0x00000000e6ab0000, 0x00000000e8000000, 0x00000000e8000000)
  to   space 21824K,   0% used [0x00000000e5560000, 0x00000000e5560000, 0x00000000e6ab0000)
 concurrent mark-sweep generation total 393216K, used 156942K [0x00000000e8000000, 0x0000000100000000, 0x0000000100000000)
 Metaspace       used 54201K, capacity 55923K, committed 56268K, reserved 1097728K
  class space    used 6573K, capacity 6991K, committed 7116K, reserved 1048576K
}
2020-06-30T21:18:59.092+0100: 186.736: Total time for which application threads were stopped: 0.0159784 seconds, Stopping threads took: 0.0000622 seconds
2020-06-30T21:18:59.097+0100: 186.741: Total time for which application threads were stopped: 0.0001123 seconds, Stopping threads took: 0.0000526 seconds
2020-06-30T21:18:59.098+0100: 186.741: Total time for which application threads were stopped: 0.0001078 seconds, Stopping threads took: 0.0000668 seconds
2020-06-30T21:18:59.098+0100: 186.741: Total time for which application threads were stopped: 0.0000837 seconds, Stopping threads took: 0.0000480 seconds
2020-06-30T21:18:59.098+0100: 186.741: Total time for which application threads were stopped: 0.0000771 seconds, Stopping threads took: 0.0000432 seconds
2020-06-30T21:19:00.099+0100: 187.742: Total time for which application threads were stopped: 0.0001004 seconds, Stopping threads took: 0.0000469 seconds
2020-06-30T21:19:03.100+0100: 190.743: Total time for which application threads were stopped: 0.0001269 seconds, Stopping threads took: 0.0000744 seconds
2020-06-30T21:19:04.836+0100: 192.480: Total time for which application threads were stopped: 0.0002306 seconds, Stopping threads took: 0.0001896 seconds
2020-06-30T21:19:04.841+0100: 192.485: Total time for which application threads were stopped: 0.0001726 seconds, Stopping threads took: 0.0000788 seconds
2020-06-30T21:19:04.845+0100: 192.488: Total time for which application threads were stopped: 0.0001333 seconds, Stopping threads took: 0.0000751 seconds
2020-06-30T21:19:04.936+0100: 192.579: Total time for which application threads were stopped: 0.0005584 seconds, Stopping threads took: 0.0004893 seconds
{Heap before GC invocations=51 (full 3):
 par new generation   total 109248K, used 109248K [0x00000000e0000000, 0x00000000e8000000, 0x00000000e8000000)
  eden space 87424K, 100% used [0x00000000e0000000, 0x00000000e5560000, 0x00000000e5560000)
  from space 21824K, 100% used [0x00000000e6ab0000, 0x00000000e8000000, 0x00000000e8000000)
  to   space 21824K,   0% used [0x00000000e5560000, 0x00000000e5560000, 0x00000000e6ab0000)
 concurrent mark-sweep generation total 393216K, used 156942K [0x00000000e8000000, 0x0000000100000000, 0x0000000100000000)
 Metaspace       used 54249K, capacity 56063K, committed 56268K, reserved 1097728K
  class space    used 6574K, capacity 6993K, committed 7116K, reserved 1048576K
2020-06-30T21:19:04.975+0100: 192.618: [GC (Allocation Failure) 2020-06-30T21:19:04.975+0100: 192.618: [ParNew
Desired survivor size 20112992 bytes, new threshold 6 (max 8)
- age   1:    5168480 bytes,    5168480 total
- age   2:    2818568 bytes,    7987048 total
- age   3:    3654296 bytes,   11641344 total
- age   4:    3622024 bytes,   15263368 total
- age   5:    3421504 bytes,   18684872 total
- age   6:    2894592 bytes,   21579464 total
: 109248K->21824K(109248K), 0.0169292 secs] 266190K->187711K(502464K), 0.0170030 secs] [Times: user=0.06 sys=0.00, real=0.02 secs] 
Heap after GC invocations=52 (full 3):
 par new generation   total 109248K, used 21824K [0x00000000e0000000, 0x00000000e8000000, 0x00000000e8000000)
  eden space 87424K,   0% used [0x00000000e0000000, 0x00000000e0000000, 0x00000000e5560000)
  from space 21824K, 100% used [0x00000000e5560000, 0x00000000e6ab0000, 0x00000000e6ab0000)
  to   space 21824K,   0% used [0x00000000e6ab0000, 0x00000000e6ab0000, 0x00000000e8000000)
 concurrent mark-sweep generation total 393216K, used 165887K [0x00000000e8000000, 0x0000000100000000, 0x0000000100000000)
 Metaspace       used 54249K, capacity 56063K, committed 56268K, reserved 1097728K
  class space    used 6574K, capacity 6993K, committed 7116K, reserved 1048576K
}
2020-06-30T21:19:04.992+0100: 192.635: Total time for which application threads were stopped: 0.0172226 seconds, Stopping threads took: 0.0000648 seconds
{Heap before GC invocations=52 (full 3):
 par new generation   total 109248K, used 109248K [0x00000000e0000000, 0x00000000e8000000, 0x00000000e8000000)
  eden space 87424K, 100% used [0x00000000e0000000, 0x00000000e5560000, 0x00000000e5560000)
  from space 21824K, 100% used [0x00000000e5560000, 0x00000000e6ab0000, 0x00000000e6ab0000)
  to   space 21824K,   0% used [0x00000000e6ab0000, 0x00000000e6ab0000, 0x00000000e8000000)
 concurrent mark-sweep generation total 393216K, used 165887K [0x00000000e8000000, 0x0000000100000000, 0x0000000100000000)
 Metaspace       used 54255K, capacity 56063K, committed 56268K, reserved 1097728K
  class space    used 6574K, capacity 6993K, committed 7116K, reserved 1048576K
2020-06-30T21:19:05.094+0100: 192.738: [GC (Allocation Failure) 2020-06-30T21:19:05.094+0100: 192.738: [ParNew
Desired survivor size 20112992 bytes, new threshold 6 (max 8)
- age   1:    5942160 bytes,    5942160 total
- age   2:    2030488 bytes,    7972648 total
- age   3:    2817960 bytes,   10790608 total
- age   4:    3605792 bytes,   14396400 total
- age   5:    3621664 bytes,   18018064 total
- age   6:    3305584 bytes,   21323648 total
: 109248K->21824K(109248K), 0.0173527 secs] 275135K->196349K(502464K), 0.0174214 secs] [Times: user=0.06 sys=0.00, real=0.02 secs] 
Heap after GC invocations=53 (full 3):
 par new generation   total 109248K, used 21824K [0x00000000e0000000, 0x00000000e8000000, 0x00000000e8000000)
  eden space 87424K,   0% used [0x00000000e0000000, 0x00000000e0000000, 0x00000000e5560000)
  from space 21824K, 100% used [0x00000000e6ab0000, 0x00000000e8000000, 0x00000000e8000000)
  to   space 21824K,   0% used [0x00000000e5560000, 0x00000000e5560000, 0x00000000e6ab0000)
 concurrent mark-sweep generation total 393216K, used 174525K [0x00000000e8000000, 0x0000000100000000, 0x0000000100000000)
 Metaspace       used 54255K, capacity 56063K, committed 56268K, reserved 1097728K
  class space    used 6574K, capacity 6993K, committed 7116K, reserved 1048576K
}
2020-06-30T21:19:05.112+0100: 192.755: Total time for which application threads were stopped: 0.0176401 seconds, Stopping threads took: 0.0000728 seconds
2020-06-30T21:19:05.112+0100: 192.756: Total time for which application threads were stopped: 0.0001583 seconds, Stopping threads took: 0.0000752 seconds
2020-06-30T21:19:05.112+0100: 192.756: Total time for which application threads were stopped: 0.0001228 seconds, Stopping threads took: 0.0000695 seconds
2020-06-30T21:19:05.113+0100: 192.756: Total time for which application threads were stopped: 0.0001289 seconds, Stopping threads took: 0.0000589 seconds
2020-06-30T21:19:05.113+0100: 192.756: Total time for which application threads were stopped: 0.0001144 seconds, Stopping threads took: 0.0000614 seconds
2020-06-30T21:19:05.113+0100: 192.757: Total time for which application threads were stopped: 0.0001271 seconds, Stopping threads took: 0.0000537 seconds
2020-06-30T21:19:05.113+0100: 192.757: Total time for which application threads were stopped: 0.0001094 seconds, Stopping threads took: 0.0000498 seconds
{Heap before GC invocations=53 (full 3):
 par new generation   total 109248K, used 109009K [0x00000000e0000000, 0x00000000e8000000, 0x00000000e8000000)
  eden space 87424K,  99% used [0x00000000e0000000, 0x00000000e55244e0, 0x00000000e5560000)
  from space 21824K, 100% used [0x00000000e6ab0000, 0x00000000e8000000, 0x00000000e8000000)
  to   space 21824K,   0% used [0x00000000e5560000, 0x00000000e5560000, 0x00000000e6ab0000)
 concurrent mark-sweep generation total 393216K, used 174525K [0x00000000e8000000, 0x0000000100000000, 0x0000000100000000)
 Metaspace       used 54265K, capacity 56063K, committed 56268K, reserved 1097728K
  class space    used 6574K, capacity 6993K, committed 7116K, reserved 1048576K
2020-06-30T21:19:05.416+0100: 193.059: [GC (Allocation Failure) 2020-06-30T21:19:05.416+0100: 193.059: [ParNew
Desired survivor size 20112992 bytes, new threshold 6 (max 8)
- age   1:    4504400 bytes,    4504400 total
- age   2:    4965840 bytes,    9470240 total
- age   3:    1962672 bytes,   11432912 total
- age   4:    2813872 bytes,   14246784 total
- age   5:    3538392 bytes,   17785176 total
- age   6:    3585800 bytes,   21370976 total
: 109009K->21824K(109248K), 0.0175654 secs] 283534K->209190K(502464K), 0.0176279 secs] [Times: user=0.06 sys=0.00, real=0.02 secs] 
Heap after GC invocations=54 (full 3):
 par new generation   total 109248K, used 21824K [0x00000000e0000000, 0x00000000e8000000, 0x00000000e8000000)
  eden space 87424K,   0% used [0x00000000e0000000, 0x00000000e0000000, 0x00000000e5560000)
  from space 21824K, 100% used [0x00000000e5560000, 0x00000000e6ab0000, 0x00000000e6ab0000)
  to   space 21824K,   0% used [0x00000000e6ab0000, 0x00000000e6ab0000, 0x00000000e8000000)
 concurrent mark-sweep generation total 393216K, used 187366K [0x00000000e8000000, 0x0000000100000000, 0x0000000100000000)
 Metaspace       used 54265K, capacity 56063K, committed 56268K, reserved 1097728K
  class space    used 6574K, capacity 6993K, committed 7116K, reserved 1048576K
}
2020-06-30T21:19:05.434+0100: 193.077: Total time for which application threads were stopped: 0.0178842 seconds, Stopping threads took: 0.0000975 seconds
2020-06-30T21:19:06.434+0100: 194.077: Total time for which application threads were stopped: 0.0001356 seconds, Stopping threads took: 0.0000607 seconds
2020-06-30T21:19:06.518+0100: 194.161: Total time for which application threads were stopped: 0.0001410 seconds, Stopping threads took: 0.0000819 seconds
2020-06-30T21:19:06.518+0100: 194.162: Total time for which application threads were stopped: 0.0000932 seconds, Stopping threads took: 0.0000569 seconds
2020-06-30T21:19:06.519+0100: 194.163: Total time for which application threads were stopped: 0.0001381 seconds, Stopping threads took: 0.0000714 seconds
2020-06-30T21:19:06.524+0100: 194.167: Total time for which application threads were stopped: 0.0001968 seconds, Stopping threads took: 0.0001157 seconds
2020-06-30T21:19:06.524+0100: 194.168: Total time for which application threads were stopped: 0.0001118 seconds, Stopping threads took: 0.0000655 seconds
2020-06-30T21:19:06.524+0100: 194.168: Total time for which application threads were stopped: 0.0000998 seconds, Stopping threads took: 0.0000623 seconds
2020-06-30T21:19:06.525+0100: 194.168: Total time for which application threads were stopped: 0.0001347 seconds, Stopping threads took: 0.0000735 seconds
2020-06-30T21:19:06.525+0100: 194.168: Total time for which application threads were stopped: 0.0001010 seconds, Stopping threads took: 0.0000666 seconds
2020-06-30T21:19:07.526+0100: 195.169: Total time for which application threads were stopped: 0.0000981 seconds, Stopping threads took: 0.0000524 seconds
2020-06-30T21:19:16.273+0100: 203.917: Total time for which application threads were stopped: 0.0010449 seconds, Stopping threads took: 0.0009622 seconds
2020-06-30T21:19:16.290+0100: 203.934: Total time for which application threads were stopped: 0.0002132 seconds, Stopping threads took: 0.0001170 seconds
2020-06-30T21:19:16.292+0100: 203.935: Total time for which application threads were stopped: 0.0003394 seconds, Stopping threads took: 0.0000552 seconds
{Heap before GC invocations=54 (full 3):
 par new generation   total 109248K, used 109248K [0x00000000e0000000, 0x00000000e8000000, 0x00000000e8000000)
  eden space 87424K, 100% used [0x00000000e0000000, 0x00000000e5560000, 0x00000000e5560000)
  from space 21824K, 100% used [0x00000000e5560000, 0x00000000e6ab0000, 0x00000000e6ab0000)
  to   space 21824K,   0% used [0x00000000e6ab0000, 0x00000000e6ab0000, 0x00000000e8000000)
 concurrent mark-sweep generation total 393216K, used 187366K [0x00000000e8000000, 0x0000000100000000, 0x0000000100000000)
 Metaspace       used 54315K, capacity 56127K, committed 56268K, reserved 1097728K
  class space    used 6574K, capacity 6993K, committed 7116K, reserved 1048576K
2020-06-30T21:19:16.375+0100: 204.019: [GC (Allocation Failure) 2020-06-30T21:19:16.375+0100: 204.019: [ParNew
Desired survivor size 20112992 bytes, new threshold 6 (max 8)
- age   1:    7341656 bytes,    7341656 total
- age   2:    2318576 bytes,    9660232 total
- age   3:    4776432 bytes,   14436664 total
- age   4:    1609312 bytes,   16045976 total
- age   5:    2803880 bytes,   18849856 total
- age   6:    3379248 bytes,   22229104 total
: 109248K->21824K(109248K), 0.0170895 secs] 296614K->218024K(502464K), 0.0171631 secs] [Times: user=0.06 sys=0.00, real=0.02 secs] 
Heap after GC invocations=55 (full 3):
 par new generation   total 109248K, used 21824K [0x00000000e0000000, 0x00000000e8000000, 0x00000000e8000000)
  eden space 87424K,   0% used [0x00000000e0000000, 0x00000000e0000000, 0x00000000e5560000)
  from space 21824K, 100% used [0x00000000e6ab0000, 0x00000000e8000000, 0x00000000e8000000)
  to   space 21824K,   0% used [0x00000000e5560000, 0x00000000e5560000, 0x00000000e6ab0000)
 concurrent mark-sweep generation total 393216K, used 196200K [0x00000000e8000000, 0x0000000100000000, 0x0000000100000000)
 Metaspace       used 54315K, capacity 56127K, committed 56268K, reserved 1097728K
  class space    used 6574K, capacity 6993K, committed 7116K, reserved 1048576K
}
2020-06-30T21:19:16.393+0100: 204.036: Total time for which application threads were stopped: 0.0173757 seconds, Stopping threads took: 0.0000638 seconds
2020-06-30T21:19:16.417+0100: 204.060: Total time for which application threads were stopped: 0.0001349 seconds, Stopping threads took: 0.0000493 seconds
{Heap before GC invocations=55 (full 3):
 par new generation   total 109248K, used 109248K [0x00000000e0000000, 0x00000000e8000000, 0x00000000e8000000)
  eden space 87424K, 100% used [0x00000000e0000000, 0x00000000e5560000, 0x00000000e5560000)
  from space 21824K, 100% used [0x00000000e6ab0000, 0x00000000e8000000, 0x00000000e8000000)
  to   space 21824K,   0% used [0x00000000e5560000, 0x00000000e5560000, 0x00000000e6ab0000)
 concurrent mark-sweep generation total 393216K, used 196200K [0x00000000e8000000, 0x0000000100000000, 0x0000000100000000)
 Metaspace       used 54317K, capacity 56127K, committed 56268K, reserved 1097728K
  class space    used 6574K, capacity 6993K, committed 7116K, reserved 1048576K
2020-06-30T21:19:16.486+0100: 204.130: [GC (Allocation Failure) 2020-06-30T21:19:16.486+0100: 204.130: [ParNew
Desired survivor size 20112992 bytes, new threshold 6 (max 8)
- age   1:    4636800 bytes,    4636800 total
- age   2:    5665152 bytes,   10301952 total
- age   3:    2316704 bytes,   12618656 total
- age   4:    4776248 bytes,   17394904 total
- age   5:    1537408 bytes,   18932312 total
- age   6:    2803880 bytes,   21736192 total
: 109248K->21824K(109248K), 0.0193682 secs] 305448K->227686K(502464K), 0.0194340 secs] [Times: user=0.06 sys=0.00, real=0.02 secs] 
Heap after GC invocations=56 (full 3):
 par new generation   total 109248K, used 21824K [0x00000000e0000000, 0x00000000e8000000, 0x00000000e8000000)
  eden space 87424K,   0% used [0x00000000e0000000, 0x00000000e0000000, 0x00000000e5560000)
  from space 21824K, 100% used [0x00000000e5560000, 0x00000000e6ab0000, 0x00000000e6ab0000)
  to   space 21824K,   0% used [0x00000000e6ab0000, 0x00000000e6ab0000, 0x00000000e8000000)
 concurrent mark-sweep generation total 393216K, used 205862K [0x00000000e8000000, 0x0000000100000000, 0x0000000100000000)
 Metaspace       used 54317K, capacity 56127K, committed 56268K, reserved 1097728K
  class space    used 6574K, capacity 6993K, committed 7116K, reserved 1048576K
}
2020-06-30T21:19:16.505+0100: 204.149: Total time for which application threads were stopped: 0.0196403 seconds, Stopping threads took: 0.0000541 seconds
2020-06-30T21:19:16.506+0100: 204.149: [GC (CMS Initial Mark) [1 CMS-initial-mark: 205862K(393216K)] 227686K(502464K), 0.0039496 secs] [Times: user=0.00 sys=0.00, real=0.00 secs] 
2020-06-30T21:19:16.510+0100: 204.153: Total time for which application threads were stopped: 0.0041504 seconds, Stopping threads took: 0.0000958 seconds
2020-06-30T21:19:16.510+0100: 204.153: [CMS-concurrent-mark-start]
2020-06-30T21:19:16.535+0100: 204.179: [CMS-concurrent-mark: 0.025/0.025 secs] [Times: user=0.06 sys=0.00, real=0.03 secs] 
2020-06-30T21:19:16.535+0100: 204.179: [CMS-concurrent-preclean-start]
2020-06-30T21:19:16.536+0100: 204.180: Total time for which application threads were stopped: 0.0001839 seconds, Stopping threads took: 0.0000690 seconds
2020-06-30T21:19:16.537+0100: 204.180: [CMS-concurrent-preclean: 0.001/0.002 secs] [Times: user=0.05 sys=0.00, real=0.00 secs] 
2020-06-30T21:19:16.537+0100: 204.180: Total time for which application threads were stopped: 0.0001675 seconds, Stopping threads took: 0.0000685 seconds
2020-06-30T21:19:16.537+0100: 204.181: [GC (CMS Final Remark) [YG occupancy: 22723 K (109248 K)]{Heap before GC invocations=56 (full 4):
 par new generation   total 109248K, used 22723K [0x00000000e0000000, 0x00000000e8000000, 0x00000000e8000000)
  eden space 87424K,   1% used [0x00000000e0000000, 0x00000000e00e0fe0, 0x00000000e5560000)
  from space 21824K, 100% used [0x00000000e5560000, 0x00000000e6ab0000, 0x00000000e6ab0000)
  to   space 21824K,   0% used [0x00000000e6ab0000, 0x00000000e6ab0000, 0x00000000e8000000)
 concurrent mark-sweep generation total 393216K, used 205862K [0x00000000e8000000, 0x0000000100000000, 0x0000000100000000)
 Metaspace       used 54317K, capacity 56127K, committed 56268K, reserved 1097728K
  class space    used 6574K, capacity 6993K, committed 7116K, reserved 1048576K
2020-06-30T21:19:16.537+0100: 204.181: [GC (CMS Final Remark) 2020-06-30T21:19:16.537+0100: 204.181: [ParNew
Desired survivor size 20112992 bytes, new threshold 8 (max 8)
- age   1:     144112 bytes,     144112 total
- age   2:    4029808 bytes,    4173920 total
- age   3:    5461920 bytes,    9635840 total
- age   4:    2316704 bytes,   11952544 total
- age   5:    4775512 bytes,   16728056 total
- age   6:    1537000 bytes,   18265056 total
: 22723K->21824K(109248K), 0.0118896 secs] 228586K->231083K(502464K), 0.0119435 secs] [Times: user=0.00 sys=0.00, real=0.01 secs] 
Heap after GC invocations=57 (full 4):
 par new generation   total 109248K, used 21824K [0x00000000e0000000, 0x00000000e8000000, 0x00000000e8000000)
  eden space 87424K,   0% used [0x00000000e0000000, 0x00000000e0000000, 0x00000000e5560000)
  from space 21824K, 100% used [0x00000000e6ab0000, 0x00000000e8000000, 0x00000000e8000000)
  to   space 21824K,   0% used [0x00000000e5560000, 0x00000000e5560000, 0x00000000e6ab0000)
 concurrent mark-sweep generation total 393216K, used 209259K [0x00000000e8000000, 0x0000000100000000, 0x0000000100000000)
 Metaspace       used 54317K, capacity 56127K, committed 56268K, reserved 1097728K
  class space    used 6574K, capacity 6993K, committed 7116K, reserved 1048576K
}
2020-06-30T21:19:16.549+0100: 204.193: [Rescan (parallel) , 0.0047645 secs]2020-06-30T21:19:16.554+0100: 204.197: [weak refs processing, 0.0059321 secs]2020-06-30T21:19:16.560+0100: 204.203: [class unloading, 0.0082152 secs]2020-06-30T21:19:16.568+0100: 204.212: [scrub symbol table, 0.0108732 secs]2020-06-30T21:19:16.579+0100: 204.223: [scrub string table, 0.0006027 secs][1 CMS-remark: 209259K(393216K)] 231083K(502464K), 0.0427988 secs] [Times: user=0.08 sys=0.00, real=0.04 secs] 
2020-06-30T21:19:16.580+0100: 204.223: Total time for which application threads were stopped: 0.0429442 seconds, Stopping threads took: 0.0000613 seconds
2020-06-30T21:19:16.580+0100: 204.224: [CMS-concurrent-sweep-start]
2020-06-30T21:19:16.581+0100: 204.224: Total time for which application threads were stopped: 0.0001324 seconds, Stopping threads took: 0.0000907 seconds
2020-06-30T21:19:16.581+0100: 204.225: Total time for which application threads were stopped: 0.0000947 seconds, Stopping threads took: 0.0000603 seconds
2020-06-30T21:19:16.582+0100: 204.225: Total time for which application threads were stopped: 0.0002199 seconds, Stopping threads took: 0.0000544 seconds
2020-06-30T21:19:16.582+0100: 204.225: Total time for which application threads were stopped: 0.0002019 seconds, Stopping threads took: 0.0000657 seconds
2020-06-30T21:19:16.661+0100: 204.305: [CMS-concurrent-sweep: 0.081/0.081 secs] [Times: user=0.23 sys=0.02, real=0.08 secs] 
2020-06-30T21:19:16.661+0100: 204.305: [CMS-concurrent-reset-start]
2020-06-30T21:19:16.662+0100: 204.306: [CMS-concurrent-reset: 0.001/0.001 secs] [Times: user=0.05 sys=0.00, real=0.00 secs] 
{Heap before GC invocations=57 (full 4):
 par new generation   total 109248K, used 109248K [0x00000000e0000000, 0x00000000e8000000, 0x00000000e8000000)
  eden space 87424K, 100% used [0x00000000e0000000, 0x00000000e5560000, 0x00000000e5560000)
  from space 21824K, 100% used [0x00000000e6ab0000, 0x00000000e8000000, 0x00000000e8000000)
  to   space 21824K,   0% used [0x00000000e5560000, 0x00000000e5560000, 0x00000000e6ab0000)
 concurrent mark-sweep generation total 393216K, used 98146K [0x00000000e8000000, 0x0000000100000000, 0x0000000100000000)
 Metaspace       used 54318K, capacity 56127K, committed 56268K, reserved 1097728K
  class space    used 6574K, capacity 6993K, committed 7116K, reserved 1048576K
2020-06-30T21:19:16.703+0100: 204.346: [GC (Allocation Failure) 2020-06-30T21:19:16.703+0100: 204.346: [ParNew
Desired survivor size 20112992 bytes, new threshold 7 (max 8)
- age   1:    4869096 bytes,    4869096 total
- age   2:        392 bytes,    4869488 total
- age   3:    2529600 bytes,    7399088 total
- age   4:    5334800 bytes,   12733888 total
- age   5:    2227184 bytes,   14961072 total
- age   6:    4760240 bytes,   19721312 total
- age   7:    1514816 bytes,   21236128 total
: 109248K->21824K(109248K), 0.0162568 secs] 207394K->125933K(502464K), 0.0163511 secs] [Times: user=0.06 sys=0.00, real=0.02 secs] 
Heap after GC invocations=58 (full 4):
 par new generation   total 109248K, used 21824K [0x00000000e0000000, 0x00000000e8000000, 0x00000000e8000000)
  eden space 87424K,   0% used [0x00000000e0000000, 0x00000000e0000000, 0x00000000e5560000)
  from space 21824K, 100% used [0x00000000e5560000, 0x00000000e6ab0000, 0x00000000e6ab0000)
  to   space 21824K,   0% used [0x00000000e6ab0000, 0x00000000e6ab0000, 0x00000000e8000000)
 concurrent mark-sweep generation total 393216K, used 104109K [0x00000000e8000000, 0x0000000100000000, 0x0000000100000000)
 Metaspace       used 54318K, capacity 56127K, committed 56268K, reserved 1097728K
  class space    used 6574K, capacity 6993K, committed 7116K, reserved 1048576K
}
2020-06-30T21:19:16.719+0100: 204.363: Total time for which application threads were stopped: 0.0166459 seconds, Stopping threads took: 0.0000632 seconds
{Heap before GC invocations=58 (full 4):
 par new generation   total 109248K, used 109248K [0x00000000e0000000, 0x00000000e8000000, 0x00000000e8000000)
  eden space 87424K, 100% used [0x00000000e0000000, 0x00000000e5560000, 0x00000000e5560000)
  from space 21824K, 100% used [0x00000000e5560000, 0x00000000e6ab0000, 0x00000000e6ab0000)
  to   space 21824K,   0% used [0x00000000e6ab0000, 0x00000000e6ab0000, 0x00000000e8000000)
 concurrent mark-sweep generation total 393216K, used 104109K [0x00000000e8000000, 0x0000000100000000, 0x0000000100000000)
 Metaspace       used 54335K, capacity 56191K, committed 56524K, reserved 1099776K
  class space    used 6574K, capacity 6993K, committed 7116K, reserved 1048576K
2020-06-30T21:19:16.934+0100: 204.578: [GC (Allocation Failure) 2020-06-30T21:19:16.934+0100: 204.578: [ParNew
Desired survivor size 20112992 bytes, new threshold 7 (max 8)
- age   1:    4581976 bytes,    4581976 total
- age   2:    2979032 bytes,    7561008 total
- age   3:        288 bytes,    7561296 total
- age   4:    2470736 bytes,   10032032 total
- age   5:    5324128 bytes,   15356160 total
- age   6:    2227184 bytes,   17583344 total
- age   7:    4760240 bytes,   22343584 total
: 109248K->21824K(109248K), 0.0154559 secs] 213357K->130491K(502464K), 0.0155615 secs] [Times: user=0.06 sys=0.00, real=0.02 secs] 
Heap after GC invocations=59 (full 4):
 par new generation   total 109248K, used 21824K [0x00000000e0000000, 0x00000000e8000000, 0x00000000e8000000)
  eden space 87424K,   0% used [0x00000000e0000000, 0x00000000e0000000, 0x00000000e5560000)
  from space 21824K, 100% used [0x00000000e6ab0000, 0x00000000e8000000, 0x00000000e8000000)
  to   space 21824K,   0% used [0x00000000e5560000, 0x00000000e5560000, 0x00000000e6ab0000)
 concurrent mark-sweep generation total 393216K, used 108667K [0x00000000e8000000, 0x0000000100000000, 0x0000000100000000)
 Metaspace       used 54335K, capacity 56191K, committed 56524K, reserved 1099776K
  class space    used 6574K, capacity 6993K, committed 7116K, reserved 1048576K
}
2020-06-30T21:19:16.950+0100: 204.593: Total time for which application threads were stopped: 0.0159483 seconds, Stopping threads took: 0.0001256 seconds
2020-06-30T21:19:17.927+0100: 205.570: Total time for which application threads were stopped: 0.0001546 seconds, Stopping threads took: 0.0000692 seconds
2020-06-30T21:19:17.927+0100: 205.570: Total time for which application threads were stopped: 0.0000878 seconds, Stopping threads took: 0.0000382 seconds
2020-06-30T21:19:17.927+0100: 205.571: Total time for which application threads were stopped: 0.0001091 seconds, Stopping threads took: 0.0000524 seconds
2020-06-30T21:19:17.928+0100: 205.571: Total time for which application threads were stopped: 0.0001065 seconds, Stopping threads took: 0.0000536 seconds
2020-06-30T21:19:17.930+0100: 205.574: Total time for which application threads were stopped: 0.0001398 seconds, Stopping threads took: 0.0000536 seconds
2020-06-30T21:19:17.930+0100: 205.574: Total time for which application threads were stopped: 0.0001005 seconds, Stopping threads took: 0.0000423 seconds
2020-06-30T21:19:17.930+0100: 205.574: Total time for which application threads were stopped: 0.0001037 seconds, Stopping threads took: 0.0000443 seconds
2020-06-30T21:19:17.931+0100: 205.574: Total time for which application threads were stopped: 0.0001321 seconds, Stopping threads took: 0.0000757 seconds
2020-06-30T21:19:17.931+0100: 205.574: Total time for which application threads were stopped: 0.0000896 seconds, Stopping threads took: 0.0000446 seconds
2020-06-30T21:19:18.082+0100: 205.726: Total time for which application threads were stopped: 0.0002968 seconds, Stopping threads took: 0.0002359 seconds
2020-06-30T21:19:18.087+0100: 205.731: Total time for which application threads were stopped: 0.0001852 seconds, Stopping threads took: 0.0000907 seconds
2020-06-30T21:19:18.091+0100: 205.734: Total time for which application threads were stopped: 0.0001343 seconds, Stopping threads took: 0.0000575 seconds
2020-06-30T21:19:18.209+0100: 205.852: Total time for which application threads were stopped: 0.0001916 seconds, Stopping threads took: 0.0001029 seconds
{Heap before GC invocations=59 (full 4):
 par new generation   total 109248K, used 109248K [0x00000000e0000000, 0x00000000e8000000, 0x00000000e8000000)
  eden space 87424K, 100% used [0x00000000e0000000, 0x00000000e5560000, 0x00000000e5560000)
  from space 21824K, 100% used [0x00000000e6ab0000, 0x00000000e8000000, 0x00000000e8000000)
  to   space 21824K,   0% used [0x00000000e5560000, 0x00000000e5560000, 0x00000000e6ab0000)
 concurrent mark-sweep generation total 393216K, used 108667K [0x00000000e8000000, 0x0000000100000000, 0x0000000100000000)
 Metaspace       used 54387K, capacity 56191K, committed 56524K, reserved 1099776K
  class space    used 6574K, capacity 6993K, committed 7116K, reserved 1048576K
2020-06-30T21:19:18.219+0100: 205.862: [GC (Allocation Failure) 2020-06-30T21:19:18.219+0100: 205.862: [ParNew
Desired survivor size 20112992 bytes, new threshold 8 (max 8)
- age   1:    6353024 bytes,    6353024 total
- age   2:    2678040 bytes,    9031064 total
- age   3:    2418072 bytes,   11449136 total
- age   4:        288 bytes,   11449424 total
- age   5:    1875152 bytes,   13324576 total
- age   6:    4588344 bytes,   17912920 total
- age   7:    2075760 bytes,   19988680 total
: 109248K->21824K(109248K), 0.0162627 secs] 217915K->138608K(502464K), 0.0163662 secs] [Times: user=0.06 sys=0.00, real=0.02 secs] 
Heap after GC invocations=60 (full 4):
 par new generation   total 109248K, used 21824K [0x00000000e0000000, 0x00000000e8000000, 0x00000000e8000000)
  eden space 87424K,   0% used [0x00000000e0000000, 0x00000000e0000000, 0x00000000e5560000)
  from space 21824K, 100% used [0x00000000e5560000, 0x00000000e6ab0000, 0x00000000e6ab0000)
  to   space 21824K,   0% used [0x00000000e6ab0000, 0x00000000e6ab0000, 0x00000000e8000000)
 concurrent mark-sweep generation total 393216K, used 116784K [0x00000000e8000000, 0x0000000100000000, 0x0000000100000000)
 Metaspace       used 54387K, capacity 56191K, committed 56524K, reserved 1099776K
  class space    used 6574K, capacity 6993K, committed 7116K, reserved 1048576K
}
2020-06-30T21:19:18.235+0100: 205.879: Total time for which application threads were stopped: 0.0167571 seconds, Stopping threads took: 0.0001553 seconds
{Heap before GC invocations=60 (full 4):
 par new generation   total 109248K, used 109248K [0x00000000e0000000, 0x00000000e8000000, 0x00000000e8000000)
  eden space 87424K, 100% used [0x00000000e0000000, 0x00000000e5560000, 0x00000000e5560000)
  from space 21824K, 100% used [0x00000000e5560000, 0x00000000e6ab0000, 0x00000000e6ab0000)
  to   space 21824K,   0% used [0x00000000e6ab0000, 0x00000000e6ab0000, 0x00000000e8000000)
 concurrent mark-sweep generation total 393216K, used 116784K [0x00000000e8000000, 0x0000000100000000, 0x0000000100000000)
 Metaspace       used 54409K, capacity 56191K, committed 56524K, reserved 1099776K
  class space    used 6574K, capacity 6993K, committed 7116K, reserved 1048576K
2020-06-30T21:19:18.339+0100: 205.982: [GC (Allocation Failure) 2020-06-30T21:19:18.339+0100: 205.982: [ParNew
Desired survivor size 20112992 bytes, new threshold 8 (max 8)
- age   1:    4150680 bytes,    4150680 total
- age   2:    4382296 bytes,    8532976 total
- age   3:    2612048 bytes,   11145024 total
- age   4:    2418072 bytes,   13563096 total
- age   5:        288 bytes,   13563384 total
- age   6:    1744288 bytes,   15307672 total
- age   7:    4588032 bytes,   19895704 total
- age   8:    2075760 bytes,   21971464 total
: 109248K->21824K(109248K), 0.0129416 secs] 226032K->142353K(502464K), 0.0130062 secs] [Times: user=0.06 sys=0.00, real=0.01 secs] 
Heap after GC invocations=61 (full 4):
 par new generation   total 109248K, used 21824K [0x00000000e0000000, 0x00000000e8000000, 0x00000000e8000000)
  eden space 87424K,   0% used [0x00000000e0000000, 0x00000000e0000000, 0x00000000e5560000)
  from space 21824K, 100% used [0x00000000e6ab0000, 0x00000000e8000000, 0x00000000e8000000)
  to   space 21824K,   0% used [0x00000000e5560000, 0x00000000e5560000, 0x00000000e6ab0000)
 concurrent mark-sweep generation total 393216K, used 120529K [0x00000000e8000000, 0x0000000100000000, 0x0000000100000000)
 Metaspace       used 54409K, capacity 56191K, committed 56524K, reserved 1099776K
  class space    used 6574K, capacity 6993K, committed 7116K, reserved 1048576K
}
2020-06-30T21:19:18.352+0100: 205.995: Total time for which application threads were stopped: 0.0132536 seconds, Stopping threads took: 0.0000825 seconds
{Heap before GC invocations=61 (full 4):
 par new generation   total 109248K, used 109248K [0x00000000e0000000, 0x00000000e8000000, 0x00000000e8000000)
  eden space 87424K, 100% used [0x00000000e0000000, 0x00000000e5560000, 0x00000000e5560000)
  from space 21824K, 100% used [0x00000000e6ab0000, 0x00000000e8000000, 0x00000000e8000000)
  to   space 21824K,   0% used [0x00000000e5560000, 0x00000000e5560000, 0x00000000e6ab0000)
 concurrent mark-sweep generation total 393216K, used 120529K [0x00000000e8000000, 0x0000000100000000, 0x0000000100000000)
 Metaspace       used 54421K, capacity 56191K, committed 56524K, reserved 1099776K
  class space    used 6574K, capacity 6993K, committed 7116K, reserved 1048576K
2020-06-30T21:19:18.472+0100: 206.116: [GC (Allocation Failure) 2020-06-30T21:19:18.472+0100: 206.116: [ParNew
Desired survivor size 20112992 bytes, new threshold 8 (max 8)
- age   1:    5623336 bytes,    5623336 total
- age   2:     389600 bytes,    6012936 total
- age   3:    4369896 bytes,   10382832 total
- age   4:    2612048 bytes,   12994880 total
- age   5:    2418072 bytes,   15412952 total
- age   6:        288 bytes,   15413240 total
- age   7:    1744288 bytes,   17157528 total
- age   8:    4588032 bytes,   21745560 total
: 109248K->21824K(109248K), 0.0154517 secs] 229777K->148122K(502464K), 0.0155245 secs] [Times: user=0.06 sys=0.00, real=0.02 secs] 
Heap after GC invocations=62 (full 4):
 par new generation   total 109248K, used 21824K [0x00000000e0000000, 0x00000000e8000000, 0x00000000e8000000)
  eden space 87424K,   0% used [0x00000000e0000000, 0x00000000e0000000, 0x00000000e5560000)
  from space 21824K, 100% used [0x00000000e5560000, 0x00000000e6ab0000, 0x00000000e6ab0000)
  to   space 21824K,   0% used [0x00000000e6ab0000, 0x00000000e6ab0000, 0x00000000e8000000)
 concurrent mark-sweep generation total 393216K, used 126298K [0x00000000e8000000, 0x0000000100000000, 0x0000000100000000)
 Metaspace       used 54421K, capacity 56191K, committed 56524K, reserved 1099776K
  class space    used 6574K, capacity 6993K, committed 7116K, reserved 1048576K
}
2020-06-30T21:19:18.488+0100: 206.131: Total time for which application threads were stopped: 0.0157436 seconds, Stopping threads took: 0.0000650 seconds
{Heap before GC invocations=62 (full 4):
 par new generation   total 109248K, used 109248K [0x00000000e0000000, 0x00000000e8000000, 0x00000000e8000000)
  eden space 87424K, 100% used [0x00000000e0000000, 0x00000000e5560000, 0x00000000e5560000)
  from space 21824K, 100% used [0x00000000e5560000, 0x00000000e6ab0000, 0x00000000e6ab0000)
  to   space 21824K,   0% used [0x00000000e6ab0000, 0x00000000e6ab0000, 0x00000000e8000000)
 concurrent mark-sweep generation total 393216K, used 126298K [0x00000000e8000000, 0x0000000100000000, 0x0000000100000000)
 Metaspace       used 54425K, capacity 56191K, committed 56524K, reserved 1099776K
  class space    used 6574K, capacity 6993K, committed 7116K, reserved 1048576K
2020-06-30T21:19:18.579+0100: 206.223: [GC (Allocation Failure) 2020-06-30T21:19:18.579+0100: 206.223: [ParNew
Desired survivor size 20112992 bytes, new threshold 8 (max 8)
- age   1:    6053112 bytes,    6053112 total
- age   2:    2625088 bytes,    8678200 total
- age   3:     345072 bytes,    9023272 total
- age   4:    4224472 bytes,   13247744 total
- age   5:    2610520 bytes,   15858264 total
- age   6:    2416912 bytes,   18275176 total
- age   7:        288 bytes,   18275464 total
- age   8:    1000416 bytes,   19275880 total
: 109248K->21824K(109248K), 0.0149662 secs] 235546K->157611K(502464K), 0.0150434 secs] [Times: user=0.06 sys=0.00, real=0.02 secs] 
Heap after GC invocations=63 (full 4):
 par new generation   total 109248K, used 21824K [0x00000000e0000000, 0x00000000e8000000, 0x00000000e8000000)
  eden space 87424K,   0% used [0x00000000e0000000, 0x00000000e0000000, 0x00000000e5560000)
  from space 21824K, 100% used [0x00000000e6ab0000, 0x00000000e8000000, 0x00000000e8000000)
  to   space 21824K,   0% used [0x00000000e5560000, 0x00000000e5560000, 0x00000000e6ab0000)
 concurrent mark-sweep generation total 393216K, used 135787K [0x00000000e8000000, 0x0000000100000000, 0x0000000100000000)
 Metaspace       used 54425K, capacity 56191K, committed 56524K, reserved 1099776K
  class space    used 6574K, capacity 6993K, committed 7116K, reserved 1048576K
}
2020-06-30T21:19:18.594+0100: 206.238: Total time for which application threads were stopped: 0.0152629 seconds, Stopping threads took: 0.0000552 seconds
2020-06-30T21:19:19.227+0100: 206.870: Total time for which application threads were stopped: 0.0001308 seconds, Stopping threads took: 0.0000805 seconds
2020-06-30T21:19:19.227+0100: 206.871: Total time for which application threads were stopped: 0.0000587 seconds, Stopping threads took: 0.0000250 seconds
2020-06-30T21:19:19.229+0100: 206.873: Total time for which application threads were stopped: 0.0001174 seconds, Stopping threads took: 0.0000586 seconds
2020-06-30T21:19:19.229+0100: 206.873: Total time for which application threads were stopped: 0.0001465 seconds, Stopping threads took: 0.0000993 seconds
2020-06-30T21:19:19.230+0100: 206.873: Total time for which application threads were stopped: 0.0000907 seconds, Stopping threads took: 0.0000504 seconds
2020-06-30T21:19:19.230+0100: 206.873: Total time for which application threads were stopped: 0.0001082 seconds, Stopping threads took: 0.0000565 seconds
2020-06-30T21:19:19.230+0100: 206.873: Total time for which application threads were stopped: 0.0001005 seconds, Stopping threads took: 0.0000518 seconds
2020-06-30T21:19:19.542+0100: 207.186: Total time for which application threads were stopped: 0.0002026 seconds, Stopping threads took: 0.0001583 seconds
2020-06-30T21:19:19.546+0100: 207.190: Total time for which application threads were stopped: 0.0002062 seconds, Stopping threads took: 0.0001193 seconds
2020-06-30T21:19:19.547+0100: 207.191: Total time for which application threads were stopped: 0.0001838 seconds, Stopping threads took: 0.0001074 seconds
2020-06-30T21:19:19.647+0100: 207.291: Total time for which application threads were stopped: 0.0006667 seconds, Stopping threads took: 0.0004034 seconds
{Heap before GC invocations=63 (full 4):
 par new generation   total 109248K, used 109248K [0x00000000e0000000, 0x00000000e8000000, 0x00000000e8000000)
  eden space 87424K, 100% used [0x00000000e0000000, 0x00000000e5560000, 0x00000000e5560000)
  from space 21824K, 100% used [0x00000000e6ab0000, 0x00000000e8000000, 0x00000000e8000000)
  to   space 21824K,   0% used [0x00000000e5560000, 0x00000000e5560000, 0x00000000e6ab0000)
 concurrent mark-sweep generation total 393216K, used 135787K [0x00000000e8000000, 0x0000000100000000, 0x0000000100000000)
 Metaspace       used 54460K, capacity 56193K, committed 56524K, reserved 1099776K
  class space    used 6575K, capacity 6994K, committed 7116K, reserved 1048576K
2020-06-30T21:19:19.685+0100: 207.329: [GC (Allocation Failure) 2020-06-30T21:19:19.685+0100: 207.329: [ParNew
Desired survivor size 20112992 bytes, new threshold 7 (max 8)
- age   1:    6450680 bytes,    6450680 total
- age   2:    4449008 bytes,   10899688 total
- age   3:    2548368 bytes,   13448056 total
- age   4:     189368 bytes,   13637424 total
- age   5:    3773832 bytes,   17411256 total
- age   6:    2561216 bytes,   19972472 total
- age   7:    2371480 bytes,   22343952 total
- age   8:        288 bytes,   22344240 total
: 109248K->21824K(109248K), 0.0149704 secs] 245035K->163062K(502464K), 0.0150780 secs] [Times: user=0.06 sys=0.00, real=0.02 secs] 
Heap after GC invocations=64 (full 4):
 par new generation   total 109248K, used 21824K [0x00000000e0000000, 0x00000000e8000000, 0x00000000e8000000)
  eden space 87424K,   0% used [0x00000000e0000000, 0x00000000e0000000, 0x00000000e5560000)
  from space 21824K, 100% used [0x00000000e5560000, 0x00000000e6ab0000, 0x00000000e6ab0000)
  to   space 21824K,   0% used [0x00000000e6ab0000, 0x00000000e6ab0000, 0x00000000e8000000)
 concurrent mark-sweep generation total 393216K, used 141238K [0x00000000e8000000, 0x0000000100000000, 0x0000000100000000)
 Metaspace       used 54460K, capacity 56193K, committed 56524K, reserved 1099776K
  class space    used 6575K, capacity 6994K, committed 7116K, reserved 1048576K
}
2020-06-30T21:19:19.701+0100: 207.344: Total time for which application threads were stopped: 0.0153247 seconds, Stopping threads took: 0.0000709 seconds
{Heap before GC invocations=64 (full 4):
 par new generation   total 109248K, used 109248K [0x00000000e0000000, 0x00000000e8000000, 0x00000000e8000000)
  eden space 87424K, 100% used [0x00000000e0000000, 0x00000000e5560000, 0x00000000e5560000)
  from space 21824K, 100% used [0x00000000e5560000, 0x00000000e6ab0000, 0x00000000e6ab0000)
  to   space 21824K,   0% used [0x00000000e6ab0000, 0x00000000e6ab0000, 0x00000000e8000000)
 concurrent mark-sweep generation total 393216K, used 141238K [0x00000000e8000000, 0x0000000100000000, 0x0000000100000000)
 Metaspace       used 54461K, capacity 56193K, committed 56524K, reserved 1099776K
  class space    used 6575K, capacity 6994K, committed 7116K, reserved 1048576K
2020-06-30T21:19:19.803+0100: 207.447: [GC (Allocation Failure) 2020-06-30T21:19:19.803+0100: 207.447: [ParNew
Desired survivor size 20112992 bytes, new threshold 7 (max 8)
- age   1:    4856696 bytes,    4856696 total
- age   2:    3323536 bytes,    8180232 total
- age   3:    4448776 bytes,   12629008 total
- age   4:    2548288 bytes,   15177296 total
- age   5:     189368 bytes,   15366664 total
- age   6:    3773624 bytes,   19140288 total
- age   7:    2561416 bytes,   21701704 total
: 109248K->21824K(109248K), 0.0194665 secs] 250486K->171208K(502464K), 0.0196825 secs] [Times: user=0.06 sys=0.00, real=0.02 secs] 
Heap after GC invocations=65 (full 4):
 par new generation   total 109248K, used 21824K [0x00000000e0000000, 0x00000000e8000000, 0x00000000e8000000)
  eden space 87424K,   0% used [0x00000000e0000000, 0x00000000e0000000, 0x00000000e5560000)
  from space 21824K, 100% used [0x00000000e6ab0000, 0x00000000e8000000, 0x00000000e8000000)
  to   space 21824K,   0% used [0x00000000e5560000, 0x00000000e5560000, 0x00000000e6ab0000)
 concurrent mark-sweep generation total 393216K, used 149384K [0x00000000e8000000, 0x0000000100000000, 0x0000000100000000)
 Metaspace       used 54461K, capacity 56193K, committed 56524K, reserved 1099776K
  class space    used 6575K, capacity 6994K, committed 7116K, reserved 1048576K
}
2020-06-30T21:19:19.823+0100: 207.467: Total time for which application threads were stopped: 0.0199765 seconds, Stopping threads took: 0.0000596 seconds
{Heap before GC invocations=65 (full 4):
 par new generation   total 109248K, used 109248K [0x00000000e0000000, 0x00000000e8000000, 0x00000000e8000000)
  eden space 87424K, 100% used [0x00000000e0000000, 0x00000000e5560000, 0x00000000e5560000)
  from space 21824K, 100% used [0x00000000e6ab0000, 0x00000000e8000000, 0x00000000e8000000)
  to   space 21824K,   0% used [0x00000000e5560000, 0x00000000e5560000, 0x00000000e6ab0000)
 concurrent mark-sweep generation total 393216K, used 149384K [0x00000000e8000000, 0x0000000100000000, 0x0000000100000000)
 Metaspace       used 54472K, capacity 56193K, committed 56524K, reserved 1099776K
  class space    used 6575K, capacity 6994K, committed 7116K, reserved 1048576K
2020-06-30T21:19:19.946+0100: 207.589: [GC (Allocation Failure) 2020-06-30T21:19:19.946+0100: 207.589: [ParNew
Desired survivor size 20112992 bytes, new threshold 7 (max 8)
- age   1:    5684552 bytes,    5684552 total
- age   2:    2250696 bytes,    7935248 total
- age   3:    3312016 bytes,   11247264 total
- age   4:    4448776 bytes,   15696040 total
- age   5:    2548288 bytes,   18244328 total
- age   6:     189368 bytes,   18433696 total
- age   7:    3773624 bytes,   22207320 total
: 109248K->21824K(109248K), 0.0142474 secs] 258632K->177756K(502464K), 0.0143154 secs] [Times: user=0.06 sys=0.00, real=0.01 secs] 
Heap after GC invocations=66 (full 4):
 par new generation   total 109248K, used 21824K [0x00000000e0000000, 0x00000000e8000000, 0x00000000e8000000)
  eden space 87424K,   0% used [0x00000000e0000000, 0x00000000e0000000, 0x00000000e5560000)
  from space 21824K, 100% used [0x00000000e5560000, 0x00000000e6ab0000, 0x00000000e6ab0000)
  to   space 21824K,   0% used [0x00000000e6ab0000, 0x00000000e6ab0000, 0x00000000e8000000)
 concurrent mark-sweep generation total 393216K, used 155932K [0x00000000e8000000, 0x0000000100000000, 0x0000000100000000)
 Metaspace       used 54472K, capacity 56193K, committed 56524K, reserved 1099776K
  class space    used 6575K, capacity 6994K, committed 7116K, reserved 1048576K
}
2020-06-30T21:19:19.960+0100: 207.604: Total time for which application threads were stopped: 0.0145870 seconds, Stopping threads took: 0.0000569 seconds
2020-06-30T21:19:20.775+0100: 208.418: Total time for which application threads were stopped: 0.0001982 seconds, Stopping threads took: 0.0001138 seconds
2020-06-30T21:19:20.775+0100: 208.419: Total time for which application threads were stopped: 0.0000941 seconds, Stopping threads took: 0.0000361 seconds
2020-06-30T21:19:20.775+0100: 208.419: Total time for which application threads were stopped: 0.0001021 seconds, Stopping threads took: 0.0000640 seconds
2020-06-30T21:19:20.775+0100: 208.419: Total time for which application threads were stopped: 0.0000805 seconds, Stopping threads took: 0.0000435 seconds
2020-06-30T21:19:20.776+0100: 208.419: Total time for which application threads were stopped: 0.0003244 seconds, Stopping threads took: 0.0000431 seconds
2020-06-30T21:19:21.776+0100: 209.419: Total time for which application threads were stopped: 0.0001366 seconds, Stopping threads took: 0.0000553 seconds
2020-06-30T21:19:34.780+0100: 222.423: Total time for which application threads were stopped: 0.0001075 seconds, Stopping threads took: 0.0000392 seconds
2020-06-30T21:19:43.986+0100: 231.629: Total time for which application threads were stopped: 0.0002664 seconds, Stopping threads took: 0.0002222 seconds
2020-06-30T21:19:43.990+0100: 231.634: Total time for which application threads were stopped: 0.0001294 seconds, Stopping threads took: 0.0000391 seconds
2020-06-30T21:19:43.993+0100: 231.637: Total time for which application threads were stopped: 0.0001237 seconds, Stopping threads took: 0.0000426 seconds
2020-06-30T21:19:44.003+0100: 231.646: Total time for which application threads were stopped: 0.0000739 seconds, Stopping threads took: 0.0000303 seconds
{Heap before GC invocations=66 (full 4):
 par new generation   total 109248K, used 109248K [0x00000000e0000000, 0x00000000e8000000, 0x00000000e8000000)
  eden space 87424K, 100% used [0x00000000e0000000, 0x00000000e5560000, 0x00000000e5560000)
  from space 21824K, 100% used [0x00000000e5560000, 0x00000000e6ab0000, 0x00000000e6ab0000)
  to   space 21824K,   0% used [0x00000000e6ab0000, 0x00000000e6ab0000, 0x00000000e8000000)
 concurrent mark-sweep generation total 393216K, used 155932K [0x00000000e8000000, 0x0000000100000000, 0x0000000100000000)
 Metaspace       used 54514K, capacity 56257K, committed 56524K, reserved 1099776K
  class space    used 6575K, capacity 6994K, committed 7116K, reserved 1048576K
2020-06-30T21:19:44.047+0100: 231.691: [GC (Allocation Failure) 2020-06-30T21:19:44.047+0100: 231.691: [ParNew
Desired survivor size 20112992 bytes, new threshold 6 (max 8)
- age   1:    5897776 bytes,    5897776 total
- age   2:    4189048 bytes,   10086824 total
- age   3:    1777392 bytes,   11864216 total
- age   4:    2860880 bytes,   14725096 total
- age   5:    4448776 bytes,   19173872 total
- age   6:    2548288 bytes,   21722160 total
- age   7:     189368 bytes,   21911528 total
: 109248K->21824K(109248K), 0.0173349 secs] 265180K->187624K(502464K), 0.0174036 secs] [Times: user=0.06 sys=0.00, real=0.02 secs] 
Heap after GC invocations=67 (full 4):
 par new generation   total 109248K, used 21824K [0x00000000e0000000, 0x00000000e8000000, 0x00000000e8000000)
  eden space 87424K,   0% used [0x00000000e0000000, 0x00000000e0000000, 0x00000000e5560000)
  from space 21824K, 100% used [0x00000000e6ab0000, 0x00000000e8000000, 0x00000000e8000000)
  to   space 21824K,   0% used [0x00000000e5560000, 0x00000000e5560000, 0x00000000e6ab0000)
 concurrent mark-sweep generation total 393216K, used 165800K [0x00000000e8000000, 0x0000000100000000, 0x0000000100000000)
 Metaspace       used 54514K, capacity 56257K, committed 56524K, reserved 1099776K
  class space    used 6575K, capacity 6994K, committed 7116K, reserved 1048576K
}
2020-06-30T21:19:44.064+0100: 231.708: Total time for which application threads were stopped: 0.0176498 seconds, Stopping threads took: 0.0000922 seconds
2020-06-30T21:19:44.092+0100: 231.736: Total time for which application threads were stopped: 0.0001150 seconds, Stopping threads took: 0.0000586 seconds
{Heap before GC invocations=67 (full 4):
 par new generation   total 109248K, used 109248K [0x00000000e0000000, 0x00000000e8000000, 0x00000000e8000000)
  eden space 87424K, 100% used [0x00000000e0000000, 0x00000000e5560000, 0x00000000e5560000)
  from space 21824K, 100% used [0x00000000e6ab0000, 0x00000000e8000000, 0x00000000e8000000)
  to   space 21824K,   0% used [0x00000000e5560000, 0x00000000e5560000, 0x00000000e6ab0000)
 concurrent mark-sweep generation total 393216K, used 165800K [0x00000000e8000000, 0x0000000100000000, 0x0000000100000000)
 Metaspace       used 54519K, capacity 56257K, committed 56524K, reserved 1099776K
  class space    used 6575K, capacity 6994K, committed 7116K, reserved 1048576K
2020-06-30T21:19:44.154+0100: 231.797: [GC (Allocation Failure) 2020-06-30T21:19:44.154+0100: 231.797: [ParNew
Desired survivor size 20112992 bytes, new threshold 6 (max 8)
- age   1:    5467504 bytes,    5467504 total
- age   2:    3265632 bytes,    8733136 total
- age   3:    4044200 bytes,   12777336 total
- age   4:    1777392 bytes,   14554728 total
- age   5:    2856664 bytes,   17411392 total
- age   6:    4448776 bytes,   21860168 total
: 109248K->21824K(109248K), 0.0149792 secs] 275048K->194348K(502464K), 0.0150976 secs] [Times: user=0.06 sys=0.00, real=0.01 secs] 
Heap after GC invocations=68 (full 4):
 par new generation   total 109248K, used 21824K [0x00000000e0000000, 0x00000000e8000000, 0x00000000e8000000)
  eden space 87424K,   0% used [0x00000000e0000000, 0x00000000e0000000, 0x00000000e5560000)
  from space 21824K, 100% used [0x00000000e5560000, 0x00000000e6ab0000, 0x00000000e6ab0000)
  to   space 21824K,   0% used [0x00000000e6ab0000, 0x00000000e6ab0000, 0x00000000e8000000)
 concurrent mark-sweep generation total 393216K, used 172524K [0x00000000e8000000, 0x0000000100000000, 0x0000000100000000)
 Metaspace       used 54519K, capacity 56257K, committed 56524K, reserved 1099776K
  class space    used 6575K, capacity 6994K, committed 7116K, reserved 1048576K
}
2020-06-30T21:19:44.169+0100: 231.813: Total time for which application threads were stopped: 0.0153075 seconds, Stopping threads took: 0.0000557 seconds
{Heap before GC invocations=68 (full 4):
 par new generation   total 109248K, used 109248K [0x00000000e0000000, 0x00000000e8000000, 0x00000000e8000000)
  eden space 87424K, 100% used [0x00000000e0000000, 0x00000000e5560000, 0x00000000e5560000)
  from space 21824K, 100% used [0x00000000e5560000, 0x00000000e6ab0000, 0x00000000e6ab0000)
  to   space 21824K,   0% used [0x00000000e6ab0000, 0x00000000e6ab0000, 0x00000000e8000000)
 concurrent mark-sweep generation total 393216K, used 172524K [0x00000000e8000000, 0x0000000100000000, 0x0000000100000000)
 Metaspace       used 54528K, capacity 56257K, committed 56524K, reserved 1099776K
  class space    used 6575K, capacity 6994K, committed 7116K, reserved 1048576K
2020-06-30T21:19:44.262+0100: 231.906: [GC (Allocation Failure) 2020-06-30T21:19:44.262+0100: 231.906: [ParNew
Desired survivor size 20112992 bytes, new threshold 6 (max 8)
- age   1:    5836336 bytes,    5836336 total
- age   2:    4122016 bytes,    9958352 total
- age   3:    3211728 bytes,   13170080 total
- age   4:    4044200 bytes,   17214280 total
- age   5:    1777392 bytes,   18991672 total
- age   6:    2856664 bytes,   21848336 total
: 109248K->21824K(109248K), 0.0171267 secs] 281772K->203404K(502464K), 0.0172008 secs] [Times: user=0.06 sys=0.00, real=0.02 secs] 
Heap after GC invocations=69 (full 4):
 par new generation   total 109248K, used 21824K [0x00000000e0000000, 0x00000000e8000000, 0x00000000e8000000)
  eden space 87424K,   0% used [0x00000000e0000000, 0x00000000e0000000, 0x00000000e5560000)
  from space 21824K, 100% used [0x00000000e6ab0000, 0x00000000e8000000, 0x00000000e8000000)
  to   space 21824K,   0% used [0x00000000e5560000, 0x00000000e5560000, 0x00000000e6ab0000)
 concurrent mark-sweep generation total 393216K, used 181580K [0x00000000e8000000, 0x0000000100000000, 0x0000000100000000)
 Metaspace       used 54528K, capacity 56257K, committed 56524K, reserved 1099776K
  class space    used 6575K, capacity 6994K, committed 7116K, reserved 1048576K
}
2020-06-30T21:19:44.279+0100: 231.923: Total time for which application threads were stopped: 0.0174204 seconds, Stopping threads took: 0.0000618 seconds
{Heap before GC invocations=69 (full 4):
 par new generation   total 109248K, used 109248K [0x00000000e0000000, 0x00000000e8000000, 0x00000000e8000000)
  eden space 87424K, 100% used [0x00000000e0000000, 0x00000000e5560000, 0x00000000e5560000)
  from space 21824K, 100% used [0x00000000e6ab0000, 0x00000000e8000000, 0x00000000e8000000)
  to   space 21824K,   0% used [0x00000000e5560000, 0x00000000e5560000, 0x00000000e6ab0000)
 concurrent mark-sweep generation total 393216K, used 181580K [0x00000000e8000000, 0x0000000100000000, 0x0000000100000000)
 Metaspace       used 54531K, capacity 56257K, committed 56524K, reserved 1099776K
  class space    used 6575K, capacity 6994K, committed 7116K, reserved 1048576K
2020-06-30T21:19:44.404+0100: 232.047: [GC (Allocation Failure) 2020-06-30T21:19:44.404+0100: 232.047: [ParNew
Desired survivor size 20112992 bytes, new threshold 6 (max 8)
- age   1:    5235952 bytes,    5235952 total
- age   2:    3643992 bytes,    8879944 total
- age   3:    2663768 bytes,   11543712 total
- age   4:    3194880 bytes,   14738592 total
- age   5:    4040280 bytes,   18778872 total
- age   6:    1776320 bytes,   20555192 total
: 109248K->21824K(109248K), 0.0156170 secs] 290828K->216708K(502464K), 0.0157071 secs] [Times: user=0.06 sys=0.00, real=0.01 secs] 
Heap after GC invocations=70 (full 4):
 par new generation   total 109248K, used 21824K [0x00000000e0000000, 0x00000000e8000000, 0x00000000e8000000)
  eden space 87424K,   0% used [0x00000000e0000000, 0x00000000e0000000, 0x00000000e5560000)
  from space 21824K, 100% used [0x00000000e5560000, 0x00000000e6ab0000, 0x00000000e6ab0000)
  to   space 21824K,   0% used [0x00000000e6ab0000, 0x00000000e6ab0000, 0x00000000e8000000)
 concurrent mark-sweep generation total 393216K, used 194884K [0x00000000e8000000, 0x0000000100000000, 0x0000000100000000)
 Metaspace       used 54531K, capacity 56257K, committed 56524K, reserved 1099776K
  class space    used 6575K, capacity 6994K, committed 7116K, reserved 1048576K
}
2020-06-30T21:19:44.420+0100: 232.063: Total time for which application threads were stopped: 0.0160575 seconds, Stopping threads took: 0.0000776 seconds
2020-06-30T21:19:45.098+0100: 232.742: Total time for which application threads were stopped: 0.0001425 seconds, Stopping threads took: 0.0000888 seconds
2020-06-30T21:19:45.098+0100: 232.742: Total time for which application threads were stopped: 0.0000813 seconds, Stopping threads took: 0.0000456 seconds
2020-06-30T21:19:45.098+0100: 232.742: Total time for which application threads were stopped: 0.0000875 seconds, Stopping threads took: 0.0000543 seconds
2020-06-30T21:19:45.099+0100: 232.743: Total time for which application threads were stopped: 0.0001296 seconds, Stopping threads took: 0.0000637 seconds
2020-06-30T21:19:45.104+0100: 232.747: Total time for which application threads were stopped: 0.0001312 seconds, Stopping threads took: 0.0000621 seconds
2020-06-30T21:19:45.104+0100: 232.747: Total time for which application threads were stopped: 0.0001166 seconds, Stopping threads took: 0.0000690 seconds
2020-06-30T21:19:59.005+0100: 246.648: Total time for which application threads were stopped: 0.0001345 seconds, Stopping threads took: 0.0000615 seconds
2020-06-30T21:20:03.007+0100: 250.650: Total time for which application threads were stopped: 0.0000869 seconds, Stopping threads took: 0.0000314 seconds
2020-06-30T21:21:03.042+0100: 310.685: Total time for which application threads were stopped: 0.0001107 seconds, Stopping threads took: 0.0000361 seconds
2020-06-30T21:21:14.269+0100: 321.912: Total time for which application threads were stopped: 0.0004135 seconds, Stopping threads took: 0.0002548 seconds
2020-06-30T21:21:14.504+0100: 322.147: Total time for which application threads were stopped: 0.0001889 seconds, Stopping threads took: 0.0000891 seconds
{Heap before GC invocations=70 (full 4):
 par new generation   total 109248K, used 109248K [0x00000000e0000000, 0x00000000e8000000, 0x00000000e8000000)
  eden space 87424K, 100% used [0x00000000e0000000, 0x00000000e5560000, 0x00000000e5560000)
  from space 21824K, 100% used [0x00000000e5560000, 0x00000000e6ab0000, 0x00000000e6ab0000)
  to   space 21824K,   0% used [0x00000000e6ab0000, 0x00000000e6ab0000, 0x00000000e8000000)
 concurrent mark-sweep generation total 393216K, used 194884K [0x00000000e8000000, 0x0000000100000000, 0x0000000100000000)
 Metaspace       used 54571K, capacity 56327K, committed 56524K, reserved 1099776K
  class space    used 6576K, capacity 6995K, committed 7116K, reserved 1048576K
2020-06-30T21:21:14.512+0100: 322.156: [GC (Allocation Failure) 2020-06-30T21:21:14.512+0100: 322.156: [ParNew
Desired survivor size 20112992 bytes, new threshold 6 (max 8)
- age   1:    4076560 bytes,    4076560 total
- age   2:    4123936 bytes,    8200496 total
- age   3:    3511440 bytes,   11711936 total
- age   4:    2232736 bytes,   13944672 total
- age   5:    2930472 bytes,   16875144 total
- age   6:    4040280 bytes,   20915424 total
: 109248K->21824K(109248K), 0.0175316 secs] 304132K->220880K(502464K), 0.0176190 secs] [Times: user=0.06 sys=0.00, real=0.02 secs] 
Heap after GC invocations=71 (full 4):
 par new generation   total 109248K, used 21824K [0x00000000e0000000, 0x00000000e8000000, 0x00000000e8000000)
  eden space 87424K,   0% used [0x00000000e0000000, 0x00000000e0000000, 0x00000000e5560000)
  from space 21824K, 100% used [0x00000000e6ab0000, 0x00000000e8000000, 0x00000000e8000000)
  to   space 21824K,   0% used [0x00000000e5560000, 0x00000000e5560000, 0x00000000e6ab0000)
 concurrent mark-sweep generation total 393216K, used 199056K [0x00000000e8000000, 0x0000000100000000, 0x0000000100000000)
 Metaspace       used 54571K, capacity 56327K, committed 56524K, reserved 1099776K
  class space    used 6576K, capacity 6995K, committed 7116K, reserved 1048576K
}
2020-06-30T21:21:14.530+0100: 322.173: Total time for which application threads were stopped: 0.0212746 seconds, Stopping threads took: 0.0034430 seconds
2020-06-30T21:21:14.530+0100: 322.174: [GC (CMS Initial Mark) [1 CMS-initial-mark: 199056K(393216K)] 221632K(502464K), 0.0037248 secs] [Times: user=0.00 sys=0.00, real=0.00 secs] 
2020-06-30T21:21:14.534+0100: 322.177: Total time for which application threads were stopped: 0.0039241 seconds, Stopping threads took: 0.0000778 seconds
2020-06-30T21:21:14.534+0100: 322.177: [CMS-concurrent-mark-start]
2020-06-30T21:21:14.561+0100: 322.204: [CMS-concurrent-mark: 0.027/0.027 secs] [Times: user=0.13 sys=0.00, real=0.03 secs] 
2020-06-30T21:21:14.561+0100: 322.204: [CMS-concurrent-preclean-start]
2020-06-30T21:21:14.562+0100: 322.206: [CMS-concurrent-preclean: 0.002/0.002 secs] [Times: user=0.00 sys=0.00, real=0.00 secs] 
2020-06-30T21:21:14.563+0100: 322.206: [GC (CMS Final Remark) [YG occupancy: 23824 K (109248 K)]{Heap before GC invocations=71 (full 5):
 par new generation   total 109248K, used 23824K [0x00000000e0000000, 0x00000000e8000000, 0x00000000e8000000)
  eden space 87424K,   2% used [0x00000000e0000000, 0x00000000e01f4178, 0x00000000e5560000)
  from space 21824K, 100% used [0x00000000e6ab0000, 0x00000000e8000000, 0x00000000e8000000)
  to   space 21824K,   0% used [0x00000000e5560000, 0x00000000e5560000, 0x00000000e6ab0000)
 concurrent mark-sweep generation total 393216K, used 199056K [0x00000000e8000000, 0x0000000100000000, 0x0000000100000000)
 Metaspace       used 54571K, capacity 56327K, committed 56524K, reserved 1099776K
  class space    used 6576K, capacity 6995K, committed 7116K, reserved 1048576K
2020-06-30T21:21:14.563+0100: 322.206: [GC (CMS Final Remark) 2020-06-30T21:21:14.563+0100: 322.206: [ParNew
Desired survivor size 20112992 bytes, new threshold 8 (max 8)
- age   1:     495792 bytes,     495792 total
- age   2:    3959760 bytes,    4455552 total
- age   3:    4123784 bytes,    8579336 total
- age   4:    3511256 bytes,   12090592 total
- age   5:    2232632 bytes,   14323224 total
- age   6:    2872568 bytes,   17195792 total
: 23824K->21824K(109248K), 0.0124350 secs] 222880K->225922K(502464K), 0.0125612 secs] [Times: user=0.05 sys=0.00, real=0.01 secs] 
Heap after GC invocations=72 (full 5):
 par new generation   total 109248K, used 21824K [0x00000000e0000000, 0x00000000e8000000, 0x00000000e8000000)
  eden space 87424K,   0% used [0x00000000e0000000, 0x00000000e0000000, 0x00000000e5560000)
  from space 21824K, 100% used [0x00000000e5560000, 0x00000000e6ab0000, 0x00000000e6ab0000)
  to   space 21824K,   0% used [0x00000000e6ab0000, 0x00000000e6ab0000, 0x00000000e8000000)
 concurrent mark-sweep generation total 393216K, used 204098K [0x00000000e8000000, 0x0000000100000000, 0x0000000100000000)
 Metaspace       used 54571K, capacity 56327K, committed 56524K, reserved 1099776K
  class space    used 6576K, capacity 6995K, committed 7116K, reserved 1048576K
}
2020-06-30T21:21:14.576+0100: 322.219: [Rescan (parallel) , 0.0050713 secs]2020-06-30T21:21:14.581+0100: 322.224: [weak refs processing, 0.0040239 secs]2020-06-30T21:21:14.585+0100: 322.228: [class unloading, 0.0174782 secs]2020-06-30T21:21:14.602+0100: 322.246: [scrub symbol table, 0.0181370 secs]2020-06-30T21:21:14.620+0100: 322.264: [scrub string table, 0.0009928 secs][1 CMS-remark: 204098K(393216K)] 225922K(502464K), 0.0591208 secs] [Times: user=0.13 sys=0.00, real=0.06 secs] 
2020-06-30T21:21:14.622+0100: 322.265: Total time for which application threads were stopped: 0.0593292 seconds, Stopping threads took: 0.0000671 seconds
2020-06-30T21:21:14.622+0100: 322.266: [CMS-concurrent-sweep-start]
2020-06-30T21:21:14.630+0100: 322.273: Total time for which application threads were stopped: 0.0002246 seconds, Stopping threads took: 0.0001055 seconds
2020-06-30T21:21:14.630+0100: 322.273: Total time for which application threads were stopped: 0.0001545 seconds, Stopping threads took: 0.0000412 seconds
2020-06-30T21:21:14.630+0100: 322.274: Total time for which application threads were stopped: 0.0001378 seconds, Stopping threads took: 0.0000551 seconds
2020-06-30T21:21:14.631+0100: 322.274: Total time for which application threads were stopped: 0.0001520 seconds, Stopping threads took: 0.0000545 seconds
2020-06-30T21:21:14.632+0100: 322.275: Total time for which application threads were stopped: 0.0001582 seconds, Stopping threads took: 0.0000855 seconds
2020-06-30T21:21:14.632+0100: 322.275: Total time for which application threads were stopped: 0.0001094 seconds, Stopping threads took: 0.0000551 seconds
2020-06-30T21:21:14.632+0100: 322.276: Total time for which application threads were stopped: 0.0001183 seconds, Stopping threads took: 0.0000546 seconds
2020-06-30T21:21:14.632+0100: 322.276: Total time for which application threads were stopped: 0.0001050 seconds, Stopping threads took: 0.0000558 seconds
2020-06-30T21:21:14.634+0100: 322.277: Total time for which application threads were stopped: 0.0001708 seconds, Stopping threads took: 0.0000856 seconds
2020-06-30T21:21:14.634+0100: 322.278: Total time for which application threads were stopped: 0.0001502 seconds, Stopping threads took: 0.0000626 seconds
2020-06-30T21:21:14.658+0100: 322.302: Total time for which application threads were stopped: 0.0001919 seconds, Stopping threads took: 0.0000837 seconds
2020-06-30T21:21:14.659+0100: 322.302: Total time for which application threads were stopped: 0.0001109 seconds, Stopping threads took: 0.0000464 seconds
2020-06-30T21:21:14.659+0100: 322.303: Total time for which application threads were stopped: 0.0001193 seconds, Stopping threads took: 0.0000502 seconds
2020-06-30T21:21:14.659+0100: 322.303: Total time for which application threads were stopped: 0.0001204 seconds, Stopping threads took: 0.0000615 seconds
2020-06-30T21:21:14.717+0100: 322.361: [CMS-concurrent-sweep: 0.093/0.095 secs] [Times: user=0.20 sys=0.02, real=0.10 secs] 
2020-06-30T21:21:14.717+0100: 322.361: [CMS-concurrent-reset-start]
2020-06-30T21:21:14.719+0100: 322.362: [CMS-concurrent-reset: 0.001/0.001 secs] [Times: user=0.00 sys=0.00, real=0.00 secs] 
{Heap before GC invocations=72 (full 5):
 par new generation   total 109248K, used 109248K [0x00000000e0000000, 0x00000000e8000000, 0x00000000e8000000)
  eden space 87424K, 100% used [0x00000000e0000000, 0x00000000e5560000, 0x00000000e5560000)
  from space 21824K, 100% used [0x00000000e5560000, 0x00000000e6ab0000, 0x00000000e6ab0000)
  to   space 21824K,   0% used [0x00000000e6ab0000, 0x00000000e6ab0000, 0x00000000e8000000)
 concurrent mark-sweep generation total 393216K, used 87895K [0x00000000e8000000, 0x0000000100000000, 0x0000000100000000)
 Metaspace       used 54576K, capacity 56327K, committed 56524K, reserved 1099776K
  class space    used 6576K, capacity 6995K, committed 7116K, reserved 1048576K
2020-06-30T21:21:14.861+0100: 322.504: [GC (Allocation Failure) 2020-06-30T21:21:14.861+0100: 322.504: [ParNew
Desired survivor size 20112992 bytes, new threshold 7 (max 8)
- age   1:    4416024 bytes,    4416024 total
- age   2:     468872 bytes,    4884896 total
- age   3:    3785600 bytes,    8670496 total
- age   4:    3990392 bytes,   12660888 total
- age   5:    3510560 bytes,   16171448 total
- age   6:    2232584 bytes,   18404032 total
- age   7:    2783912 bytes,   21187944 total
: 109248K->21824K(109248K), 0.0145534 secs] 197143K->111948K(502464K), 0.0146306 secs] [Times: user=0.06 sys=0.00, real=0.01 secs] 
Heap after GC invocations=73 (full 5):
 par new generation   total 109248K, used 21824K [0x00000000e0000000, 0x00000000e8000000, 0x00000000e8000000)
  eden space 87424K,   0% used [0x00000000e0000000, 0x00000000e0000000, 0x00000000e5560000)
  from space 21824K, 100% used [0x00000000e6ab0000, 0x00000000e8000000, 0x00000000e8000000)
  to   space 21824K,   0% used [0x00000000e5560000, 0x00000000e5560000, 0x00000000e6ab0000)
 concurrent mark-sweep generation total 393216K, used 90124K [0x00000000e8000000, 0x0000000100000000, 0x0000000100000000)
 Metaspace       used 54576K, capacity 56327K, committed 56524K, reserved 1099776K
  class space    used 6576K, capacity 6995K, committed 7116K, reserved 1048576K
}
2020-06-30T21:21:14.876+0100: 322.519: Total time for which application threads were stopped: 0.0149573 seconds, Stopping threads took: 0.0000604 seconds
{Heap before GC invocations=73 (full 5):
 par new generation   total 109248K, used 109248K [0x00000000e0000000, 0x00000000e8000000, 0x00000000e8000000)
  eden space 87424K, 100% used [0x00000000e0000000, 0x00000000e5560000, 0x00000000e5560000)
  from space 21824K, 100% used [0x00000000e6ab0000, 0x00000000e8000000, 0x00000000e8000000)
  to   space 21824K,   0% used [0x00000000e5560000, 0x00000000e5560000, 0x00000000e6ab0000)
 concurrent mark-sweep generation total 393216K, used 90124K [0x00000000e8000000, 0x0000000100000000, 0x0000000100000000)
 Metaspace       used 54578K, capacity 56327K, committed 56524K, reserved 1099776K
  class space    used 6576K, capacity 6995K, committed 7116K, reserved 1048576K
2020-06-30T21:21:15.111+0100: 322.755: [GC (Allocation Failure) 2020-06-30T21:21:15.111+0100: 322.755: [ParNew
Desired survivor size 20112992 bytes, new threshold 7 (max 8)
- age   1:    4166384 bytes,    4166384 total
- age   2:    3388704 bytes,    7555088 total
- age   3:     468768 bytes,    8023856 total
- age   4:    3773664 bytes,   11797520 total
- age   5:    3970048 bytes,   15767568 total
- age   6:    3510512 bytes,   19278080 total
- age   7:    2230328 bytes,   21508408 total
: 109248K->21824K(109248K), 0.0187566 secs] 199372K->117857K(502464K), 0.0188423 secs] [Times: user=0.06 sys=0.00, real=0.02 secs] 
Heap after GC invocations=74 (full 5):
 par new generation   total 109248K, used 21824K [0x00000000e0000000, 0x00000000e8000000, 0x00000000e8000000)
  eden space 87424K,   0% used [0x00000000e0000000, 0x00000000e0000000, 0x00000000e5560000)
  from space 21824K, 100% used [0x00000000e5560000, 0x00000000e6ab0000, 0x00000000e6ab0000)
  to   space 21824K,   0% used [0x00000000e6ab0000, 0x00000000e6ab0000, 0x00000000e8000000)
 concurrent mark-sweep generation total 393216K, used 96033K [0x00000000e8000000, 0x0000000100000000, 0x0000000100000000)
 Metaspace       used 54578K, capacity 56327K, committed 56524K, reserved 1099776K
  class space    used 6576K, capacity 6995K, committed 7116K, reserved 1048576K
}
2020-06-30T21:21:15.130+0100: 322.773: Total time for which application threads were stopped: 0.0191763 seconds, Stopping threads took: 0.0000760 seconds
2020-06-30T21:21:15.140+0100: 322.783: Total time for which application threads were stopped: 0.0002025 seconds, Stopping threads took: 0.0000925 seconds
2020-06-30T21:21:15.140+0100: 322.784: Total time for which application threads were stopped: 0.0001740 seconds, Stopping threads took: 0.0001061 seconds
{Heap before GC invocations=74 (full 5):
 par new generation   total 109248K, used 109248K [0x00000000e0000000, 0x00000000e8000000, 0x00000000e8000000)
  eden space 87424K, 100% used [0x00000000e0000000, 0x00000000e5560000, 0x00000000e5560000)
  from space 21824K, 100% used [0x00000000e5560000, 0x00000000e6ab0000, 0x00000000e6ab0000)
  to   space 21824K,   0% used [0x00000000e6ab0000, 0x00000000e6ab0000, 0x00000000e8000000)
 concurrent mark-sweep generation total 393216K, used 96033K [0x00000000e8000000, 0x0000000100000000, 0x0000000100000000)
 Metaspace       used 54581K, capacity 56327K, committed 56524K, reserved 1099776K
  class space    used 6576K, capacity 6995K, committed 7116K, reserved 1048576K
2020-06-30T21:21:15.374+0100: 323.018: [GC (Allocation Failure) 2020-06-30T21:21:15.375+0100: 323.018: [ParNew
Desired survivor size 20112992 bytes, new threshold 7 (max 8)
- age   1:    3524160 bytes,    3524160 total
- age   2:    3412856 bytes,    6937016 total
- age   3:    3362392 bytes,   10299408 total
- age   4:     468768 bytes,   10768176 total
- age   5:    3712624 bytes,   14480800 total
- age   6:    3969736 bytes,   18450536 total
- age   7:    3341832 bytes,   21792368 total
: 109248K->21824K(109248K), 0.0185368 secs] 205281K->128089K(502464K), 0.0186666 secs] [Times: user=0.06 sys=0.00, real=0.02 secs] 
Heap after GC invocations=75 (full 5):
 par new generation   total 109248K, used 21824K [0x00000000e0000000, 0x00000000e8000000, 0x00000000e8000000)
  eden space 87424K,   0% used [0x00000000e0000000, 0x00000000e0000000, 0x00000000e5560000)
  from space 21824K, 100% used [0x00000000e6ab0000, 0x00000000e8000000, 0x00000000e8000000)
  to   space 21824K,   0% used [0x00000000e5560000, 0x00000000e5560000, 0x00000000e6ab0000)
 concurrent mark-sweep generation total 393216K, used 106265K [0x00000000e8000000, 0x0000000100000000, 0x0000000100000000)
 Metaspace       used 54581K, capacity 56327K, committed 56524K, reserved 1099776K
  class space    used 6576K, capacity 6995K, committed 7116K, reserved 1048576K
}
2020-06-30T21:21:15.393+0100: 323.037: Total time for which application threads were stopped: 0.0190256 seconds, Stopping threads took: 0.0000765 seconds
2020-06-30T21:21:16.395+0100: 324.039: Total time for which application threads were stopped: 0.0015731 seconds, Stopping threads took: 0.0014945 seconds
2020-06-30T21:21:16.626+0100: 324.270: Total time for which application threads were stopped: 0.0002351 seconds, Stopping threads took: 0.0001678 seconds
2020-06-30T21:21:16.626+0100: 324.270: Total time for which application threads were stopped: 0.0001123 seconds, Stopping threads took: 0.0000654 seconds
2020-06-30T21:21:16.631+0100: 324.275: Total time for which application threads were stopped: 0.0001483 seconds, Stopping threads took: 0.0000838 seconds
2020-06-30T21:21:16.636+0100: 324.280: Total time for which application threads were stopped: 0.0001649 seconds, Stopping threads took: 0.0000656 seconds
2020-06-30T21:21:16.637+0100: 324.280: Total time for which application threads were stopped: 0.0001229 seconds, Stopping threads took: 0.0000534 seconds
2020-06-30T21:21:16.637+0100: 324.280: Total time for which application threads were stopped: 0.0001096 seconds, Stopping threads took: 0.0000349 seconds
2020-06-30T21:21:16.637+0100: 324.281: Total time for which application threads were stopped: 0.0000874 seconds, Stopping threads took: 0.0000400 seconds
2020-06-30T21:21:16.637+0100: 324.281: Total time for which application threads were stopped: 0.0000934 seconds, Stopping threads took: 0.0000458 seconds
2020-06-30T21:21:22.870+0100: 330.513: Total time for which application threads were stopped: 0.0003563 seconds, Stopping threads took: 0.0003025 seconds
2020-06-30T21:21:22.874+0100: 330.518: Total time for which application threads were stopped: 0.0002001 seconds, Stopping threads took: 0.0000887 seconds
2020-06-30T21:21:22.877+0100: 330.521: Total time for which application threads were stopped: 0.0001738 seconds, Stopping threads took: 0.0000710 seconds
2020-06-30T21:21:22.973+0100: 330.617: Total time for which application threads were stopped: 0.0001324 seconds, Stopping threads took: 0.0000694 seconds
{Heap before GC invocations=75 (full 5):
 par new generation   total 109248K, used 109248K [0x00000000e0000000, 0x00000000e8000000, 0x00000000e8000000)
  eden space 87424K, 100% used [0x00000000e0000000, 0x00000000e5560000, 0x00000000e5560000)
  from space 21824K, 100% used [0x00000000e6ab0000, 0x00000000e8000000, 0x00000000e8000000)
  to   space 21824K,   0% used [0x00000000e5560000, 0x00000000e5560000, 0x00000000e6ab0000)
 concurrent mark-sweep generation total 393216K, used 106265K [0x00000000e8000000, 0x0000000100000000, 0x0000000100000000)
 Metaspace       used 54629K, capacity 56391K, committed 56524K, reserved 1099776K
  class space    used 6576K, capacity 6995K, committed 7116K, reserved 1048576K
2020-06-30T21:21:23.005+0100: 330.649: [GC (Allocation Failure) 2020-06-30T21:21:23.005+0100: 330.649: [ParNew
Desired survivor size 20112992 bytes, new threshold 7 (max 8)
- age   1:    4635712 bytes,    4635712 total
- age   2:    3029552 bytes,    7665264 total
- age   3:    3342664 bytes,   11007928 total
- age   4:    3189384 bytes,   14197312 total
- age   5:     468768 bytes,   14666080 total
- age   6:    3340408 bytes,   18006488 total
- age   7:    3969736 bytes,   21976224 total
: 109248K->21824K(109248K), 0.0168376 secs] 215513K->137527K(502464K), 0.0169107 secs] [Times: user=0.06 sys=0.00, real=0.02 secs] 
Heap after GC invocations=76 (full 5):
 par new generation   total 109248K, used 21824K [0x00000000e0000000, 0x00000000e8000000, 0x00000000e8000000)
  eden space 87424K,   0% used [0x00000000e0000000, 0x00000000e0000000, 0x00000000e5560000)
  from space 21824K, 100% used [0x00000000e5560000, 0x00000000e6ab0000, 0x00000000e6ab0000)
  to   space 21824K,   0% used [0x00000000e6ab0000, 0x00000000e6ab0000, 0x00000000e8000000)
 concurrent mark-sweep generation total 393216K, used 115703K [0x00000000e8000000, 0x0000000100000000, 0x0000000100000000)
 Metaspace       used 54629K, capacity 56391K, committed 56524K, reserved 1099776K
  class space    used 6576K, capacity 6995K, committed 7116K, reserved 1048576K
}
2020-06-30T21:21:23.022+0100: 330.666: Total time for which application threads were stopped: 0.0171386 seconds, Stopping threads took: 0.0000755 seconds
{Heap before GC invocations=76 (full 5):
 par new generation   total 109248K, used 109248K [0x00000000e0000000, 0x00000000e8000000, 0x00000000e8000000)
  eden space 87424K, 100% used [0x00000000e0000000, 0x00000000e5560000, 0x00000000e5560000)
  from space 21824K, 100% used [0x00000000e5560000, 0x00000000e6ab0000, 0x00000000e6ab0000)
  to   space 21824K,   0% used [0x00000000e6ab0000, 0x00000000e6ab0000, 0x00000000e8000000)
 concurrent mark-sweep generation total 393216K, used 115703K [0x00000000e8000000, 0x0000000100000000, 0x0000000100000000)
 Metaspace       used 54629K, capacity 56391K, committed 56524K, reserved 1099776K
  class space    used 6576K, capacity 6995K, committed 7116K, reserved 1048576K
2020-06-30T21:21:23.108+0100: 330.751: [GC (Allocation Failure) 2020-06-30T21:21:23.108+0100: 330.751: [ParNew
Desired survivor size 20112992 bytes, new threshold 7 (max 8)
- age   1:    5637192 bytes,    5637192 total
- age   2:    3106304 bytes,    8743496 total
- age   3:    3029552 bytes,   11773048 total
- age   4:    3256232 bytes,   15029280 total
- age   5:    3144152 bytes,   18173432 total
- age   6:     468768 bytes,   18642200 total
- age   7:    3259488 bytes,   21901688 total
: 109248K->21824K(109248K), 0.0165353 secs] 224951K->145820K(502464K), 0.0166145 secs] [Times: user=0.06 sys=0.00, real=0.02 secs] 
Heap after GC invocations=77 (full 5):
 par new generation   total 109248K, used 21824K [0x00000000e0000000, 0x00000000e8000000, 0x00000000e8000000)
  eden space 87424K,   0% used [0x00000000e0000000, 0x00000000e0000000, 0x00000000e5560000)
  from space 21824K, 100% used [0x00000000e6ab0000, 0x00000000e8000000, 0x00000000e8000000)
  to   space 21824K,   0% used [0x00000000e5560000, 0x00000000e5560000, 0x00000000e6ab0000)
 concurrent mark-sweep generation total 393216K, used 123996K [0x00000000e8000000, 0x0000000100000000, 0x0000000100000000)
 Metaspace       used 54629K, capacity 56391K, committed 56524K, reserved 1099776K
  class space    used 6576K, capacity 6995K, committed 7116K, reserved 1048576K
}
2020-06-30T21:21:23.124+0100: 330.768: Total time for which application threads were stopped: 0.0168849 seconds, Stopping threads took: 0.0000652 seconds
{Heap before GC invocations=77 (full 5):
 par new generation   total 109248K, used 109248K [0x00000000e0000000, 0x00000000e8000000, 0x00000000e8000000)
  eden space 87424K, 100% used [0x00000000e0000000, 0x00000000e5560000, 0x00000000e5560000)
  from space 21824K, 100% used [0x00000000e6ab0000, 0x00000000e8000000, 0x00000000e8000000)
  to   space 21824K,   0% used [0x00000000e5560000, 0x00000000e5560000, 0x00000000e6ab0000)
 concurrent mark-sweep generation total 393216K, used 123996K [0x00000000e8000000, 0x0000000100000000, 0x0000000100000000)
 Metaspace       used 54642K, capacity 56391K, committed 56524K, reserved 1099776K
  class space    used 6576K, capacity 6995K, committed 7116K, reserved 1048576K
2020-06-30T21:21:23.338+0100: 330.982: [GC (Allocation Failure) 2020-06-30T21:21:23.338+0100: 330.982: [ParNew
Desired survivor size 20112992 bytes, new threshold 6 (max 8)
- age   1:    4249536 bytes,    4249536 total
- age   2:    5021184 bytes,    9270720 total
- age   3:    3066592 bytes,   12337312 total
- age   4:    3029440 bytes,   15366752 total
- age   5:    3255968 bytes,   18622720 total
- age   6:    2986448 bytes,   21609168 total
- age   7:     468768 bytes,   22077936 total
: 109248K->21824K(109248K), 0.0171914 secs] 233244K->156091K(502464K), 0.0172579 secs] [Times: user=0.06 sys=0.00, real=0.02 secs] 
Heap after GC invocations=78 (full 5):
 par new generation   total 109248K, used 21824K [0x00000000e0000000, 0x00000000e8000000, 0x00000000e8000000)
  eden space 87424K,   0% used [0x00000000e0000000, 0x00000000e0000000, 0x00000000e5560000)
  from space 21824K, 100% used [0x00000000e5560000, 0x00000000e6ab0000, 0x00000000e6ab0000)
  to   space 21824K,   0% used [0x00000000e6ab0000, 0x00000000e6ab0000, 0x00000000e8000000)
 concurrent mark-sweep generation total 393216K, used 134267K [0x00000000e8000000, 0x0000000100000000, 0x0000000100000000)
 Metaspace       used 54642K, capacity 56391K, committed 56524K, reserved 1099776K
  class space    used 6576K, capacity 6995K, committed 7116K, reserved 1048576K
}
2020-06-30T21:21:23.355+0100: 330.999: Total time for which application threads were stopped: 0.0174879 seconds, Stopping threads took: 0.0000574 seconds
2020-06-30T21:21:24.355+0100: 331.998: Total time for which application threads were stopped: 0.0001794 seconds, Stopping threads took: 0.0000726 seconds
2020-06-30T21:21:24.361+0100: 332.004: Total time for which application threads were stopped: 0.0001677 seconds, Stopping threads took: 0.0000945 seconds
2020-06-30T21:21:24.361+0100: 332.005: Total time for which application threads were stopped: 0.0003142 seconds, Stopping threads took: 0.0000654 seconds
2020-06-30T21:21:24.362+0100: 332.005: Total time for which application threads were stopped: 0.0001046 seconds, Stopping threads took: 0.0000322 seconds
2020-06-30T21:21:24.364+0100: 332.007: Total time for which application threads were stopped: 0.0001779 seconds, Stopping threads took: 0.0000753 seconds
2020-06-30T21:21:24.364+0100: 332.007: Total time for which application threads were stopped: 0.0001092 seconds, Stopping threads took: 0.0000467 seconds
2020-06-30T21:21:24.364+0100: 332.008: Total time for which application threads were stopped: 0.0001355 seconds, Stopping threads took: 0.0000631 seconds
2020-06-30T21:21:24.364+0100: 332.008: Total time for which application threads were stopped: 0.0000919 seconds, Stopping threads took: 0.0000538 seconds
2020-06-30T21:21:24.364+0100: 332.008: Total time for which application threads were stopped: 0.0000903 seconds, Stopping threads took: 0.0000529 seconds
2020-06-30T21:21:25.365+0100: 333.008: Total time for which application threads were stopped: 0.0001462 seconds, Stopping threads took: 0.0000693 seconds
2020-06-30T21:21:37.903+0100: 345.547: Total time for which application threads were stopped: 0.0000928 seconds, Stopping threads took: 0.0000407 seconds
2020-06-30T21:21:45.555+0100: 353.199: Total time for which application threads were stopped: 0.0001952 seconds, Stopping threads took: 0.0001467 seconds
2020-06-30T21:21:45.581+0100: 353.225: Total time for which application threads were stopped: 0.0001087 seconds, Stopping threads took: 0.0000368 seconds
2020-06-30T21:21:45.584+0100: 353.227: Total time for which application threads were stopped: 0.0001010 seconds, Stopping threads took: 0.0000387 seconds
{Heap before GC invocations=78 (full 5):
 par new generation   total 109248K, used 109248K [0x00000000e0000000, 0x00000000e8000000, 0x00000000e8000000)
  eden space 87424K, 100% used [0x00000000e0000000, 0x00000000e5560000, 0x00000000e5560000)
  from space 21824K, 100% used [0x00000000e5560000, 0x00000000e6ab0000, 0x00000000e6ab0000)
  to   space 21824K,   0% used [0x00000000e6ab0000, 0x00000000e6ab0000, 0x00000000e8000000)
 concurrent mark-sweep generation total 393216K, used 134267K [0x00000000e8000000, 0x0000000100000000, 0x0000000100000000)
 Metaspace       used 54659K, capacity 56455K, committed 56780K, reserved 1099776K
  class space    used 6576K, capacity 6995K, committed 7116K, reserved 1048576K
2020-06-30T21:21:45.749+0100: 353.392: [GC (Allocation Failure) 2020-06-30T21:21:45.749+0100: 353.392: [ParNew
Desired survivor size 20112992 bytes, new threshold 6 (max 8)
- age   1:    3327280 bytes,    3327280 total
- age   2:    3746176 bytes,    7073456 total
- age   3:    4756880 bytes,   11830336 total
- age   4:    2383600 bytes,   14213936 total
- age   5:    3027328 bytes,   17241264 total
- age   6:    3255840 bytes,   20497104 total
: 109248K->21824K(109248K), 0.0171449 secs] 243515K->161809K(502464K), 0.0172362 secs] [Times: user=0.06 sys=0.00, real=0.02 secs] 
Heap after GC invocations=79 (full 5):
 par new generation   total 109248K, used 21824K [0x00000000e0000000, 0x00000000e8000000, 0x00000000e8000000)
  eden space 87424K,   0% used [0x00000000e0000000, 0x00000000e0000000, 0x00000000e5560000)
  from space 21824K, 100% used [0x00000000e6ab0000, 0x00000000e8000000, 0x00000000e8000000)
  to   space 21824K,   0% used [0x00000000e5560000, 0x00000000e5560000, 0x00000000e6ab0000)
 concurrent mark-sweep generation total 393216K, used 139985K [0x00000000e8000000, 0x0000000100000000, 0x0000000100000000)
 Metaspace       used 54659K, capacity 56455K, committed 56780K, reserved 1099776K
  class space    used 6576K, capacity 6995K, committed 7116K, reserved 1048576K
}
2020-06-30T21:21:45.766+0100: 353.410: Total time for which application threads were stopped: 0.0180802 seconds, Stopping threads took: 0.0004862 seconds
2020-06-30T21:21:45.872+0100: 353.516: Total time for which application threads were stopped: 0.0001367 seconds, Stopping threads took: 0.0000628 seconds
{Heap before GC invocations=79 (full 5):
 par new generation   total 109248K, used 109248K [0x00000000e0000000, 0x00000000e8000000, 0x00000000e8000000)
  eden space 87424K, 100% used [0x00000000e0000000, 0x00000000e5560000, 0x00000000e5560000)
  from space 21824K, 100% used [0x00000000e6ab0000, 0x00000000e8000000, 0x00000000e8000000)
  to   space 21824K,   0% used [0x00000000e5560000, 0x00000000e5560000, 0x00000000e6ab0000)
 concurrent mark-sweep generation total 393216K, used 139985K [0x00000000e8000000, 0x0000000100000000, 0x0000000100000000)
 Metaspace       used 54661K, capacity 56455K, committed 56780K, reserved 1099776K
  class space    used 6576K, capacity 6995K, committed 7116K, reserved 1048576K
2020-06-30T21:21:45.976+0100: 353.620: [GC (Allocation Failure) 2020-06-30T21:21:45.976+0100: 353.620: [ParNew
Desired survivor size 20112992 bytes, new threshold 6 (max 8)
- age   1:    5284272 bytes,    5284272 total
- age   2:    2685752 bytes,    7970024 total
- age   3:    3746072 bytes,   11716096 total
- age   4:    4756880 bytes,   16472976 total
- age   5:    2383360 bytes,   18856336 total
- age   6:    3027328 bytes,   21883664 total
: 109248K->21824K(109248K), 0.0170622 secs] 249233K->166427K(502464K), 0.0171464 secs] [Times: user=0.06 sys=0.00, real=0.02 secs] 
Heap after GC invocations=80 (full 5):
 par new generation   total 109248K, used 21824K [0x00000000e0000000, 0x00000000e8000000, 0x00000000e8000000)
  eden space 87424K,   0% used [0x00000000e0000000, 0x00000000e0000000, 0x00000000e5560000)
  from space 21824K, 100% used [0x00000000e5560000, 0x00000000e6ab0000, 0x00000000e6ab0000)
  to   space 21824K,   0% used [0x00000000e6ab0000, 0x00000000e6ab0000, 0x00000000e8000000)
 concurrent mark-sweep generation total 393216K, used 144603K [0x00000000e8000000, 0x0000000100000000, 0x0000000100000000)
 Metaspace       used 54661K, capacity 56455K, committed 56780K, reserved 1099776K
  class space    used 6576K, capacity 6995K, committed 7116K, reserved 1048576K
}
2020-06-30T21:21:45.993+0100: 353.637: Total time for which application threads were stopped: 0.0174370 seconds, Stopping threads took: 0.0000680 seconds
{Heap before GC invocations=80 (full 5):
 par new generation   total 109248K, used 109248K [0x00000000e0000000, 0x00000000e8000000, 0x00000000e8000000)
  eden space 87424K, 100% used [0x00000000e0000000, 0x00000000e5560000, 0x00000000e5560000)
  from space 21824K, 100% used [0x00000000e5560000, 0x00000000e6ab0000, 0x00000000e6ab0000)
  to   space 21824K,   0% used [0x00000000e6ab0000, 0x00000000e6ab0000, 0x00000000e8000000)
 concurrent mark-sweep generation total 393216K, used 144603K [0x00000000e8000000, 0x0000000100000000, 0x0000000100000000)
 Metaspace       used 54663K, capacity 56455K, committed 56780K, reserved 1099776K
  class space    used 6576K, capacity 6995K, committed 7116K, reserved 1048576K
2020-06-30T21:21:46.232+0100: 353.875: [GC (Allocation Failure) 2020-06-30T21:21:46.232+0100: 353.875: [ParNew
Desired survivor size 20112992 bytes, new threshold 6 (max 8)
- age   1:    5785408 bytes,    5785408 total
- age   2:    2576776 bytes,    8362184 total
- age   3:    1902024 bytes,   10264208 total
- age   4:    3746056 bytes,   14010264 total
- age   5:    4756880 bytes,   18767144 total
- age   6:    2370072 bytes,   21137216 total
: 109248K->21824K(109248K), 0.0224449 secs] 253851K->176682K(502464K), 0.0225349 secs] [Times: user=0.06 sys=0.00, real=0.02 secs] 
Heap after GC invocations=81 (full 5):
 par new generation   total 109248K, used 21824K [0x00000000e0000000, 0x00000000e8000000, 0x00000000e8000000)
  eden space 87424K,   0% used [0x00000000e0000000, 0x00000000e0000000, 0x00000000e5560000)
  from space 21824K, 100% used [0x00000000e6ab0000, 0x00000000e8000000, 0x00000000e8000000)
  to   space 21824K,   0% used [0x00000000e5560000, 0x00000000e5560000, 0x00000000e6ab0000)
 concurrent mark-sweep generation total 393216K, used 154858K [0x00000000e8000000, 0x0000000100000000, 0x0000000100000000)
 Metaspace       used 54663K, capacity 56455K, committed 56780K, reserved 1099776K
  class space    used 6576K, capacity 6995K, committed 7116K, reserved 1048576K
}
2020-06-30T21:21:46.255+0100: 353.898: Total time for which application threads were stopped: 0.0228476 seconds, Stopping threads took: 0.0000773 seconds
{Heap before GC invocations=81 (full 5):
 par new generation   total 109248K, used 109248K [0x00000000e0000000, 0x00000000e8000000, 0x00000000e8000000)
  eden space 87424K, 100% used [0x00000000e0000000, 0x00000000e5560000, 0x00000000e5560000)
  from space 21824K, 100% used [0x00000000e6ab0000, 0x00000000e8000000, 0x00000000e8000000)
  to   space 21824K,   0% used [0x00000000e5560000, 0x00000000e5560000, 0x00000000e6ab0000)
 concurrent mark-sweep generation total 393216K, used 154858K [0x00000000e8000000, 0x0000000100000000, 0x0000000100000000)
 Metaspace       used 54665K, capacity 56455K, committed 56780K, reserved 1099776K
  class space    used 6576K, capacity 6995K, committed 7116K, reserved 1048576K
2020-06-30T21:21:46.542+0100: 354.186: [GC (Allocation Failure) 2020-06-30T21:21:46.542+0100: 354.186: [ParNew
Desired survivor size 20112992 bytes, new threshold 6 (max 8)
- age   1:    5146632 bytes,    5146632 total
- age   2:    4018224 bytes,    9164856 total
- age   3:    2574048 bytes,   11738904 total
- age   4:    1901720 bytes,   13640624 total
- age   5:    3746056 bytes,   17386680 total
- age   6:    4756880 bytes,   22143560 total
: 109248K->21824K(109248K), 0.0220578 secs] 264106K->188786K(502464K), 0.0221547 secs] [Times: user=0.06 sys=0.00, real=0.02 secs] 
Heap after GC invocations=82 (full 5):
 par new generation   total 109248K, used 21824K [0x00000000e0000000, 0x00000000e8000000, 0x00000000e8000000)
  eden space 87424K,   0% used [0x00000000e0000000, 0x00000000e0000000, 0x00000000e5560000)
  from space 21824K, 100% used [0x00000000e5560000, 0x00000000e6ab0000, 0x00000000e6ab0000)
  to   space 21824K,   0% used [0x00000000e6ab0000, 0x00000000e6ab0000, 0x00000000e8000000)
 concurrent mark-sweep generation total 393216K, used 166962K [0x00000000e8000000, 0x0000000100000000, 0x0000000100000000)
 Metaspace       used 54665K, capacity 56455K, committed 56780K, reserved 1099776K
  class space    used 6576K, capacity 6995K, committed 7116K, reserved 1048576K
}
2020-06-30T21:21:46.564+0100: 354.208: Total time for which application threads were stopped: 0.0224462 seconds, Stopping threads took: 0.0000684 seconds
2020-06-30T21:21:47.565+0100: 355.208: Total time for which application threads were stopped: 0.0001464 seconds, Stopping threads took: 0.0000648 seconds
2020-06-30T21:21:47.869+0100: 355.513: Total time for which application threads were stopped: 0.0001490 seconds, Stopping threads took: 0.0000784 seconds
2020-06-30T21:21:47.870+0100: 355.513: Total time for which application threads were stopped: 0.0001469 seconds, Stopping threads took: 0.0000830 seconds
2020-06-30T21:21:47.871+0100: 355.515: Total time for which application threads were stopped: 0.0001172 seconds, Stopping threads took: 0.0000587 seconds
2020-06-30T21:21:47.872+0100: 355.515: Total time for which application threads were stopped: 0.0000871 seconds, Stopping threads took: 0.0000435 seconds
2020-06-30T21:21:47.872+0100: 355.515: Total time for which application threads were stopped: 0.0000792 seconds, Stopping threads took: 0.0000443 seconds
2020-06-30T21:21:47.872+0100: 355.516: Total time for which application threads were stopped: 0.0000679 seconds, Stopping threads took: 0.0000340 seconds
2020-06-30T21:21:51.995+0100: 359.638: Total time for which application threads were stopped: 0.0003095 seconds, Stopping threads took: 0.0002597 seconds
2020-06-30T21:21:52.000+0100: 359.644: Total time for which application threads were stopped: 0.0001845 seconds, Stopping threads took: 0.0001025 seconds
2020-06-30T21:21:52.003+0100: 359.646: Total time for which application threads were stopped: 0.0001504 seconds, Stopping threads took: 0.0000971 seconds
{Heap before GC invocations=82 (full 5):
 par new generation   total 109248K, used 109248K [0x00000000e0000000, 0x00000000e8000000, 0x00000000e8000000)
  eden space 87424K, 100% used [0x00000000e0000000, 0x00000000e5560000, 0x00000000e5560000)
  from space 21824K, 100% used [0x00000000e5560000, 0x00000000e6ab0000, 0x00000000e6ab0000)
  to   space 21824K,   0% used [0x00000000e6ab0000, 0x00000000e6ab0000, 0x00000000e8000000)
 concurrent mark-sweep generation total 393216K, used 166962K [0x00000000e8000000, 0x0000000100000000, 0x0000000100000000)
 Metaspace       used 54685K, capacity 56455K, committed 56780K, reserved 1099776K
  class space    used 6576K, capacity 6995K, committed 7116K, reserved 1048576K
2020-06-30T21:21:52.089+0100: 359.733: [GC (Allocation Failure) 2020-06-30T21:21:52.089+0100: 359.733: [ParNew
Desired survivor size 20112992 bytes, new threshold 6 (max 8)
- age   1:    5769688 bytes,    5769688 total
- age   2:    4062360 bytes,    9832048 total
- age   3:    3983688 bytes,   13815736 total
- age   4:    2143552 bytes,   15959288 total
- age   5:    1792736 bytes,   17752024 total
- age   6:    3746056 bytes,   21498080 total
: 109248K->21824K(109248K), 0.0171658 secs] 276210K->198107K(502464K), 0.0172435 secs] [Times: user=0.06 sys=0.00, real=0.02 secs] 
Heap after GC invocations=83 (full 5):
 par new generation   total 109248K, used 21824K [0x00000000e0000000, 0x00000000e8000000, 0x00000000e8000000)
  eden space 87424K,   0% used [0x00000000e0000000, 0x00000000e0000000, 0x00000000e5560000)
  from space 21824K, 100% used [0x00000000e6ab0000, 0x00000000e8000000, 0x00000000e8000000)
  to   space 21824K,   0% used [0x00000000e5560000, 0x00000000e5560000, 0x00000000e6ab0000)
 concurrent mark-sweep generation total 393216K, used 176283K [0x00000000e8000000, 0x0000000100000000, 0x0000000100000000)
 Metaspace       used 54685K, capacity 56455K, committed 56780K, reserved 1099776K
  class space    used 6576K, capacity 6995K, committed 7116K, reserved 1048576K
}
2020-06-30T21:21:52.107+0100: 359.750: Total time for which application threads were stopped: 0.0175083 seconds, Stopping threads took: 0.0000659 seconds
2020-06-30T21:21:52.108+0100: 359.752: Total time for which application threads were stopped: 0.0001159 seconds, Stopping threads took: 0.0000575 seconds
{Heap before GC invocations=83 (full 5):
 par new generation   total 109248K, used 108882K [0x00000000e0000000, 0x00000000e8000000, 0x00000000e8000000)
  eden space 87424K,  99% used [0x00000000e0000000, 0x00000000e5504830, 0x00000000e5560000)
  from space 21824K, 100% used [0x00000000e6ab0000, 0x00000000e8000000, 0x00000000e8000000)
  to   space 21824K,   0% used [0x00000000e5560000, 0x00000000e5560000, 0x00000000e6ab0000)
 concurrent mark-sweep generation total 393216K, used 176283K [0x00000000e8000000, 0x0000000100000000, 0x0000000100000000)
 Metaspace       used 54713K, capacity 56455K, committed 56780K, reserved 1099776K
  class space    used 6576K, capacity 6995K, committed 7116K, reserved 1048576K
2020-06-30T21:21:52.213+0100: 359.857: [GC (Allocation Failure) 2020-06-30T21:21:52.213+0100: 359.857: [ParNew
Desired survivor size 20112992 bytes, new threshold 6 (max 8)
- age   1:    5113056 bytes,    5113056 total
- age   2:    3135640 bytes,    8248696 total
- age   3:    4057600 bytes,   12306296 total
- age   4:    3983688 bytes,   16289984 total
- age   5:    2141504 bytes,   18431488 total
- age   6:    1791744 bytes,   20223232 total
: 108882K->21824K(109248K), 0.0137200 secs] 285165K->203122K(502464K), 0.0138223 secs] [Times: user=0.06 sys=0.00, real=0.01 secs] 
Heap after GC invocations=84 (full 5):
 par new generation   total 109248K, used 21824K [0x00000000e0000000, 0x00000000e8000000, 0x00000000e8000000)
  eden space 87424K,   0% used [0x00000000e0000000, 0x00000000e0000000, 0x00000000e5560000)
  from space 21824K, 100% used [0x00000000e5560000, 0x00000000e6ab0000, 0x00000000e6ab0000)
  to   space 21824K,   0% used [0x00000000e6ab0000, 0x00000000e6ab0000, 0x00000000e8000000)
 concurrent mark-sweep generation total 393216K, used 181298K [0x00000000e8000000, 0x0000000100000000, 0x0000000100000000)
 Metaspace       used 54713K, capacity 56455K, committed 56780K, reserved 1099776K
  class space    used 6576K, capacity 6995K, committed 7116K, reserved 1048576K
}
2020-06-30T21:21:52.227+0100: 359.871: Total time for which application threads were stopped: 0.0141100 seconds, Stopping threads took: 0.0000585 seconds
{Heap before GC invocations=84 (full 5):
 par new generation   total 109248K, used 109248K [0x00000000e0000000, 0x00000000e8000000, 0x00000000e8000000)
  eden space 87424K, 100% used [0x00000000e0000000, 0x00000000e5560000, 0x00000000e5560000)
  from space 21824K, 100% used [0x00000000e5560000, 0x00000000e6ab0000, 0x00000000e6ab0000)
  to   space 21824K,   0% used [0x00000000e6ab0000, 0x00000000e6ab0000, 0x00000000e8000000)
 concurrent mark-sweep generation total 393216K, used 181298K [0x00000000e8000000, 0x0000000100000000, 0x0000000100000000)
 Metaspace       used 54716K, capacity 56519K, committed 56780K, reserved 1099776K
  class space    used 6576K, capacity 6995K, committed 7116K, reserved 1048576K
2020-06-30T21:21:52.348+0100: 359.992: [GC (Allocation Failure) 2020-06-30T21:21:52.348+0100: 359.992: [ParNew
Desired survivor size 20112992 bytes, new threshold 5 (max 8)
- age   1:    5044560 bytes,    5044560 total
- age   2:    4591000 bytes,    9635560 total
- age   3:    3058432 bytes,   12693992 total
- age   4:    3447752 bytes,   16141744 total
- age   5:    3983688 bytes,   20125432 total
- age   6:    2141504 bytes,   22266936 total
: 109248K->21824K(109248K), 0.0161860 secs] 290546K->208291K(502464K), 0.0162748 secs] [Times: user=0.06 sys=0.00, real=0.02 secs] 
Heap after GC invocations=85 (full 5):
 par new generation   total 109248K, used 21824K [0x00000000e0000000, 0x00000000e8000000, 0x00000000e8000000)
  eden space 87424K,   0% used [0x00000000e0000000, 0x00000000e0000000, 0x00000000e5560000)
  from space 21824K, 100% used [0x00000000e6ab0000, 0x00000000e8000000, 0x00000000e8000000)
  to   space 21824K,   0% used [0x00000000e5560000, 0x00000000e5560000, 0x00000000e6ab0000)
 concurrent mark-sweep generation total 393216K, used 186467K [0x00000000e8000000, 0x0000000100000000, 0x0000000100000000)
 Metaspace       used 54716K, capacity 56519K, committed 56780K, reserved 1099776K
  class space    used 6576K, capacity 6995K, committed 7116K, reserved 1048576K
}
2020-06-30T21:21:52.365+0100: 360.008: Total time for which application threads were stopped: 0.0165557 seconds, Stopping threads took: 0.0000724 seconds
{Heap before GC invocations=85 (full 5):
 par new generation   total 109248K, used 109248K [0x00000000e0000000, 0x00000000e8000000, 0x00000000e8000000)
  eden space 87424K, 100% used [0x00000000e0000000, 0x00000000e5560000, 0x00000000e5560000)
  from space 21824K, 100% used [0x00000000e6ab0000, 0x00000000e8000000, 0x00000000e8000000)
  to   space 21824K,   0% used [0x00000000e5560000, 0x00000000e5560000, 0x00000000e6ab0000)
 concurrent mark-sweep generation total 393216K, used 186467K [0x00000000e8000000, 0x0000000100000000, 0x0000000100000000)
 Metaspace       used 54716K, capacity 56519K, committed 56780K, reserved 1099776K
  class space    used 6576K, capacity 6995K, committed 7116K, reserved 1048576K
2020-06-30T21:21:52.469+0100: 360.113: [GC (Allocation Failure) 2020-06-30T21:21:52.469+0100: 360.113: [ParNew
Desired survivor size 20112992 bytes, new threshold 5 (max 8)
- age   1:    7704896 bytes,    7704896 total
- age   2:    4169184 bytes,   11874080 total
- age   3:    3928784 bytes,   15802864 total
- age   4:    2739808 bytes,   18542672 total
- age   5:    2868400 bytes,   21411072 total
: 109248K->21824K(109248K), 0.0178256 secs] 295715K->218153K(502464K), 0.0178967 secs] [Times: user=0.06 sys=0.00, real=0.02 secs] 
Heap after GC invocations=86 (full 5):
 par new generation   total 109248K, used 21824K [0x00000000e0000000, 0x00000000e8000000, 0x00000000e8000000)
  eden space 87424K,   0% used [0x00000000e0000000, 0x00000000e0000000, 0x00000000e5560000)
  from space 21824K, 100% used [0x00000000e5560000, 0x00000000e6ab0000, 0x00000000e6ab0000)
  to   space 21824K,   0% used [0x00000000e6ab0000, 0x00000000e6ab0000, 0x00000000e8000000)
 concurrent mark-sweep generation total 393216K, used 196329K [0x00000000e8000000, 0x0000000100000000, 0x0000000100000000)
 Metaspace       used 54716K, capacity 56519K, committed 56780K, reserved 1099776K
  class space    used 6576K, capacity 6995K, committed 7116K, reserved 1048576K
}
2020-06-30T21:21:52.487+0100: 360.131: Total time for which application threads were stopped: 0.0181112 seconds, Stopping threads took: 0.0000632 seconds
2020-06-30T21:21:53.478+0100: 361.122: Total time for which application threads were stopped: 0.0001878 seconds, Stopping threads took: 0.0000992 seconds
2020-06-30T21:21:53.479+0100: 361.123: Total time for which application threads were stopped: 0.0001385 seconds, Stopping threads took: 0.0000659 seconds
2020-06-30T21:21:53.481+0100: 361.125: Total time for which application threads were stopped: 0.0001400 seconds, Stopping threads took: 0.0000625 seconds
2020-06-30T21:21:53.484+0100: 361.128: Total time for which application threads were stopped: 0.0001470 seconds, Stopping threads took: 0.0000603 seconds
2020-06-30T21:21:53.485+0100: 361.128: Total time for which application threads were stopped: 0.0001828 seconds, Stopping threads took: 0.0001154 seconds
2020-06-30T21:21:53.485+0100: 361.128: Total time for which application threads were stopped: 0.0000936 seconds, Stopping threads took: 0.0000396 seconds
2020-06-30T21:21:53.486+0100: 361.129: Total time for which application threads were stopped: 0.0001551 seconds, Stopping threads took: 0.0000817 seconds
2020-06-30T21:22:02.572+0100: 370.215: Total time for which application threads were stopped: 0.0004311 seconds, Stopping threads took: 0.0002566 seconds
2020-06-30T21:22:02.591+0100: 370.235: Total time for which application threads were stopped: 0.0001455 seconds, Stopping threads took: 0.0000702 seconds
2020-06-30T21:22:02.593+0100: 370.237: Total time for which application threads were stopped: 0.0001555 seconds, Stopping threads took: 0.0000795 seconds
2020-06-30T21:22:02.795+0100: 370.438: Total time for which application threads were stopped: 0.0002033 seconds, Stopping threads took: 0.0000764 seconds
{Heap before GC invocations=86 (full 5):
 par new generation   total 109248K, used 109248K [0x00000000e0000000, 0x00000000e8000000, 0x00000000e8000000)
  eden space 87424K, 100% used [0x00000000e0000000, 0x00000000e5560000, 0x00000000e5560000)
  from space 21824K, 100% used [0x00000000e5560000, 0x00000000e6ab0000, 0x00000000e6ab0000)
  to   space 21824K,   0% used [0x00000000e6ab0000, 0x00000000e6ab0000, 0x00000000e8000000)
 concurrent mark-sweep generation total 393216K, used 196329K [0x00000000e8000000, 0x0000000100000000, 0x0000000100000000)
 Metaspace       used 54764K, capacity 56519K, committed 56780K, reserved 1099776K
  class space    used 6576K, capacity 6995K, committed 7116K, reserved 1048576K
2020-06-30T21:22:02.903+0100: 370.546: [GC (Allocation Failure) 2020-06-30T21:22:02.903+0100: 370.546: [ParNew
Desired survivor size 20112992 bytes, new threshold 5 (max 8)
- age   1:    5929408 bytes,    5929408 total
- age   2:    5957032 bytes,   11886440 total
- age   3:    4074184 bytes,   15960624 total
- age   4:    3480664 bytes,   19441288 total
- age   5:    2452304 bytes,   21893592 total
: 109248K->21824K(109248K), 0.0189292 secs] 305577K->225638K(502464K), 0.0190261 secs] [Times: user=0.06 sys=0.00, real=0.02 secs] 
Heap after GC invocations=87 (full 5):
 par new generation   total 109248K, used 21824K [0x00000000e0000000, 0x00000000e8000000, 0x00000000e8000000)
  eden space 87424K,   0% used [0x00000000e0000000, 0x00000000e0000000, 0x00000000e5560000)
  from space 21824K, 100% used [0x00000000e6ab0000, 0x00000000e8000000, 0x00000000e8000000)
  to   space 21824K,   0% used [0x00000000e5560000, 0x00000000e5560000, 0x00000000e6ab0000)
 concurrent mark-sweep generation total 393216K, used 203814K [0x00000000e8000000, 0x0000000100000000, 0x0000000100000000)
 Metaspace       used 54764K, capacity 56519K, committed 56780K, reserved 1099776K
  class space    used 6576K, capacity 6995K, committed 7116K, reserved 1048576K
}
2020-06-30T21:22:02.922+0100: 370.566: Total time for which application threads were stopped: 0.0193314 seconds, Stopping threads took: 0.0000666 seconds
2020-06-30T21:22:02.922+0100: 370.566: [GC (CMS Initial Mark) [1 CMS-initial-mark: 203814K(393216K)] 226648K(502464K), 0.0063871 secs] [Times: user=0.03 sys=0.00, real=0.01 secs] 
2020-06-30T21:22:02.929+0100: 370.572: Total time for which application threads were stopped: 0.0066914 seconds, Stopping threads took: 0.0000923 seconds
2020-06-30T21:22:02.929+0100: 370.572: [CMS-concurrent-mark-start]
2020-06-30T21:22:02.954+0100: 370.597: [CMS-concurrent-mark: 0.025/0.025 secs] [Times: user=0.06 sys=0.00, real=0.03 secs] 
2020-06-30T21:22:02.954+0100: 370.597: [CMS-concurrent-preclean-start]
2020-06-30T21:22:02.956+0100: 370.600: [CMS-concurrent-preclean: 0.002/0.002 secs] [Times: user=0.00 sys=0.00, real=0.00 secs] 
2020-06-30T21:22:02.958+0100: 370.601: [GC (CMS Final Remark) [YG occupancy: 22835 K (109248 K)]{Heap before GC invocations=87 (full 6):
 par new generation   total 109248K, used 22835K [0x00000000e0000000, 0x00000000e8000000, 0x00000000e8000000)
  eden space 87424K,   1% used [0x00000000e0000000, 0x00000000e00fcc98, 0x00000000e5560000)
  from space 21824K, 100% used [0x00000000e6ab0000, 0x00000000e8000000, 0x00000000e8000000)
  to   space 21824K,   0% used [0x00000000e5560000, 0x00000000e5560000, 0x00000000e6ab0000)
 concurrent mark-sweep generation total 393216K, used 203814K [0x00000000e8000000, 0x0000000100000000, 0x0000000100000000)
 Metaspace       used 54764K, capacity 56519K, committed 56780K, reserved 1099776K
  class space    used 6576K, capacity 6995K, committed 7116K, reserved 1048576K
2020-06-30T21:22:02.958+0100: 370.601: [GC (CMS Final Remark) 2020-06-30T21:22:02.958+0100: 370.601: [ParNew
Desired survivor size 20112992 bytes, new threshold 8 (max 8)
- age   1:        432 bytes,        432 total
- age   2:    4967184 bytes,    4967616 total
- age   3:    5955472 bytes,   10923088 total
- age   4:    4074072 bytes,   14997160 total
- age   5:    3434760 bytes,   18431920 total
: 22835K->21824K(109248K), 0.0134577 secs] 226650K->228866K(502464K), 0.0135386 secs] [Times: user=0.05 sys=0.00, real=0.01 secs] 
Heap after GC invocations=88 (full 6):
 par new generation   total 109248K, used 21824K [0x00000000e0000000, 0x00000000e8000000, 0x00000000e8000000)
  eden space 87424K,   0% used [0x00000000e0000000, 0x00000000e0000000, 0x00000000e5560000)
  from space 21824K, 100% used [0x00000000e5560000, 0x00000000e6ab0000, 0x00000000e6ab0000)
  to   space 21824K,   0% used [0x00000000e6ab0000, 0x00000000e6ab0000, 0x00000000e8000000)
 concurrent mark-sweep generation total 393216K, used 207042K [0x00000000e8000000, 0x0000000100000000, 0x0000000100000000)
 Metaspace       used 54764K, capacity 56519K, committed 56780K, reserved 1099776K
  class space    used 6576K, capacity 6995K, committed 7116K, reserved 1048576K
}
2020-06-30T21:22:02.971+0100: 370.615: [Rescan (parallel) , 0.0067061 secs]2020-06-30T21:22:02.978+0100: 370.622: [weak refs processing, 0.0063101 secs]2020-06-30T21:22:02.984+0100: 370.628: [class unloading, 0.0170161 secs]2020-06-30T21:22:03.001+0100: 370.645: [scrub symbol table, 0.0149490 secs]2020-06-30T21:22:03.016+0100: 370.660: [scrub string table, 0.0007984 secs][1 CMS-remark: 207042K(393216K)] 228866K(502464K), 0.0599168 secs] [Times: user=0.14 sys=0.00, real=0.06 secs] 
2020-06-30T21:22:03.018+0100: 370.661: Total time for which application threads were stopped: 0.0601430 seconds, Stopping threads took: 0.0000652 seconds
2020-06-30T21:22:03.018+0100: 370.661: [CMS-concurrent-sweep-start]
2020-06-30T21:22:03.022+0100: 370.665: Total time for which application threads were stopped: 0.0001893 seconds, Stopping threads took: 0.0000850 seconds
2020-06-30T21:22:03.022+0100: 370.666: Total time for which application threads were stopped: 0.0001367 seconds, Stopping threads took: 0.0000603 seconds
2020-06-30T21:22:03.035+0100: 370.679: Total time for which application threads were stopped: 0.0001780 seconds, Stopping threads took: 0.0000820 seconds
2020-06-30T21:22:03.035+0100: 370.679: Total time for which application threads were stopped: 0.0001244 seconds, Stopping threads took: 0.0000555 seconds
2020-06-30T21:22:03.036+0100: 370.679: Total time for which application threads were stopped: 0.0001266 seconds, Stopping threads took: 0.0000682 seconds
2020-06-30T21:22:03.036+0100: 370.680: Total time for which application threads were stopped: 0.0001149 seconds, Stopping threads took: 0.0000591 seconds
2020-06-30T21:22:03.037+0100: 370.680: Total time for which application threads were stopped: 0.0001177 seconds, Stopping threads took: 0.0000525 seconds
2020-06-30T21:22:03.037+0100: 370.680: Total time for which application threads were stopped: 0.0001013 seconds, Stopping threads took: 0.0000476 seconds
2020-06-30T21:22:03.037+0100: 370.681: Total time for which application threads were stopped: 0.0001227 seconds, Stopping threads took: 0.0000590 seconds
2020-06-30T21:22:03.037+0100: 370.681: Total time for which application threads were stopped: 0.0001106 seconds, Stopping threads took: 0.0000585 seconds
2020-06-30T21:22:03.042+0100: 370.685: Total time for which application threads were stopped: 0.0001929 seconds, Stopping threads took: 0.0000919 seconds
2020-06-30T21:22:03.042+0100: 370.686: Total time for which application threads were stopped: 0.0001417 seconds, Stopping threads took: 0.0000566 seconds
2020-06-30T21:22:03.042+0100: 370.686: Total time for which application threads were stopped: 0.0001457 seconds, Stopping threads took: 0.0000612 seconds
2020-06-30T21:22:03.043+0100: 370.686: Total time for which application threads were stopped: 0.0001844 seconds, Stopping threads took: 0.0001062 seconds
2020-06-30T21:22:03.043+0100: 370.687: Total time for which application threads were stopped: 0.0001291 seconds, Stopping threads took: 0.0000523 seconds
2020-06-30T21:22:03.043+0100: 370.687: Total time for which application threads were stopped: 0.0001273 seconds, Stopping threads took: 0.0000553 seconds
2020-06-30T21:22:03.044+0100: 370.687: Total time for which application threads were stopped: 0.0001238 seconds, Stopping threads took: 0.0000505 seconds
2020-06-30T21:22:03.044+0100: 370.687: Total time for which application threads were stopped: 0.0001153 seconds, Stopping threads took: 0.0000490 seconds
2020-06-30T21:22:03.044+0100: 370.688: Total time for which application threads were stopped: 0.0001067 seconds, Stopping threads took: 0.0000503 seconds
2020-06-30T21:22:03.044+0100: 370.688: Total time for which application threads were stopped: 0.0001051 seconds, Stopping threads took: 0.0000548 seconds
2020-06-30T21:22:03.102+0100: 370.746: [CMS-concurrent-sweep: 0.081/0.085 secs] [Times: user=0.28 sys=0.00, real=0.08 secs] 
2020-06-30T21:22:03.102+0100: 370.746: [CMS-concurrent-reset-start]
2020-06-30T21:22:03.103+0100: 370.747: [CMS-concurrent-reset: 0.001/0.001 secs] [Times: user=0.00 sys=0.00, real=0.00 secs] 
{Heap before GC invocations=88 (full 6):
 par new generation   total 109248K, used 109248K [0x00000000e0000000, 0x00000000e8000000, 0x00000000e8000000)
  eden space 87424K, 100% used [0x00000000e0000000, 0x00000000e5560000, 0x00000000e5560000)
  from space 21824K, 100% used [0x00000000e5560000, 0x00000000e6ab0000, 0x00000000e6ab0000)
  to   space 21824K,   0% used [0x00000000e6ab0000, 0x00000000e6ab0000, 0x00000000e8000000)
 concurrent mark-sweep generation total 393216K, used 87397K [0x00000000e8000000, 0x0000000100000000, 0x0000000100000000)
 Metaspace       used 54784K, capacity 56583K, committed 56780K, reserved 1099776K
  class space    used 6576K, capacity 6995K, committed 7116K, reserved 1048576K
2020-06-30T21:22:03.168+0100: 370.812: [GC (Allocation Failure) 2020-06-30T21:22:03.168+0100: 370.812: [ParNew
Desired survivor size 20112992 bytes, new threshold 6 (max 8)
- age   1:    5146160 bytes,    5146160 total
- age   2:        128 bytes,    5146288 total
- age   3:    4265056 bytes,    9411344 total
- age   4:    4998088 bytes,   14409432 total
- age   5:    4039856 bytes,   18449288 total
- age   6:    3434760 bytes,   21884048 total
: 109248K->21824K(109248K), 0.0164264 secs] 196645K->113872K(502464K), 0.0165065 secs] [Times: user=0.06 sys=0.00, real=0.02 secs] 
Heap after GC invocations=89 (full 6):
 par new generation   total 109248K, used 21824K [0x00000000e0000000, 0x00000000e8000000, 0x00000000e8000000)
  eden space 87424K,   0% used [0x00000000e0000000, 0x00000000e0000000, 0x00000000e5560000)
  from space 21824K, 100% used [0x00000000e6ab0000, 0x00000000e8000000, 0x00000000e8000000)
  to   space 21824K,   0% used [0x00000000e5560000, 0x00000000e5560000, 0x00000000e6ab0000)
 concurrent mark-sweep generation total 393216K, used 92048K [0x00000000e8000000, 0x0000000100000000, 0x0000000100000000)
 Metaspace       used 54784K, capacity 56583K, committed 56780K, reserved 1099776K
  class space    used 6576K, capacity 6995K, committed 7116K, reserved 1048576K
}
2020-06-30T21:22:03.185+0100: 370.828: Total time for which application threads were stopped: 0.0168102 seconds, Stopping threads took: 0.0000553 seconds
{Heap before GC invocations=89 (full 6):
 par new generation   total 109248K, used 109248K [0x00000000e0000000, 0x00000000e8000000, 0x00000000e8000000)
  eden space 87424K, 100% used [0x00000000e0000000, 0x00000000e5560000, 0x00000000e5560000)
  from space 21824K, 100% used [0x00000000e6ab0000, 0x00000000e8000000, 0x00000000e8000000)
  to   space 21824K,   0% used [0x00000000e5560000, 0x00000000e5560000, 0x00000000e6ab0000)
 concurrent mark-sweep generation total 393216K, used 92048K [0x00000000e8000000, 0x0000000100000000, 0x0000000100000000)
 Metaspace       used 54789K, capacity 56583K, committed 56780K, reserved 1099776K
  class space    used 6576K, capacity 6995K, committed 7116K, reserved 1048576K
2020-06-30T21:22:03.397+0100: 371.040: [GC (Allocation Failure) 2020-06-30T21:22:03.397+0100: 371.040: [ParNew
Desired survivor size 20112992 bytes, new threshold 6 (max 8)
- age   1:    4709480 bytes,    4709480 total
- age   2:    3746240 bytes,    8455720 total
- age   3:        128 bytes,    8455848 total
- age   4:    4249496 bytes,   12705344 total
- age   5:    4998088 bytes,   17703432 total
- age   6:    4039856 bytes,   21743288 total
: 109248K->21824K(109248K), 0.0179728 secs] 201296K->120322K(502464K), 0.0180761 secs] [Times: user=0.01 sys=0.02, real=0.02 secs] 
Heap after GC invocations=90 (full 6):
 par new generation   total 109248K, used 21824K [0x00000000e0000000, 0x00000000e8000000, 0x00000000e8000000)
  eden space 87424K,   0% used [0x00000000e0000000, 0x00000000e0000000, 0x00000000e5560000)
  from space 21824K, 100% used [0x00000000e5560000, 0x00000000e6ab0000, 0x00000000e6ab0000)
  to   space 21824K,   0% used [0x00000000e6ab0000, 0x00000000e6ab0000, 0x00000000e8000000)
 concurrent mark-sweep generation total 393216K, used 98498K [0x00000000e8000000, 0x0000000100000000, 0x0000000100000000)
 Metaspace       used 54789K, capacity 56583K, committed 56780K, reserved 1099776K
  class space    used 6576K, capacity 6995K, committed 7116K, reserved 1048576K
}
2020-06-30T21:22:03.415+0100: 371.058: Total time for which application threads were stopped: 0.0183795 seconds, Stopping threads took: 0.0000575 seconds
2020-06-30T21:22:04.416+0100: 372.060: Total time for which application threads were stopped: 0.0004545 seconds, Stopping threads took: 0.0003752 seconds
2020-06-30T21:22:04.634+0100: 372.278: Total time for which application threads were stopped: 0.0001598 seconds, Stopping threads took: 0.0000798 seconds
2020-06-30T21:22:04.635+0100: 372.278: Total time for which application threads were stopped: 0.0001271 seconds, Stopping threads took: 0.0000706 seconds
2020-06-30T21:22:04.635+0100: 372.279: Total time for which application threads were stopped: 0.0000977 seconds, Stopping threads took: 0.0000479 seconds
2020-06-30T21:22:04.635+0100: 372.279: Total time for which application threads were stopped: 0.0002788 seconds, Stopping threads took: 0.0000479 seconds
2020-06-30T21:22:05.636+0100: 373.279: Total time for which application threads were stopped: 0.0001444 seconds, Stopping threads took: 0.0000914 seconds
2020-06-30T21:22:10.366+0100: 378.009: Total time for which application threads were stopped: 0.0002492 seconds, Stopping threads took: 0.0002039 seconds
2020-06-30T21:22:10.370+0100: 378.013: Total time for which application threads were stopped: 0.0001491 seconds, Stopping threads took: 0.0000777 seconds
2020-06-30T21:22:10.372+0100: 378.015: Total time for which application threads were stopped: 0.0001390 seconds, Stopping threads took: 0.0000723 seconds
{Heap before GC invocations=90 (full 6):
 par new generation   total 109248K, used 109248K [0x00000000e0000000, 0x00000000e8000000, 0x00000000e8000000)
  eden space 87424K, 100% used [0x00000000e0000000, 0x00000000e5560000, 0x00000000e5560000)
  from space 21824K, 100% used [0x00000000e5560000, 0x00000000e6ab0000, 0x00000000e6ab0000)
  to   space 21824K,   0% used [0x00000000e6ab0000, 0x00000000e6ab0000, 0x00000000e8000000)
 concurrent mark-sweep generation total 393216K, used 98498K [0x00000000e8000000, 0x0000000100000000, 0x0000000100000000)
 Metaspace       used 54829K, capacity 56647K, committed 56780K, reserved 1099776K
  class space    used 6576K, capacity 6995K, committed 7116K, reserved 1048576K
2020-06-30T21:22:10.423+0100: 378.066: [GC (Allocation Failure) 2020-06-30T21:22:10.423+0100: 378.067: [ParNew
Desired survivor size 20112992 bytes, new threshold 8 (max 8)
- age   1:    3511040 bytes,    3511040 total
- age   2:    3820544 bytes,    7331584 total
- age   3:    3556144 bytes,   10887728 total
- age   4:        128 bytes,   10887856 total
- age   5:    3886024 bytes,   14773880 total
- age   6:    4998088 bytes,   19771968 total
: 109248K->21824K(109248K), 0.0137568 secs] 207746K->124758K(502464K), 0.0138276 secs] [Times: user=0.06 sys=0.00, real=0.01 secs] 
Heap after GC invocations=91 (full 6):
 par new generation   total 109248K, used 21824K [0x00000000e0000000, 0x00000000e8000000, 0x00000000e8000000)
  eden space 87424K,   0% used [0x00000000e0000000, 0x00000000e0000000, 0x00000000e5560000)
  from space 21824K, 100% used [0x00000000e6ab0000, 0x00000000e8000000, 0x00000000e8000000)
  to   space 21824K,   0% used [0x00000000e5560000, 0x00000000e5560000, 0x00000000e6ab0000)
 concurrent mark-sweep generation total 393216K, used 102934K [0x00000000e8000000, 0x0000000100000000, 0x0000000100000000)
 Metaspace       used 54829K, capacity 56647K, committed 56780K, reserved 1099776K
  class space    used 6576K, capacity 6995K, committed 7116K, reserved 1048576K
}
2020-06-30T21:22:10.437+0100: 378.080: Total time for which application threads were stopped: 0.0140271 seconds, Stopping threads took: 0.0000493 seconds
2020-06-30T21:22:10.473+0100: 378.117: Total time for which application threads were stopped: 0.0001217 seconds, Stopping threads took: 0.0000604 seconds
{Heap before GC invocations=91 (full 6):
 par new generation   total 109248K, used 109248K [0x00000000e0000000, 0x00000000e8000000, 0x00000000e8000000)
  eden space 87424K, 100% used [0x00000000e0000000, 0x00000000e5560000, 0x00000000e5560000)
  from space 21824K, 100% used [0x00000000e6ab0000, 0x00000000e8000000, 0x00000000e8000000)
  to   space 21824K,   0% used [0x00000000e5560000, 0x00000000e5560000, 0x00000000e6ab0000)
 concurrent mark-sweep generation total 393216K, used 102934K [0x00000000e8000000, 0x0000000100000000, 0x0000000100000000)
 Metaspace       used 54829K, capacity 56647K, committed 56780K, reserved 1099776K
  class space    used 6576K, capacity 6995K, committed 7116K, reserved 1048576K
2020-06-30T21:22:10.528+0100: 378.171: [GC (Allocation Failure) 2020-06-30T21:22:10.528+0100: 378.171: [ParNew
Desired survivor size 20112992 bytes, new threshold 7 (max 8)
- age   1:    2706776 bytes,    2706776 total
- age   2:    3163952 bytes,    5870728 total
- age   3:    3690216 bytes,    9560944 total
- age   4:    3558704 bytes,   13119648 total
- age   5:        128 bytes,   13119776 total
- age   6:    3797616 bytes,   16917392 total
- age   7:    4998088 bytes,   21915480 total
: 109248K->21824K(109248K), 0.0131248 secs] 212182K->128622K(502464K), 0.0131874 secs] [Times: user=0.06 sys=0.00, real=0.01 secs] 
Heap after GC invocations=92 (full 6):
 par new generation   total 109248K, used 21824K [0x00000000e0000000, 0x00000000e8000000, 0x00000000e8000000)
  eden space 87424K,   0% used [0x00000000e0000000, 0x00000000e0000000, 0x00000000e5560000)
  from space 21824K, 100% used [0x00000000e5560000, 0x00000000e6ab0000, 0x00000000e6ab0000)
  to   space 21824K,   0% used [0x00000000e6ab0000, 0x00000000e6ab0000, 0x00000000e8000000)
 concurrent mark-sweep generation total 393216K, used 106798K [0x00000000e8000000, 0x0000000100000000, 0x0000000100000000)
 Metaspace       used 54829K, capacity 56647K, committed 56780K, reserved 1099776K
  class space    used 6576K, capacity 6995K, committed 7116K, reserved 1048576K
}
2020-06-30T21:22:10.541+0100: 378.184: Total time for which application threads were stopped: 0.0133998 seconds, Stopping threads took: 0.0000585 seconds
{Heap before GC invocations=92 (full 6):
 par new generation   total 109248K, used 109248K [0x00000000e0000000, 0x00000000e8000000, 0x00000000e8000000)
  eden space 87424K, 100% used [0x00000000e0000000, 0x00000000e5560000, 0x00000000e5560000)
  from space 21824K, 100% used [0x00000000e5560000, 0x00000000e6ab0000, 0x00000000e6ab0000)
  to   space 21824K,   0% used [0x00000000e6ab0000, 0x00000000e6ab0000, 0x00000000e8000000)
 concurrent mark-sweep generation total 393216K, used 106798K [0x00000000e8000000, 0x0000000100000000, 0x0000000100000000)
 Metaspace       used 54829K, capacity 56647K, committed 56780K, reserved 1099776K
  class space    used 6576K, capacity 6995K, committed 7116K, reserved 1048576K
2020-06-30T21:22:10.630+0100: 378.273: [GC (Allocation Failure) 2020-06-30T21:22:10.630+0100: 378.273: [ParNew
Desired survivor size 20112992 bytes, new threshold 7 (max 8)
- age   1:    5688664 bytes,    5688664 total
- age   2:    2449920 bytes,    8138584 total
- age   3:    3163576 bytes,   11302160 total
- age   4:    3690216 bytes,   14992376 total
- age   5:    3553832 bytes,   18546208 total
- age   6:        128 bytes,   18546336 total
- age   7:    3797576 bytes,   22343912 total
: 109248K->21824K(109248K), 0.0188856 secs] 216046K->139730K(502464K), 0.0189672 secs] [Times: user=0.13 sys=0.00, real=0.02 secs] 
Heap after GC invocations=93 (full 6):
 par new generation   total 109248K, used 21824K [0x00000000e0000000, 0x00000000e8000000, 0x00000000e8000000)
  eden space 87424K,   0% used [0x00000000e0000000, 0x00000000e0000000, 0x00000000e5560000)
  from space 21824K, 100% used [0x00000000e6ab0000, 0x00000000e8000000, 0x00000000e8000000)
  to   space 21824K,   0% used [0x00000000e5560000, 0x00000000e5560000, 0x00000000e6ab0000)
 concurrent mark-sweep generation total 393216K, used 117906K [0x00000000e8000000, 0x0000000100000000, 0x0000000100000000)
 Metaspace       used 54829K, capacity 56647K, committed 56780K, reserved 1099776K
  class space    used 6576K, capacity 6995K, committed 7116K, reserved 1048576K
}
2020-06-30T21:22:10.649+0100: 378.292: Total time for which application threads were stopped: 0.0192761 seconds, Stopping threads took: 0.0000998 seconds
{Heap before GC invocations=93 (full 6):
 par new generation   total 109248K, used 109248K [0x00000000e0000000, 0x00000000e8000000, 0x00000000e8000000)
  eden space 87424K, 100% used [0x00000000e0000000, 0x00000000e5560000, 0x00000000e5560000)
  from space 21824K, 100% used [0x00000000e6ab0000, 0x00000000e8000000, 0x00000000e8000000)
  to   space 21824K,   0% used [0x00000000e5560000, 0x00000000e5560000, 0x00000000e6ab0000)
 concurrent mark-sweep generation total 393216K, used 117906K [0x00000000e8000000, 0x0000000100000000, 0x0000000100000000)
 Metaspace       used 54833K, capacity 56647K, committed 56780K, reserved 1099776K
  class space    used 6576K, capacity 6995K, committed 7116K, reserved 1048576K
2020-06-30T21:22:10.756+0100: 378.399: [GC (Allocation Failure) 2020-06-30T21:22:10.756+0100: 378.399: [ParNew
Desired survivor size 20112992 bytes, new threshold 6 (max 8)
- age   1:    6815376 bytes,    6815376 total
- age   2:    2702096 bytes,    9517472 total
- age   3:    2444272 bytes,   11961744 total
- age   4:    3151896 bytes,   15113640 total
- age   5:    3344808 bytes,   18458448 total
- age   6:    3553832 bytes,   22012280 total
- age   7:        128 bytes,   22012408 total
: 109248K->21824K(109248K), 0.0183025 secs] 227154K->154191K(502464K), 0.0183736 secs] [Times: user=0.06 sys=0.00, real=0.02 secs] 
Heap after GC invocations=94 (full 6):
 par new generation   total 109248K, used 21824K [0x00000000e0000000, 0x00000000e8000000, 0x00000000e8000000)
  eden space 87424K,   0% used [0x00000000e0000000, 0x00000000e0000000, 0x00000000e5560000)
  from space 21824K, 100% used [0x00000000e5560000, 0x00000000e6ab0000, 0x00000000e6ab0000)
  to   space 21824K,   0% used [0x00000000e6ab0000, 0x00000000e6ab0000, 0x00000000e8000000)
 concurrent mark-sweep generation total 393216K, used 132367K [0x00000000e8000000, 0x0000000100000000, 0x0000000100000000)
 Metaspace       used 54833K, capacity 56647K, committed 56780K, reserved 1099776K
  class space    used 6576K, capacity 6995K, committed 7116K, reserved 1048576K
}
2020-06-30T21:22:10.774+0100: 378.418: Total time for which application threads were stopped: 0.0185969 seconds, Stopping threads took: 0.0000702 seconds
2020-06-30T21:22:11.363+0100: 379.006: Total time for which application threads were stopped: 0.0002262 seconds, Stopping threads took: 0.0000646 seconds
2020-06-30T21:22:11.363+0100: 379.006: Total time for which application threads were stopped: 0.0000847 seconds, Stopping threads took: 0.0000397 seconds
2020-06-30T21:22:12.364+0100: 380.007: Total time for which application threads were stopped: 0.0001372 seconds, Stopping threads took: 0.0000640 seconds
2020-06-30T21:22:24.380+0100: 392.024: Total time for which application threads were stopped: 0.0002844 seconds, Stopping threads took: 0.0002382 seconds
2020-06-30T21:22:24.388+0100: 392.032: Total time for which application threads were stopped: 0.0001484 seconds, Stopping threads took: 0.0000656 seconds
2020-06-30T21:22:24.389+0100: 392.033: Total time for which application threads were stopped: 0.0001568 seconds, Stopping threads took: 0.0000757 seconds
{Heap before GC invocations=94 (full 6):
 par new generation   total 109248K, used 109248K [0x00000000e0000000, 0x00000000e8000000, 0x00000000e8000000)
  eden space 87424K, 100% used [0x00000000e0000000, 0x00000000e5560000, 0x00000000e5560000)
  from space 21824K, 100% used [0x00000000e5560000, 0x00000000e6ab0000, 0x00000000e6ab0000)
  to   space 21824K,   0% used [0x00000000e6ab0000, 0x00000000e6ab0000, 0x00000000e8000000)
 concurrent mark-sweep generation total 393216K, used 132367K [0x00000000e8000000, 0x0000000100000000, 0x0000000100000000)
 Metaspace       used 54879K, capacity 56651K, committed 56780K, reserved 1099776K
  class space    used 6576K, capacity 6995K, committed 7116K, reserved 1048576K
2020-06-30T21:22:24.493+0100: 392.137: [GC (Allocation Failure) 2020-06-30T21:22:24.493+0100: 392.137: [ParNew
Desired survivor size 20112992 bytes, new threshold 6 (max 8)
- age   1:    8234232 bytes,    8234232 total
- age   2:    4053024 bytes,   12287256 total
- age   3:    1508400 bytes,   13795656 total
- age   4:    2011024 bytes,   15806680 total
- age   5:    2739688 bytes,   18546368 total
- age   6:    3325136 bytes,   21871504 total
: 109248K->21824K(109248K), 0.0166966 secs] 241615K->161274K(502464K), 0.0168115 secs] [Times: user=0.02 sys=0.02, real=0.02 secs] 
Heap after GC invocations=95 (full 6):
 par new generation   total 109248K, used 21824K [0x00000000e0000000, 0x00000000e8000000, 0x00000000e8000000)
  eden space 87424K,   0% used [0x00000000e0000000, 0x00000000e0000000, 0x00000000e5560000)
  from space 21824K, 100% used [0x00000000e6ab0000, 0x00000000e8000000, 0x00000000e8000000)
  to   space 21824K,   0% used [0x00000000e5560000, 0x00000000e5560000, 0x00000000e6ab0000)
 concurrent mark-sweep generation total 393216K, used 139450K [0x00000000e8000000, 0x0000000100000000, 0x0000000100000000)
 Metaspace       used 54879K, capacity 56651K, committed 56780K, reserved 1099776K
  class space    used 6576K, capacity 6995K, committed 7116K, reserved 1048576K
}
2020-06-30T21:22:24.510+0100: 392.154: Total time for which application threads were stopped: 0.0171262 seconds, Stopping threads took: 0.0000682 seconds
2020-06-30T21:22:24.510+0100: 392.154: Total time for which application threads were stopped: 0.0003390 seconds, Stopping threads took: 0.0000673 seconds
2020-06-30T21:22:24.519+0100: 392.162: Total time for which application threads were stopped: 0.0002030 seconds, Stopping threads took: 0.0000620 seconds
{Heap before GC invocations=95 (full 6):
 par new generation   total 109248K, used 109248K [0x00000000e0000000, 0x00000000e8000000, 0x00000000e8000000)
  eden space 87424K, 100% used [0x00000000e0000000, 0x00000000e5560000, 0x00000000e5560000)
  from space 21824K, 100% used [0x00000000e6ab0000, 0x00000000e8000000, 0x00000000e8000000)
  to   space 21824K,   0% used [0x00000000e5560000, 0x00000000e5560000, 0x00000000e6ab0000)
 concurrent mark-sweep generation total 393216K, used 139450K [0x00000000e8000000, 0x0000000100000000, 0x0000000100000000)
 Metaspace       used 54884K, capacity 56651K, committed 56780K, reserved 1099776K
  class space    used 6576K, capacity 6995K, committed 7116K, reserved 1048576K
2020-06-30T21:22:24.620+0100: 392.263: [GC (Allocation Failure) 2020-06-30T21:22:24.620+0100: 392.263: [ParNew
Desired survivor size 20112992 bytes, new threshold 6 (max 8)
- age   1:    7777640 bytes,    7777640 total
- age   2:    3507960 bytes,   11285600 total
- age   3:    3873288 bytes,   15158888 total
- age   4:    1508128 bytes,   16667016 total
- age   5:    2008824 bytes,   18675840 total
- age   6:    2624392 bytes,   21300232 total
: 109248K->21824K(109248K), 0.0132040 secs] 248698K->166585K(502464K), 0.0132734 secs] [Times: user=0.06 sys=0.00, real=0.01 secs] 
Heap after GC invocations=96 (full 6):
 par new generation   total 109248K, used 21824K [0x00000000e0000000, 0x00000000e8000000, 0x00000000e8000000)
  eden space 87424K,   0% used [0x00000000e0000000, 0x00000000e0000000, 0x00000000e5560000)
  from space 21824K, 100% used [0x00000000e5560000, 0x00000000e6ab0000, 0x00000000e6ab0000)
  to   space 21824K,   0% used [0x00000000e6ab0000, 0x00000000e6ab0000, 0x00000000e8000000)
 concurrent mark-sweep generation total 393216K, used 144761K [0x00000000e8000000, 0x0000000100000000, 0x0000000100000000)
 Metaspace       used 54884K, capacity 56651K, committed 56780K, reserved 1099776K
  class space    used 6576K, capacity 6995K, committed 7116K, reserved 1048576K
}
2020-06-30T21:22:24.633+0100: 392.277: Total time for which application threads were stopped: 0.0134925 seconds, Stopping threads took: 0.0000655 seconds
2020-06-30T21:22:24.634+0100: 392.277: Total time for which application threads were stopped: 0.0001885 seconds, Stopping threads took: 0.0000806 seconds
2020-06-30T21:22:24.634+0100: 392.277: Total time for which application threads were stopped: 0.0001281 seconds, Stopping threads took: 0.0000761 seconds
2020-06-30T21:22:24.634+0100: 392.278: Total time for which application threads were stopped: 0.0001980 seconds, Stopping threads took: 0.0000579 seconds
2020-06-30T21:22:24.634+0100: 392.278: Total time for which application threads were stopped: 0.0001760 seconds, Stopping threads took: 0.0000502 seconds
{Heap before GC invocations=96 (full 6):
 par new generation   total 109248K, used 109248K [0x00000000e0000000, 0x00000000e8000000, 0x00000000e8000000)
  eden space 87424K, 100% used [0x00000000e0000000, 0x00000000e5560000, 0x00000000e5560000)
  from space 21824K, 100% used [0x00000000e5560000, 0x00000000e6ab0000, 0x00000000e6ab0000)
  to   space 21824K,   0% used [0x00000000e6ab0000, 0x00000000e6ab0000, 0x00000000e8000000)
 concurrent mark-sweep generation total 393216K, used 144761K [0x00000000e8000000, 0x0000000100000000, 0x0000000100000000)
 Metaspace       used 54884K, capacity 56651K, committed 56780K, reserved 1099776K
  class space    used 6576K, capacity 6995K, committed 7116K, reserved 1048576K
2020-06-30T21:22:24.747+0100: 392.391: [GC (Allocation Failure) 2020-06-30T21:22:24.747+0100: 392.391: [ParNew
Desired survivor size 20112992 bytes, new threshold 8 (max 8)
- age   1:    6954096 bytes,    6954096 total
- age   2:    3688128 bytes,   10642224 total
- age   3:    1358688 bytes,   12000912 total
- age   4:    3831184 bytes,   15832096 total
- age   5:    1508128 bytes,   17340224 total
- age   6:    2008704 bytes,   19348928 total
: 109248K->21824K(109248K), 0.0134324 secs] 254009K->169665K(502464K), 0.0135053 secs] [Times: user=0.00 sys=0.01, real=0.01 secs] 
Heap after GC invocations=97 (full 6):
 par new generation   total 109248K, used 21824K [0x00000000e0000000, 0x00000000e8000000, 0x00000000e8000000)
  eden space 87424K,   0% used [0x00000000e0000000, 0x00000000e0000000, 0x00000000e5560000)
  from space 21824K, 100% used [0x00000000e6ab0000, 0x00000000e8000000, 0x00000000e8000000)
  to   space 21824K,   0% used [0x00000000e5560000, 0x00000000e5560000, 0x00000000e6ab0000)
 concurrent mark-sweep generation total 393216K, used 147841K [0x00000000e8000000, 0x0000000100000000, 0x0000000100000000)
 Metaspace       used 54884K, capacity 56651K, committed 56780K, reserved 1099776K
  class space    used 6576K, capacity 6995K, committed 7116K, reserved 1048576K
}
2020-06-30T21:22:24.761+0100: 392.404: Total time for which application threads were stopped: 0.0137352 seconds, Stopping threads took: 0.0000701 seconds
{Heap before GC invocations=97 (full 6):
 par new generation   total 109248K, used 109248K [0x00000000e0000000, 0x00000000e8000000, 0x00000000e8000000)
  eden space 87424K, 100% used [0x00000000e0000000, 0x00000000e5560000, 0x00000000e5560000)
  from space 21824K, 100% used [0x00000000e6ab0000, 0x00000000e8000000, 0x00000000e8000000)
  to   space 21824K,   0% used [0x00000000e5560000, 0x00000000e5560000, 0x00000000e6ab0000)
 concurrent mark-sweep generation total 393216K, used 147841K [0x00000000e8000000, 0x0000000100000000, 0x0000000100000000)
 Metaspace       used 54884K, capacity 56651K, committed 56780K, reserved 1099776K
  class space    used 6576K, capacity 6995K, committed 7116K, reserved 1048576K
2020-06-30T21:22:24.854+0100: 392.498: [GC (Allocation Failure) 2020-06-30T21:22:24.854+0100: 392.498: [ParNew
Desired survivor size 20112992 bytes, new threshold 6 (max 8)
- age   1:    7401216 bytes,    7401216 total
- age   2:    4632184 bytes,   12033400 total
- age   3:    1602104 bytes,   13635504 total
- age   4:    1358552 bytes,   14994056 total
- age   5:    3830512 bytes,   18824568 total
- age   6:    1508128 bytes,   20332696 total
- age   7:    2008704 bytes,   22341400 total
: 109248K->21824K(109248K), 0.0138984 secs] 257089K->173195K(502464K), 0.0139706 secs] [Times: user=0.06 sys=0.00, real=0.01 secs] 
Heap after GC invocations=98 (full 6):
 par new generation   total 109248K, used 21824K [0x00000000e0000000, 0x00000000e8000000, 0x00000000e8000000)
  eden space 87424K,   0% used [0x00000000e0000000, 0x00000000e0000000, 0x00000000e5560000)
  from space 21824K, 100% used [0x00000000e5560000, 0x00000000e6ab0000, 0x00000000e6ab0000)
  to   space 21824K,   0% used [0x00000000e6ab0000, 0x00000000e6ab0000, 0x00000000e8000000)
 concurrent mark-sweep generation total 393216K, used 151371K [0x00000000e8000000, 0x0000000100000000, 0x0000000100000000)
 Metaspace       used 54884K, capacity 56651K, committed 56780K, reserved 1099776K
  class space    used 6576K, capacity 6995K, committed 7116K, reserved 1048576K
}
2020-06-30T21:22:24.868+0100: 392.512: Total time for which application threads were stopped: 0.0141855 seconds, Stopping threads took: 0.0000571 seconds
2020-06-30T21:22:25.868+0100: 393.512: Total time for which application threads were stopped: 0.0005803 seconds, Stopping threads took: 0.0004934 seconds
2020-06-30T21:22:25.889+0100: 393.532: Total time for which application threads were stopped: 0.0001582 seconds, Stopping threads took: 0.0000614 seconds
2020-06-30T21:22:25.889+0100: 393.532: Total time for which application threads were stopped: 0.0001062 seconds, Stopping threads took: 0.0000460 seconds
2020-06-30T21:22:25.889+0100: 393.533: Total time for which application threads were stopped: 0.0001210 seconds, Stopping threads took: 0.0000434 seconds
2020-06-30T21:22:25.889+0100: 393.533: Total time for which application threads were stopped: 0.0001058 seconds, Stopping threads took: 0.0000459 seconds
2020-06-30T21:22:26.226+0100: 393.870: Total time for which application threads were stopped: 0.0003334 seconds, Stopping threads took: 0.0002416 seconds
2020-06-30T21:22:26.414+0100: 394.058: Total time for which application threads were stopped: 0.0001490 seconds, Stopping threads took: 0.0000609 seconds
{Heap before GC invocations=98 (full 6):
 par new generation   total 109248K, used 109248K [0x00000000e0000000, 0x00000000e8000000, 0x00000000e8000000)
  eden space 87424K, 100% used [0x00000000e0000000, 0x00000000e5560000, 0x00000000e5560000)
  from space 21824K, 100% used [0x00000000e5560000, 0x00000000e6ab0000, 0x00000000e6ab0000)
  to   space 21824K,   0% used [0x00000000e6ab0000, 0x00000000e6ab0000, 0x00000000e8000000)
 concurrent mark-sweep generation total 393216K, used 151371K [0x00000000e8000000, 0x0000000100000000, 0x0000000100000000)
 Metaspace       used 54896K, capacity 56651K, committed 56780K, reserved 1099776K
  class space    used 6576K, capacity 6995K, committed 7116K, reserved 1048576K
2020-06-30T21:22:26.462+0100: 394.106: [GC (Allocation Failure) 2020-06-30T21:22:26.462+0100: 394.106: [ParNew
Desired survivor size 20112992 bytes, new threshold 6 (max 8)
- age   1:    7637536 bytes,    7637536 total
- age   2:    4051696 bytes,   11689232 total
- age   3:    4487168 bytes,   16176400 total
- age   4:    1187936 bytes,   17364336 total
- age   5:    1144120 bytes,   18508456 total
- age   6:    3830432 bytes,   22338888 total
: 109248K->21824K(109248K), 0.0199127 secs] 260619K->179956K(502464K), 0.0200150 secs] [Times: user=0.06 sys=0.00, real=0.02 secs] 
Heap after GC invocations=99 (full 6):
 par new generation   total 109248K, used 21824K [0x00000000e0000000, 0x00000000e8000000, 0x00000000e8000000)
  eden space 87424K,   0% used [0x00000000e0000000, 0x00000000e0000000, 0x00000000e5560000)
  from space 21824K, 100% used [0x00000000e6ab0000, 0x00000000e8000000, 0x00000000e8000000)
  to   space 21824K,   0% used [0x00000000e5560000, 0x00000000e5560000, 0x00000000e6ab0000)
 concurrent mark-sweep generation total 393216K, used 158132K [0x00000000e8000000, 0x0000000100000000, 0x0000000100000000)
 Metaspace       used 54896K, capacity 56651K, committed 56780K, reserved 1099776K
  class space    used 6576K, capacity 6995K, committed 7116K, reserved 1048576K
}
2020-06-30T21:22:26.482+0100: 394.126: Total time for which application threads were stopped: 0.0203469 seconds, Stopping threads took: 0.0000738 seconds
{Heap before GC invocations=99 (full 6):
 par new generation   total 109248K, used 109248K [0x00000000e0000000, 0x00000000e8000000, 0x00000000e8000000)
  eden space 87424K, 100% used [0x00000000e0000000, 0x00000000e5560000, 0x00000000e5560000)
  from space 21824K, 100% used [0x00000000e6ab0000, 0x00000000e8000000, 0x00000000e8000000)
  to   space 21824K,   0% used [0x00000000e5560000, 0x00000000e5560000, 0x00000000e6ab0000)
 concurrent mark-sweep generation total 393216K, used 158132K [0x00000000e8000000, 0x0000000100000000, 0x0000000100000000)
 Metaspace       used 54899K, capacity 56651K, committed 56780K, reserved 1099776K
  class space    used 6576K, capacity 6995K, committed 7116K, reserved 1048576K
2020-06-30T21:22:26.692+0100: 394.335: [GC (Allocation Failure) 2020-06-30T21:22:26.692+0100: 394.335: [ParNew
Desired survivor size 20112992 bytes, new threshold 5 (max 8)
- age   1:    6931848 bytes,    6931848 total
- age   2:    4499288 bytes,   11431136 total
- age   3:    4051424 bytes,   15482560 total
- age   4:    4487088 bytes,   19969648 total
- age   5:    1185888 bytes,   21155536 total
- age   6:    1143936 bytes,   22299472 total
: 109248K->21824K(109248K), 0.0168081 secs] 267380K->185798K(502464K), 0.0168993 secs] [Times: user=0.08 sys=0.00, real=0.02 secs] 
Heap after GC invocations=100 (full 6):
 par new generation   total 109248K, used 21824K [0x00000000e0000000, 0x00000000e8000000, 0x00000000e8000000)
  eden space 87424K,   0% used [0x00000000e0000000, 0x00000000e0000000, 0x00000000e5560000)
  from space 21824K, 100% used [0x00000000e5560000, 0x00000000e6ab0000, 0x00000000e6ab0000)
  to   space 21824K,   0% used [0x00000000e6ab0000, 0x00000000e6ab0000, 0x00000000e8000000)
 concurrent mark-sweep generation total 393216K, used 163974K [0x00000000e8000000, 0x0000000100000000, 0x0000000100000000)
 Metaspace       used 54899K, capacity 56651K, committed 56780K, reserved 1099776K
  class space    used 6576K, capacity 6995K, committed 7116K, reserved 1048576K
}
2020-06-30T21:22:26.709+0100: 394.352: Total time for which application threads were stopped: 0.0296118 seconds, Stopping threads took: 0.0124708 seconds
{Heap before GC invocations=100 (full 6):
 par new generation   total 109248K, used 109248K [0x00000000e0000000, 0x00000000e8000000, 0x00000000e8000000)
  eden space 87424K, 100% used [0x00000000e0000000, 0x00000000e5560000, 0x00000000e5560000)
  from space 21824K, 100% used [0x00000000e5560000, 0x00000000e6ab0000, 0x00000000e6ab0000)
  to   space 21824K,   0% used [0x00000000e6ab0000, 0x00000000e6ab0000, 0x00000000e8000000)
 concurrent mark-sweep generation total 393216K, used 163974K [0x00000000e8000000, 0x0000000100000000, 0x0000000100000000)
 Metaspace       used 54902K, capacity 56651K, committed 56780K, reserved 1099776K
  class space    used 6576K, capacity 6995K, committed 7116K, reserved 1048576K
2020-06-30T21:22:26.945+0100: 394.589: [GC (Allocation Failure) 2020-06-30T21:22:26.945+0100: 394.589: [ParNew
Desired survivor size 20112992 bytes, new threshold 5 (max 8)
- age   1:    4942784 bytes,    4942784 total
- age   2:    3683032 bytes,    8625816 total
- age   3:    4399440 bytes,   13025256 total
- age   4:    4050344 bytes,   17075600 total
- age   5:    4464128 bytes,   21539728 total
: 109248K->21824K(109248K), 0.0171589 secs] 273222K->190279K(502464K), 0.0172538 secs] [Times: user=0.03 sys=0.02, real=0.02 secs] 
Heap after GC invocations=101 (full 6):
 par new generation   total 109248K, used 21824K [0x00000000e0000000, 0x00000000e8000000, 0x00000000e8000000)
  eden space 87424K,   0% used [0x00000000e0000000, 0x00000000e0000000, 0x00000000e5560000)
  from space 21824K, 100% used [0x00000000e6ab0000, 0x00000000e8000000, 0x00000000e8000000)
  to   space 21824K,   0% used [0x00000000e5560000, 0x00000000e5560000, 0x00000000e6ab0000)
 concurrent mark-sweep generation total 393216K, used 168455K [0x00000000e8000000, 0x0000000100000000, 0x0000000100000000)
 Metaspace       used 54902K, capacity 56651K, committed 56780K, reserved 1099776K
  class space    used 6576K, capacity 6995K, committed 7116K, reserved 1048576K
}
2020-06-30T21:22:26.963+0100: 394.606: Total time for which application threads were stopped: 0.0175751 seconds, Stopping threads took: 0.0000754 seconds
2020-06-30T21:22:27.964+0100: 395.607: Total time for which application threads were stopped: 0.0001738 seconds, Stopping threads took: 0.0001036 seconds
2020-06-30T21:22:27.972+0100: 395.616: Total time for which application threads were stopped: 0.0001442 seconds, Stopping threads took: 0.0000847 seconds
2020-06-30T21:22:27.973+0100: 395.616: Total time for which application threads were stopped: 0.0000822 seconds, Stopping threads took: 0.0000403 seconds
2020-06-30T21:22:27.973+0100: 395.616: Total time for which application threads were stopped: 0.0000796 seconds, Stopping threads took: 0.0000412 seconds
2020-06-30T21:22:27.973+0100: 395.617: Total time for which application threads were stopped: 0.0000788 seconds, Stopping threads took: 0.0000413 seconds
2020-06-30T21:22:27.973+0100: 395.617: Total time for which application threads were stopped: 0.0000782 seconds, Stopping threads took: 0.0000409 seconds
2020-06-30T21:22:32.294+0100: 399.937: Total time for which application threads were stopped: 0.0001940 seconds, Stopping threads took: 0.0001474 seconds
2020-06-30T21:22:32.298+0100: 399.941: Total time for which application threads were stopped: 0.0001408 seconds, Stopping threads took: 0.0000730 seconds
2020-06-30T21:22:32.299+0100: 399.943: Total time for which application threads were stopped: 0.0001812 seconds, Stopping threads took: 0.0001034 seconds
{Heap before GC invocations=101 (full 6):
 par new generation   total 109248K, used 109248K [0x00000000e0000000, 0x00000000e8000000, 0x00000000e8000000)
  eden space 87424K, 100% used [0x00000000e0000000, 0x00000000e5560000, 0x00000000e5560000)
  from space 21824K, 100% used [0x00000000e6ab0000, 0x00000000e8000000, 0x00000000e8000000)
  to   space 21824K,   0% used [0x00000000e5560000, 0x00000000e5560000, 0x00000000e6ab0000)
 concurrent mark-sweep generation total 393216K, used 168455K [0x00000000e8000000, 0x0000000100000000, 0x0000000100000000)
 Metaspace       used 54931K, capacity 56715K, committed 57036K, reserved 1099776K
  class space    used 6576K, capacity 6995K, committed 7116K, reserved 1048576K
2020-06-30T21:22:32.348+0100: 399.992: [GC (Allocation Failure) 2020-06-30T21:22:32.348+0100: 399.992: [ParNew
Desired survivor size 20112992 bytes, new threshold 8 (max 8)
- age   1:    3640824 bytes,    3640824 total
- age   2:    3137856 bytes,    6778680 total
- age   3:    3492224 bytes,   10270904 total
- age   4:    3963888 bytes,   14234792 total
- age   5:    4046168 bytes,   18280960 total
: 109248K->21824K(109248K), 0.0140934 secs] 277703K->196517K(502464K), 0.0142007 secs] [Times: user=0.06 sys=0.00, real=0.01 secs] 
Heap after GC invocations=102 (full 6):
 par new generation   total 109248K, used 21824K [0x00000000e0000000, 0x00000000e8000000, 0x00000000e8000000)
  eden space 87424K,   0% used [0x00000000e0000000, 0x00000000e0000000, 0x00000000e5560000)
  from space 21824K, 100% used [0x00000000e5560000, 0x00000000e6ab0000, 0x00000000e6ab0000)
  to   space 21824K,   0% used [0x00000000e6ab0000, 0x00000000e6ab0000, 0x00000000e8000000)
 concurrent mark-sweep generation total 393216K, used 174693K [0x00000000e8000000, 0x0000000100000000, 0x0000000100000000)
 Metaspace       used 54931K, capacity 56715K, committed 57036K, reserved 1099776K
  class space    used 6576K, capacity 6995K, committed 7116K, reserved 1048576K
}
2020-06-30T21:22:32.363+0100: 400.006: Total time for which application threads were stopped: 0.0146999 seconds, Stopping threads took: 0.0000953 seconds
2020-06-30T21:22:32.411+0100: 400.055: Total time for which application threads were stopped: 0.0001441 seconds, Stopping threads took: 0.0000732 seconds
{Heap before GC invocations=102 (full 6):
 par new generation   total 109248K, used 109248K [0x00000000e0000000, 0x00000000e8000000, 0x00000000e8000000)
  eden space 87424K, 100% used [0x00000000e0000000, 0x00000000e5560000, 0x00000000e5560000)
  from space 21824K, 100% used [0x00000000e5560000, 0x00000000e6ab0000, 0x00000000e6ab0000)
  to   space 21824K,   0% used [0x00000000e6ab0000, 0x00000000e6ab0000, 0x00000000e8000000)
 concurrent mark-sweep generation total 393216K, used 174693K [0x00000000e8000000, 0x0000000100000000, 0x0000000100000000)
 Metaspace       used 54946K, capacity 56715K, committed 57036K, reserved 1099776K
  class space    used 6576K, capacity 6995K, committed 7116K, reserved 1048576K
2020-06-30T21:22:32.464+0100: 400.108: [GC (Allocation Failure) 2020-06-30T21:22:32.464+0100: 400.108: [ParNew
Desired survivor size 20112992 bytes, new threshold 6 (max 8)
- age   1:    4591688 bytes,    4591688 total
- age   2:    3044824 bytes,    7636512 total
- age   3:    3127400 bytes,   10763912 total
- age   4:    3314080 bytes,   14077992 total
- age   5:    3947256 bytes,   18025248 total
- age   6:    4046208 bytes,   22071456 total
: 109248K->21824K(109248K), 0.0137424 secs] 283941K->203031K(502464K), 0.0138084 secs] [Times: user=0.06 sys=0.00, real=0.01 secs] 
Heap after GC invocations=103 (full 6):
 par new generation   total 109248K, used 21824K [0x00000000e0000000, 0x00000000e8000000, 0x00000000e8000000)
  eden space 87424K,   0% used [0x00000000e0000000, 0x00000000e0000000, 0x00000000e5560000)
  from space 21824K, 100% used [0x00000000e6ab0000, 0x00000000e8000000, 0x00000000e8000000)
  to   space 21824K,   0% used [0x00000000e5560000, 0x00000000e5560000, 0x00000000e6ab0000)
 concurrent mark-sweep generation total 393216K, used 181207K [0x00000000e8000000, 0x0000000100000000, 0x0000000100000000)
 Metaspace       used 54946K, capacity 56715K, committed 57036K, reserved 1099776K
  class space    used 6576K, capacity 6995K, committed 7116K, reserved 1048576K
}
2020-06-30T21:22:32.478+0100: 400.121: Total time for which application threads were stopped: 0.0140632 seconds, Stopping threads took: 0.0000849 seconds
{Heap before GC invocations=103 (full 6):
 par new generation   total 109248K, used 109248K [0x00000000e0000000, 0x00000000e8000000, 0x00000000e8000000)
  eden space 87424K, 100% used [0x00000000e0000000, 0x00000000e5560000, 0x00000000e5560000)
  from space 21824K, 100% used [0x00000000e6ab0000, 0x00000000e8000000, 0x00000000e8000000)
  to   space 21824K,   0% used [0x00000000e5560000, 0x00000000e5560000, 0x00000000e6ab0000)
 concurrent mark-sweep generation total 393216K, used 181207K [0x00000000e8000000, 0x0000000100000000, 0x0000000100000000)
 Metaspace       used 54950K, capacity 56715K, committed 57036K, reserved 1099776K
  class space    used 6576K, capacity 6995K, committed 7116K, reserved 1048576K
2020-06-30T21:22:32.565+0100: 400.209: [GC (Allocation Failure) 2020-06-30T21:22:32.565+0100: 400.209: [ParNew
Desired survivor size 20112992 bytes, new threshold 6 (max 8)
- age   1:    6816368 bytes,    6816368 total
- age   2:    2244752 bytes,    9061120 total
- age   3:    2831272 bytes,   11892392 total
- age   4:    3110072 bytes,   15002464 total
- age   5:    3310992 bytes,   18313456 total
- age   6:    3835240 bytes,   22148696 total
: 109248K->21824K(109248K), 0.0169199 secs] 290455K->213067K(502464K), 0.0169870 secs] [Times: user=0.06 sys=0.00, real=0.02 secs] 
Heap after GC invocations=104 (full 6):
 par new generation   total 109248K, used 21824K [0x00000000e0000000, 0x00000000e8000000, 0x00000000e8000000)
  eden space 87424K,   0% used [0x00000000e0000000, 0x00000000e0000000, 0x00000000e5560000)
  from space 21824K, 100% used [0x00000000e5560000, 0x00000000e6ab0000, 0x00000000e6ab0000)
  to   space 21824K,   0% used [0x00000000e6ab0000, 0x00000000e6ab0000, 0x00000000e8000000)
 concurrent mark-sweep generation total 393216K, used 191243K [0x00000000e8000000, 0x0000000100000000, 0x0000000100000000)
 Metaspace       used 54950K, capacity 56715K, committed 57036K, reserved 1099776K
  class space    used 6576K, capacity 6995K, committed 7116K, reserved 1048576K
}
2020-06-30T21:22:32.582+0100: 400.226: Total time for which application threads were stopped: 0.0172080 seconds, Stopping threads took: 0.0000677 seconds
{Heap before GC invocations=104 (full 6):
 par new generation   total 109248K, used 109248K [0x00000000e0000000, 0x00000000e8000000, 0x00000000e8000000)
  eden space 87424K, 100% used [0x00000000e0000000, 0x00000000e5560000, 0x00000000e5560000)
  from space 21824K, 100% used [0x00000000e5560000, 0x00000000e6ab0000, 0x00000000e6ab0000)
  to   space 21824K,   0% used [0x00000000e6ab0000, 0x00000000e6ab0000, 0x00000000e8000000)
 concurrent mark-sweep generation total 393216K, used 191243K [0x00000000e8000000, 0x0000000100000000, 0x0000000100000000)
 Metaspace       used 54951K, capacity 56715K, committed 57036K, reserved 1099776K
  class space    used 6576K, capacity 6995K, committed 7116K, reserved 1048576K
2020-06-30T21:22:32.699+0100: 400.342: [GC (Allocation Failure) 2020-06-30T21:22:32.699+0100: 400.342: [ParNew
Desired survivor size 20112992 bytes, new threshold 6 (max 8)
- age   1:    7141160 bytes,    7141160 total
- age   2:    3683800 bytes,   10824960 total
- age   3:    2244080 bytes,   13069040 total
- age   4:    2830600 bytes,   15899640 total
- age   5:    3110072 bytes,   19009712 total
- age   6:    3310992 bytes,   22320704 total
: 109248K->21824K(109248K), 0.0169820 secs] 300491K->223955K(502464K), 0.0170855 secs] [Times: user=0.06 sys=0.00, real=0.02 secs] 
Heap after GC invocations=105 (full 6):
 par new generation   total 109248K, used 21824K [0x00000000e0000000, 0x00000000e8000000, 0x00000000e8000000)
  eden space 87424K,   0% used [0x00000000e0000000, 0x00000000e0000000, 0x00000000e5560000)
  from space 21824K, 100% used [0x00000000e6ab0000, 0x00000000e8000000, 0x00000000e8000000)
  to   space 21824K,   0% used [0x00000000e5560000, 0x00000000e5560000, 0x00000000e6ab0000)
 concurrent mark-sweep generation total 393216K, used 202131K [0x00000000e8000000, 0x0000000100000000, 0x0000000100000000)
 Metaspace       used 54951K, capacity 56715K, committed 57036K, reserved 1099776K
  class space    used 6576K, capacity 6995K, committed 7116K, reserved 1048576K
}
2020-06-30T21:22:32.716+0100: 400.359: Total time for which application threads were stopped: 0.0173785 seconds, Stopping threads took: 0.0000697 seconds
2020-06-30T21:22:32.716+0100: 400.360: [GC (CMS Initial Mark) [1 CMS-initial-mark: 202131K(393216K)] 223956K(502464K), 0.0058923 secs] [Times: user=0.00 sys=0.00, real=0.01 secs] 
2020-06-30T21:22:32.722+0100: 400.366: Total time for which application threads were stopped: 0.0061103 seconds, Stopping threads took: 0.0000878 seconds
2020-06-30T21:22:32.722+0100: 400.366: [CMS-concurrent-mark-start]
2020-06-30T21:22:32.746+0100: 400.389: [CMS-concurrent-mark: 0.024/0.024 secs] [Times: user=0.13 sys=0.00, real=0.02 secs] 
2020-06-30T21:22:32.746+0100: 400.389: [CMS-concurrent-preclean-start]
2020-06-30T21:22:32.747+0100: 400.391: [CMS-concurrent-preclean: 0.002/0.002 secs] [Times: user=0.00 sys=0.00, real=0.00 secs] 
2020-06-30T21:22:32.760+0100: 400.404: [GC (CMS Final Remark) [YG occupancy: 31676 K (109248 K)]{Heap before GC invocations=105 (full 7):
 par new generation   total 109248K, used 31676K [0x00000000e0000000, 0x00000000e8000000, 0x00000000e8000000)
  eden space 87424K,  11% used [0x00000000e0000000, 0x00000000e099f2a8, 0x00000000e5560000)
  from space 21824K, 100% used [0x00000000e6ab0000, 0x00000000e8000000, 0x00000000e8000000)
  to   space 21824K,   0% used [0x00000000e5560000, 0x00000000e5560000, 0x00000000e6ab0000)
 concurrent mark-sweep generation total 393216K, used 202131K [0x00000000e8000000, 0x0000000100000000, 0x0000000100000000)
 Metaspace       used 54951K, capacity 56715K, committed 57036K, reserved 1099776K
  class space    used 6576K, capacity 6995K, committed 7116K, reserved 1048576K
2020-06-30T21:22:32.760+0100: 400.404: [GC (CMS Final Remark) 2020-06-30T21:22:32.760+0100: 400.404: [ParNew
Desired survivor size 20112992 bytes, new threshold 8 (max 8)
- age   1:     659296 bytes,     659296 total
- age   2:    6754032 bytes,    7413328 total
- age   3:    3564288 bytes,   10977616 total
- age   4:    1856528 bytes,   12834144 total
- age   5:    2826776 bytes,   15660920 total
- age   6:    3109952 bytes,   18770872 total
: 31676K->21824K(109248K), 0.0127638 secs] 233808K->228032K(502464K), 0.0128575 secs] [Times: user=0.06 sys=0.00, real=0.01 secs] 
Heap after GC invocations=106 (full 7):
 par new generation   total 109248K, used 21824K [0x00000000e0000000, 0x00000000e8000000, 0x00000000e8000000)
  eden space 87424K,   0% used [0x00000000e0000000, 0x00000000e0000000, 0x00000000e5560000)
  from space 21824K, 100% used [0x00000000e5560000, 0x00000000e6ab0000, 0x00000000e6ab0000)
  to   space 21824K,   0% used [0x00000000e6ab0000, 0x00000000e6ab0000, 0x00000000e8000000)
 concurrent mark-sweep generation total 393216K, used 206208K [0x00000000e8000000, 0x0000000100000000, 0x0000000100000000)
 Metaspace       used 54951K, capacity 56715K, committed 57036K, reserved 1099776K
  class space    used 6576K, capacity 6995K, committed 7116K, reserved 1048576K
}
2020-06-30T21:22:32.773+0100: 400.417: [Rescan (parallel) , 0.0050594 secs]2020-06-30T21:22:32.778+0100: 400.422: [weak refs processing, 0.0035973 secs]2020-06-30T21:22:32.782+0100: 400.426: [class unloading, 0.0126952 secs]2020-06-30T21:22:32.795+0100: 400.438: [scrub symbol table, 0.0120588 secs]2020-06-30T21:22:32.807+0100: 400.450: [scrub string table, 0.0006625 secs][1 CMS-remark: 206208K(393216K)] 228032K(502464K), 0.0474437 secs] [Times: user=0.13 sys=0.00, real=0.05 secs] 
2020-06-30T21:22:32.808+0100: 400.451: Total time for which application threads were stopped: 0.0482936 seconds, Stopping threads took: 0.0007158 seconds
2020-06-30T21:22:32.808+0100: 400.452: [CMS-concurrent-sweep-start]
2020-06-30T21:22:32.809+0100: 400.453: Total time for which application threads were stopped: 0.0001808 seconds, Stopping threads took: 0.0000596 seconds
2020-06-30T21:22:32.809+0100: 400.453: Total time for which application threads were stopped: 0.0001292 seconds, Stopping threads took: 0.0000456 seconds
2020-06-30T21:22:32.810+0100: 400.454: Total time for which application threads were stopped: 0.0001931 seconds, Stopping threads took: 0.0000711 seconds
2020-06-30T21:22:32.811+0100: 400.454: Total time for which application threads were stopped: 0.0001406 seconds, Stopping threads took: 0.0000525 seconds
2020-06-30T21:22:32.817+0100: 400.461: Total time for which application threads were stopped: 0.0002301 seconds, Stopping threads took: 0.0000647 seconds
2020-06-30T21:22:32.817+0100: 400.461: Total time for which application threads were stopped: 0.0001092 seconds, Stopping threads took: 0.0000519 seconds
2020-06-30T21:22:32.880+0100: 400.524: [CMS-concurrent-sweep: 0.071/0.072 secs] [Times: user=0.17 sys=0.01, real=0.07 secs] 
2020-06-30T21:22:32.880+0100: 400.524: [CMS-concurrent-reset-start]
2020-06-30T21:22:32.881+0100: 400.524: [CMS-concurrent-reset: 0.000/0.000 secs] [Times: user=0.03 sys=0.00, real=0.00 secs] 
2020-06-30T21:22:33.467+0100: 401.110: Total time for which application threads were stopped: 0.0004819 seconds, Stopping threads took: 0.0000790 seconds
2020-06-30T21:22:33.479+0100: 401.123: Total time for which application threads were stopped: 0.0001481 seconds, Stopping threads took: 0.0000645 seconds
2020-06-30T21:22:33.481+0100: 401.125: Total time for which application threads were stopped: 0.0001612 seconds, Stopping threads took: 0.0000726 seconds
2020-06-30T21:22:33.481+0100: 401.125: Total time for which application threads were stopped: 0.0001786 seconds, Stopping threads took: 0.0001030 seconds
2020-06-30T21:22:33.481+0100: 401.125: Total time for which application threads were stopped: 0.0000968 seconds, Stopping threads took: 0.0000352 seconds
2020-06-30T21:22:33.482+0100: 401.125: Total time for which application threads were stopped: 0.0000919 seconds, Stopping threads took: 0.0000350 seconds
2020-06-30T21:22:34.483+0100: 402.126: Total time for which application threads were stopped: 0.0001210 seconds, Stopping threads took: 0.0000633 seconds
2020-06-30T21:22:40.351+0100: 407.994: Total time for which application threads were stopped: 0.0003664 seconds, Stopping threads took: 0.0003086 seconds
2020-06-30T21:22:40.355+0100: 407.999: Total time for which application threads were stopped: 0.0001437 seconds, Stopping threads took: 0.0000581 seconds
2020-06-30T21:22:40.356+0100: 407.999: Total time for which application threads were stopped: 0.0001284 seconds, Stopping threads took: 0.0000693 seconds
2020-06-30T21:22:40.468+0100: 408.111: Total time for which application threads were stopped: 0.0002235 seconds, Stopping threads took: 0.0000784 seconds
{Heap before GC invocations=106 (full 7):
 par new generation   total 109248K, used 109248K [0x00000000e0000000, 0x00000000e8000000, 0x00000000e8000000)
  eden space 87424K, 100% used [0x00000000e0000000, 0x00000000e5560000, 0x00000000e5560000)
  from space 21824K, 100% used [0x00000000e5560000, 0x00000000e6ab0000, 0x00000000e6ab0000)
  to   space 21824K,   0% used [0x00000000e6ab0000, 0x00000000e6ab0000, 0x00000000e8000000)
 concurrent mark-sweep generation total 393216K, used 72957K [0x00000000e8000000, 0x0000000100000000, 0x0000000100000000)
 Metaspace       used 54905K, capacity 56575K, committed 57036K, reserved 1099776K
  class space    used 6559K, capacity 6965K, committed 7116K, reserved 1048576K
2020-06-30T21:22:40.472+0100: 408.116: [GC (Allocation Failure) 2020-06-30T21:22:40.472+0100: 408.116: [ParNew
Desired survivor size 20112992 bytes, new threshold 7 (max 8)
- age   1:    4535856 bytes,    4535856 total
- age   2:     111472 bytes,    4647328 total
- age   3:    6164528 bytes,   10811856 total
- age   4:    3421240 bytes,   14233096 total
- age   5:    1056056 bytes,   15289152 total
- age   6:    2767152 bytes,   18056304 total
- age   7:    3060880 bytes,   21117184 total
: 109248K->21824K(109248K), 0.0128460 secs] 182205K->97918K(502464K), 0.0129482 secs] [Times: user=0.06 sys=0.00, real=0.01 secs] 
Heap after GC invocations=107 (full 7):
 par new generation   total 109248K, used 21824K [0x00000000e0000000, 0x00000000e8000000, 0x00000000e8000000)
  eden space 87424K,   0% used [0x00000000e0000000, 0x00000000e0000000, 0x00000000e5560000)
  from space 21824K, 100% used [0x00000000e6ab0000, 0x00000000e8000000, 0x00000000e8000000)
  to   space 21824K,   0% used [0x00000000e5560000, 0x00000000e5560000, 0x00000000e6ab0000)
 concurrent mark-sweep generation total 393216K, used 76094K [0x00000000e8000000, 0x0000000100000000, 0x0000000100000000)
 Metaspace       used 54905K, capacity 56575K, committed 57036K, reserved 1099776K
  class space    used 6559K, capacity 6965K, committed 7116K, reserved 1048576K
}
2020-06-30T21:22:40.485+0100: 408.129: Total time for which application threads were stopped: 0.0132252 seconds, Stopping threads took: 0.0000620 seconds
{Heap before GC invocations=107 (full 7):
 par new generation   total 109248K, used 109248K [0x00000000e0000000, 0x00000000e8000000, 0x00000000e8000000)
  eden space 87424K, 100% used [0x00000000e0000000, 0x00000000e5560000, 0x00000000e5560000)
  from space 21824K, 100% used [0x00000000e6ab0000, 0x00000000e8000000, 0x00000000e8000000)
  to   space 21824K,   0% used [0x00000000e5560000, 0x00000000e5560000, 0x00000000e6ab0000)
 concurrent mark-sweep generation total 393216K, used 76094K [0x00000000e8000000, 0x0000000100000000, 0x0000000100000000)
 Metaspace       used 54908K, capacity 56575K, committed 57036K, reserved 1099776K
  class space    used 6559K, capacity 6965K, committed 7116K, reserved 1048576K
2020-06-30T21:22:40.575+0100: 408.219: [GC (Allocation Failure) 2020-06-30T21:22:40.575+0100: 408.219: [ParNew
Desired survivor size 20112992 bytes, new threshold 7 (max 8)
- age   1:    4282488 bytes,    4282488 total
- age   2:    4225488 bytes,    8507976 total
- age   3:     111368 bytes,    8619344 total
- age   4:    6099728 bytes,   14719072 total
- age   5:    3420880 bytes,   18139952 total
- age   6:    1055304 bytes,   19195256 total
- age   7:    2687520 bytes,   21882776 total
: 109248K->21824K(109248K), 0.0145904 secs] 185342K->103899K(502464K), 0.0146575 secs] [Times: user=0.05 sys=0.00, real=0.01 secs] 
Heap after GC invocations=108 (full 7):
 par new generation   total 109248K, used 21824K [0x00000000e0000000, 0x00000000e8000000, 0x00000000e8000000)
  eden space 87424K,   0% used [0x00000000e0000000, 0x00000000e0000000, 0x00000000e5560000)
  from space 21824K, 100% used [0x00000000e5560000, 0x00000000e6ab0000, 0x00000000e6ab0000)
  to   space 21824K,   0% used [0x00000000e6ab0000, 0x00000000e6ab0000, 0x00000000e8000000)
 concurrent mark-sweep generation total 393216K, used 82075K [0x00000000e8000000, 0x0000000100000000, 0x0000000100000000)
 Metaspace       used 54908K, capacity 56575K, committed 57036K, reserved 1099776K
  class space    used 6559K, capacity 6965K, committed 7116K, reserved 1048576K
}
2020-06-30T21:22:40.590+0100: 408.233: Total time for which application threads were stopped: 0.0148898 seconds, Stopping threads took: 0.0000655 seconds
2020-06-30T21:22:40.590+0100: 408.234: Total time for which application threads were stopped: 0.0001816 seconds, Stopping threads took: 0.0001030 seconds
2020-06-30T21:22:40.590+0100: 408.234: Total time for which application threads were stopped: 0.0001325 seconds, Stopping threads took: 0.0000741 seconds
{Heap before GC invocations=108 (full 7):
 par new generation   total 109248K, used 109234K [0x00000000e0000000, 0x00000000e8000000, 0x00000000e8000000)
  eden space 87424K,  99% used [0x00000000e0000000, 0x00000000e555ca18, 0x00000000e5560000)
  from space 21824K, 100% used [0x00000000e5560000, 0x00000000e6ab0000, 0x00000000e6ab0000)
  to   space 21824K,   0% used [0x00000000e6ab0000, 0x00000000e6ab0000, 0x00000000e8000000)
 concurrent mark-sweep generation total 393216K, used 82075K [0x00000000e8000000, 0x0000000100000000, 0x0000000100000000)
 Metaspace       used 54908K, capacity 56575K, committed 57036K, reserved 1099776K
  class space    used 6559K, capacity 6965K, committed 7116K, reserved 1048576K
2020-06-30T21:22:40.713+0100: 408.357: [GC (Allocation Failure) 2020-06-30T21:22:40.713+0100: 408.357: [ParNew
Desired survivor size 20112992 bytes, new threshold 7 (max 8)
- age   1:    4256856 bytes,    4256856 total
- age   2:    3651952 bytes,    7908808 total
- age   3:    3753504 bytes,   11662312 total
- age   4:      44208 bytes,   11706520 total
- age   5:    4919576 bytes,   16626096 total
- age   6:    3343240 bytes,   19969336 total
- age   7:    1017992 bytes,   20987328 total
: 109234K->21824K(109248K), 0.0170534 secs] 191309K->110691K(502464K), 0.0171383 secs] [Times: user=0.06 sys=0.00, real=0.02 secs] 
Heap after GC invocations=109 (full 7):
 par new generation   total 109248K, used 21824K [0x00000000e0000000, 0x00000000e8000000, 0x00000000e8000000)
  eden space 87424K,   0% used [0x00000000e0000000, 0x00000000e0000000, 0x00000000e5560000)
  from space 21824K, 100% used [0x00000000e6ab0000, 0x00000000e8000000, 0x00000000e8000000)
  to   space 21824K,   0% used [0x00000000e5560000, 0x00000000e5560000, 0x00000000e6ab0000)
 concurrent mark-sweep generation total 393216K, used 88867K [0x00000000e8000000, 0x0000000100000000, 0x0000000100000000)
 Metaspace       used 54908K, capacity 56575K, committed 57036K, reserved 1099776K
  class space    used 6559K, capacity 6965K, committed 7116K, reserved 1048576K
}
2020-06-30T21:22:40.730+0100: 408.374: Total time for which application threads were stopped: 0.0173930 seconds, Stopping threads took: 0.0000635 seconds
{Heap before GC invocations=109 (full 7):
 par new generation   total 109248K, used 109248K [0x00000000e0000000, 0x00000000e8000000, 0x00000000e8000000)
  eden space 87424K, 100% used [0x00000000e0000000, 0x00000000e5560000, 0x00000000e5560000)
  from space 21824K, 100% used [0x00000000e6ab0000, 0x00000000e8000000, 0x00000000e8000000)
  to   space 21824K,   0% used [0x00000000e5560000, 0x00000000e5560000, 0x00000000e6ab0000)
 concurrent mark-sweep generation total 393216K, used 88867K [0x00000000e8000000, 0x0000000100000000, 0x0000000100000000)
 Metaspace       used 54908K, capacity 56575K, committed 57036K, reserved 1099776K
  class space    used 6559K, capacity 6965K, committed 7116K, reserved 1048576K
2020-06-30T21:22:40.826+0100: 408.470: [GC (Allocation Failure) 2020-06-30T21:22:40.827+0100: 408.470: [ParNew
Desired survivor size 20112992 bytes, new threshold 7 (max 8)
- age   1:    3304024 bytes,    3304024 total
- age   2:    3040824 bytes,    6344848 total
- age   3:    3632872 bytes,    9977720 total
- age   4:    3753104 bytes,   13730824 total
- age   5:      44208 bytes,   13775032 total
- age   6:    4919576 bytes,   18694608 total
- age   7:    3343240 bytes,   22037848 total
: 109248K->21824K(109248K), 0.0160514 secs] 198115K->119906K(502464K), 0.0161748 secs] [Times: user=0.06 sys=0.00, real=0.02 secs] 
Heap after GC invocations=110 (full 7):
 par new generation   total 109248K, used 21824K [0x00000000e0000000, 0x00000000e8000000, 0x00000000e8000000)
  eden space 87424K,   0% used [0x00000000e0000000, 0x00000000e0000000, 0x00000000e5560000)
  from space 21824K, 100% used [0x00000000e5560000, 0x00000000e6ab0000, 0x00000000e6ab0000)
  to   space 21824K,   0% used [0x00000000e6ab0000, 0x00000000e6ab0000, 0x00000000e8000000)
 concurrent mark-sweep generation total 393216K, used 98082K [0x00000000e8000000, 0x0000000100000000, 0x0000000100000000)
 Metaspace       used 54908K, capacity 56575K, committed 57036K, reserved 1099776K
  class space    used 6559K, capacity 6965K, committed 7116K, reserved 1048576K
}
2020-06-30T21:22:40.843+0100: 408.486: Total time for which application threads were stopped: 0.0163908 seconds, Stopping threads took: 0.0000622 seconds
2020-06-30T21:22:41.329+0100: 408.973: Total time for which application threads were stopped: 0.0003182 seconds, Stopping threads took: 0.0001528 seconds
2020-06-30T21:22:41.331+0100: 408.975: Total time for which application threads were stopped: 0.0001619 seconds, Stopping threads took: 0.0001003 seconds
2020-06-30T21:22:41.332+0100: 408.975: Total time for which application threads were stopped: 0.0001591 seconds, Stopping threads took: 0.0000983 seconds
2020-06-30T21:22:41.332+0100: 408.975: Total time for which application threads were stopped: 0.0000846 seconds, Stopping threads took: 0.0000461 seconds
2020-06-30T21:22:41.332+0100: 408.975: Total time for which application threads were stopped: 0.0001599 seconds, Stopping threads took: 0.0001201 seconds
2020-06-30T21:22:41.332+0100: 408.976: Total time for which application threads were stopped: 0.0000820 seconds, Stopping threads took: 0.0000450 seconds
2020-06-30T21:22:42.746+0100: 410.390: Total time for which application threads were stopped: 0.0005255 seconds, Stopping threads took: 0.0004704 seconds
2020-06-30T21:22:42.749+0100: 410.392: Total time for which application threads were stopped: 0.0002552 seconds, Stopping threads took: 0.0000667 seconds
2020-06-30T21:22:42.751+0100: 410.394: Total time for which application threads were stopped: 0.0001812 seconds, Stopping threads took: 0.0000855 seconds
2020-06-30T21:22:42.751+0100: 410.395: Total time for which application threads were stopped: 0.0001252 seconds, Stopping threads took: 0.0000685 seconds
2020-06-30T21:22:42.833+0100: 410.477: Total time for which application threads were stopped: 0.0001293 seconds, Stopping threads took: 0.0000501 seconds
{Heap before GC invocations=110 (full 7):
 par new generation   total 109248K, used 109248K [0x00000000e0000000, 0x00000000e8000000, 0x00000000e8000000)
  eden space 87424K, 100% used [0x00000000e0000000, 0x00000000e5560000, 0x00000000e5560000)
  from space 21824K, 100% used [0x00000000e5560000, 0x00000000e6ab0000, 0x00000000e6ab0000)
  to   space 21824K,   0% used [0x00000000e6ab0000, 0x00000000e6ab0000, 0x00000000e8000000)
 concurrent mark-sweep generation total 393216K, used 98082K [0x00000000e8000000, 0x0000000100000000, 0x0000000100000000)
 Metaspace       used 54927K, capacity 56643K, committed 57036K, reserved 1099776K
  class space    used 6559K, capacity 6965K, committed 7116K, reserved 1048576K
2020-06-30T21:22:42.872+0100: 410.516: [GC (Allocation Failure) 2020-06-30T21:22:42.872+0100: 410.516: [ParNew
Desired survivor size 20112992 bytes, new threshold 7 (max 8)
- age   1:    4402424 bytes,    4402424 total
- age   2:    2124184 bytes,    6526608 total
- age   3:    2998336 bytes,    9524944 total
- age   4:    3459808 bytes,   12984752 total
- age   5:    3074288 bytes,   16059040 total
- age   6:      44208 bytes,   16103248 total
- age   7:    4919576 bytes,   21022824 total
: 109248K->21824K(109248K), 0.0166157 secs] 207330K->129513K(502464K), 0.0167636 secs] [Times: user=0.06 sys=0.00, real=0.02 secs] 
Heap after GC invocations=111 (full 7):
 par new generation   total 109248K, used 21824K [0x00000000e0000000, 0x00000000e8000000, 0x00000000e8000000)
  eden space 87424K,   0% used [0x00000000e0000000, 0x00000000e0000000, 0x00000000e5560000)
  from space 21824K, 100% used [0x00000000e6ab0000, 0x00000000e8000000, 0x00000000e8000000)
  to   space 21824K,   0% used [0x00000000e5560000, 0x00000000e5560000, 0x00000000e6ab0000)
 concurrent mark-sweep generation total 393216K, used 107689K [0x00000000e8000000, 0x0000000100000000, 0x0000000100000000)
 Metaspace       used 54927K, capacity 56643K, committed 57036K, reserved 1099776K
  class space    used 6559K, capacity 6965K, committed 7116K, reserved 1048576K
}
2020-06-30T21:22:42.889+0100: 410.533: Total time for which application threads were stopped: 0.0170639 seconds, Stopping threads took: 0.0000588 seconds
{Heap before GC invocations=111 (full 7):
 par new generation   total 109248K, used 109248K [0x00000000e0000000, 0x00000000e8000000, 0x00000000e8000000)
  eden space 87424K, 100% used [0x00000000e0000000, 0x00000000e5560000, 0x00000000e5560000)
  from space 21824K, 100% used [0x00000000e6ab0000, 0x00000000e8000000, 0x00000000e8000000)
  to   space 21824K,   0% used [0x00000000e5560000, 0x00000000e5560000, 0x00000000e6ab0000)
 concurrent mark-sweep generation total 393216K, used 107689K [0x00000000e8000000, 0x0000000100000000, 0x0000000100000000)
 Metaspace       used 54928K, capacity 56643K, committed 57036K, reserved 1099776K
  class space    used 6559K, capacity 6965K, committed 7116K, reserved 1048576K
2020-06-30T21:22:42.982+0100: 410.626: [GC (Allocation Failure) 2020-06-30T21:22:42.982+0100: 410.626: [ParNew
Desired survivor size 20112992 bytes, new threshold 6 (max 8)
- age   1:    6535072 bytes,    6535072 total
- age   2:    3377040 bytes,    9912112 total
- age   3:    2123992 bytes,   12036104 total
- age   4:    2998336 bytes,   15034440 total
- age   5:    3439040 bytes,   18473480 total
- age   6:    3071848 bytes,   21545328 total
- age   7:      44208 bytes,   21589536 total
: 109248K->21824K(109248K), 0.0169060 secs] 216937K->138089K(502464K), 0.0169731 secs] [Times: user=0.06 sys=0.00, real=0.02 secs] 
Heap after GC invocations=112 (full 7):
 par new generation   total 109248K, used 21824K [0x00000000e0000000, 0x00000000e8000000, 0x00000000e8000000)
  eden space 87424K,   0% used [0x00000000e0000000, 0x00000000e0000000, 0x00000000e5560000)
  from space 21824K, 100% used [0x00000000e5560000, 0x00000000e6ab0000, 0x00000000e6ab0000)
  to   space 21824K,   0% used [0x00000000e6ab0000, 0x00000000e6ab0000, 0x00000000e8000000)
 concurrent mark-sweep generation total 393216K, used 116265K [0x00000000e8000000, 0x0000000100000000, 0x0000000100000000)
 Metaspace       used 54928K, capacity 56643K, committed 57036K, reserved 1099776K
  class space    used 6559K, capacity 6965K, committed 7116K, reserved 1048576K
}
2020-06-30T21:22:42.999+0100: 410.643: Total time for which application threads were stopped: 0.0172009 seconds, Stopping threads took: 0.0000723 seconds
{Heap before GC invocations=112 (full 7):
 par new generation   total 109248K, used 109248K [0x00000000e0000000, 0x00000000e8000000, 0x00000000e8000000)
  eden space 87424K, 100% used [0x00000000e0000000, 0x00000000e5560000, 0x00000000e5560000)
  from space 21824K, 100% used [0x00000000e5560000, 0x00000000e6ab0000, 0x00000000e6ab0000)
  to   space 21824K,   0% used [0x00000000e6ab0000, 0x00000000e6ab0000, 0x00000000e8000000)
 concurrent mark-sweep generation total 393216K, used 116265K [0x00000000e8000000, 0x0000000100000000, 0x0000000100000000)
 Metaspace       used 54936K, capacity 56643K, committed 57036K, reserved 1099776K
  class space    used 6559K, capacity 6965K, committed 7116K, reserved 1048576K
2020-06-30T21:22:43.112+0100: 410.756: [GC (Allocation Failure) 2020-06-30T21:22:43.112+0100: 410.756: [ParNew
Desired survivor size 20112992 bytes, new threshold 6 (max 8)
- age   1:    5974032 bytes,    5974032 total
- age   2:    4416728 bytes,   10390760 total
- age   3:    3365560 bytes,   13756320 total
- age   4:    2123992 bytes,   15880312 total
- age   5:    2513120 bytes,   18393432 total
- age   6:    2657304 bytes,   21050736 total
: 109248K->21824K(109248K), 0.0163302 secs] 225513K->148831K(502464K), 0.0164590 secs] [Times: user=0.06 sys=0.00, real=0.02 secs] 
Heap after GC invocations=113 (full 7):
 par new generation   total 109248K, used 21824K [0x00000000e0000000, 0x00000000e8000000, 0x00000000e8000000)
  eden space 87424K,   0% used [0x00000000e0000000, 0x00000000e0000000, 0x00000000e5560000)
  from space 21824K, 100% used [0x00000000e6ab0000, 0x00000000e8000000, 0x00000000e8000000)
  to   space 21824K,   0% used [0x00000000e5560000, 0x00000000e5560000, 0x00000000e6ab0000)
 concurrent mark-sweep generation total 393216K, used 127007K [0x00000000e8000000, 0x0000000100000000, 0x0000000100000000)
 Metaspace       used 54936K, capacity 56643K, committed 57036K, reserved 1099776K
  class space    used 6559K, capacity 6965K, committed 7116K, reserved 1048576K
}
2020-06-30T21:22:43.129+0100: 410.772: Total time for which application threads were stopped: 0.0167417 seconds, Stopping threads took: 0.0000674 seconds
2020-06-30T21:22:43.693+0100: 411.337: Total time for which application threads were stopped: 0.0001110 seconds, Stopping threads took: 0.0000450 seconds
2020-06-30T21:22:43.693+0100: 411.337: Total time for which application threads were stopped: 0.0000869 seconds, Stopping threads took: 0.0000367 seconds
2020-06-30T21:22:43.694+0100: 411.337: Total time for which application threads were stopped: 0.0001001 seconds, Stopping threads took: 0.0000486 seconds
2020-06-30T21:22:43.694+0100: 411.337: Total time for which application threads were stopped: 0.0000716 seconds, Stopping threads took: 0.0000340 seconds
2020-06-30T21:22:43.694+0100: 411.337: Total time for which application threads were stopped: 0.0000708 seconds, Stopping threads took: 0.0000337 seconds
2020-06-30T21:22:44.398+0100: 412.042: Total time for which application threads were stopped: 0.0002022 seconds, Stopping threads took: 0.0001512 seconds
2020-06-30T21:22:44.402+0100: 412.045: Total time for which application threads were stopped: 0.0001829 seconds, Stopping threads took: 0.0000733 seconds
2020-06-30T21:22:44.402+0100: 412.046: Total time for which application threads were stopped: 0.0001255 seconds, Stopping threads took: 0.0000579 seconds
{Heap before GC invocations=113 (full 7):
 par new generation   total 109248K, used 109248K [0x00000000e0000000, 0x00000000e8000000, 0x00000000e8000000)
  eden space 87424K, 100% used [0x00000000e0000000, 0x00000000e5560000, 0x00000000e5560000)
  from space 21824K, 100% used [0x00000000e6ab0000, 0x00000000e8000000, 0x00000000e8000000)
  to   space 21824K,   0% used [0x00000000e5560000, 0x00000000e5560000, 0x00000000e6ab0000)
 concurrent mark-sweep generation total 393216K, used 127007K [0x00000000e8000000, 0x0000000100000000, 0x0000000100000000)
 Metaspace       used 54965K, capacity 56707K, committed 57036K, reserved 1099776K
  class space    used 6559K, capacity 6965K, committed 7116K, reserved 1048576K
2020-06-30T21:22:44.475+0100: 412.118: [GC (Allocation Failure) 2020-06-30T21:22:44.475+0100: 412.118: [ParNew
Desired survivor size 20112992 bytes, new threshold 6 (max 8)
- age   1:    4995456 bytes,    4995456 total
- age   2:    4245576 bytes,    9241032 total
- age   3:    4189416 bytes,   13430448 total
- age   4:    2845224 bytes,   16275672 total
- age   5:    2022080 bytes,   18297752 total
- age   6:    2510256 bytes,   20808008 total
: 109248K->21824K(109248K), 0.0166464 secs] 236255K->158506K(502464K), 0.0168256 secs] [Times: user=0.02 sys=0.00, real=0.02 secs] 
Heap after GC invocations=114 (full 7):
 par new generation   total 109248K, used 21824K [0x00000000e0000000, 0x00000000e8000000, 0x00000000e8000000)
  eden space 87424K,   0% used [0x00000000e0000000, 0x00000000e0000000, 0x00000000e5560000)
  from space 21824K, 100% used [0x00000000e5560000, 0x00000000e6ab0000, 0x00000000e6ab0000)
  to   space 21824K,   0% used [0x00000000e6ab0000, 0x00000000e6ab0000, 0x00000000e8000000)
 concurrent mark-sweep generation total 393216K, used 136682K [0x00000000e8000000, 0x0000000100000000, 0x0000000100000000)
 Metaspace       used 54965K, capacity 56707K, committed 57036K, reserved 1099776K
  class space    used 6559K, capacity 6965K, committed 7116K, reserved 1048576K
}
2020-06-30T21:22:44.492+0100: 412.135: Total time for which application threads were stopped: 0.0257155 seconds, Stopping threads took: 0.0086334 seconds
2020-06-30T21:22:44.589+0100: 412.232: Total time for which application threads were stopped: 0.0005729 seconds, Stopping threads took: 0.0004310 seconds
{Heap before GC invocations=114 (full 7):
 par new generation   total 109248K, used 109248K [0x00000000e0000000, 0x00000000e8000000, 0x00000000e8000000)
  eden space 87424K, 100% used [0x00000000e0000000, 0x00000000e5560000, 0x00000000e5560000)
  from space 21824K, 100% used [0x00000000e5560000, 0x00000000e6ab0000, 0x00000000e6ab0000)
  to   space 21824K,   0% used [0x00000000e6ab0000, 0x00000000e6ab0000, 0x00000000e8000000)
 concurrent mark-sweep generation total 393216K, used 136682K [0x00000000e8000000, 0x0000000100000000, 0x0000000100000000)
 Metaspace       used 54967K, capacity 56709K, committed 57036K, reserved 1099776K
  class space    used 6560K, capacity 6966K, committed 7116K, reserved 1048576K
2020-06-30T21:22:44.784+0100: 412.427: [GC (Allocation Failure) 2020-06-30T21:22:44.784+0100: 412.428: [ParNew
Desired survivor size 20112992 bytes, new threshold 5 (max 8)
- age   1:    4877520 bytes,    4877520 total
- age   2:    4538352 bytes,    9415872 total
- age   3:    4126808 bytes,   13542680 total
- age   4:    3866000 bytes,   17408680 total
- age   5:    2842656 bytes,   20251336 total
- age   6:    2021840 bytes,   22273176 total
: 109248K->21824K(109248K), 0.0160369 secs] 245930K->163478K(502464K), 0.0161298 secs] [Times: user=0.06 sys=0.00, real=0.02 secs] 
Heap after GC invocations=115 (full 7):
 par new generation   total 109248K, used 21824K [0x00000000e0000000, 0x00000000e8000000, 0x00000000e8000000)
  eden space 87424K,   0% used [0x00000000e0000000, 0x00000000e0000000, 0x00000000e5560000)
  from space 21824K, 100% used [0x00000000e6ab0000, 0x00000000e8000000, 0x00000000e8000000)
  to   space 21824K,   0% used [0x00000000e5560000, 0x00000000e5560000, 0x00000000e6ab0000)
 concurrent mark-sweep generation total 393216K, used 141654K [0x00000000e8000000, 0x0000000100000000, 0x0000000100000000)
 Metaspace       used 54967K, capacity 56709K, committed 57036K, reserved 1099776K
  class space    used 6560K, capacity 6966K, committed 7116K, reserved 1048576K
}
2020-06-30T21:22:44.800+0100: 412.444: Total time for which application threads were stopped: 0.0164698 seconds, Stopping threads took: 0.0000735 seconds
{Heap before GC invocations=115 (full 7):
 par new generation   total 109248K, used 109248K [0x00000000e0000000, 0x00000000e8000000, 0x00000000e8000000)
  eden space 87424K, 100% used [0x00000000e0000000, 0x00000000e5560000, 0x00000000e5560000)
  from space 21824K, 100% used [0x00000000e6ab0000, 0x00000000e8000000, 0x00000000e8000000)
  to   space 21824K,   0% used [0x00000000e5560000, 0x00000000e5560000, 0x00000000e6ab0000)
 concurrent mark-sweep generation total 393216K, used 141654K [0x00000000e8000000, 0x0000000100000000, 0x0000000100000000)
 Metaspace       used 54967K, capacity 56709K, committed 57036K, reserved 1099776K
  class space    used 6560K, capacity 6966K, committed 7116K, reserved 1048576K
2020-06-30T21:22:44.933+0100: 412.577: [GC (Allocation Failure) 2020-06-30T21:22:44.933+0100: 412.577: [ParNew
Desired survivor size 20112992 bytes, new threshold 8 (max 8)
- age   1:    3685752 bytes,    3685752 total
- age   2:    3703264 bytes,    7389016 total
- age   3:    3900432 bytes,   11289448 total
- age   4:    4125520 bytes,   15414968 total
- age   5:    3827176 bytes,   19242144 total
: 109248K->21824K(109248K), 0.0199612 secs] 250902K->175838K(502464K), 0.0201094 secs] [Times: user=0.06 sys=0.00, real=0.02 secs] 
Heap after GC invocations=116 (full 7):
 par new generation   total 109248K, used 21824K [0x00000000e0000000, 0x00000000e8000000, 0x00000000e8000000)
  eden space 87424K,   0% used [0x00000000e0000000, 0x00000000e0000000, 0x00000000e5560000)
  from space 21824K, 100% used [0x00000000e5560000, 0x00000000e6ab0000, 0x00000000e6ab0000)
  to   space 21824K,   0% used [0x00000000e6ab0000, 0x00000000e6ab0000, 0x00000000e8000000)
 concurrent mark-sweep generation total 393216K, used 154014K [0x00000000e8000000, 0x0000000100000000, 0x0000000100000000)
 Metaspace       used 54967K, capacity 56709K, committed 57036K, reserved 1099776K
  class space    used 6560K, capacity 6966K, committed 7116K, reserved 1048576K
}
2020-06-30T21:22:44.953+0100: 412.597: Total time for which application threads were stopped: 0.0204020 seconds, Stopping threads took: 0.0000668 seconds
{Heap before GC invocations=116 (full 7):
 par new generation   total 109248K, used 109248K [0x00000000e0000000, 0x00000000e8000000, 0x00000000e8000000)
  eden space 87424K, 100% used [0x00000000e0000000, 0x00000000e5560000, 0x00000000e5560000)
  from space 21824K, 100% used [0x00000000e5560000, 0x00000000e6ab0000, 0x00000000e6ab0000)
  to   space 21824K,   0% used [0x00000000e6ab0000, 0x00000000e6ab0000, 0x00000000e8000000)
 concurrent mark-sweep generation total 393216K, used 154014K [0x00000000e8000000, 0x0000000100000000, 0x0000000100000000)
 Metaspace       used 54970K, capacity 56773K, committed 57036K, reserved 1099776K
  class space    used 6560K, capacity 6966K, committed 7116K, reserved 1048576K
2020-06-30T21:22:45.102+0100: 412.746: [GC (Allocation Failure) 2020-06-30T21:22:45.102+0100: 412.746: [ParNew
Desired survivor size 20112992 bytes, new threshold 6 (max 8)
- age   1:    4023624 bytes,    4023624 total
- age   2:    3091296 bytes,    7114920 total
- age   3:    3696808 bytes,   10811728 total
- age   4:    3423984 bytes,   14235712 total
- age   5:    4118064 bytes,   18353776 total
- age   6:    3827176 bytes,   22180952 total
: 109248K->21824K(109248K), 0.0168188 secs] 263262K->187279K(502464K), 0.0168876 secs] [Times: user=0.00 sys=0.01, real=0.02 secs] 
Heap after GC invocations=117 (full 7):
 par new generation   total 109248K, used 21824K [0x00000000e0000000, 0x00000000e8000000, 0x00000000e8000000)
  eden space 87424K,   0% used [0x00000000e0000000, 0x00000000e0000000, 0x00000000e5560000)
  from space 21824K, 100% used [0x00000000e6ab0000, 0x00000000e8000000, 0x00000000e8000000)
  to   space 21824K,   0% used [0x00000000e5560000, 0x00000000e5560000, 0x00000000e6ab0000)
 concurrent mark-sweep generation total 393216K, used 165455K [0x00000000e8000000, 0x0000000100000000, 0x0000000100000000)
 Metaspace       used 54970K, capacity 56773K, committed 57036K, reserved 1099776K
  class space    used 6560K, capacity 6966K, committed 7116K, reserved 1048576K
}
2020-06-30T21:22:45.119+0100: 412.763: Total time for which application threads were stopped: 0.0171315 seconds, Stopping threads took: 0.0000758 seconds
2020-06-30T21:22:45.742+0100: 413.385: Total time for which application threads were stopped: 0.0035354 seconds, Stopping threads took: 0.0033987 seconds
2020-06-30T21:22:45.749+0100: 413.392: Total time for which application threads were stopped: 0.0001584 seconds, Stopping threads took: 0.0000527 seconds
2020-06-30T21:22:45.750+0100: 413.394: Total time for which application threads were stopped: 0.0001847 seconds, Stopping threads took: 0.0000528 seconds
2020-06-30T21:22:45.750+0100: 413.394: Total time for which application threads were stopped: 0.0001289 seconds, Stopping threads took: 0.0000595 seconds
2020-06-30T21:22:45.751+0100: 413.394: Total time for which application threads were stopped: 0.0001053 seconds, Stopping threads took: 0.0000477 seconds
2020-06-30T21:22:46.752+0100: 414.395: Total time for which application threads were stopped: 0.0001767 seconds, Stopping threads took: 0.0000859 seconds
2020-06-30T21:22:59.418+0100: 427.062: Total time for which application threads were stopped: 0.0001092 seconds, Stopping threads took: 0.0000332 seconds
2020-06-30T21:23:03.421+0100: 431.064: Total time for which application threads were stopped: 0.0001093 seconds, Stopping threads took: 0.0000315 seconds
2020-06-30T21:24:03.454+0100: 491.097: Total time for which application threads were stopped: 0.0001633 seconds, Stopping threads took: 0.0000603 seconds
2020-06-30T21:25:03.486+0100: 551.129: Total time for which application threads were stopped: 0.0001448 seconds, Stopping threads took: 0.0000583 seconds
2020-06-30T21:25:15.114+0100: 562.758: Total time for which application threads were stopped: 0.0002394 seconds, Stopping threads took: 0.0001839 seconds
2020-06-30T21:25:15.118+0100: 562.762: Total time for which application threads were stopped: 0.0001538 seconds, Stopping threads took: 0.0000633 seconds
2020-06-30T21:25:15.120+0100: 562.763: Total time for which application threads were stopped: 0.0003388 seconds, Stopping threads took: 0.0000279 seconds
2020-06-30T21:25:15.135+0100: 562.779: Total time for which application threads were stopped: 0.0000946 seconds, Stopping threads took: 0.0000302 seconds
2020-06-30T21:25:15.137+0100: 562.781: Total time for which application threads were stopped: 0.0000994 seconds, Stopping threads took: 0.0000279 seconds
{Heap before GC invocations=117 (full 7):
 par new generation   total 109248K, used 109248K [0x00000000e0000000, 0x00000000e8000000, 0x00000000e8000000)
  eden space 87424K, 100% used [0x00000000e0000000, 0x00000000e5560000, 0x00000000e5560000)
  from space 21824K, 100% used [0x00000000e6ab0000, 0x00000000e8000000, 0x00000000e8000000)
  to   space 21824K,   0% used [0x00000000e5560000, 0x00000000e5560000, 0x00000000e6ab0000)
 concurrent mark-sweep generation total 393216K, used 165455K [0x00000000e8000000, 0x0000000100000000, 0x0000000100000000)
 Metaspace       used 54991K, capacity 56777K, committed 57036K, reserved 1099776K
  class space    used 6560K, capacity 6966K, committed 7116K, reserved 1048576K
2020-06-30T21:25:15.221+0100: 562.865: [GC (Allocation Failure) 2020-06-30T21:25:15.221+0100: 562.865: [ParNew
Desired survivor size 20112992 bytes, new threshold 6 (max 8)
- age   1:    6288656 bytes,    6288656 total
- age   2:    2843288 bytes,    9131944 total
- age   3:    3056504 bytes,   12188448 total
- age   4:    3265424 bytes,   15453872 total
- age   5:    2058328 bytes,   17512200 total
- age   6:    4118000 bytes,   21630200 total
: 109248K->21824K(109248K), 0.0173103 secs] 274703K->197258K(502464K), 0.0173809 secs] [Times: user=0.06 sys=0.00, real=0.02 secs] 
Heap after GC invocations=118 (full 7):
 par new generation   total 109248K, used 21824K [0x00000000e0000000, 0x00000000e8000000, 0x00000000e8000000)
  eden space 87424K,   0% used [0x00000000e0000000, 0x00000000e0000000, 0x00000000e5560000)
  from space 21824K, 100% used [0x00000000e5560000, 0x00000000e6ab0000, 0x00000000e6ab0000)
  to   space 21824K,   0% used [0x00000000e6ab0000, 0x00000000e6ab0000, 0x00000000e8000000)
 concurrent mark-sweep generation total 393216K, used 175434K [0x00000000e8000000, 0x0000000100000000, 0x0000000100000000)
 Metaspace       used 54991K, capacity 56777K, committed 57036K, reserved 1099776K
  class space    used 6560K, capacity 6966K, committed 7116K, reserved 1048576K
}
2020-06-30T21:25:15.239+0100: 562.882: Total time for which application threads were stopped: 0.0176424 seconds, Stopping threads took: 0.0000682 seconds
2020-06-30T21:25:15.242+0100: 562.885: Total time for which application threads were stopped: 0.0001733 seconds, Stopping threads took: 0.0000734 seconds
{Heap before GC invocations=118 (full 7):
 par new generation   total 109248K, used 109248K [0x00000000e0000000, 0x00000000e8000000, 0x00000000e8000000)
  eden space 87424K, 100% used [0x00000000e0000000, 0x00000000e5560000, 0x00000000e5560000)
  from space 21824K, 100% used [0x00000000e5560000, 0x00000000e6ab0000, 0x00000000e6ab0000)
  to   space 21824K,   0% used [0x00000000e6ab0000, 0x00000000e6ab0000, 0x00000000e8000000)
 concurrent mark-sweep generation total 393216K, used 175434K [0x00000000e8000000, 0x0000000100000000, 0x0000000100000000)
 Metaspace       used 55011K, capacity 56777K, committed 57036K, reserved 1099776K
  class space    used 6560K, capacity 6966K, committed 7116K, reserved 1048576K
2020-06-30T21:25:15.341+0100: 562.985: [GC (Allocation Failure) 2020-06-30T21:25:15.341+0100: 562.985: [ParNew
Desired survivor size 20112992 bytes, new threshold 8 (max 8)
- age   1:    4576480 bytes,    4576480 total
- age   2:    4831608 bytes,    9408088 total
- age   3:    2512944 bytes,   11921032 total
- age   4:    3029488 bytes,   14950520 total
- age   5:    3263376 bytes,   18213896 total
- age   6:    1837024 bytes,   20050920 total
: 109248K->21824K(109248K), 0.0140953 secs] 284682K->203979K(502464K), 0.0141805 secs] [Times: user=0.06 sys=0.00, real=0.01 secs] 
Heap after GC invocations=119 (full 7):
 par new generation   total 109248K, used 21824K [0x00000000e0000000, 0x00000000e8000000, 0x00000000e8000000)
  eden space 87424K,   0% used [0x00000000e0000000, 0x00000000e0000000, 0x00000000e5560000)
  from space 21824K, 100% used [0x00000000e6ab0000, 0x00000000e8000000, 0x00000000e8000000)
  to   space 21824K,   0% used [0x00000000e5560000, 0x00000000e5560000, 0x00000000e6ab0000)
 concurrent mark-sweep generation total 393216K, used 182155K [0x00000000e8000000, 0x0000000100000000, 0x0000000100000000)
 Metaspace       used 55011K, capacity 56777K, committed 57036K, reserved 1099776K
  class space    used 6560K, capacity 6966K, committed 7116K, reserved 1048576K
}
2020-06-30T21:25:15.355+0100: 562.999: Total time for which application threads were stopped: 0.0144590 seconds, Stopping threads took: 0.0000705 seconds
{Heap before GC invocations=119 (full 7):
 par new generation   total 109248K, used 109248K [0x00000000e0000000, 0x00000000e8000000, 0x00000000e8000000)
  eden space 87424K, 100% used [0x00000000e0000000, 0x00000000e5560000, 0x00000000e5560000)
  from space 21824K, 100% used [0x00000000e6ab0000, 0x00000000e8000000, 0x00000000e8000000)
  to   space 21824K,   0% used [0x00000000e5560000, 0x00000000e5560000, 0x00000000e6ab0000)
 concurrent mark-sweep generation total 393216K, used 182155K [0x00000000e8000000, 0x0000000100000000, 0x0000000100000000)
 Metaspace       used 55013K, capacity 56777K, committed 57036K, reserved 1099776K
  class space    used 6560K, capacity 6966K, committed 7116K, reserved 1048576K
2020-06-30T21:25:15.465+0100: 563.108: [GC (Allocation Failure) 2020-06-30T21:25:15.465+0100: 563.108: [ParNew
Desired survivor size 20112992 bytes, new threshold 6 (max 8)
- age   1:    3759512 bytes,    3759512 total
- age   2:    3170776 bytes,    6930288 total
- age   3:    4735312 bytes,   11665600 total
- age   4:    2512944 bytes,   14178544 total
- age   5:    3029488 bytes,   17208032 total
- age   6:    3263376 bytes,   20471408 total
- age   7:    1837024 bytes,   22308432 total
: 109248K->21824K(109248K), 0.0164923 secs] 291403K->208863K(502464K), 0.0165668 secs] [Times: user=0.06 sys=0.00, real=0.02 secs] 
Heap after GC invocations=120 (full 7):
 par new generation   total 109248K, used 21824K [0x00000000e0000000, 0x00000000e8000000, 0x00000000e8000000)
  eden space 87424K,   0% used [0x00000000e0000000, 0x00000000e0000000, 0x00000000e5560000)
  from space 21824K, 100% used [0x00000000e5560000, 0x00000000e6ab0000, 0x00000000e6ab0000)
  to   space 21824K,   0% used [0x00000000e6ab0000, 0x00000000e6ab0000, 0x00000000e8000000)
 concurrent mark-sweep generation total 393216K, used 187039K [0x00000000e8000000, 0x0000000100000000, 0x0000000100000000)
 Metaspace       used 55013K, capacity 56777K, committed 57036K, reserved 1099776K
  class space    used 6560K, capacity 6966K, committed 7116K, reserved 1048576K
}
2020-06-30T21:25:15.481+0100: 563.125: Total time for which application threads were stopped: 0.0168036 seconds, Stopping threads took: 0.0000681 seconds
{Heap before GC invocations=120 (full 7):
 par new generation   total 109248K, used 109248K [0x00000000e0000000, 0x00000000e8000000, 0x00000000e8000000)
  eden space 87424K, 100% used [0x00000000e0000000, 0x00000000e5560000, 0x00000000e5560000)
  from space 21824K, 100% used [0x00000000e5560000, 0x00000000e6ab0000, 0x00000000e6ab0000)
  to   space 21824K,   0% used [0x00000000e6ab0000, 0x00000000e6ab0000, 0x00000000e8000000)
 concurrent mark-sweep generation total 393216K, used 187039K [0x00000000e8000000, 0x0000000100000000, 0x0000000100000000)
 Metaspace       used 55014K, capacity 56777K, committed 57036K, reserved 1099776K
  class space    used 6560K, capacity 6966K, committed 7116K, reserved 1048576K
2020-06-30T21:25:15.579+0100: 563.223: [GC (Allocation Failure) 2020-06-30T21:25:15.579+0100: 563.223: [ParNew
Desired survivor size 20112992 bytes, new threshold 6 (max 8)
- age   1:    4422536 bytes,    4422536 total
- age   2:    2905120 bytes,    7327656 total
- age   3:    3151136 bytes,   10478792 total
- age   4:    4735056 bytes,   15213848 total
- age   5:    2512944 bytes,   17726792 total
- age   6:    3029488 bytes,   20756280 total
: 109248K->21824K(109248K), 0.0155804 secs] 296287K->219281K(502464K), 0.0156523 secs] [Times: user=0.06 sys=0.00, real=0.02 secs] 
Heap after GC invocations=121 (full 7):
 par new generation   total 109248K, used 21824K [0x00000000e0000000, 0x00000000e8000000, 0x00000000e8000000)
  eden space 87424K,   0% used [0x00000000e0000000, 0x00000000e0000000, 0x00000000e5560000)
  from space 21824K, 100% used [0x00000000e6ab0000, 0x00000000e8000000, 0x00000000e8000000)
  to   space 21824K,   0% used [0x00000000e5560000, 0x00000000e5560000, 0x00000000e6ab0000)
 concurrent mark-sweep generation total 393216K, used 197457K [0x00000000e8000000, 0x0000000100000000, 0x0000000100000000)
 Metaspace       used 55014K, capacity 56777K, committed 57036K, reserved 1099776K
  class space    used 6560K, capacity 6966K, committed 7116K, reserved 1048576K
}
2020-06-30T21:25:15.595+0100: 563.238: Total time for which application threads were stopped: 0.0158719 seconds, Stopping threads took: 0.0000571 seconds
2020-06-30T21:25:15.595+0100: 563.238: [GC (CMS Initial Mark) [1 CMS-initial-mark: 197457K(393216K)] 220745K(502464K), 0.0047517 secs] [Times: user=0.02 sys=0.00, real=0.00 secs] 
2020-06-30T21:25:15.600+0100: 563.243: Total time for which application threads were stopped: 0.0049247 seconds, Stopping threads took: 0.0000663 seconds
2020-06-30T21:25:15.600+0100: 563.243: [CMS-concurrent-mark-start]
2020-06-30T21:25:15.625+0100: 563.269: [CMS-concurrent-mark: 0.025/0.025 secs] [Times: user=0.06 sys=0.00, real=0.03 secs] 
2020-06-30T21:25:15.625+0100: 563.269: [CMS-concurrent-preclean-start]
2020-06-30T21:25:15.627+0100: 563.270: [CMS-concurrent-preclean: 0.001/0.001 secs] [Times: user=0.00 sys=0.00, real=0.00 secs] 
2020-06-30T21:25:15.627+0100: 563.271: [GC (CMS Final Remark) [YG occupancy: 23288 K (109248 K)]{Heap before GC invocations=121 (full 8):
 par new generation   total 109248K, used 23288K [0x00000000e0000000, 0x00000000e8000000, 0x00000000e8000000)
  eden space 87424K,   1% used [0x00000000e0000000, 0x00000000e016e170, 0x00000000e5560000)
  from space 21824K, 100% used [0x00000000e6ab0000, 0x00000000e8000000, 0x00000000e8000000)
  to   space 21824K,   0% used [0x00000000e5560000, 0x00000000e5560000, 0x00000000e6ab0000)
 concurrent mark-sweep generation total 393216K, used 197457K [0x00000000e8000000, 0x0000000100000000, 0x0000000100000000)
 Metaspace       used 55014K, capacity 56777K, committed 57036K, reserved 1099776K
  class space    used 6560K, capacity 6966K, committed 7116K, reserved 1048576K
2020-06-30T21:25:15.627+0100: 563.271: [GC (CMS Final Remark) 2020-06-30T21:25:15.627+0100: 563.271: [ParNew
Desired survivor size 20112992 bytes, new threshold 8 (max 8)
- age   1:     101752 bytes,     101752 total
- age   2:    4244088 bytes,    4345840 total
- age   3:    2904880 bytes,    7250720 total
- age   4:    3151136 bytes,   10401856 total
- age   5:    4735056 bytes,   15136912 total
- age   6:    2512944 bytes,   17649856 total
: 23288K->21824K(109248K), 0.0113230 secs] 220745K->222268K(502464K), 0.0113680 secs] [Times: user=0.05 sys=0.00, real=0.01 secs] 
Heap after GC invocations=122 (full 8):
 par new generation   total 109248K, used 21824K [0x00000000e0000000, 0x00000000e8000000, 0x00000000e8000000)
  eden space 87424K,   0% used [0x00000000e0000000, 0x00000000e0000000, 0x00000000e5560000)
  from space 21824K, 100% used [0x00000000e5560000, 0x00000000e6ab0000, 0x00000000e6ab0000)
  to   space 21824K,   0% used [0x00000000e6ab0000, 0x00000000e6ab0000, 0x00000000e8000000)
 concurrent mark-sweep generation total 393216K, used 200444K [0x00000000e8000000, 0x0000000100000000, 0x0000000100000000)
 Metaspace       used 55014K, capacity 56777K, committed 57036K, reserved 1099776K
  class space    used 6560K, capacity 6966K, committed 7116K, reserved 1048576K
}
2020-06-30T21:25:15.638+0100: 563.282: [Rescan (parallel) , 0.0047615 secs]2020-06-30T21:25:15.643+0100: 563.287: [weak refs processing, 0.0062171 secs]2020-06-30T21:25:15.650+0100: 563.293: [class unloading, 0.0114909 secs]2020-06-30T21:25:15.661+0100: 563.305: [scrub symbol table, 0.0104031 secs]2020-06-30T21:25:15.671+0100: 563.315: [scrub string table, 0.0005907 secs][1 CMS-remark: 200444K(393216K)] 222268K(502464K), 0.0452527 secs] [Times: user=0.13 sys=0.00, real=0.04 secs] 
2020-06-30T21:25:15.672+0100: 563.316: Total time for which application threads were stopped: 0.0454417 seconds, Stopping threads took: 0.0000854 seconds
2020-06-30T21:25:15.672+0100: 563.316: [CMS-concurrent-sweep-start]
2020-06-30T21:25:15.673+0100: 563.316: Total time for which application threads were stopped: 0.0001265 seconds, Stopping threads took: 0.0000733 seconds
2020-06-30T21:25:15.673+0100: 563.317: Total time for which application threads were stopped: 0.0000877 seconds, Stopping threads took: 0.0000470 seconds
2020-06-30T21:25:15.673+0100: 563.317: Total time for which application threads were stopped: 0.0001079 seconds, Stopping threads took: 0.0000701 seconds
2020-06-30T21:25:15.673+0100: 563.317: Total time for which application threads were stopped: 0.0000946 seconds, Stopping threads took: 0.0000603 seconds
2020-06-30T21:25:15.674+0100: 563.317: Total time for which application threads were stopped: 0.0000807 seconds, Stopping threads took: 0.0000444 seconds
2020-06-30T21:25:15.674+0100: 563.317: Total time for which application threads were stopped: 0.0000859 seconds, Stopping threads took: 0.0000527 seconds
2020-06-30T21:25:15.674+0100: 563.318: Total time for which application threads were stopped: 0.0000867 seconds, Stopping threads took: 0.0000516 seconds
2020-06-30T21:25:15.674+0100: 563.318: Total time for which application threads were stopped: 0.0000799 seconds, Stopping threads took: 0.0000495 seconds
2020-06-30T21:25:15.675+0100: 563.318: Total time for which application threads were stopped: 0.0001240 seconds, Stopping threads took: 0.0000588 seconds
2020-06-30T21:25:15.675+0100: 563.318: Total time for which application threads were stopped: 0.0000853 seconds, Stopping threads took: 0.0000534 seconds
2020-06-30T21:25:15.675+0100: 563.319: Total time for which application threads were stopped: 0.0000782 seconds, Stopping threads took: 0.0000432 seconds
2020-06-30T21:25:15.675+0100: 563.319: Total time for which application threads were stopped: 0.0000790 seconds, Stopping threads took: 0.0000477 seconds
2020-06-30T21:25:15.675+0100: 563.319: Total time for which application threads were stopped: 0.0000810 seconds, Stopping threads took: 0.0000485 seconds
2020-06-30T21:25:15.676+0100: 563.319: Total time for which application threads were stopped: 0.0001248 seconds, Stopping threads took: 0.0000723 seconds
2020-06-30T21:25:15.676+0100: 563.319: Total time for which application threads were stopped: 0.0000779 seconds, Stopping threads took: 0.0000423 seconds
2020-06-30T21:25:15.676+0100: 563.319: Total time for which application threads were stopped: 0.0000672 seconds, Stopping threads took: 0.0000361 seconds
2020-06-30T21:25:15.676+0100: 563.320: Total time for which application threads were stopped: 0.0000692 seconds, Stopping threads took: 0.0000365 seconds
2020-06-30T21:25:15.676+0100: 563.320: Total time for which application threads were stopped: 0.0000821 seconds, Stopping threads took: 0.0000493 seconds
2020-06-30T21:25:15.677+0100: 563.320: Total time for which application threads were stopped: 0.0000944 seconds, Stopping threads took: 0.0000421 seconds
2020-06-30T21:25:15.677+0100: 563.320: Total time for which application threads were stopped: 0.0000825 seconds, Stopping threads took: 0.0000486 seconds
2020-06-30T21:25:15.677+0100: 563.320: Total time for which application threads were stopped: 0.0000835 seconds, Stopping threads took: 0.0000486 seconds
2020-06-30T21:25:15.677+0100: 563.321: Total time for which application threads were stopped: 0.0000831 seconds, Stopping threads took: 0.0000511 seconds
2020-06-30T21:25:15.677+0100: 563.321: Total time for which application threads were stopped: 0.0000850 seconds, Stopping threads took: 0.0000507 seconds
2020-06-30T21:25:15.677+0100: 563.321: Total time for which application threads were stopped: 0.0000784 seconds, Stopping threads took: 0.0000479 seconds
2020-06-30T21:25:15.735+0100: 563.379: [CMS-concurrent-sweep: 0.060/0.063 secs] [Times: user=0.14 sys=0.00, real=0.06 secs] 
2020-06-30T21:25:15.735+0100: 563.379: [CMS-concurrent-reset-start]
2020-06-30T21:25:15.736+0100: 563.379: [CMS-concurrent-reset: 0.001/0.001 secs] [Times: user=0.00 sys=0.00, real=0.00 secs] 
2020-06-30T21:25:16.664+0100: 564.307: Total time for which application threads were stopped: 0.0001725 seconds, Stopping threads took: 0.0000761 seconds
2020-06-30T21:25:16.664+0100: 564.307: Total time for which application threads were stopped: 0.0001148 seconds, Stopping threads took: 0.0000505 seconds
2020-06-30T21:25:16.665+0100: 564.308: Total time for which application threads were stopped: 0.0001840 seconds, Stopping threads took: 0.0001058 seconds
2020-06-30T21:25:16.675+0100: 564.319: Total time for which application threads were stopped: 0.0001430 seconds, Stopping threads took: 0.0000709 seconds
2020-06-30T21:25:16.679+0100: 564.322: Total time for which application threads were stopped: 0.0001508 seconds, Stopping threads took: 0.0000728 seconds
2020-06-30T21:25:16.679+0100: 564.322: Total time for which application threads were stopped: 0.0000935 seconds, Stopping threads took: 0.0000442 seconds
2020-06-30T21:25:16.679+0100: 564.323: Total time for which application threads were stopped: 0.0002693 seconds, Stopping threads took: 0.0000429 seconds
2020-06-30T21:25:30.138+0100: 577.782: Total time for which application threads were stopped: 0.0000665 seconds, Stopping threads took: 0.0000207 seconds
2020-06-30T21:26:03.158+0100: 610.801: Total time for which application threads were stopped: 0.0001487 seconds, Stopping threads took: 0.0000377 seconds
2020-06-30T21:28:03.213+0100: 730.856: Total time for which application threads were stopped: 0.0001588 seconds, Stopping threads took: 0.0000567 seconds
2020-06-30T21:30:03.277+0100: 850.920: Total time for which application threads were stopped: 0.0001314 seconds, Stopping threads took: 0.0000535 seconds
2020-06-30T21:30:16.285+0100: 863.928: Total time for which application threads were stopped: 0.0001371 seconds, Stopping threads took: 0.0000453 seconds
2020-06-30T21:31:03.309+0100: 910.952: Total time for which application threads were stopped: 0.0000885 seconds, Stopping threads took: 0.0000341 seconds
2020-06-30T21:31:15.804+0100: 923.448: Total time for which application threads were stopped: 0.0003066 seconds, Stopping threads took: 0.0002583 seconds
2020-06-30T21:31:15.825+0100: 923.468: Total time for which application threads were stopped: 0.0000868 seconds, Stopping threads took: 0.0000260 seconds
2020-06-30T21:31:15.975+0100: 923.618: Total time for which application threads were stopped: 0.0002517 seconds, Stopping threads took: 0.0001409 seconds
{Heap before GC invocations=122 (full 8):
 par new generation   total 109248K, used 109248K [0x00000000e0000000, 0x00000000e8000000, 0x00000000e8000000)
  eden space 87424K, 100% used [0x00000000e0000000, 0x00000000e5560000, 0x00000000e5560000)
  from space 21824K, 100% used [0x00000000e5560000, 0x00000000e6ab0000, 0x00000000e6ab0000)
  to   space 21824K,   0% used [0x00000000e6ab0000, 0x00000000e6ab0000, 0x00000000e8000000)
 concurrent mark-sweep generation total 393216K, used 94237K [0x00000000e8000000, 0x0000000100000000, 0x0000000100000000)
 Metaspace       used 55041K, capacity 56785K, committed 57036K, reserved 1099776K
  class space    used 6560K, capacity 6966K, committed 7116K, reserved 1048576K
2020-06-30T21:31:16.027+0100: 923.671: [GC (Allocation Failure) 2020-06-30T21:31:16.027+0100: 923.671: [ParNew
Desired survivor size 20112992 bytes, new threshold 7 (max 8)
- age   1:    7105840 bytes,    7105840 total
- age   2:      52008 bytes,    7157848 total
- age   3:    3251032 bytes,   10408880 total
- age   4:    2788920 bytes,   13197800 total
- age   5:    2682032 bytes,   15879832 total
- age   6:    3945496 bytes,   19825328 total
- age   7:    2512640 bytes,   22337968 total
: 109248K->21824K(109248K), 0.0176444 secs] 203485K->119951K(502464K), 0.0177496 secs] [Times: user=0.06 sys=0.00, real=0.02 secs] 
Heap after GC invocations=123 (full 8):
 par new generation   total 109248K, used 21824K [0x00000000e0000000, 0x00000000e8000000, 0x00000000e8000000)
  eden space 87424K,   0% used [0x00000000e0000000, 0x00000000e0000000, 0x00000000e5560000)
  from space 21824K, 100% used [0x00000000e6ab0000, 0x00000000e8000000, 0x00000000e8000000)
  to   space 21824K,   0% used [0x00000000e5560000, 0x00000000e5560000, 0x00000000e6ab0000)
 concurrent mark-sweep generation total 393216K, used 98127K [0x00000000e8000000, 0x0000000100000000, 0x0000000100000000)
 Metaspace       used 55041K, capacity 56785K, committed 57036K, reserved 1099776K
  class space    used 6560K, capacity 6966K, committed 7116K, reserved 1048576K
}
2020-06-30T21:31:16.045+0100: 923.689: Total time for which application threads were stopped: 0.0180577 seconds, Stopping threads took: 0.0000576 seconds
{Heap before GC invocations=123 (full 8):
 par new generation   total 109248K, used 109248K [0x00000000e0000000, 0x00000000e8000000, 0x00000000e8000000)
  eden space 87424K, 100% used [0x00000000e0000000, 0x00000000e5560000, 0x00000000e5560000)
  from space 21824K, 100% used [0x00000000e6ab0000, 0x00000000e8000000, 0x00000000e8000000)
  to   space 21824K,   0% used [0x00000000e5560000, 0x00000000e5560000, 0x00000000e6ab0000)
 concurrent mark-sweep generation total 393216K, used 98127K [0x00000000e8000000, 0x0000000100000000, 0x0000000100000000)
 Metaspace       used 55042K, capacity 56785K, committed 57036K, reserved 1099776K
  class space    used 6560K, capacity 6966K, committed 7116K, reserved 1048576K
2020-06-30T21:31:16.212+0100: 923.856: [GC (Allocation Failure) 2020-06-30T21:31:16.212+0100: 923.856: [ParNew
Desired survivor size 20112992 bytes, new threshold 7 (max 8)
- age   1:    4941552 bytes,    4941552 total
- age   2:    4159072 bytes,    9100624 total
- age   3:      51968 bytes,    9152592 total
- age   4:    3250960 bytes,   12403552 total
- age   5:    2788800 bytes,   15192352 total
- age   6:    2681968 bytes,   17874320 total
- age   7:    3945272 bytes,   21819592 total
: 109248K->21824K(109248K), 0.0175624 secs] 207375K->126458K(502464K), 0.0176614 secs] [Times: user=0.06 sys=0.00, real=0.02 secs] 
Heap after GC invocations=124 (full 8):
 par new generation   total 109248K, used 21824K [0x00000000e0000000, 0x00000000e8000000, 0x00000000e8000000)
  eden space 87424K,   0% used [0x00000000e0000000, 0x00000000e0000000, 0x00000000e5560000)
  from space 21824K, 100% used [0x00000000e5560000, 0x00000000e6ab0000, 0x00000000e6ab0000)
  to   space 21824K,   0% used [0x00000000e6ab0000, 0x00000000e6ab0000, 0x00000000e8000000)
 concurrent mark-sweep generation total 393216K, used 104634K [0x00000000e8000000, 0x0000000100000000, 0x0000000100000000)
 Metaspace       used 55042K, capacity 56785K, committed 57036K, reserved 1099776K
  class space    used 6560K, capacity 6966K, committed 7116K, reserved 1048576K
}
2020-06-30T21:31:16.230+0100: 923.873: Total time for which application threads were stopped: 0.0179618 seconds, Stopping threads took: 0.0000666 seconds
{Heap before GC invocations=124 (full 8):
 par new generation   total 109248K, used 109248K [0x00000000e0000000, 0x00000000e8000000, 0x00000000e8000000)
  eden space 87424K, 100% used [0x00000000e0000000, 0x00000000e5560000, 0x00000000e5560000)
  from space 21824K, 100% used [0x00000000e5560000, 0x00000000e6ab0000, 0x00000000e6ab0000)
  to   space 21824K,   0% used [0x00000000e6ab0000, 0x00000000e6ab0000, 0x00000000e8000000)
 concurrent mark-sweep generation total 393216K, used 104634K [0x00000000e8000000, 0x0000000100000000, 0x0000000100000000)
 Metaspace       used 55045K, capacity 56785K, committed 57036K, reserved 1099776K
  class space    used 6560K, capacity 6966K, committed 7116K, reserved 1048576K
2020-06-30T21:31:16.473+0100: 924.117: [GC (Allocation Failure) 2020-06-30T21:31:16.473+0100: 924.117: [ParNew
Desired survivor size 20112992 bytes, new threshold 8 (max 8)
- age   1:    3473480 bytes,    3473480 total
- age   2:    3631912 bytes,    7105392 total
- age   3:    4129960 bytes,   11235352 total
- age   4:      51968 bytes,   11287320 total
- age   5:    2998336 bytes,   14285656 total
- age   6:    2788800 bytes,   17074456 total
- age   7:    2681968 bytes,   19756424 total
: 109248K->21824K(109248K), 0.0173595 secs] 213882K->134611K(502464K), 0.0174772 secs] [Times: user=0.06 sys=0.00, real=0.02 secs] 
Heap after GC invocations=125 (full 8):
 par new generation   total 109248K, used 21824K [0x00000000e0000000, 0x00000000e8000000, 0x00000000e8000000)
  eden space 87424K,   0% used [0x00000000e0000000, 0x00000000e0000000, 0x00000000e5560000)
  from space 21824K, 100% used [0x00000000e6ab0000, 0x00000000e8000000, 0x00000000e8000000)
  to   space 21824K,   0% used [0x00000000e5560000, 0x00000000e5560000, 0x00000000e6ab0000)
 concurrent mark-sweep generation total 393216K, used 112787K [0x00000000e8000000, 0x0000000100000000, 0x0000000100000000)
 Metaspace       used 55045K, capacity 56785K, committed 57036K, reserved 1099776K
  class space    used 6560K, capacity 6966K, committed 7116K, reserved 1048576K
}
2020-06-30T21:31:16.491+0100: 924.134: Total time for which application threads were stopped: 0.0183057 seconds, Stopping threads took: 0.0005787 seconds
2020-06-30T21:31:17.493+0100: 925.136: Total time for which application threads were stopped: 0.0010545 seconds, Stopping threads took: 0.0009545 seconds
2020-06-30T21:31:17.553+0100: 925.196: Total time for which application threads were stopped: 0.0001669 seconds, Stopping threads took: 0.0000853 seconds
2020-06-30T21:31:17.564+0100: 925.208: Total time for which application threads were stopped: 0.0001226 seconds, Stopping threads took: 0.0000542 seconds
2020-06-30T21:31:17.565+0100: 925.208: Total time for which application threads were stopped: 0.0001408 seconds, Stopping threads took: 0.0000424 seconds
2020-06-30T21:31:18.565+0100: 926.208: Total time for which application threads were stopped: 0.0001089 seconds, Stopping threads took: 0.0000574 seconds
2020-06-30T21:31:30.827+0100: 938.471: Total time for which application threads were stopped: 0.0000870 seconds, Stopping threads took: 0.0000315 seconds
2020-06-30T21:31:35.820+0100: 943.463: Total time for which application threads were stopped: 0.0004074 seconds, Stopping threads took: 0.0003379 seconds
2020-06-30T21:31:35.848+0100: 943.491: Total time for which application threads were stopped: 0.0000821 seconds, Stopping threads took: 0.0000331 seconds
2020-06-30T21:31:35.849+0100: 943.493: Total time for which application threads were stopped: 0.0000805 seconds, Stopping threads took: 0.0000306 seconds
{Heap before GC invocations=125 (full 8):
 par new generation   total 109248K, used 109248K [0x00000000e0000000, 0x00000000e8000000, 0x00000000e8000000)
  eden space 87424K, 100% used [0x00000000e0000000, 0x00000000e5560000, 0x00000000e5560000)
  from space 21824K, 100% used [0x00000000e6ab0000, 0x00000000e8000000, 0x00000000e8000000)
  to   space 21824K,   0% used [0x00000000e5560000, 0x00000000e5560000, 0x00000000e6ab0000)
 concurrent mark-sweep generation total 393216K, used 112787K [0x00000000e8000000, 0x0000000100000000, 0x0000000100000000)
 Metaspace       used 55069K, capacity 56785K, committed 57036K, reserved 1099776K
  class space    used 6560K, capacity 6966K, committed 7116K, reserved 1048576K
2020-06-30T21:31:35.938+0100: 943.581: [GC (Allocation Failure) 2020-06-30T21:31:35.938+0100: 943.581: [ParNew
Desired survivor size 20112992 bytes, new threshold 8 (max 8)
- age   1:    2152336 bytes,    2152336 total
- age   2:    2550808 bytes,    4703144 total
- age   3:    3357832 bytes,    8060976 total
- age   4:    3553056 bytes,   11614032 total
- age   5:       8896 bytes,   11622928 total
- age   6:    2998136 bytes,   14621064 total
- age   7:    2788752 bytes,   17409816 total
- age   8:    2681584 bytes,   20091400 total
: 109248K->21824K(109248K), 0.0138646 secs] 222035K->136775K(502464K), 0.0139567 secs] [Times: user=0.06 sys=0.00, real=0.01 secs] 
Heap after GC invocations=126 (full 8):
 par new generation   total 109248K, used 21824K [0x00000000e0000000, 0x00000000e8000000, 0x00000000e8000000)
  eden space 87424K,   0% used [0x00000000e0000000, 0x00000000e0000000, 0x00000000e5560000)
  from space 21824K, 100% used [0x00000000e5560000, 0x00000000e6ab0000, 0x00000000e6ab0000)
  to   space 21824K,   0% used [0x00000000e6ab0000, 0x00000000e6ab0000, 0x00000000e8000000)
 concurrent mark-sweep generation total 393216K, used 114951K [0x00000000e8000000, 0x0000000100000000, 0x0000000100000000)
 Metaspace       used 55069K, capacity 56785K, committed 57036K, reserved 1099776K
  class space    used 6560K, capacity 6966K, committed 7116K, reserved 1048576K
}
2020-06-30T21:31:35.952+0100: 943.595: Total time for which application threads were stopped: 0.0142848 seconds, Stopping threads took: 0.0000590 seconds
2020-06-30T21:31:36.039+0100: 943.683: Total time for which application threads were stopped: 0.0003072 seconds, Stopping threads took: 0.0000647 seconds
{Heap before GC invocations=126 (full 8):
 par new generation   total 109248K, used 109248K [0x00000000e0000000, 0x00000000e8000000, 0x00000000e8000000)
  eden space 87424K, 100% used [0x00000000e0000000, 0x00000000e5560000, 0x00000000e5560000)
  from space 21824K, 100% used [0x00000000e5560000, 0x00000000e6ab0000, 0x00000000e6ab0000)
  to   space 21824K,   0% used [0x00000000e6ab0000, 0x00000000e6ab0000, 0x00000000e8000000)
 concurrent mark-sweep generation total 393216K, used 114951K [0x00000000e8000000, 0x0000000100000000, 0x0000000100000000)
 Metaspace       used 55072K, capacity 56849K, committed 57292K, reserved 1099776K
  class space    used 6560K, capacity 6966K, committed 7116K, reserved 1048576K
2020-06-30T21:31:36.130+0100: 943.774: [GC (Allocation Failure) 2020-06-30T21:31:36.130+0100: 943.774: [ParNew
Desired survivor size 20112992 bytes, new threshold 8 (max 8)
- age   1:    5243584 bytes,    5243584 total
- age   2:    1942400 bytes,    7185984 total
- age   3:    2550456 bytes,    9736440 total
- age   4:    3357688 bytes,   13094128 total
- age   5:    3448800 bytes,   16542928 total
- age   6:       8896 bytes,   16551824 total
- age   7:    2998136 bytes,   19549960 total
- age   8:    2788752 bytes,   22338712 total
: 109248K->21824K(109248K), 0.0185723 secs] 224199K->144849K(502464K), 0.0186745 secs] [Times: user=0.09 sys=0.00, real=0.02 secs] 
Heap after GC invocations=127 (full 8):
 par new generation   total 109248K, used 21824K [0x00000000e0000000, 0x00000000e8000000, 0x00000000e8000000)
  eden space 87424K,   0% used [0x00000000e0000000, 0x00000000e0000000, 0x00000000e5560000)
  from space 21824K, 100% used [0x00000000e6ab0000, 0x00000000e8000000, 0x00000000e8000000)
  to   space 21824K,   0% used [0x00000000e5560000, 0x00000000e5560000, 0x00000000e6ab0000)
 concurrent mark-sweep generation total 393216K, used 123025K [0x00000000e8000000, 0x0000000100000000, 0x0000000100000000)
 Metaspace       used 55072K, capacity 56849K, committed 57292K, reserved 1099776K
  class space    used 6560K, capacity 6966K, committed 7116K, reserved 1048576K
}
2020-06-30T21:31:36.149+0100: 943.793: Total time for which application threads were stopped: 0.0189794 seconds, Stopping threads took: 0.0000664 seconds
2020-06-30T21:31:36.150+0100: 943.793: Total time for which application threads were stopped: 0.0001647 seconds, Stopping threads took: 0.0000696 seconds
2020-06-30T21:31:36.150+0100: 943.793: Total time for which application threads were stopped: 0.0001611 seconds, Stopping threads took: 0.0000991 seconds
2020-06-30T21:31:36.150+0100: 943.794: Total time for which application threads were stopped: 0.0001348 seconds, Stopping threads took: 0.0000598 seconds
2020-06-30T21:31:36.150+0100: 943.794: Total time for which application threads were stopped: 0.0001211 seconds, Stopping threads took: 0.0000673 seconds
{Heap before GC invocations=127 (full 8):
 par new generation   total 109248K, used 109248K [0x00000000e0000000, 0x00000000e8000000, 0x00000000e8000000)
  eden space 87424K, 100% used [0x00000000e0000000, 0x00000000e5560000, 0x00000000e5560000)
  from space 21824K, 100% used [0x00000000e6ab0000, 0x00000000e8000000, 0x00000000e8000000)
  to   space 21824K,   0% used [0x00000000e5560000, 0x00000000e5560000, 0x00000000e6ab0000)
 concurrent mark-sweep generation total 393216K, used 123025K [0x00000000e8000000, 0x0000000100000000, 0x0000000100000000)
 Metaspace       used 55085K, capacity 56849K, committed 57292K, reserved 1099776K
  class space    used 6560K, capacity 6966K, committed 7116K, reserved 1048576K
2020-06-30T21:31:36.303+0100: 943.947: [GC (Allocation Failure) 2020-06-30T21:31:36.303+0100: 943.947: [ParNew
Desired survivor size 20112992 bytes, new threshold 8 (max 8)
- age   1:    5798432 bytes,    5798432 total
- age   2:    3885704 bytes,    9684136 total
- age   3:    1941192 bytes,   11625328 total
- age   4:    2065240 bytes,   13690568 total
- age   5:    1661808 bytes,   15352376 total
- age   6:    3448512 bytes,   18800888 total
- age   7:       8896 bytes,   18809784 total
- age   8:    2998136 bytes,   21807920 total
: 109248K->21824K(109248K), 0.0227416 secs] 232273K->155943K(502464K), 0.0228677 secs] [Times: user=0.06 sys=0.00, real=0.02 secs] 
Heap after GC invocations=128 (full 8):
 par new generation   total 109248K, used 21824K [0x00000000e0000000, 0x00000000e8000000, 0x00000000e8000000)
  eden space 87424K,   0% used [0x00000000e0000000, 0x00000000e0000000, 0x00000000e5560000)
  from space 21824K, 100% used [0x00000000e5560000, 0x00000000e6ab0000, 0x00000000e6ab0000)
  to   space 21824K,   0% used [0x00000000e6ab0000, 0x00000000e6ab0000, 0x00000000e8000000)
 concurrent mark-sweep generation total 393216K, used 134119K [0x00000000e8000000, 0x0000000100000000, 0x0000000100000000)
 Metaspace       used 55085K, capacity 56849K, committed 57292K, reserved 1099776K
  class space    used 6560K, capacity 6966K, committed 7116K, reserved 1048576K
}
2020-06-30T21:31:36.326+0100: 943.970: Total time for which application threads were stopped: 0.0231722 seconds, Stopping threads took: 0.0000648 seconds
{Heap before GC invocations=128 (full 8):
 par new generation   total 109248K, used 109248K [0x00000000e0000000, 0x00000000e8000000, 0x00000000e8000000)
  eden space 87424K, 100% used [0x00000000e0000000, 0x00000000e5560000, 0x00000000e5560000)
  from space 21824K, 100% used [0x00000000e5560000, 0x00000000e6ab0000, 0x00000000e6ab0000)
  to   space 21824K,   0% used [0x00000000e6ab0000, 0x00000000e6ab0000, 0x00000000e8000000)
 concurrent mark-sweep generation total 393216K, used 134119K [0x00000000e8000000, 0x0000000100000000, 0x0000000100000000)
 Metaspace       used 55087K, capacity 56849K, committed 57292K, reserved 1099776K
  class space    used 6560K, capacity 6966K, committed 7116K, reserved 1048576K
2020-06-30T21:31:36.601+0100: 944.244: [GC (Allocation Failure) 2020-06-30T21:31:36.601+0100: 944.244: [ParNew
Desired survivor size 20112992 bytes, new threshold 7 (max 8)
- age   1:    4344336 bytes,    4344336 total
- age   2:    4708408 bytes,    9052744 total
- age   3:    3821144 bytes,   12873888 total
- age   4:    1933304 bytes,   14807192 total
- age   5:    2065240 bytes,   16872432 total
- age   6:    1661648 bytes,   18534080 total
- age   7:    3425048 bytes,   21959128 total
- age   8:       8896 bytes,   21968024 total
: 109248K->21824K(109248K), 0.0221468 secs] 243367K->169452K(502464K), 0.0222410 secs] [Times: user=0.06 sys=0.00, real=0.02 secs] 
Heap after GC invocations=129 (full 8):
 par new generation   total 109248K, used 21824K [0x00000000e0000000, 0x00000000e8000000, 0x00000000e8000000)
  eden space 87424K,   0% used [0x00000000e0000000, 0x00000000e0000000, 0x00000000e5560000)
  from space 21824K, 100% used [0x00000000e6ab0000, 0x00000000e8000000, 0x00000000e8000000)
  to   space 21824K,   0% used [0x00000000e5560000, 0x00000000e5560000, 0x00000000e6ab0000)
 concurrent mark-sweep generation total 393216K, used 147628K [0x00000000e8000000, 0x0000000100000000, 0x0000000100000000)
 Metaspace       used 55087K, capacity 56849K, committed 57292K, reserved 1099776K
  class space    used 6560K, capacity 6966K, committed 7116K, reserved 1048576K
}
2020-06-30T21:31:36.623+0100: 944.266: Total time for which application threads were stopped: 0.0225684 seconds, Stopping threads took: 0.0000551 seconds
2020-06-30T21:31:37.297+0100: 944.941: Total time for which application threads were stopped: 0.0002093 seconds, Stopping threads took: 0.0001464 seconds
2020-06-30T21:31:37.297+0100: 944.941: Total time for which application threads were stopped: 0.0001043 seconds, Stopping threads took: 0.0000539 seconds
2020-06-30T21:31:37.299+0100: 944.943: Total time for which application threads were stopped: 0.0001193 seconds, Stopping threads took: 0.0000642 seconds
2020-06-30T21:31:37.299+0100: 944.943: Total time for which application threads were stopped: 0.0000823 seconds, Stopping threads took: 0.0000395 seconds
2020-06-30T21:31:37.299+0100: 944.943: Total time for which application threads were stopped: 0.0000694 seconds, Stopping threads took: 0.0000402 seconds
2020-06-30T21:31:37.300+0100: 944.943: Total time for which application threads were stopped: 0.0000811 seconds, Stopping threads took: 0.0000343 seconds
2020-06-30T21:31:38.301+0100: 945.944: Total time for which application threads were stopped: 0.0001055 seconds, Stopping threads took: 0.0000540 seconds
2020-06-30T21:31:42.645+0100: 950.288: Total time for which application threads were stopped: 0.0002041 seconds, Stopping threads took: 0.0001501 seconds
2020-06-30T21:31:42.652+0100: 950.295: Total time for which application threads were stopped: 0.0001664 seconds, Stopping threads took: 0.0000739 seconds
2020-06-30T21:31:42.653+0100: 950.296: Total time for which application threads were stopped: 0.0001979 seconds, Stopping threads took: 0.0001069 seconds
2020-06-30T21:31:42.668+0100: 950.312: Total time for which application threads were stopped: 0.0001441 seconds, Stopping threads took: 0.0000780 seconds
2020-06-30T21:31:42.669+0100: 950.313: Total time for which application threads were stopped: 0.0001685 seconds, Stopping threads took: 0.0000947 seconds
{Heap before GC invocations=129 (full 8):
 par new generation   total 109248K, used 109248K [0x00000000e0000000, 0x00000000e8000000, 0x00000000e8000000)
  eden space 87424K, 100% used [0x00000000e0000000, 0x00000000e5560000, 0x00000000e5560000)
  from space 21824K, 100% used [0x00000000e6ab0000, 0x00000000e8000000, 0x00000000e8000000)
  to   space 21824K,   0% used [0x00000000e5560000, 0x00000000e5560000, 0x00000000e6ab0000)
 concurrent mark-sweep generation total 393216K, used 147628K [0x00000000e8000000, 0x0000000100000000, 0x0000000100000000)
 Metaspace       used 55102K, capacity 56849K, committed 57292K, reserved 1099776K
  class space    used 6560K, capacity 6966K, committed 7116K, reserved 1048576K
2020-06-30T21:31:42.754+0100: 950.398: [GC (Allocation Failure) 2020-06-30T21:31:42.754+0100: 950.398: [ParNew
Desired survivor size 20112992 bytes, new threshold 6 (max 8)
- age   1:    5435128 bytes,    5435128 total
- age   2:    3170824 bytes,    8605952 total
- age   3:    4518640 bytes,   13124592 total
- age   4:    3380832 bytes,   16505424 total
- age   5:    1854552 bytes,   18359976 total
- age   6:    2034160 bytes,   20394136 total
- age   7:    1661632 bytes,   22055768 total
: 109248K->21824K(109248K), 0.0177233 secs] 256876K->178391K(502464K), 0.0178151 secs] [Times: user=0.08 sys=0.00, real=0.02 secs] 
Heap after GC invocations=130 (full 8):
 par new generation   total 109248K, used 21824K [0x00000000e0000000, 0x00000000e8000000, 0x00000000e8000000)
  eden space 87424K,   0% used [0x00000000e0000000, 0x00000000e0000000, 0x00000000e5560000)
  from space 21824K, 100% used [0x00000000e5560000, 0x00000000e6ab0000, 0x00000000e6ab0000)
  to   space 21824K,   0% used [0x00000000e6ab0000, 0x00000000e6ab0000, 0x00000000e8000000)
 concurrent mark-sweep generation total 393216K, used 156567K [0x00000000e8000000, 0x0000000100000000, 0x0000000100000000)
 Metaspace       used 55102K, capacity 56849K, committed 57292K, reserved 1099776K
  class space    used 6560K, capacity 6966K, committed 7116K, reserved 1048576K
}
2020-06-30T21:31:42.772+0100: 950.416: Total time for which application threads were stopped: 0.0181803 seconds, Stopping threads took: 0.0000759 seconds
2020-06-30T21:31:42.778+0100: 950.422: Total time for which application threads were stopped: 0.0001338 seconds, Stopping threads took: 0.0000601 seconds
{Heap before GC invocations=130 (full 8):
 par new generation   total 109248K, used 109248K [0x00000000e0000000, 0x00000000e8000000, 0x00000000e8000000)
  eden space 87424K, 100% used [0x00000000e0000000, 0x00000000e5560000, 0x00000000e5560000)
  from space 21824K, 100% used [0x00000000e5560000, 0x00000000e6ab0000, 0x00000000e6ab0000)
  to   space 21824K,   0% used [0x00000000e6ab0000, 0x00000000e6ab0000, 0x00000000e8000000)
 concurrent mark-sweep generation total 393216K, used 156567K [0x00000000e8000000, 0x0000000100000000, 0x0000000100000000)
 Metaspace       used 55103K, capacity 56849K, committed 57292K, reserved 1099776K
  class space    used 6560K, capacity 6966K, committed 7116K, reserved 1048576K
2020-06-30T21:31:42.861+0100: 950.505: [GC (Allocation Failure) 2020-06-30T21:31:42.861+0100: 950.505: [ParNew
Desired survivor size 20112992 bytes, new threshold 6 (max 8)
- age   1:    5828856 bytes,    5828856 total
- age   2:    2502528 bytes,    8331384 total
- age   3:    3170712 bytes,   11502096 total
- age   4:    4518640 bytes,   16020736 total
- age   5:    3378744 bytes,   19399480 total
- age   6:    1854488 bytes,   21253968 total
: 109248K->21824K(109248K), 0.0159823 secs] 265815K->185996K(502464K), 0.0160518 secs] [Times: user=0.06 sys=0.00, real=0.02 secs] 
Heap after GC invocations=131 (full 8):
 par new generation   total 109248K, used 21824K [0x00000000e0000000, 0x00000000e8000000, 0x00000000e8000000)
  eden space 87424K,   0% used [0x00000000e0000000, 0x00000000e0000000, 0x00000000e5560000)
  from space 21824K, 100% used [0x00000000e6ab0000, 0x00000000e8000000, 0x00000000e8000000)
  to   space 21824K,   0% used [0x00000000e5560000, 0x00000000e5560000, 0x00000000e6ab0000)
 concurrent mark-sweep generation total 393216K, used 164172K [0x00000000e8000000, 0x0000000100000000, 0x0000000100000000)
 Metaspace       used 55103K, capacity 56849K, committed 57292K, reserved 1099776K
  class space    used 6560K, capacity 6966K, committed 7116K, reserved 1048576K
}
2020-06-30T21:31:42.877+0100: 950.521: Total time for which application threads were stopped: 0.0162832 seconds, Stopping threads took: 0.0000700 seconds
{Heap before GC invocations=131 (full 8):
 par new generation   total 109248K, used 109248K [0x00000000e0000000, 0x00000000e8000000, 0x00000000e8000000)
  eden space 87424K, 100% used [0x00000000e0000000, 0x00000000e5560000, 0x00000000e5560000)
  from space 21824K, 100% used [0x00000000e6ab0000, 0x00000000e8000000, 0x00000000e8000000)
  to   space 21824K,   0% used [0x00000000e5560000, 0x00000000e5560000, 0x00000000e6ab0000)
 concurrent mark-sweep generation total 393216K, used 164172K [0x00000000e8000000, 0x0000000100000000, 0x0000000100000000)
 Metaspace       used 55105K, capacity 56849K, committed 57292K, reserved 1099776K
  class space    used 6560K, capacity 6966K, committed 7116K, reserved 1048576K
2020-06-30T21:31:43.011+0100: 950.654: [GC (Allocation Failure) 2020-06-30T21:31:43.011+0100: 950.655: [ParNew
Desired survivor size 20112992 bytes, new threshold 6 (max 8)
- age   1:    4287728 bytes,    4287728 total
- age   2:    3960664 bytes,    8248392 total
- age   3:    2487440 bytes,   10735832 total
- age   4:    3170712 bytes,   13906544 total
- age   5:    4518640 bytes,   18425184 total
- age   6:    3378744 bytes,   21803928 total
: 109248K->21824K(109248K), 0.0156331 secs] 273420K->190848K(502464K), 0.0157239 secs] [Times: user=0.06 sys=0.00, real=0.02 secs] 
Heap after GC invocations=132 (full 8):
 par new generation   total 109248K, used 21824K [0x00000000e0000000, 0x00000000e8000000, 0x00000000e8000000)
  eden space 87424K,   0% used [0x00000000e0000000, 0x00000000e0000000, 0x00000000e5560000)
  from space 21824K, 100% used [0x00000000e5560000, 0x00000000e6ab0000, 0x00000000e6ab0000)
  to   space 21824K,   0% used [0x00000000e6ab0000, 0x00000000e6ab0000, 0x00000000e8000000)
 concurrent mark-sweep generation total 393216K, used 169024K [0x00000000e8000000, 0x0000000100000000, 0x0000000100000000)
 Metaspace       used 55105K, capacity 56849K, committed 57292K, reserved 1099776K
  class space    used 6560K, capacity 6966K, committed 7116K, reserved 1048576K
}
2020-06-30T21:31:43.027+0100: 950.670: Total time for which application threads were stopped: 0.0160180 seconds, Stopping threads took: 0.0000671 seconds
{Heap before GC invocations=132 (full 8):
 par new generation   total 109248K, used 109248K [0x00000000e0000000, 0x00000000e8000000, 0x00000000e8000000)
  eden space 87424K, 100% used [0x00000000e0000000, 0x00000000e5560000, 0x00000000e5560000)
  from space 21824K, 100% used [0x00000000e5560000, 0x00000000e6ab0000, 0x00000000e6ab0000)
  to   space 21824K,   0% used [0x00000000e6ab0000, 0x00000000e6ab0000, 0x00000000e8000000)
 concurrent mark-sweep generation total 393216K, used 169024K [0x00000000e8000000, 0x0000000100000000, 0x0000000100000000)
 Metaspace       used 55105K, capacity 56849K, committed 57292K, reserved 1099776K
  class space    used 6560K, capacity 6966K, committed 7116K, reserved 1048576K
2020-06-30T21:31:43.125+0100: 950.768: [GC (Allocation Failure) 2020-06-30T21:31:43.125+0100: 950.768: [ParNew
Desired survivor size 20112992 bytes, new threshold 6 (max 8)
- age   1:    4814984 bytes,    4814984 total
- age   2:    3313984 bytes,    8128968 total
- age   3:    3284496 bytes,   11413464 total
- age   4:    2487120 bytes,   13900584 total
- age   5:    3152376 bytes,   17052960 total
- age   6:    4455936 bytes,   21508896 total
: 109248K->21824K(109248K), 0.0153088 secs] 278272K->199535K(502464K), 0.0153936 secs] [Times: user=0.06 sys=0.00, real=0.02 secs] 
Heap after GC invocations=133 (full 8):
 par new generation   total 109248K, used 21824K [0x00000000e0000000, 0x00000000e8000000, 0x00000000e8000000)
  eden space 87424K,   0% used [0x00000000e0000000, 0x00000000e0000000, 0x00000000e5560000)
  from space 21824K, 100% used [0x00000000e6ab0000, 0x00000000e8000000, 0x00000000e8000000)
  to   space 21824K,   0% used [0x00000000e5560000, 0x00000000e5560000, 0x00000000e6ab0000)
 concurrent mark-sweep generation total 393216K, used 177711K [0x00000000e8000000, 0x0000000100000000, 0x0000000100000000)
 Metaspace       used 55105K, capacity 56849K, committed 57292K, reserved 1099776K
  class space    used 6560K, capacity 6966K, committed 7116K, reserved 1048576K
}
2020-06-30T21:31:43.140+0100: 950.784: Total time for which application threads were stopped: 0.0156436 seconds, Stopping threads took: 0.0000646 seconds
2020-06-30T21:31:44.140+0100: 951.783: Total time for which application threads were stopped: 0.0001641 seconds, Stopping threads took: 0.0000682 seconds
2020-06-30T21:31:44.554+0100: 952.197: Total time for which application threads were stopped: 0.0001616 seconds, Stopping threads took: 0.0000747 seconds
2020-06-30T21:31:44.554+0100: 952.197: Total time for which application threads were stopped: 0.0001531 seconds, Stopping threads took: 0.0001001 seconds
2020-06-30T21:31:44.556+0100: 952.200: Total time for which application threads were stopped: 0.0001795 seconds, Stopping threads took: 0.0001258 seconds
2020-06-30T21:31:44.556+0100: 952.200: Total time for which application threads were stopped: 0.0000902 seconds, Stopping threads took: 0.0000504 seconds
2020-06-30T21:31:44.556+0100: 952.200: Total time for which application threads were stopped: 0.0000644 seconds, Stopping threads took: 0.0000344 seconds
2020-06-30T21:31:44.557+0100: 952.200: Total time for which application threads were stopped: 0.0000797 seconds, Stopping threads took: 0.0000505 seconds
2020-06-30T21:31:45.558+0100: 953.201: Total time for which application threads were stopped: 0.0001673 seconds, Stopping threads took: 0.0000755 seconds
2020-06-30T21:32:16.815+0100: 984.459: Total time for which application threads were stopped: 0.0001738 seconds, Stopping threads took: 0.0001260 seconds
2020-06-30T21:32:16.827+0100: 984.470: Total time for which application threads were stopped: 0.0001207 seconds, Stopping threads took: 0.0000710 seconds
2020-06-30T21:32:16.828+0100: 984.471: Total time for which application threads were stopped: 0.0002082 seconds, Stopping threads took: 0.0001200 seconds
2020-06-30T21:32:16.828+0100: 984.472: Total time for which application threads were stopped: 0.0001568 seconds, Stopping threads took: 0.0000711 seconds
2020-06-30T21:32:16.829+0100: 984.473: Total time for which application threads were stopped: 0.0001575 seconds, Stopping threads took: 0.0000867 seconds
2020-06-30T21:32:16.910+0100: 984.554: Total time for which application threads were stopped: 0.0001303 seconds, Stopping threads took: 0.0000521 seconds
{Heap before GC invocations=133 (full 8):
 par new generation   total 109248K, used 109248K [0x00000000e0000000, 0x00000000e8000000, 0x00000000e8000000)
  eden space 87424K, 100% used [0x00000000e0000000, 0x00000000e5560000, 0x00000000e5560000)
  from space 21824K, 100% used [0x00000000e6ab0000, 0x00000000e8000000, 0x00000000e8000000)
  to   space 21824K,   0% used [0x00000000e5560000, 0x00000000e5560000, 0x00000000e6ab0000)
 concurrent mark-sweep generation total 393216K, used 177711K [0x00000000e8000000, 0x0000000100000000, 0x0000000100000000)
 Metaspace       used 55118K, capacity 56849K, committed 57292K, reserved 1099776K
  class space    used 6560K, capacity 6966K, committed 7116K, reserved 1048576K
2020-06-30T21:32:16.936+0100: 984.579: [GC (Allocation Failure) 2020-06-30T21:32:16.936+0100: 984.579: [ParNew
Desired survivor size 20112992 bytes, new threshold 6 (max 8)
- age   1:    6912976 bytes,    6912976 total
- age   2:    4041128 bytes,   10954104 total
- age   3:    3212616 bytes,   14166720 total
- age   4:    2869416 bytes,   17036136 total
- age   5:    2185152 bytes,   19221288 total
- age   6:    3054248 bytes,   22275536 total
: 109248K->21824K(109248K), 0.0170562 secs] 286959K->208349K(502464K), 0.0171338 secs] [Times: user=0.06 sys=0.00, real=0.02 secs] 
Heap after GC invocations=134 (full 8):
 par new generation   total 109248K, used 21824K [0x00000000e0000000, 0x00000000e8000000, 0x00000000e8000000)
  eden space 87424K,   0% used [0x00000000e0000000, 0x00000000e0000000, 0x00000000e5560000)
  from space 21824K, 100% used [0x00000000e5560000, 0x00000000e6ab0000, 0x00000000e6ab0000)
  to   space 21824K,   0% used [0x00000000e6ab0000, 0x00000000e6ab0000, 0x00000000e8000000)
 concurrent mark-sweep generation total 393216K, used 186525K [0x00000000e8000000, 0x0000000100000000, 0x0000000100000000)
 Metaspace       used 55118K, capacity 56849K, committed 57292K, reserved 1099776K
  class space    used 6560K, capacity 6966K, committed 7116K, reserved 1048576K
}
2020-06-30T21:32:16.953+0100: 984.596: Total time for which application threads were stopped: 0.0173704 seconds, Stopping threads took: 0.0000563 seconds
{Heap before GC invocations=134 (full 8):
 par new generation   total 109248K, used 109248K [0x00000000e0000000, 0x00000000e8000000, 0x00000000e8000000)
  eden space 87424K, 100% used [0x00000000e0000000, 0x00000000e5560000, 0x00000000e5560000)
  from space 21824K, 100% used [0x00000000e5560000, 0x00000000e6ab0000, 0x00000000e6ab0000)
  to   space 21824K,   0% used [0x00000000e6ab0000, 0x00000000e6ab0000, 0x00000000e8000000)
 concurrent mark-sweep generation total 393216K, used 186525K [0x00000000e8000000, 0x0000000100000000, 0x0000000100000000)
 Metaspace       used 55118K, capacity 56849K, committed 57292K, reserved 1099776K
  class space    used 6560K, capacity 6966K, committed 7116K, reserved 1048576K
2020-06-30T21:32:17.037+0100: 984.681: [GC (Allocation Failure) 2020-06-30T21:32:17.037+0100: 984.681: [ParNew
Desired survivor size 20112992 bytes, new threshold 6 (max 8)
- age   1:    4381848 bytes,    4381848 total
- age   2:    5307224 bytes,    9689072 total
- age   3:    3826144 bytes,   13515216 total
- age   4:    3167440 bytes,   16682656 total
- age   5:    2763072 bytes,   19445728 total
- age   6:    2062128 bytes,   21507856 total
: 109248K->21824K(109248K), 0.0167228 secs] 295773K->216766K(502464K), 0.0167895 secs] [Times: user=0.02 sys=0.00, real=0.02 secs] 
Heap after GC invocations=135 (full 8):
 par new generation   total 109248K, used 21824K [0x00000000e0000000, 0x00000000e8000000, 0x00000000e8000000)
  eden space 87424K,   0% used [0x00000000e0000000, 0x00000000e0000000, 0x00000000e5560000)
  from space 21824K, 100% used [0x00000000e6ab0000, 0x00000000e8000000, 0x00000000e8000000)
  to   space 21824K,   0% used [0x00000000e5560000, 0x00000000e5560000, 0x00000000e6ab0000)
 concurrent mark-sweep generation total 393216K, used 194942K [0x00000000e8000000, 0x0000000100000000, 0x0000000100000000)
 Metaspace       used 55118K, capacity 56849K, committed 57292K, reserved 1099776K
  class space    used 6560K, capacity 6966K, committed 7116K, reserved 1048576K
}
2020-06-30T21:32:17.054+0100: 984.698: Total time for which application threads were stopped: 0.0170376 seconds, Stopping threads took: 0.0000729 seconds
2020-06-30T21:32:17.054+0100: 984.698: Total time for which application threads were stopped: 0.0001561 seconds, Stopping threads took: 0.0000883 seconds
2020-06-30T21:32:17.054+0100: 984.698: Total time for which application threads were stopped: 0.0000992 seconds, Stopping threads took: 0.0000599 seconds
2020-06-30T21:32:17.055+0100: 984.698: Total time for which application threads were stopped: 0.0000840 seconds, Stopping threads took: 0.0000468 seconds
2020-06-30T21:32:17.055+0100: 984.698: Total time for which application threads were stopped: 0.0000737 seconds, Stopping threads took: 0.0000413 seconds
{Heap before GC invocations=135 (full 8):
 par new generation   total 109248K, used 109248K [0x00000000e0000000, 0x00000000e8000000, 0x00000000e8000000)
  eden space 87424K, 100% used [0x00000000e0000000, 0x00000000e5560000, 0x00000000e5560000)
  from space 21824K, 100% used [0x00000000e6ab0000, 0x00000000e8000000, 0x00000000e8000000)
  to   space 21824K,   0% used [0x00000000e5560000, 0x00000000e5560000, 0x00000000e6ab0000)
 concurrent mark-sweep generation total 393216K, used 194942K [0x00000000e8000000, 0x0000000100000000, 0x0000000100000000)
 Metaspace       used 55126K, capacity 56849K, committed 57292K, reserved 1099776K
  class space    used 6560K, capacity 6966K, committed 7116K, reserved 1048576K
2020-06-30T21:32:17.167+0100: 984.811: [GC (Allocation Failure) 2020-06-30T21:32:17.168+0100: 984.811: [ParNew
Desired survivor size 20112992 bytes, new threshold 6 (max 8)
- age   1:    2493408 bytes,    2493408 total
- age   2:    3732568 bytes,    6225976 total
- age   3:    4551568 bytes,   10777544 total
- age   4:    3677536 bytes,   14455080 total
- age   5:    3155352 bytes,   17610432 total
- age   6:    2586944 bytes,   20197376 total
: 109248K->21824K(109248K), 0.0158167 secs] 304190K->223787K(502464K), 0.0158932 secs] [Times: user=0.06 sys=0.00, real=0.02 secs] 
Heap after GC invocations=136 (full 8):
 par new generation   total 109248K, used 21824K [0x00000000e0000000, 0x00000000e8000000, 0x00000000e8000000)
  eden space 87424K,   0% used [0x00000000e0000000, 0x00000000e0000000, 0x00000000e5560000)
  from space 21824K, 100% used [0x00000000e5560000, 0x00000000e6ab0000, 0x00000000e6ab0000)
  to   space 21824K,   0% used [0x00000000e6ab0000, 0x00000000e6ab0000, 0x00000000e8000000)
 concurrent mark-sweep generation total 393216K, used 201963K [0x00000000e8000000, 0x0000000100000000, 0x0000000100000000)
 Metaspace       used 55126K, capacity 56849K, committed 57292K, reserved 1099776K
  class space    used 6560K, capacity 6966K, committed 7116K, reserved 1048576K
}
2020-06-30T21:32:17.183+0100: 984.827: Total time for which application threads were stopped: 0.0161482 seconds, Stopping threads took: 0.0000632 seconds
2020-06-30T21:32:17.184+0100: 984.827: [GC (CMS Initial Mark) [1 CMS-initial-mark: 201963K(393216K)] 225203K(502464K), 0.0035850 secs] [Times: user=0.00 sys=0.00, real=0.00 secs] 
2020-06-30T21:32:17.187+0100: 984.831: Total time for which application threads were stopped: 0.0037565 seconds, Stopping threads took: 0.0000828 seconds
2020-06-30T21:32:17.187+0100: 984.831: [CMS-concurrent-mark-start]
2020-06-30T21:32:17.212+0100: 984.855: [CMS-concurrent-mark: 0.024/0.024 secs] [Times: user=0.13 sys=0.00, real=0.02 secs] 
2020-06-30T21:32:17.212+0100: 984.855: [CMS-concurrent-preclean-start]
2020-06-30T21:32:17.213+0100: 984.857: [CMS-concurrent-preclean: 0.001/0.001 secs] [Times: user=0.00 sys=0.00, real=0.00 secs] 
2020-06-30T21:32:17.213+0100: 984.857: [GC (CMS Final Remark) [YG occupancy: 24651 K (109248 K)]{Heap before GC invocations=136 (full 9):
 par new generation   total 109248K, used 24651K [0x00000000e0000000, 0x00000000e8000000, 0x00000000e8000000)
  eden space 87424K,   3% used [0x00000000e0000000, 0x00000000e02c2c80, 0x00000000e5560000)
  from space 21824K, 100% used [0x00000000e5560000, 0x00000000e6ab0000, 0x00000000e6ab0000)
  to   space 21824K,   0% used [0x00000000e6ab0000, 0x00000000e6ab0000, 0x00000000e8000000)
 concurrent mark-sweep generation total 393216K, used 201963K [0x00000000e8000000, 0x0000000100000000, 0x0000000100000000)
 Metaspace       used 55126K, capacity 56849K, committed 57292K, reserved 1099776K
  class space    used 6560K, capacity 6966K, committed 7116K, reserved 1048576K
2020-06-30T21:32:17.213+0100: 984.857: [GC (CMS Final Remark) 2020-06-30T21:32:17.213+0100: 984.857: [ParNew
Desired survivor size 20112992 bytes, new threshold 8 (max 8)
- age   1:     199800 bytes,     199800 total
- age   2:    2080192 bytes,    2279992 total
- age   3:    3731128 bytes,    6011120 total
- age   4:    4525264 bytes,   10536384 total
- age   5:    3675272 bytes,   14211656 total
- age   6:    3111456 bytes,   17323112 total
: 24651K->21824K(109248K), 0.0115447 secs] 226614K->226623K(502464K), 0.0116064 secs] [Times: user=0.00 sys=0.01, real=0.01 secs] 
Heap after GC invocations=137 (full 9):
 par new generation   total 109248K, used 21824K [0x00000000e0000000, 0x00000000e8000000, 0x00000000e8000000)
  eden space 87424K,   0% used [0x00000000e0000000, 0x00000000e0000000, 0x00000000e5560000)
  from space 21824K, 100% used [0x00000000e6ab0000, 0x00000000e8000000, 0x00000000e8000000)
  to   space 21824K,   0% used [0x00000000e5560000, 0x00000000e5560000, 0x00000000e6ab0000)
 concurrent mark-sweep generation total 393216K, used 204799K [0x00000000e8000000, 0x0000000100000000, 0x0000000100000000)
 Metaspace       used 55126K, capacity 56849K, committed 57292K, reserved 1099776K
  class space    used 6560K, capacity 6966K, committed 7116K, reserved 1048576K
}
2020-06-30T21:32:17.225+0100: 984.869: [Rescan (parallel) , 0.0049676 secs]2020-06-30T21:32:17.230+0100: 984.874: [weak refs processing, 0.0061213 secs]2020-06-30T21:32:17.236+0100: 984.880: [class unloading, 0.0095053 secs]2020-06-30T21:32:17.246+0100: 984.889: [scrub symbol table, 0.0107080 secs]2020-06-30T21:32:17.257+0100: 984.900: [scrub string table, 0.0005716 secs][1 CMS-remark: 204799K(393216K)] 226623K(502464K), 0.0439146 secs] [Times: user=0.03 sys=0.01, real=0.04 secs] 
2020-06-30T21:32:17.257+0100: 984.901: Total time for which application threads were stopped: 0.0441188 seconds, Stopping threads took: 0.0000909 seconds
2020-06-30T21:32:17.257+0100: 984.901: [CMS-concurrent-sweep-start]
2020-06-30T21:32:17.259+0100: 984.902: Total time for which application threads were stopped: 0.0001375 seconds, Stopping threads took: 0.0000800 seconds
2020-06-30T21:32:17.259+0100: 984.902: Total time for which application threads were stopped: 0.0000949 seconds, Stopping threads took: 0.0000521 seconds
2020-06-30T21:32:17.259+0100: 984.903: Total time for which application threads were stopped: 0.0000884 seconds, Stopping threads took: 0.0000502 seconds
2020-06-30T21:32:17.259+0100: 984.903: Total time for which application threads were stopped: 0.0000854 seconds, Stopping threads took: 0.0000507 seconds
2020-06-30T21:32:17.260+0100: 984.903: Total time for which application threads were stopped: 0.0000891 seconds, Stopping threads took: 0.0000533 seconds
2020-06-30T21:32:17.260+0100: 984.903: Total time for which application threads were stopped: 0.0000870 seconds, Stopping threads took: 0.0000527 seconds
2020-06-30T21:32:17.260+0100: 984.904: Total time for which application threads were stopped: 0.0002020 seconds, Stopping threads took: 0.0000488 seconds
2020-06-30T21:32:17.260+0100: 984.904: Total time for which application threads were stopped: 0.0001684 seconds, Stopping threads took: 0.0000449 seconds
2020-06-30T21:32:17.326+0100: 984.970: [CMS-concurrent-sweep: 0.068/0.069 secs] [Times: user=0.19 sys=0.00, real=0.07 secs] 
2020-06-30T21:32:17.326+0100: 984.970: [CMS-concurrent-reset-start]
2020-06-30T21:32:17.327+0100: 984.971: [CMS-concurrent-reset: 0.001/0.001 secs] [Times: user=0.00 sys=0.00, real=0.00 secs] 
2020-06-30T21:32:18.082+0100: 985.726: Total time for which application threads were stopped: 0.0001782 seconds, Stopping threads took: 0.0000891 seconds
2020-06-30T21:32:18.087+0100: 985.731: Total time for which application threads were stopped: 0.0007515 seconds, Stopping threads took: 0.0006675 seconds
2020-06-30T21:32:18.161+0100: 985.805: Total time for which application threads were stopped: 0.0003680 seconds, Stopping threads took: 0.0002858 seconds
2020-06-30T21:32:18.168+0100: 985.811: Total time for which application threads were stopped: 0.0001457 seconds, Stopping threads took: 0.0000648 seconds
2020-06-30T21:32:18.168+0100: 985.812: Total time for which application threads were stopped: 0.0001088 seconds, Stopping threads took: 0.0000498 seconds
2020-06-30T21:32:18.169+0100: 985.812: Total time for which application threads were stopped: 0.0001401 seconds, Stopping threads took: 0.0000372 seconds
2020-06-30T21:32:19.169+0100: 986.812: Total time for which application threads were stopped: 0.0001030 seconds, Stopping threads took: 0.0000472 seconds
2020-06-30T21:32:31.829+0100: 999.473: Total time for which application threads were stopped: 0.0000746 seconds, Stopping threads took: 0.0000249 seconds
2020-06-30T21:33:02.553+0100: 1030.197: Total time for which application threads were stopped: 0.0003022 seconds, Stopping threads took: 0.0002470 seconds
2020-06-30T21:33:02.557+0100: 1030.200: Total time for which application threads were stopped: 0.0000970 seconds, Stopping threads took: 0.0000358 seconds
2020-06-30T21:33:02.558+0100: 1030.201: Total time for which application threads were stopped: 0.0000801 seconds, Stopping threads took: 0.0000265 seconds
2020-06-30T21:33:02.567+0100: 1030.211: Total time for which application threads were stopped: 0.0000901 seconds, Stopping threads took: 0.0000356 seconds
2020-06-30T21:33:02.570+0100: 1030.213: Total time for which application threads were stopped: 0.0001323 seconds, Stopping threads took: 0.0000570 seconds
{Heap before GC invocations=137 (full 9):
 par new generation   total 109248K, used 109248K [0x00000000e0000000, 0x00000000e8000000, 0x00000000e8000000)
  eden space 87424K, 100% used [0x00000000e0000000, 0x00000000e5560000, 0x00000000e5560000)
  from space 21824K, 100% used [0x00000000e6ab0000, 0x00000000e8000000, 0x00000000e8000000)
  to   space 21824K,   0% used [0x00000000e5560000, 0x00000000e5560000, 0x00000000e6ab0000)
 concurrent mark-sweep generation total 393216K, used 89430K [0x00000000e8000000, 0x0000000100000000, 0x0000000100000000)
 Metaspace       used 55165K, capacity 56913K, committed 57292K, reserved 1099776K
  class space    used 6560K, capacity 6966K, committed 7116K, reserved 1048576K
2020-06-30T21:33:02.581+0100: 1030.225: [GC (Allocation Failure) 2020-06-30T21:33:02.581+0100: 1030.225: [ParNew
Desired survivor size 20112992 bytes, new threshold 8 (max 8)
- age   1:    3371440 bytes,    3371440 total
- age   2:     192472 bytes,    3563912 total
- age   3:    1895112 bytes,    5459024 total
- age   4:    3463808 bytes,    8922832 total
- age   5:    4199448 bytes,   13122280 total
- age   6:    3591360 bytes,   16713640 total
- age   7:    2965968 bytes,   19679608 total
: 109248K->21824K(109248K), 0.0117850 secs] 198678K->112030K(502464K), 0.0118608 secs] [Times: user=0.06 sys=0.00, real=0.01 secs] 
Heap after GC invocations=138 (full 9):
 par new generation   total 109248K, used 21824K [0x00000000e0000000, 0x00000000e8000000, 0x00000000e8000000)
  eden space 87424K,   0% used [0x00000000e0000000, 0x00000000e0000000, 0x00000000e5560000)
  from space 21824K, 100% used [0x00000000e5560000, 0x00000000e6ab0000, 0x00000000e6ab0000)
  to   space 21824K,   0% used [0x00000000e6ab0000, 0x00000000e6ab0000, 0x00000000e8000000)
 concurrent mark-sweep generation total 393216K, used 90206K [0x00000000e8000000, 0x0000000100000000, 0x0000000100000000)
 Metaspace       used 55165K, capacity 56913K, committed 57292K, reserved 1099776K
  class space    used 6560K, capacity 6966K, committed 7116K, reserved 1048576K
}
2020-06-30T21:33:02.593+0100: 1030.237: Total time for which application threads were stopped: 0.0121806 seconds, Stopping threads took: 0.0000951 seconds
2020-06-30T21:33:02.650+0100: 1030.293: Total time for which application threads were stopped: 0.0001490 seconds, Stopping threads took: 0.0000625 seconds
{Heap before GC invocations=138 (full 9):
 par new generation   total 109248K, used 109248K [0x00000000e0000000, 0x00000000e8000000, 0x00000000e8000000)
  eden space 87424K, 100% used [0x00000000e0000000, 0x00000000e5560000, 0x00000000e5560000)
  from space 21824K, 100% used [0x00000000e5560000, 0x00000000e6ab0000, 0x00000000e6ab0000)
  to   space 21824K,   0% used [0x00000000e6ab0000, 0x00000000e6ab0000, 0x00000000e8000000)
 concurrent mark-sweep generation total 393216K, used 90206K [0x00000000e8000000, 0x0000000100000000, 0x0000000100000000)
 Metaspace       used 55167K, capacity 56917K, committed 57292K, reserved 1099776K
  class space    used 6560K, capacity 6966K, committed 7116K, reserved 1048576K
2020-06-30T21:33:02.698+0100: 1030.341: [GC (Allocation Failure) 2020-06-30T21:33:02.698+0100: 1030.342: [ParNew
Desired survivor size 20112992 bytes, new threshold 8 (max 8)
- age   1:    4719784 bytes,    4719784 total
- age   2:    2171504 bytes,    6891288 total
- age   3:     191152 bytes,    7082440 total
- age   4:    1834464 bytes,    8916904 total
- age   5:    3001176 bytes,   11918080 total
- age   6:    3923608 bytes,   15841688 total
- age   7:    3491528 bytes,   19333216 total
- age   8:    2963824 bytes,   22297040 total
: 109248K->21824K(109248K), 0.0179226 secs] 199454K->119617K(502464K), 0.0179974 secs] [Times: user=0.06 sys=0.00, real=0.02 secs] 
Heap after GC invocations=139 (full 9):
 par new generation   total 109248K, used 21824K [0x00000000e0000000, 0x00000000e8000000, 0x00000000e8000000)
  eden space 87424K,   0% used [0x00000000e0000000, 0x00000000e0000000, 0x00000000e5560000)
  from space 21824K, 100% used [0x00000000e6ab0000, 0x00000000e8000000, 0x00000000e8000000)
  to   space 21824K,   0% used [0x00000000e5560000, 0x00000000e5560000, 0x00000000e6ab0000)
 concurrent mark-sweep generation total 393216K, used 97793K [0x00000000e8000000, 0x0000000100000000, 0x0000000100000000)
 Metaspace       used 55167K, capacity 56917K, committed 57292K, reserved 1099776K
  class space    used 6560K, capacity 6966K, committed 7116K, reserved 1048576K
}
2020-06-30T21:33:02.716+0100: 1030.360: Total time for which application threads were stopped: 0.0182282 seconds, Stopping threads took: 0.0000657 seconds
{Heap before GC invocations=139 (full 9):
 par new generation   total 109248K, used 109248K [0x00000000e0000000, 0x00000000e8000000, 0x00000000e8000000)
  eden space 87424K, 100% used [0x00000000e0000000, 0x00000000e5560000, 0x00000000e5560000)
  from space 21824K, 100% used [0x00000000e6ab0000, 0x00000000e8000000, 0x00000000e8000000)
  to   space 21824K,   0% used [0x00000000e5560000, 0x00000000e5560000, 0x00000000e6ab0000)
 concurrent mark-sweep generation total 393216K, used 97793K [0x00000000e8000000, 0x0000000100000000, 0x0000000100000000)
 Metaspace       used 55169K, capacity 56917K, committed 57292K, reserved 1099776K
  class space    used 6560K, capacity 6966K, committed 7116K, reserved 1048576K
2020-06-30T21:33:02.815+0100: 1030.458: [GC (Allocation Failure) 2020-06-30T21:33:02.815+0100: 1030.458: [ParNew
Desired survivor size 20112992 bytes, new threshold 8 (max 8)
- age   1:    4644480 bytes,    4644480 total
- age   2:    2466432 bytes,    7110912 total
- age   3:    2170552 bytes,    9281464 total
- age   4:     191152 bytes,    9472616 total
- age   5:    1834464 bytes,   11307080 total
- age   6:    3001176 bytes,   14308256 total
- age   7:    3923608 bytes,   18231864 total
- age   8:    3491528 bytes,   21723392 total
: 109248K->21824K(109248K), 0.0186432 secs] 207041K->130450K(502464K), 0.0187125 secs] [Times: user=0.06 sys=0.00, real=0.02 secs] 
Heap after GC invocations=140 (full 9):
 par new generation   total 109248K, used 21824K [0x00000000e0000000, 0x00000000e8000000, 0x00000000e8000000)
  eden space 87424K,   0% used [0x00000000e0000000, 0x00000000e0000000, 0x00000000e5560000)
  from space 21824K, 100% used [0x00000000e5560000, 0x00000000e6ab0000, 0x00000000e6ab0000)
  to   space 21824K,   0% used [0x00000000e6ab0000, 0x00000000e6ab0000, 0x00000000e8000000)
 concurrent mark-sweep generation total 393216K, used 108626K [0x00000000e8000000, 0x0000000100000000, 0x0000000100000000)
 Metaspace       used 55169K, capacity 56917K, committed 57292K, reserved 1099776K
  class space    used 6560K, capacity 6966K, committed 7116K, reserved 1048576K
}
2020-06-30T21:33:02.833+0100: 1030.477: Total time for which application threads were stopped: 0.0189367 seconds, Stopping threads took: 0.0000587 seconds
{Heap before GC invocations=140 (full 9):
 par new generation   total 109248K, used 109248K [0x00000000e0000000, 0x00000000e8000000, 0x00000000e8000000)
  eden space 87424K, 100% used [0x00000000e0000000, 0x00000000e5560000, 0x00000000e5560000)
  from space 21824K, 100% used [0x00000000e5560000, 0x00000000e6ab0000, 0x00000000e6ab0000)
  to   space 21824K,   0% used [0x00000000e6ab0000, 0x00000000e6ab0000, 0x00000000e8000000)
 concurrent mark-sweep generation total 393216K, used 108626K [0x00000000e8000000, 0x0000000100000000, 0x0000000100000000)
 Metaspace       used 55174K, capacity 56917K, committed 57292K, reserved 1099776K
  class space    used 6560K, capacity 6966K, committed 7116K, reserved 1048576K
2020-06-30T21:33:02.953+0100: 1030.597: [GC (Allocation Failure) 2020-06-30T21:33:02.953+0100: 1030.597: [ParNew
Desired survivor size 20112992 bytes, new threshold 8 (max 8)
- age   1:    4608472 bytes,    4608472 total
- age   2:    3878616 bytes,    8487088 total
- age   3:    2465776 bytes,   10952864 total
- age   4:    2159944 bytes,   13112808 total
- age   5:     191152 bytes,   13303960 total
- age   6:    1834464 bytes,   15138424 total
- age   7:    3001176 bytes,   18139600 total
- age   8:    3923608 bytes,   22063208 total
: 109248K->21824K(109248K), 0.0190614 secs] 217874K->144518K(502464K), 0.0191570 secs] [Times: user=0.06 sys=0.00, real=0.02 secs] 
Heap after GC invocations=141 (full 9):
 par new generation   total 109248K, used 21824K [0x00000000e0000000, 0x00000000e8000000, 0x00000000e8000000)
  eden space 87424K,   0% used [0x00000000e0000000, 0x00000000e0000000, 0x00000000e5560000)
  from space 21824K, 100% used [0x00000000e6ab0000, 0x00000000e8000000, 0x00000000e8000000)
  to   space 21824K,   0% used [0x00000000e5560000, 0x00000000e5560000, 0x00000000e6ab0000)
 concurrent mark-sweep generation total 393216K, used 122694K [0x00000000e8000000, 0x0000000100000000, 0x0000000100000000)
 Metaspace       used 55174K, capacity 56917K, committed 57292K, reserved 1099776K
  class space    used 6560K, capacity 6966K, committed 7116K, reserved 1048576K
}
2020-06-30T21:33:02.972+0100: 1030.616: Total time for which application threads were stopped: 0.0194690 seconds, Stopping threads took: 0.0000807 seconds
2020-06-30T21:33:03.024+0100: 1030.667: Total time for which application threads were stopped: 0.0002498 seconds, Stopping threads took: 0.0001011 seconds
2020-06-30T21:33:03.024+0100: 1030.667: Total time for which application threads were stopped: 0.0001463 seconds, Stopping threads took: 0.0000578 seconds
2020-06-30T21:33:04.025+0100: 1031.669: Total time for which application threads were stopped: 0.0006195 seconds, Stopping threads took: 0.0005243 seconds
2020-06-30T21:33:04.333+0100: 1031.977: Total time for which application threads were stopped: 0.0001529 seconds, Stopping threads took: 0.0000905 seconds
2020-06-30T21:33:04.333+0100: 1031.977: Total time for which application threads were stopped: 0.0000850 seconds, Stopping threads took: 0.0000450 seconds
2020-06-30T21:33:04.336+0100: 1031.979: Total time for which application threads were stopped: 0.0001229 seconds, Stopping threads took: 0.0000568 seconds
2020-06-30T21:33:04.336+0100: 1031.979: Total time for which application threads were stopped: 0.0000859 seconds, Stopping threads took: 0.0000418 seconds
2020-06-30T21:33:04.336+0100: 1031.979: Total time for which application threads were stopped: 0.0000653 seconds, Stopping threads took: 0.0000361 seconds
2020-06-30T21:33:04.336+0100: 1031.980: Total time for which application threads were stopped: 0.0000640 seconds, Stopping threads took: 0.0000353 seconds
2020-06-30T21:33:10.033+0100: 1037.677: Total time for which application threads were stopped: 0.0003054 seconds, Stopping threads took: 0.0002466 seconds
2020-06-30T21:33:10.038+0100: 1037.681: Total time for which application threads were stopped: 0.0001404 seconds, Stopping threads took: 0.0000760 seconds
2020-06-30T21:33:10.039+0100: 1037.682: Total time for which application threads were stopped: 0.0001558 seconds, Stopping threads took: 0.0000795 seconds
2020-06-30T21:33:10.049+0100: 1037.693: Total time for which application threads were stopped: 0.0001756 seconds, Stopping threads took: 0.0000554 seconds
2020-06-30T21:33:10.051+0100: 1037.694: Total time for which application threads were stopped: 0.0001255 seconds, Stopping threads took: 0.0000666 seconds
{Heap before GC invocations=141 (full 9):
 par new generation   total 109248K, used 109248K [0x00000000e0000000, 0x00000000e8000000, 0x00000000e8000000)
  eden space 87424K, 100% used [0x00000000e0000000, 0x00000000e5560000, 0x00000000e5560000)
  from space 21824K, 100% used [0x00000000e6ab0000, 0x00000000e8000000, 0x00000000e8000000)
  to   space 21824K,   0% used [0x00000000e5560000, 0x00000000e5560000, 0x00000000e6ab0000)
 concurrent mark-sweep generation total 393216K, used 122694K [0x00000000e8000000, 0x0000000100000000, 0x0000000100000000)
 Metaspace       used 55182K, capacity 56917K, committed 57292K, reserved 1099776K
  class space    used 6560K, capacity 6966K, committed 7116K, reserved 1048576K
2020-06-30T21:33:10.123+0100: 1037.766: [GC (Allocation Failure) 2020-06-30T21:33:10.123+0100: 1037.766: [ParNew
Desired survivor size 20112992 bytes, new threshold 8 (max 8)
- age   1:    5411712 bytes,    5411712 total
- age   2:    3828816 bytes,    9240528 total
- age   3:    3689088 bytes,   12929616 total
- age   4:    2174696 bytes,   15104312 total
- age   5:    2128344 bytes,   17232656 total
- age   6:     146272 bytes,   17378928 total
- age   7:    1456160 bytes,   18835088 total
- age   8:    3001176 bytes,   21836264 total
: 109248K->21824K(109248K), 0.0165361 secs] 231942K->153754K(502464K), 0.0166197 secs] [Times: user=0.06 sys=0.00, real=0.02 secs] 
Heap after GC invocations=142 (full 9):
 par new generation   total 109248K, used 21824K [0x00000000e0000000, 0x00000000e8000000, 0x00000000e8000000)
  eden space 87424K,   0% used [0x00000000e0000000, 0x00000000e0000000, 0x00000000e5560000)
  from space 21824K, 100% used [0x00000000e5560000, 0x00000000e6ab0000, 0x00000000e6ab0000)
  to   space 21824K,   0% used [0x00000000e6ab0000, 0x00000000e6ab0000, 0x00000000e8000000)
 concurrent mark-sweep generation total 393216K, used 131930K [0x00000000e8000000, 0x0000000100000000, 0x0000000100000000)
 Metaspace       used 55182K, capacity 56917K, committed 57292K, reserved 1099776K
  class space    used 6560K, capacity 6966K, committed 7116K, reserved 1048576K
}
2020-06-30T21:33:10.139+0100: 1037.783: Total time for which application threads were stopped: 0.0168676 seconds, Stopping threads took: 0.0000767 seconds
2020-06-30T21:33:10.147+0100: 1037.791: Total time for which application threads were stopped: 0.0001492 seconds, Stopping threads took: 0.0000742 seconds
{Heap before GC invocations=142 (full 9):
 par new generation   total 109248K, used 109248K [0x00000000e0000000, 0x00000000e8000000, 0x00000000e8000000)
  eden space 87424K, 100% used [0x00000000e0000000, 0x00000000e5560000, 0x00000000e5560000)
  from space 21824K, 100% used [0x00000000e5560000, 0x00000000e6ab0000, 0x00000000e6ab0000)
  to   space 21824K,   0% used [0x00000000e6ab0000, 0x00000000e6ab0000, 0x00000000e8000000)
 concurrent mark-sweep generation total 393216K, used 131930K [0x00000000e8000000, 0x0000000100000000, 0x0000000100000000)
 Metaspace       used 55182K, capacity 56917K, committed 57292K, reserved 1099776K
  class space    used 6560K, capacity 6966K, committed 7116K, reserved 1048576K
2020-06-30T21:33:10.229+0100: 1037.873: [GC (Allocation Failure) 2020-06-30T21:33:10.229+0100: 1037.873: [ParNew
Desired survivor size 20112992 bytes, new threshold 6 (max 8)
- age   1:    4504096 bytes,    4504096 total
- age   2:    4156640 bytes,    8660736 total
- age   3:    3828536 bytes,   12489272 total
- age   4:    3674112 bytes,   16163384 total
- age   5:    2143360 bytes,   18306744 total
- age   6:    2058152 bytes,   20364896 total
- age   7:     146272 bytes,   20511168 total
- age   8:    1323792 bytes,   21834960 total
: 109248K->21824K(109248K), 0.0173088 secs] 241178K->162947K(502464K), 0.0173857 secs] [Times: user=0.06 sys=0.00, real=0.02 secs] 
Heap after GC invocations=143 (full 9):
 par new generation   total 109248K, used 21824K [0x00000000e0000000, 0x00000000e8000000, 0x00000000e8000000)
  eden space 87424K,   0% used [0x00000000e0000000, 0x00000000e0000000, 0x00000000e5560000)
  from space 21824K, 100% used [0x00000000e6ab0000, 0x00000000e8000000, 0x00000000e8000000)
  to   space 21824K,   0% used [0x00000000e5560000, 0x00000000e5560000, 0x00000000e6ab0000)
 concurrent mark-sweep generation total 393216K, used 141123K [0x00000000e8000000, 0x0000000100000000, 0x0000000100000000)
 Metaspace       used 55182K, capacity 56917K, committed 57292K, reserved 1099776K
  class space    used 6560K, capacity 6966K, committed 7116K, reserved 1048576K
}
2020-06-30T21:33:10.247+0100: 1037.890: Total time for which application threads were stopped: 0.0176475 seconds, Stopping threads took: 0.0000591 seconds
2020-06-30T21:33:10.247+0100: 1037.891: Total time for which application threads were stopped: 0.0001409 seconds, Stopping threads took: 0.0000847 seconds
2020-06-30T21:33:10.247+0100: 1037.891: Total time for which application threads were stopped: 0.0001061 seconds, Stopping threads took: 0.0000626 seconds
2020-06-30T21:33:10.248+0100: 1037.891: Total time for which application threads were stopped: 0.0001049 seconds, Stopping threads took: 0.0000539 seconds
2020-06-30T21:33:10.248+0100: 1037.891: Total time for which application threads were stopped: 0.0000898 seconds, Stopping threads took: 0.0000504 seconds
{Heap before GC invocations=143 (full 9):
 par new generation   total 109248K, used 109248K [0x00000000e0000000, 0x00000000e8000000, 0x00000000e8000000)
  eden space 87424K, 100% used [0x00000000e0000000, 0x00000000e5560000, 0x00000000e5560000)
  from space 21824K, 100% used [0x00000000e6ab0000, 0x00000000e8000000, 0x00000000e8000000)
  to   space 21824K,   0% used [0x00000000e5560000, 0x00000000e5560000, 0x00000000e6ab0000)
 concurrent mark-sweep generation total 393216K, used 141123K [0x00000000e8000000, 0x0000000100000000, 0x0000000100000000)
 Metaspace       used 55184K, capacity 56917K, committed 57292K, reserved 1099776K
  class space    used 6560K, capacity 6966K, committed 7116K, reserved 1048576K
2020-06-30T21:33:10.361+0100: 1038.005: [GC (Allocation Failure) 2020-06-30T21:33:10.361+0100: 1038.005: [ParNew
Desired survivor size 20112992 bytes, new threshold 8 (max 8)
- age   1:    4575200 bytes,    4575200 total
- age   2:    1758072 bytes,    6333272 total
- age   3:    3480952 bytes,    9814224 total
- age   4:    3828496 bytes,   13642720 total
- age   5:    3674112 bytes,   17316832 total
- age   6:    2143216 bytes,   19460048 total
: 109248K->21824K(109248K), 0.0168812 secs] 250371K->170882K(502464K), 0.0169633 secs] [Times: user=0.06 sys=0.00, real=0.02 secs] 
Heap after GC invocations=144 (full 9):
 par new generation   total 109248K, used 21824K [0x00000000e0000000, 0x00000000e8000000, 0x00000000e8000000)
  eden space 87424K,   0% used [0x00000000e0000000, 0x00000000e0000000, 0x00000000e5560000)
  from space 21824K, 100% used [0x00000000e5560000, 0x00000000e6ab0000, 0x00000000e6ab0000)
  to   space 21824K,   0% used [0x00000000e6ab0000, 0x00000000e6ab0000, 0x00000000e8000000)
 concurrent mark-sweep generation total 393216K, used 149058K [0x00000000e8000000, 0x0000000100000000, 0x0000000100000000)
 Metaspace       used 55184K, capacity 56917K, committed 57292K, reserved 1099776K
  class space    used 6560K, capacity 6966K, committed 7116K, reserved 1048576K
}
2020-06-30T21:33:10.378+0100: 1038.022: Total time for which application threads were stopped: 0.0172039 seconds, Stopping threads took: 0.0000563 seconds
{Heap before GC invocations=144 (full 9):
 par new generation   total 109248K, used 109248K [0x00000000e0000000, 0x00000000e8000000, 0x00000000e8000000)
  eden space 87424K, 100% used [0x00000000e0000000, 0x00000000e5560000, 0x00000000e5560000)
  from space 21824K, 100% used [0x00000000e5560000, 0x00000000e6ab0000, 0x00000000e6ab0000)
  to   space 21824K,   0% used [0x00000000e6ab0000, 0x00000000e6ab0000, 0x00000000e8000000)
 concurrent mark-sweep generation total 393216K, used 149058K [0x00000000e8000000, 0x0000000100000000, 0x0000000100000000)
 Metaspace       used 55184K, capacity 56917K, committed 57292K, reserved 1099776K
  class space    used 6560K, capacity 6966K, committed 7116K, reserved 1048576K
2020-06-30T21:33:10.510+0100: 1038.154: [GC (Allocation Failure) 2020-06-30T21:33:10.510+0100: 1038.154: [ParNew
Desired survivor size 20112992 bytes, new threshold 6 (max 8)
- age   1:    4165352 bytes,    4165352 total
- age   2:    3263912 bytes,    7429264 total
- age   3:    1741328 bytes,    9170592 total
- age   4:    3480816 bytes,   12651408 total
- age   5:    3828496 bytes,   16479904 total
- age   6:    3674112 bytes,   20154016 total
- age   7:    2143216 bytes,   22297232 total
: 109248K->21824K(109248K), 0.0154216 secs] 258306K->177338K(502464K), 0.0154964 secs] [Times: user=0.05 sys=0.00, real=0.02 secs] 
Heap after GC invocations=145 (full 9):
 par new generation   total 109248K, used 21824K [0x00000000e0000000, 0x00000000e8000000, 0x00000000e8000000)
  eden space 87424K,   0% used [0x00000000e0000000, 0x00000000e0000000, 0x00000000e5560000)
  from space 21824K, 100% used [0x00000000e6ab0000, 0x00000000e8000000, 0x00000000e8000000)
  to   space 21824K,   0% used [0x00000000e5560000, 0x00000000e5560000, 0x00000000e6ab0000)
 concurrent mark-sweep generation total 393216K, used 155514K [0x00000000e8000000, 0x0000000100000000, 0x0000000100000000)
 Metaspace       used 55184K, capacity 56917K, committed 57292K, reserved 1099776K
  class space    used 6560K, capacity 6966K, committed 7116K, reserved 1048576K
}
2020-06-30T21:33:10.526+0100: 1038.169: Total time for which application threads were stopped: 0.0157430 seconds, Stopping threads took: 0.0000620 seconds
2020-06-30T21:33:11.526+0100: 1039.169: Total time for which application threads were stopped: 0.0003565 seconds, Stopping threads took: 0.0002423 seconds
2020-06-30T21:33:11.746+0100: 1039.389: Total time for which application threads were stopped: 0.0002050 seconds, Stopping threads took: 0.0001057 seconds
2020-06-30T21:33:11.752+0100: 1039.396: Total time for which application threads were stopped: 0.0001839 seconds, Stopping threads took: 0.0000828 seconds
2020-06-30T21:33:11.752+0100: 1039.396: Total time for which application threads were stopped: 0.0001202 seconds, Stopping threads took: 0.0000449 seconds
2020-06-30T21:33:11.753+0100: 1039.396: Total time for which application threads were stopped: 0.0002898 seconds, Stopping threads took: 0.0000570 seconds
2020-06-30T21:33:25.052+0100: 1052.695: Total time for which application threads were stopped: 0.0001218 seconds, Stopping threads took: 0.0000380 seconds
2020-06-30T21:33:47.945+0100: 1075.588: Total time for which application threads were stopped: 0.0014610 seconds, Stopping threads took: 0.0013871 seconds
2020-06-30T21:33:47.971+0100: 1075.614: Total time for which application threads were stopped: 0.0001107 seconds, Stopping threads took: 0.0000374 seconds
2020-06-30T21:33:48.136+0100: 1075.779: Total time for which application threads were stopped: 0.0001950 seconds, Stopping threads took: 0.0000656 seconds
{Heap before GC invocations=145 (full 9):
 par new generation   total 109248K, used 109083K [0x00000000e0000000, 0x00000000e8000000, 0x00000000e8000000)
  eden space 87424K,  99% used [0x00000000e0000000, 0x00000000e5536e40, 0x00000000e5560000)
  from space 21824K, 100% used [0x00000000e6ab0000, 0x00000000e8000000, 0x00000000e8000000)
  to   space 21824K,   0% used [0x00000000e5560000, 0x00000000e5560000, 0x00000000e6ab0000)
 concurrent mark-sweep generation total 393216K, used 155514K [0x00000000e8000000, 0x0000000100000000, 0x0000000100000000)
 Metaspace       used 55204K, capacity 56917K, committed 57292K, reserved 1099776K
  class space    used 6560K, capacity 6966K, committed 7116K, reserved 1048576K
2020-06-30T21:33:48.273+0100: 1075.916: [GC (Allocation Failure) 2020-06-30T21:33:48.273+0100: 1075.917: [ParNew
Desired survivor size 20112992 bytes, new threshold 6 (max 8)
- age   1:    7592072 bytes,    7592072 total
- age   2:    3204112 bytes,   10796184 total
- age   3:    3187328 bytes,   13983512 total
- age   4:    1327432 bytes,   15310944 total
- age   5:    3193120 bytes,   18504064 total
- age   6:    3828496 bytes,   22332560 total
: 109083K->21824K(109248K), 0.0238529 secs] 264597K->186899K(502464K), 0.0241047 secs] [Times: user=0.05 sys=0.00, real=0.02 secs] 
Heap after GC invocations=146 (full 9):
 par new generation   total 109248K, used 21824K [0x00000000e0000000, 0x00000000e8000000, 0x00000000e8000000)
  eden space 87424K,   0% used [0x00000000e0000000, 0x00000000e0000000, 0x00000000e5560000)
  from space 21824K, 100% used [0x00000000e5560000, 0x00000000e6ab0000, 0x00000000e6ab0000)
  to   space 21824K,   0% used [0x00000000e6ab0000, 0x00000000e6ab0000, 0x00000000e8000000)
 concurrent mark-sweep generation total 393216K, used 165075K [0x00000000e8000000, 0x0000000100000000, 0x0000000100000000)
 Metaspace       used 55204K, capacity 56917K, committed 57292K, reserved 1099776K
  class space    used 6560K, capacity 6966K, committed 7116K, reserved 1048576K
}
2020-06-30T21:33:48.297+0100: 1075.940: Total time for which application threads were stopped: 0.0244638 seconds, Stopping threads took: 0.0000962 seconds
{Heap before GC invocations=146 (full 9):
 par new generation   total 109248K, used 109248K [0x00000000e0000000, 0x00000000e8000000, 0x00000000e8000000)
  eden space 87424K, 100% used [0x00000000e0000000, 0x00000000e5560000, 0x00000000e5560000)
  from space 21824K, 100% used [0x00000000e5560000, 0x00000000e6ab0000, 0x00000000e6ab0000)
  to   space 21824K,   0% used [0x00000000e6ab0000, 0x00000000e6ab0000, 0x00000000e8000000)
 concurrent mark-sweep generation total 393216K, used 165075K [0x00000000e8000000, 0x0000000100000000, 0x0000000100000000)
 Metaspace       used 55204K, capacity 56917K, committed 57292K, reserved 1099776K
  class space    used 6560K, capacity 6966K, committed 7116K, reserved 1048576K
2020-06-30T21:33:48.528+0100: 1076.172: [GC (Allocation Failure) 2020-06-30T21:33:48.528+0100: 1076.172: [ParNew
Desired survivor size 20112992 bytes, new threshold 6 (max 8)
- age   1:    4876608 bytes,    4876608 total
- age   2:    5388304 bytes,   10264912 total
- age   3:    3203960 bytes,   13468872 total
- age   4:    3162656 bytes,   16631528 total
- age   5:    1327368 bytes,   17958896 total
- age   6:    3192784 bytes,   21151680 total
: 109248K->21824K(109248K), 0.0188775 secs] 274323K->195294K(502464K), 0.0189517 secs] [Times: user=0.03 sys=0.00, real=0.02 secs] 
Heap after GC invocations=147 (full 9):
 par new generation   total 109248K, used 21824K [0x00000000e0000000, 0x00000000e8000000, 0x00000000e8000000)
  eden space 87424K,   0% used [0x00000000e0000000, 0x00000000e0000000, 0x00000000e5560000)
  from space 21824K, 100% used [0x00000000e6ab0000, 0x00000000e8000000, 0x00000000e8000000)
  to   space 21824K,   0% used [0x00000000e5560000, 0x00000000e5560000, 0x00000000e6ab0000)
 concurrent mark-sweep generation total 393216K, used 173470K [0x00000000e8000000, 0x0000000100000000, 0x0000000100000000)
 Metaspace       used 55204K, capacity 56917K, committed 57292K, reserved 1099776K
  class space    used 6560K, capacity 6966K, committed 7116K, reserved 1048576K
}
2020-06-30T21:33:48.547+0100: 1076.191: Total time for which application threads were stopped: 0.0192628 seconds, Stopping threads took: 0.0000654 seconds
{Heap before GC invocations=147 (full 9):
 par new generation   total 109248K, used 109248K [0x00000000e0000000, 0x00000000e8000000, 0x00000000e8000000)
  eden space 87424K, 100% used [0x00000000e0000000, 0x00000000e5560000, 0x00000000e5560000)
  from space 21824K, 100% used [0x00000000e6ab0000, 0x00000000e8000000, 0x00000000e8000000)
  to   space 21824K,   0% used [0x00000000e5560000, 0x00000000e5560000, 0x00000000e6ab0000)
 concurrent mark-sweep generation total 393216K, used 173470K [0x00000000e8000000, 0x0000000100000000, 0x0000000100000000)
 Metaspace       used 55214K, capacity 56917K, committed 57292K, reserved 1099776K
  class space    used 6560K, capacity 6966K, committed 7116K, reserved 1048576K
2020-06-30T21:33:48.787+0100: 1076.431: [GC (Allocation Failure) 2020-06-30T21:33:48.787+0100: 1076.431: [ParNew
Desired survivor size 20112992 bytes, new threshold 8 (max 8)
- age   1:    3969656 bytes,    3969656 total
- age   2:    3586888 bytes,    7556544 total
- age   3:    4601536 bytes,   12158080 total
- age   4:    3203576 bytes,   15361656 total
- age   5:    3114328 bytes,   18475984 total
- age   6:    1326400 bytes,   19802384 total
: 109248K->21824K(109248K), 0.0180358 secs] 282718K->201472K(502464K), 0.0181352 secs] [Times: user=0.06 sys=0.00, real=0.02 secs] 
Heap after GC invocations=148 (full 9):
 par new generation   total 109248K, used 21824K [0x00000000e0000000, 0x00000000e8000000, 0x00000000e8000000)
  eden space 87424K,   0% used [0x00000000e0000000, 0x00000000e0000000, 0x00000000e5560000)
  from space 21824K, 100% used [0x00000000e5560000, 0x00000000e6ab0000, 0x00000000e6ab0000)
  to   space 21824K,   0% used [0x00000000e6ab0000, 0x00000000e6ab0000, 0x00000000e8000000)
 concurrent mark-sweep generation total 393216K, used 179648K [0x00000000e8000000, 0x0000000100000000, 0x0000000100000000)
 Metaspace       used 55214K, capacity 56917K, committed 57292K, reserved 1099776K
  class space    used 6560K, capacity 6966K, committed 7116K, reserved 1048576K
}
2020-06-30T21:33:48.805+0100: 1076.449: Total time for which application threads were stopped: 0.0189963 seconds, Stopping threads took: 0.0006289 seconds
2020-06-30T21:33:49.805+0100: 1077.448: Total time for which application threads were stopped: 0.0001729 seconds, Stopping threads took: 0.0000922 seconds
2020-06-30T21:33:50.186+0100: 1077.830: Total time for which application threads were stopped: 0.0001112 seconds, Stopping threads took: 0.0000533 seconds
2020-06-30T21:33:50.187+0100: 1077.830: Total time for which application threads were stopped: 0.0001080 seconds, Stopping threads took: 0.0000452 seconds
2020-06-30T21:33:50.203+0100: 1077.846: Total time for which application threads were stopped: 0.0001566 seconds, Stopping threads took: 0.0000930 seconds
2020-06-30T21:33:50.203+0100: 1077.846: Total time for which application threads were stopped: 0.0000862 seconds, Stopping threads took: 0.0000372 seconds
2020-06-30T21:33:50.203+0100: 1077.847: Total time for which application threads were stopped: 0.0000948 seconds, Stopping threads took: 0.0000444 seconds
2020-06-30T21:33:54.813+0100: 1082.456: Total time for which application threads were stopped: 0.0002024 seconds, Stopping threads took: 0.0001493 seconds
2020-06-30T21:33:54.817+0100: 1082.460: Total time for which application threads were stopped: 0.0001511 seconds, Stopping threads took: 0.0000847 seconds
2020-06-30T21:33:54.818+0100: 1082.461: Total time for which application threads were stopped: 0.0001560 seconds, Stopping threads took: 0.0000787 seconds
2020-06-30T21:33:54.830+0100: 1082.473: Total time for which application threads were stopped: 0.0001391 seconds, Stopping threads took: 0.0000768 seconds
2020-06-30T21:33:54.832+0100: 1082.475: Total time for which application threads were stopped: 0.0001317 seconds, Stopping threads took: 0.0000601 seconds
{Heap before GC invocations=148 (full 9):
 par new generation   total 109248K, used 109248K [0x00000000e0000000, 0x00000000e8000000, 0x00000000e8000000)
  eden space 87424K, 100% used [0x00000000e0000000, 0x00000000e5560000, 0x00000000e5560000)
  from space 21824K, 100% used [0x00000000e5560000, 0x00000000e6ab0000, 0x00000000e6ab0000)
  to   space 21824K,   0% used [0x00000000e6ab0000, 0x00000000e6ab0000, 0x00000000e8000000)
 concurrent mark-sweep generation total 393216K, used 179648K [0x00000000e8000000, 0x0000000100000000, 0x0000000100000000)
 Metaspace       used 55257K, capacity 56981K, committed 57292K, reserved 1099776K
  class space    used 6560K, capacity 6966K, committed 7116K, reserved 1048576K
2020-06-30T21:33:54.839+0100: 1082.482: [GC (Allocation Failure) 2020-06-30T21:33:54.839+0100: 1082.482: [ParNew
Desired survivor size 20112992 bytes, new threshold 8 (max 8)
- age   1:    3138984 bytes,    3138984 total
- age   2:    1933584 bytes,    5072568 total
- age   3:    2931392 bytes,    8003960 total
- age   4:    4252176 bytes,   12256136 total
- age   5:    3203576 bytes,   15459712 total
- age   6:    3114328 bytes,   18574040 total
- age   7:    1324416 bytes,   19898456 total
: 109248K->21824K(109248K), 0.0125114 secs] 288896K->204620K(502464K), 0.0126361 secs] [Times: user=0.06 sys=0.00, real=0.01 secs] 
Heap after GC invocations=149 (full 9):
 par new generation   total 109248K, used 21824K [0x00000000e0000000, 0x00000000e8000000, 0x00000000e8000000)
  eden space 87424K,   0% used [0x00000000e0000000, 0x00000000e0000000, 0x00000000e5560000)
  from space 21824K, 100% used [0x00000000e6ab0000, 0x00000000e8000000, 0x00000000e8000000)
  to   space 21824K,   0% used [0x00000000e5560000, 0x00000000e5560000, 0x00000000e6ab0000)
 concurrent mark-sweep generation total 393216K, used 182796K [0x00000000e8000000, 0x0000000100000000, 0x0000000100000000)
 Metaspace       used 55257K, capacity 56981K, committed 57292K, reserved 1099776K
  class space    used 6560K, capacity 6966K, committed 7116K, reserved 1048576K
}
2020-06-30T21:33:54.852+0100: 1082.495: Total time for which application threads were stopped: 0.0130119 seconds, Stopping threads took: 0.0001421 seconds
2020-06-30T21:33:54.912+0100: 1082.556: Total time for which application threads were stopped: 0.0001741 seconds, Stopping threads took: 0.0000698 seconds
{Heap before GC invocations=149 (full 9):
 par new generation   total 109248K, used 109248K [0x00000000e0000000, 0x00000000e8000000, 0x00000000e8000000)
  eden space 87424K, 100% used [0x00000000e0000000, 0x00000000e5560000, 0x00000000e5560000)
  from space 21824K, 100% used [0x00000000e6ab0000, 0x00000000e8000000, 0x00000000e8000000)
  to   space 21824K,   0% used [0x00000000e5560000, 0x00000000e5560000, 0x00000000e6ab0000)
 concurrent mark-sweep generation total 393216K, used 182796K [0x00000000e8000000, 0x0000000100000000, 0x0000000100000000)
 Metaspace       used 55262K, capacity 56981K, committed 57292K, reserved 1099776K
  class space    used 6560K, capacity 6966K, committed 7116K, reserved 1048576K
2020-06-30T21:33:54.957+0100: 1082.600: [GC (Allocation Failure) 2020-06-30T21:33:54.957+0100: 1082.600: [ParNew
Desired survivor size 20112992 bytes, new threshold 7 (max 8)
- age   1:    2830952 bytes,    2830952 total
- age   2:    2852712 bytes,    5683664 total
- age   3:    1890016 bytes,    7573680 total
- age   4:    2923776 bytes,   10497456 total
- age   5:    4166928 bytes,   14664384 total
- age   6:    3200576 bytes,   17864960 total
- age   7:    3026760 bytes,   20891720 total
- age   8:    1320064 bytes,   22211784 total
: 109248K->21824K(109248K), 0.0160825 secs] 292044K->212832K(502464K), 0.0161470 secs] [Times: user=0.06 sys=0.00, real=0.02 secs] 
Heap after GC invocations=150 (full 9):
 par new generation   total 109248K, used 21824K [0x00000000e0000000, 0x00000000e8000000, 0x00000000e8000000)
  eden space 87424K,   0% used [0x00000000e0000000, 0x00000000e0000000, 0x00000000e5560000)
  from space 21824K, 100% used [0x00000000e5560000, 0x00000000e6ab0000, 0x00000000e6ab0000)
  to   space 21824K,   0% used [0x00000000e6ab0000, 0x00000000e6ab0000, 0x00000000e8000000)
 concurrent mark-sweep generation total 393216K, used 191008K [0x00000000e8000000, 0x0000000100000000, 0x0000000100000000)
 Metaspace       used 55262K, capacity 56981K, committed 57292K, reserved 1099776K
  class space    used 6560K, capacity 6966K, committed 7116K, reserved 1048576K
}
2020-06-30T21:33:54.973+0100: 1082.617: Total time for which application threads were stopped: 0.0163777 seconds, Stopping threads took: 0.0000672 seconds
{Heap before GC invocations=150 (full 9):
 par new generation   total 109248K, used 109248K [0x00000000e0000000, 0x00000000e8000000, 0x00000000e8000000)
  eden space 87424K, 100% used [0x00000000e0000000, 0x00000000e5560000, 0x00000000e5560000)
  from space 21824K, 100% used [0x00000000e5560000, 0x00000000e6ab0000, 0x00000000e6ab0000)
  to   space 21824K,   0% used [0x00000000e6ab0000, 0x00000000e6ab0000, 0x00000000e8000000)
 concurrent mark-sweep generation total 393216K, used 191008K [0x00000000e8000000, 0x0000000100000000, 0x0000000100000000)
 Metaspace       used 55262K, capacity 56981K, committed 57292K, reserved 1099776K
  class space    used 6560K, capacity 6966K, committed 7116K, reserved 1048576K
2020-06-30T21:33:55.062+0100: 1082.706: [GC (Allocation Failure) 2020-06-30T21:33:55.062+0100: 1082.706: [ParNew
Desired survivor size 20112992 bytes, new threshold 7 (max 8)
- age   1:    3992872 bytes,    3992872 total
- age   2:    2515536 bytes,    6508408 total
- age   3:    2572856 bytes,    9081264 total
- age   4:    1889352 bytes,   10970616 total
- age   5:    2923776 bytes,   13894392 total
- age   6:    4164928 bytes,   18059320 total
- age   7:    3200048 bytes,   21259368 total
: 109248K->21824K(109248K), 0.0197880 secs] 300256K->224949K(502464K), 0.0198543 secs] [Times: user=0.06 sys=0.00, real=0.02 secs] 
Heap after GC invocations=151 (full 9):
 par new generation   total 109248K, used 21824K [0x00000000e0000000, 0x00000000e8000000, 0x00000000e8000000)
  eden space 87424K,   0% used [0x00000000e0000000, 0x00000000e0000000, 0x00000000e5560000)
  from space 21824K, 100% used [0x00000000e6ab0000, 0x00000000e8000000, 0x00000000e8000000)
  to   space 21824K,   0% used [0x00000000e5560000, 0x00000000e5560000, 0x00000000e6ab0000)
 concurrent mark-sweep generation total 393216K, used 203125K [0x00000000e8000000, 0x0000000100000000, 0x0000000100000000)
 Metaspace       used 55262K, capacity 56981K, committed 57292K, reserved 1099776K
  class space    used 6560K, capacity 6966K, committed 7116K, reserved 1048576K
}
2020-06-30T21:33:55.082+0100: 1082.726: Total time for which application threads were stopped: 0.0200785 seconds, Stopping threads took: 0.0000631 seconds
2020-06-30T21:33:55.083+0100: 1082.726: [GC (CMS Initial Mark) [1 CMS-initial-mark: 203125K(393216K)] 226107K(502464K), 0.0038769 secs] [Times: user=0.06 sys=0.00, real=0.00 secs] 
2020-06-30T21:33:55.086+0100: 1082.730: Total time for which application threads were stopped: 0.0040637 seconds, Stopping threads took: 0.0000810 seconds
2020-06-30T21:33:55.086+0100: 1082.730: [CMS-concurrent-mark-start]
2020-06-30T21:33:55.112+0100: 1082.756: [CMS-concurrent-mark: 0.026/0.026 secs] [Times: user=0.06 sys=0.00, real=0.03 secs] 
2020-06-30T21:33:55.112+0100: 1082.756: [CMS-concurrent-preclean-start]
2020-06-30T21:33:55.114+0100: 1082.757: [CMS-concurrent-preclean: 0.001/0.001 secs] [Times: user=0.00 sys=0.00, real=0.00 secs] 
2020-06-30T21:33:55.114+0100: 1082.758: [GC (CMS Final Remark) [YG occupancy: 22982 K (109248 K)]{Heap before GC invocations=151 (full 10):
 par new generation   total 109248K, used 22982K [0x00000000e0000000, 0x00000000e8000000, 0x00000000e8000000)
  eden space 87424K,   1% used [0x00000000e0000000, 0x00000000e0121948, 0x00000000e5560000)
  from space 21824K, 100% used [0x00000000e6ab0000, 0x00000000e8000000, 0x00000000e8000000)
  to   space 21824K,   0% used [0x00000000e5560000, 0x00000000e5560000, 0x00000000e6ab0000)
 concurrent mark-sweep generation total 393216K, used 203125K [0x00000000e8000000, 0x0000000100000000, 0x0000000100000000)
 Metaspace       used 55262K, capacity 56981K, committed 57292K, reserved 1099776K
  class space    used 6560K, capacity 6966K, committed 7116K, reserved 1048576K
2020-06-30T21:33:55.114+0100: 1082.758: [GC (CMS Final Remark) 2020-06-30T21:33:55.114+0100: 1082.758: [ParNew
Desired survivor size 20112992 bytes, new threshold 8 (max 8)
- age   1:     130936 bytes,     130936 total
- age   2:    3975632 bytes,    4106568 total
- age   3:    2515496 bytes,    6622064 total
- age   4:    2572856 bytes,    9194920 total
- age   5:    1889352 bytes,   11084272 total
- age   6:    2923776 bytes,   14008048 total
- age   7:    4164928 bytes,   18172976 total
: 22982K->21824K(109248K), 0.0113733 secs] 226107K->228099K(502464K), 0.0114549 secs] [Times: user=0.06 sys=0.00, real=0.01 secs] 
Heap after GC invocations=152 (full 10):
 par new generation   total 109248K, used 21824K [0x00000000e0000000, 0x00000000e8000000, 0x00000000e8000000)
  eden space 87424K,   0% used [0x00000000e0000000, 0x00000000e0000000, 0x00000000e5560000)
  from space 21824K, 100% used [0x00000000e5560000, 0x00000000e6ab0000, 0x00000000e6ab0000)
  to   space 21824K,   0% used [0x00000000e6ab0000, 0x00000000e6ab0000, 0x00000000e8000000)
 concurrent mark-sweep generation total 393216K, used 206275K [0x00000000e8000000, 0x0000000100000000, 0x0000000100000000)
 Metaspace       used 55262K, capacity 56981K, committed 57292K, reserved 1099776K
  class space    used 6560K, capacity 6966K, committed 7116K, reserved 1048576K
}
2020-06-30T21:33:55.126+0100: 1082.769: [Rescan (parallel) , 0.0050511 secs]2020-06-30T21:33:55.131+0100: 1082.774: [weak refs processing, 0.0060351 secs]2020-06-30T21:33:55.137+0100: 1082.780: [class unloading, 0.0163586 secs]2020-06-30T21:33:55.153+0100: 1082.797: [scrub symbol table, 0.0125395 secs]2020-06-30T21:33:55.166+0100: 1082.809: [scrub string table, 0.0005779 secs][1 CMS-remark: 206275K(393216K)] 228099K(502464K), 0.0524876 secs] [Times: user=0.16 sys=0.00, real=0.05 secs] 
2020-06-30T21:33:55.167+0100: 1082.810: Total time for which application threads were stopped: 0.0527068 seconds, Stopping threads took: 0.0000746 seconds
2020-06-30T21:33:55.167+0100: 1082.810: [CMS-concurrent-sweep-start]
2020-06-30T21:33:55.167+0100: 1082.811: Total time for which application threads were stopped: 0.0001872 seconds, Stopping threads took: 0.0000801 seconds
2020-06-30T21:33:55.167+0100: 1082.811: Total time for which application threads were stopped: 0.0001143 seconds, Stopping threads took: 0.0000512 seconds
2020-06-30T21:33:55.168+0100: 1082.812: Total time for which application threads were stopped: 0.0001499 seconds, Stopping threads took: 0.0000779 seconds
2020-06-30T21:33:55.168+0100: 1082.812: Total time for which application threads were stopped: 0.0000946 seconds, Stopping threads took: 0.0000546 seconds
2020-06-30T21:33:55.169+0100: 1082.812: Total time for which application threads were stopped: 0.0000953 seconds, Stopping threads took: 0.0000505 seconds
2020-06-30T21:33:55.169+0100: 1082.812: Total time for which application threads were stopped: 0.0001175 seconds, Stopping threads took: 0.0000695 seconds
2020-06-30T21:33:55.169+0100: 1082.813: Total time for which application threads were stopped: 0.0000966 seconds, Stopping threads took: 0.0000607 seconds
2020-06-30T21:33:55.169+0100: 1082.813: Total time for which application threads were stopped: 0.0000850 seconds, Stopping threads took: 0.0000517 seconds
2020-06-30T21:33:55.240+0100: 1082.884: [CMS-concurrent-sweep: 0.072/0.073 secs] [Times: user=0.20 sys=0.00, real=0.07 secs] 
2020-06-30T21:33:55.240+0100: 1082.884: [CMS-concurrent-reset-start]
2020-06-30T21:33:55.241+0100: 1082.885: [CMS-concurrent-reset: 0.001/0.001 secs] [Times: user=0.05 sys=0.00, real=0.00 secs] 
{Heap before GC invocations=152 (full 10):
 par new generation   total 109248K, used 109248K [0x00000000e0000000, 0x00000000e8000000, 0x00000000e8000000)
  eden space 87424K, 100% used [0x00000000e0000000, 0x00000000e5560000, 0x00000000e5560000)
  from space 21824K, 100% used [0x00000000e5560000, 0x00000000e6ab0000, 0x00000000e6ab0000)
  to   space 21824K,   0% used [0x00000000e6ab0000, 0x00000000e6ab0000, 0x00000000e8000000)
 concurrent mark-sweep generation total 393216K, used 95910K [0x00000000e8000000, 0x0000000100000000, 0x0000000100000000)
 Metaspace       used 55263K, capacity 56981K, committed 57292K, reserved 1099776K
  class space    used 6560K, capacity 6966K, committed 7116K, reserved 1048576K
2020-06-30T21:33:55.327+0100: 1082.971: [GC (Allocation Failure) 2020-06-30T21:33:55.327+0100: 1082.971: [ParNew
Desired survivor size 20112992 bytes, new threshold 8 (max 8)
- age   1:    6086800 bytes,    6086800 total
- age   2:      55616 bytes,    6142416 total
- age   3:    3349040 bytes,    9491456 total
- age   4:    2158024 bytes,   11649480 total
- age   5:    1904336 bytes,   13553816 total
- age   6:    1663696 bytes,   15217512 total
- age   7:    2921440 bytes,   18138952 total
- age   8:    4164248 bytes,   22303200 total
: 109248K->21824K(109248K), 0.0166314 secs] 205158K->127651K(502464K), 0.0167918 secs] [Times: user=0.06 sys=0.00, real=0.02 secs] 
Heap after GC invocations=153 (full 10):
 par new generation   total 109248K, used 21824K [0x00000000e0000000, 0x00000000e8000000, 0x00000000e8000000)
  eden space 87424K,   0% used [0x00000000e0000000, 0x00000000e0000000, 0x00000000e5560000)
  from space 21824K, 100% used [0x00000000e6ab0000, 0x00000000e8000000, 0x00000000e8000000)
  to   space 21824K,   0% used [0x00000000e5560000, 0x00000000e5560000, 0x00000000e6ab0000)
 concurrent mark-sweep generation total 393216K, used 105827K [0x00000000e8000000, 0x0000000100000000, 0x0000000100000000)
 Metaspace       used 55263K, capacity 56981K, committed 57292K, reserved 1099776K
  class space    used 6560K, capacity 6966K, committed 7116K, reserved 1048576K
}
2020-06-30T21:33:55.344+0100: 1082.987: Total time for which application threads were stopped: 0.0170242 seconds, Stopping threads took: 0.0000620 seconds
2020-06-30T21:33:56.294+0100: 1083.937: Total time for which application threads were stopped: 0.0018578 seconds, Stopping threads took: 0.0017531 seconds
2020-06-30T21:33:56.294+0100: 1083.937: Total time for which application threads were stopped: 0.0001139 seconds, Stopping threads took: 0.0000530 seconds
2020-06-30T21:33:56.295+0100: 1083.938: Total time for which application threads were stopped: 0.0001245 seconds, Stopping threads took: 0.0000458 seconds
2020-06-30T21:33:56.297+0100: 1083.941: Total time for which application threads were stopped: 0.0001271 seconds, Stopping threads took: 0.0000550 seconds
2020-06-30T21:33:56.297+0100: 1083.941: Total time for which application threads were stopped: 0.0001079 seconds, Stopping threads took: 0.0000447 seconds
2020-06-30T21:33:56.298+0100: 1083.941: Total time for which application threads were stopped: 0.0001344 seconds, Stopping threads took: 0.0000834 seconds
2020-06-30T21:33:56.298+0100: 1083.941: Total time for which application threads were stopped: 0.0000914 seconds, Stopping threads took: 0.0000509 seconds
2020-06-30T21:33:56.547+0100: 1084.191: Total time for which application threads were stopped: 0.0007703 seconds, Stopping threads took: 0.0006852 seconds
2020-06-30T21:33:56.551+0100: 1084.195: Total time for which application threads were stopped: 0.0001956 seconds, Stopping threads took: 0.0000904 seconds
2020-06-30T21:33:56.552+0100: 1084.196: Total time for which application threads were stopped: 0.0002102 seconds, Stopping threads took: 0.0001031 seconds
2020-06-30T21:33:56.574+0100: 1084.217: Total time for which application threads were stopped: 0.0003952 seconds, Stopping threads took: 0.0000964 seconds
2020-06-30T21:33:56.575+0100: 1084.219: Total time for which application threads were stopped: 0.0001619 seconds, Stopping threads took: 0.0000785 seconds
{Heap before GC invocations=153 (full 10):
 par new generation   total 109248K, used 109248K [0x00000000e0000000, 0x00000000e8000000, 0x00000000e8000000)
  eden space 87424K, 100% used [0x00000000e0000000, 0x00000000e5560000, 0x00000000e5560000)
  from space 21824K, 100% used [0x00000000e6ab0000, 0x00000000e8000000, 0x00000000e8000000)
  to   space 21824K,   0% used [0x00000000e5560000, 0x00000000e5560000, 0x00000000e6ab0000)
 concurrent mark-sweep generation total 393216K, used 105827K [0x00000000e8000000, 0x0000000100000000, 0x0000000100000000)
 Metaspace       used 55292K, capacity 57065K, committed 57292K, reserved 1099776K
  class space    used 6560K, capacity 6966K, committed 7116K, reserved 1048576K
2020-06-30T21:33:56.677+0100: 1084.320: [GC (Allocation Failure) 2020-06-30T21:33:56.677+0100: 1084.320: [ParNew
Desired survivor size 20112992 bytes, new threshold 8 (max 8)
- age   1:    7459616 bytes,    7459616 total
- age   2:    3155192 bytes,   10614808 total
- age   3:      55576 bytes,   10670384 total
- age   4:    3159472 bytes,   13829856 total
- age   5:    1850056 bytes,   15679912 total
- age   6:    1886480 bytes,   17566392 total
- age   7:    1663696 bytes,   19230088 total
- age   8:    2921440 bytes,   22151528 total
: 109248K->21824K(109248K), 0.0176512 secs] 215075K->136562K(502464K), 0.0178457 secs] [Times: user=0.08 sys=0.00, real=0.02 secs] 
Heap after GC invocations=154 (full 10):
 par new generation   total 109248K, used 21824K [0x00000000e0000000, 0x00000000e8000000, 0x00000000e8000000)
  eden space 87424K,   0% used [0x00000000e0000000, 0x00000000e0000000, 0x00000000e5560000)
  from space 21824K, 100% used [0x00000000e5560000, 0x00000000e6ab0000, 0x00000000e6ab0000)
  to   space 21824K,   0% used [0x00000000e6ab0000, 0x00000000e6ab0000, 0x00000000e8000000)
 concurrent mark-sweep generation total 393216K, used 114738K [0x00000000e8000000, 0x0000000100000000, 0x0000000100000000)
 Metaspace       used 55292K, capacity 57065K, committed 57292K, reserved 1099776K
  class space    used 6560K, capacity 6966K, committed 7116K, reserved 1048576K
}
2020-06-30T21:33:56.695+0100: 1084.338: Total time for which application threads were stopped: 0.0182175 seconds, Stopping threads took: 0.0001039 seconds
2020-06-30T21:33:56.708+0100: 1084.352: Total time for which application threads were stopped: 0.0002179 seconds, Stopping threads took: 0.0000991 seconds
{Heap before GC invocations=154 (full 10):
 par new generation   total 109248K, used 109248K [0x00000000e0000000, 0x00000000e8000000, 0x00000000e8000000)
  eden space 87424K, 100% used [0x00000000e0000000, 0x00000000e5560000, 0x00000000e5560000)
  from space 21824K, 100% used [0x00000000e5560000, 0x00000000e6ab0000, 0x00000000e6ab0000)
  to   space 21824K,   0% used [0x00000000e6ab0000, 0x00000000e6ab0000, 0x00000000e8000000)
 concurrent mark-sweep generation total 393216K, used 114738K [0x00000000e8000000, 0x0000000100000000, 0x0000000100000000)
 Metaspace       used 55295K, capacity 57065K, committed 57292K, reserved 1099776K
  class space    used 6560K, capacity 6966K, committed 7116K, reserved 1048576K
2020-06-30T21:33:56.808+0100: 1084.452: [GC (Allocation Failure) 2020-06-30T21:33:56.808+0100: 1084.452: [ParNew
Desired survivor size 20112992 bytes, new threshold 7 (max 8)
- age   1:    5953256 bytes,    5953256 total
- age   2:    5196744 bytes,   11150000 total
- age   3:    3151520 bytes,   14301520 total
- age   4:      55576 bytes,   14357096 total
- age   5:    3159384 bytes,   17516480 total
- age   6:    1458000 bytes,   18974480 total
- age   7:    1885760 bytes,   20860240 total
- age   8:    1483512 bytes,   22343752 total
: 109248K->21824K(109248K), 0.0167566 secs] 223986K->144394K(502464K), 0.0168265 secs] [Times: user=0.06 sys=0.00, real=0.02 secs] 
Heap after GC invocations=155 (full 10):
 par new generation   total 109248K, used 21824K [0x00000000e0000000, 0x00000000e8000000, 0x00000000e8000000)
  eden space 87424K,   0% used [0x00000000e0000000, 0x00000000e0000000, 0x00000000e5560000)
  from space 21824K, 100% used [0x00000000e6ab0000, 0x00000000e8000000, 0x00000000e8000000)
  to   space 21824K,   0% used [0x00000000e5560000, 0x00000000e5560000, 0x00000000e6ab0000)
 concurrent mark-sweep generation total 393216K, used 122570K [0x00000000e8000000, 0x0000000100000000, 0x0000000100000000)
 Metaspace       used 55295K, capacity 57065K, committed 57292K, reserved 1099776K
  class space    used 6560K, capacity 6966K, committed 7116K, reserved 1048576K
}
2020-06-30T21:33:56.825+0100: 1084.469: Total time for which application threads were stopped: 0.0170858 seconds, Stopping threads took: 0.0000838 seconds
{Heap before GC invocations=155 (full 10):
 par new generation   total 109248K, used 109248K [0x00000000e0000000, 0x00000000e8000000, 0x00000000e8000000)
  eden space 87424K, 100% used [0x00000000e0000000, 0x00000000e5560000, 0x00000000e5560000)
  from space 21824K, 100% used [0x00000000e6ab0000, 0x00000000e8000000, 0x00000000e8000000)
  to   space 21824K,   0% used [0x00000000e5560000, 0x00000000e5560000, 0x00000000e6ab0000)
 concurrent mark-sweep generation total 393216K, used 122570K [0x00000000e8000000, 0x0000000100000000, 0x0000000100000000)
 Metaspace       used 55353K, capacity 57129K, committed 57548K, reserved 1099776K
  class space    used 6560K, capacity 6966K, committed 7116K, reserved 1048576K
2020-06-30T21:33:56.956+0100: 1084.600: [GC (Allocation Failure) 2020-06-30T21:33:56.956+0100: 1084.600: [ParNew
Desired survivor size 20112992 bytes, new threshold 8 (max 8)
- age   1:    4817128 bytes,    4817128 total
- age   2:    2263104 bytes,    7080232 total
- age   3:    5182152 bytes,   12262384 total
- age   4:    3151520 bytes,   15413904 total
- age   5:      55576 bytes,   15469480 total
- age   6:    3159464 bytes,   18628944 total
- age   7:    1458000 bytes,   20086944 total
: 109248K->21824K(109248K), 0.0152023 secs] 231818K->149091K(502464K), 0.0153322 secs] [Times: user=0.05 sys=0.00, real=0.01 secs] 
Heap after GC invocations=156 (full 10):
 par new generation   total 109248K, used 21824K [0x00000000e0000000, 0x00000000e8000000, 0x00000000e8000000)
  eden space 87424K,   0% used [0x00000000e0000000, 0x00000000e0000000, 0x00000000e5560000)
  from space 21824K, 100% used [0x00000000e5560000, 0x00000000e6ab0000, 0x00000000e6ab0000)
  to   space 21824K,   0% used [0x00000000e6ab0000, 0x00000000e6ab0000, 0x00000000e8000000)
 concurrent mark-sweep generation total 393216K, used 127267K [0x00000000e8000000, 0x0000000100000000, 0x0000000100000000)
 Metaspace       used 55353K, capacity 57129K, committed 57548K, reserved 1099776K
  class space    used 6560K, capacity 6966K, committed 7116K, reserved 1048576K
}
2020-06-30T21:33:56.972+0100: 1084.615: Total time for which application threads were stopped: 0.0156068 seconds, Stopping threads took: 0.0000593 seconds
{Heap before GC invocations=156 (full 10):
 par new generation   total 109248K, used 109248K [0x00000000e0000000, 0x00000000e8000000, 0x00000000e8000000)
  eden space 87424K, 100% used [0x00000000e0000000, 0x00000000e5560000, 0x00000000e5560000)
  from space 21824K, 100% used [0x00000000e5560000, 0x00000000e6ab0000, 0x00000000e6ab0000)
  to   space 21824K,   0% used [0x00000000e6ab0000, 0x00000000e6ab0000, 0x00000000e8000000)
 concurrent mark-sweep generation total 393216K, used 127267K [0x00000000e8000000, 0x0000000100000000, 0x0000000100000000)
 Metaspace       used 55357K, capacity 57129K, committed 57548K, reserved 1099776K
  class space    used 6560K, capacity 6966K, committed 7116K, reserved 1048576K
2020-06-30T21:33:57.082+0100: 1084.726: [GC (Allocation Failure) 2020-06-30T21:33:57.082+0100: 1084.726: [ParNew
Desired survivor size 20112992 bytes, new threshold 7 (max 8)
- age   1:    5087728 bytes,    5087728 total
- age   2:    3551288 bytes,    8639016 total
- age   3:    2121960 bytes,   10760976 total
- age   4:    5181344 bytes,   15942320 total
- age   5:    2934512 bytes,   18876832 total
- age   6:      55576 bytes,   18932408 total
- age   7:    3074696 bytes,   22007104 total
- age   8:     320920 bytes,   22328024 total
: 109248K->21824K(109248K), 0.0169412 secs] 236515K->155942K(502464K), 0.0170544 secs] [Times: user=0.06 sys=0.00, real=0.02 secs] 
Heap after GC invocations=157 (full 10):
 par new generation   total 109248K, used 21824K [0x00000000e0000000, 0x00000000e8000000, 0x00000000e8000000)
  eden space 87424K,   0% used [0x00000000e0000000, 0x00000000e0000000, 0x00000000e5560000)
  from space 21824K, 100% used [0x00000000e6ab0000, 0x00000000e8000000, 0x00000000e8000000)
  to   space 21824K,   0% used [0x00000000e5560000, 0x00000000e5560000, 0x00000000e6ab0000)
 concurrent mark-sweep generation total 393216K, used 134118K [0x00000000e8000000, 0x0000000100000000, 0x0000000100000000)
 Metaspace       used 55357K, capacity 57129K, committed 57548K, reserved 1099776K
  class space    used 6560K, capacity 6966K, committed 7116K, reserved 1048576K
}
2020-06-30T21:33:57.099+0100: 1084.743: Total time for which application threads were stopped: 0.0173072 seconds, Stopping threads took: 0.0000738 seconds
2020-06-30T21:33:57.892+0100: 1085.535: Total time for which application threads were stopped: 0.0001389 seconds, Stopping threads took: 0.0000581 seconds
2020-06-30T21:33:57.895+0100: 1085.538: Total time for which application threads were stopped: 0.0001313 seconds, Stopping threads took: 0.0000653 seconds
2020-06-30T21:33:57.948+0100: 1085.592: Total time for which application threads were stopped: 0.0001271 seconds, Stopping threads took: 0.0000778 seconds
2020-06-30T21:33:57.949+0100: 1085.592: Total time for which application threads were stopped: 0.0001384 seconds, Stopping threads took: 0.0000729 seconds
2020-06-30T21:33:57.949+0100: 1085.593: Total time for which application threads were stopped: 0.0001600 seconds, Stopping threads took: 0.0000746 seconds
2020-06-30T21:33:57.951+0100: 1085.595: Total time for which application threads were stopped: 0.0001384 seconds, Stopping threads took: 0.0000683 seconds
2020-06-30T21:33:57.952+0100: 1085.595: Total time for which application threads were stopped: 0.0001124 seconds, Stopping threads took: 0.0000574 seconds
2020-06-30T21:33:57.952+0100: 1085.595: Total time for which application threads were stopped: 0.0000967 seconds, Stopping threads took: 0.0000541 seconds
2020-06-30T21:33:57.952+0100: 1085.595: Total time for which application threads were stopped: 0.0000917 seconds, Stopping threads took: 0.0000585 seconds
2020-06-30T21:33:58.963+0100: 1086.607: Total time for which application threads were stopped: 0.0105227 seconds, Stopping threads took: 0.0104451 seconds
2020-06-30T21:33:59.563+0100: 1087.206: Total time for which application threads were stopped: 0.0002307 seconds, Stopping threads took: 0.0000835 seconds
2020-06-30T21:33:59.568+0100: 1087.212: Total time for which application threads were stopped: 0.0001493 seconds, Stopping threads took: 0.0000860 seconds
2020-06-30T21:33:59.569+0100: 1087.213: Total time for which application threads were stopped: 0.0001521 seconds, Stopping threads took: 0.0000666 seconds
2020-06-30T21:33:59.590+0100: 1087.234: Total time for which application threads were stopped: 0.0001356 seconds, Stopping threads took: 0.0000649 seconds
2020-06-30T21:33:59.592+0100: 1087.235: Total time for which application threads were stopped: 0.0003486 seconds, Stopping threads took: 0.0002705 seconds
2020-06-30T21:33:59.681+0100: 1087.324: Total time for which application threads were stopped: 0.0001400 seconds, Stopping threads took: 0.0000606 seconds
{Heap before GC invocations=157 (full 10):
 par new generation   total 109248K, used 109248K [0x00000000e0000000, 0x00000000e8000000, 0x00000000e8000000)
  eden space 87424K, 100% used [0x00000000e0000000, 0x00000000e5560000, 0x00000000e5560000)
  from space 21824K, 100% used [0x00000000e6ab0000, 0x00000000e8000000, 0x00000000e8000000)
  to   space 21824K,   0% used [0x00000000e5560000, 0x00000000e5560000, 0x00000000e6ab0000)
 concurrent mark-sweep generation total 393216K, used 134118K [0x00000000e8000000, 0x0000000100000000, 0x0000000100000000)
 Metaspace       used 55408K, capacity 57129K, committed 57548K, reserved 1099776K
  class space    used 6560K, capacity 6966K, committed 7116K, reserved 1048576K
2020-06-30T21:33:59.704+0100: 1087.347: [GC (Allocation Failure) 2020-06-30T21:33:59.704+0100: 1087.347: [ParNew
Desired survivor size 20112992 bytes, new threshold 6 (max 8)
- age   1:    4421544 bytes,    4421544 total
- age   2:    3534744 bytes,    7956288 total
- age   3:    3421800 bytes,   11378088 total
- age   4:    1666656 bytes,   13044744 total
- age   5:    4860296 bytes,   17905040 total
- age   6:    2737896 bytes,   20642936 total
- age   7:      55576 bytes,   20698512 total
: 109248K->21824K(109248K), 0.0170320 secs] 243366K->166182K(502464K), 0.0172420 secs] [Times: user=0.06 sys=0.00, real=0.02 secs] 
Heap after GC invocations=158 (full 10):
 par new generation   total 109248K, used 21824K [0x00000000e0000000, 0x00000000e8000000, 0x00000000e8000000)
  eden space 87424K,   0% used [0x00000000e0000000, 0x00000000e0000000, 0x00000000e5560000)
  from space 21824K, 100% used [0x00000000e5560000, 0x00000000e6ab0000, 0x00000000e6ab0000)
  to   space 21824K,   0% used [0x00000000e6ab0000, 0x00000000e6ab0000, 0x00000000e8000000)
 concurrent mark-sweep generation total 393216K, used 144358K [0x00000000e8000000, 0x0000000100000000, 0x0000000100000000)
 Metaspace       used 55408K, capacity 57129K, committed 57548K, reserved 1099776K
  class space    used 6560K, capacity 6966K, committed 7116K, reserved 1048576K
}
2020-06-30T21:33:59.721+0100: 1087.365: Total time for which application threads were stopped: 0.0176377 seconds, Stopping threads took: 0.0001516 seconds
{Heap before GC invocations=158 (full 10):
 par new generation   total 109248K, used 109248K [0x00000000e0000000, 0x00000000e8000000, 0x00000000e8000000)
  eden space 87424K, 100% used [0x00000000e0000000, 0x00000000e5560000, 0x00000000e5560000)
  from space 21824K, 100% used [0x00000000e5560000, 0x00000000e6ab0000, 0x00000000e6ab0000)
  to   space 21824K,   0% used [0x00000000e6ab0000, 0x00000000e6ab0000, 0x00000000e8000000)
 concurrent mark-sweep generation total 393216K, used 144358K [0x00000000e8000000, 0x0000000100000000, 0x0000000100000000)
 Metaspace       used 55408K, capacity 57129K, committed 57548K, reserved 1099776K
  class space    used 6560K, capacity 6966K, committed 7116K, reserved 1048576K
2020-06-30T21:33:59.821+0100: 1087.464: [GC (Allocation Failure) 2020-06-30T21:33:59.821+0100: 1087.464: [ParNew
Desired survivor size 20112992 bytes, new threshold 6 (max 8)
- age   1:    5319688 bytes,    5319688 total
- age   2:    3543616 bytes,    8863304 total
- age   3:    3534000 bytes,   12397304 total
- age   4:    3421640 bytes,   15818944 total
- age   5:    1664608 bytes,   17483552 total
- age   6:    4859992 bytes,   22343544 total
: 109248K->21824K(109248K), 0.0147271 secs] 253606K->173231K(502464K), 0.0148167 secs] [Times: user=0.06 sys=0.00, real=0.01 secs] 
Heap after GC invocations=159 (full 10):
 par new generation   total 109248K, used 21824K [0x00000000e0000000, 0x00000000e8000000, 0x00000000e8000000)
  eden space 87424K,   0% used [0x00000000e0000000, 0x00000000e0000000, 0x00000000e5560000)
  from space 21824K, 100% used [0x00000000e6ab0000, 0x00000000e8000000, 0x00000000e8000000)
  to   space 21824K,   0% used [0x00000000e5560000, 0x00000000e5560000, 0x00000000e6ab0000)
 concurrent mark-sweep generation total 393216K, used 151407K [0x00000000e8000000, 0x0000000100000000, 0x0000000100000000)
 Metaspace       used 55408K, capacity 57129K, committed 57548K, reserved 1099776K
  class space    used 6560K, capacity 6966K, committed 7116K, reserved 1048576K
}
2020-06-30T21:33:59.836+0100: 1087.479: Total time for which application threads were stopped: 0.0150688 seconds, Stopping threads took: 0.0000702 seconds
{Heap before GC invocations=159 (full 10):
 par new generation   total 109248K, used 109193K [0x00000000e0000000, 0x00000000e8000000, 0x00000000e8000000)
  eden space 87424K,  99% used [0x00000000e0000000, 0x00000000e55524d0, 0x00000000e5560000)
  from space 21824K, 100% used [0x00000000e6ab0000, 0x00000000e8000000, 0x00000000e8000000)
  to   space 21824K,   0% used [0x00000000e5560000, 0x00000000e5560000, 0x00000000e6ab0000)
 concurrent mark-sweep generation total 393216K, used 151407K [0x00000000e8000000, 0x0000000100000000, 0x0000000100000000)
 Metaspace       used 55409K, capacity 57129K, committed 57548K, reserved 1099776K
  class space    used 6560K, capacity 6966K, committed 7116K, reserved 1048576K
2020-06-30T21:34:00.127+0100: 1087.770: [GC (Allocation Failure) 2020-06-30T21:34:00.127+0100: 1087.770: [ParNew
Desired survivor size 20112992 bytes, new threshold 8 (max 8)
- age   1:    3037928 bytes,    3037928 total
- age   2:    4304328 bytes,    7342256 total
- age   3:    3401880 bytes,   10744136 total
- age   4:    3533928 bytes,   14278064 total
- age   5:    3421080 bytes,   17699144 total
- age   6:    1664608 bytes,   19363752 total
: 109193K->21824K(109248K), 0.0146766 secs] 260600K->179267K(502464K), 0.0147417 secs] [Times: user=0.06 sys=0.00, real=0.01 secs] 
Heap after GC invocations=160 (full 10):
 par new generation   total 109248K, used 21824K [0x00000000e0000000, 0x00000000e8000000, 0x00000000e8000000)
  eden space 87424K,   0% used [0x00000000e0000000, 0x00000000e0000000, 0x00000000e5560000)
  from space 21824K, 100% used [0x00000000e5560000, 0x00000000e6ab0000, 0x00000000e6ab0000)
  to   space 21824K,   0% used [0x00000000e6ab0000, 0x00000000e6ab0000, 0x00000000e8000000)
 concurrent mark-sweep generation total 393216K, used 157443K [0x00000000e8000000, 0x0000000100000000, 0x0000000100000000)
 Metaspace       used 55409K, capacity 57129K, committed 57548K, reserved 1099776K
  class space    used 6560K, capacity 6966K, committed 7116K, reserved 1048576K
}
2020-06-30T21:34:00.141+0100: 1087.785: Total time for which application threads were stopped: 0.0149865 seconds, Stopping threads took: 0.0000558 seconds
2020-06-30T21:34:01.018+0100: 1088.661: Total time for which application threads were stopped: 0.0001774 seconds, Stopping threads took: 0.0000692 seconds
2020-06-30T21:34:01.023+0100: 1088.667: Total time for which application threads were stopped: 0.0001792 seconds, Stopping threads took: 0.0000752 seconds
2020-06-30T21:34:01.333+0100: 1088.977: Total time for which application threads were stopped: 0.0001706 seconds, Stopping threads took: 0.0000812 seconds
2020-06-30T21:34:01.340+0100: 1088.983: Total time for which application threads were stopped: 0.0001229 seconds, Stopping threads took: 0.0000533 seconds
2020-06-30T21:34:01.340+0100: 1088.984: Total time for which application threads were stopped: 0.0001026 seconds, Stopping threads took: 0.0000449 seconds
2020-06-30T21:34:01.340+0100: 1088.984: Total time for which application threads were stopped: 0.0000834 seconds, Stopping threads took: 0.0000402 seconds
2020-06-30T21:34:01.341+0100: 1088.984: Total time for which application threads were stopped: 0.0000895 seconds, Stopping threads took: 0.0000423 seconds
2020-06-30T21:34:02.342+0100: 1089.985: Total time for which application threads were stopped: 0.0001919 seconds, Stopping threads took: 0.0000913 seconds
2020-06-30T21:34:14.594+0100: 1102.238: Total time for which application threads were stopped: 0.0000986 seconds, Stopping threads took: 0.0000309 seconds
{Heap before GC invocations=160 (full 10):
 par new generation   total 109248K, used 109248K [0x00000000e0000000, 0x00000000e8000000, 0x00000000e8000000)
  eden space 87424K, 100% used [0x00000000e0000000, 0x00000000e5560000, 0x00000000e5560000)
  from space 21824K, 100% used [0x00000000e5560000, 0x00000000e6ab0000, 0x00000000e6ab0000)
  to   space 21824K,   0% used [0x00000000e6ab0000, 0x00000000e6ab0000, 0x00000000e8000000)
 concurrent mark-sweep generation total 393216K, used 157443K [0x00000000e8000000, 0x0000000100000000, 0x0000000100000000)
 Metaspace       used 55416K, capacity 57129K, committed 57548K, reserved 1099776K
  class space    used 6560K, capacity 6966K, committed 7116K, reserved 1048576K
2020-06-30T21:38:41.156+0100: 1368.799: [GC (Allocation Failure) 2020-06-30T21:38:41.156+0100: 1368.799: [ParNew
Desired survivor size 20112992 bytes, new threshold 7 (max 8)
- age   1:    2922888 bytes,    2922888 total
- age   2:    2492872 bytes,    5415760 total
- age   3:    3717312 bytes,    9133072 total
- age   4:    3025976 bytes,   12159048 total
- age   5:    3533928 bytes,   15692976 total
- age   6:    3421080 bytes,   19114056 total
- age   7:    1664608 bytes,   20778664 total
: 109248K->21824K(109248K), 0.0146019 secs] 266691K->182719K(502464K), 0.0146935 secs] [Times: user=0.06 sys=0.00, real=0.01 secs] 
Heap after GC invocations=161 (full 10):
 par new generation   total 109248K, used 21824K [0x00000000e0000000, 0x00000000e8000000, 0x00000000e8000000)
  eden space 87424K,   0% used [0x00000000e0000000, 0x00000000e0000000, 0x00000000e5560000)
  from space 21824K, 100% used [0x00000000e6ab0000, 0x00000000e8000000, 0x00000000e8000000)
  to   space 21824K,   0% used [0x00000000e5560000, 0x00000000e5560000, 0x00000000e6ab0000)
 concurrent mark-sweep generation total 393216K, used 160895K [0x00000000e8000000, 0x0000000100000000, 0x0000000100000000)
 Metaspace       used 55416K, capacity 57129K, committed 57548K, reserved 1099776K
  class space    used 6560K, capacity 6966K, committed 7116K, reserved 1048576K
}
2020-06-30T21:38:41.170+0100: 1368.814: Total time for which application threads were stopped: 0.0149391 seconds, Stopping threads took: 0.0000314 seconds
2020-06-30T21:38:41.316+0100: 1368.960: Total time for which application threads were stopped: 0.0006732 seconds, Stopping threads took: 0.0002404 seconds
{Heap before GC invocations=161 (full 10):
 par new generation   total 109248K, used 109248K [0x00000000e0000000, 0x00000000e8000000, 0x00000000e8000000)
  eden space 87424K, 100% used [0x00000000e0000000, 0x00000000e5560000, 0x00000000e5560000)
  from space 21824K, 100% used [0x00000000e6ab0000, 0x00000000e8000000, 0x00000000e8000000)
  to   space 21824K,   0% used [0x00000000e5560000, 0x00000000e5560000, 0x00000000e6ab0000)
 concurrent mark-sweep generation total 393216K, used 160895K [0x00000000e8000000, 0x0000000100000000, 0x0000000100000000)
 Metaspace       used 55421K, capacity 57129K, committed 57548K, reserved 1099776K
  class space    used 6560K, capacity 6966K, committed 7116K, reserved 1048576K
2020-06-30T21:38:41.395+0100: 1369.039: [GC (Allocation Failure) 2020-06-30T21:38:41.395+0100: 1369.039: [ParNew
Desired survivor size 20112992 bytes, new threshold 7 (max 8)
- age   1:    3239056 bytes,    3239056 total
- age   2:    2846248 bytes,    6085304 total
- age   3:    2345328 bytes,    8430632 total
- age   4:    3716840 bytes,   12147472 total
- age   5:    3023752 bytes,   15171224 total
- age   6:    3533928 bytes,   18705152 total
- age   7:    3421080 bytes,   22126232 total
: 109248K->21824K(109248K), 0.0211077 secs] 270143K->192054K(502464K), 0.0212334 secs] [Times: user=0.06 sys=0.00, real=0.02 secs] 
Heap after GC invocations=162 (full 10):
 par new generation   total 109248K, used 21824K [0x00000000e0000000, 0x00000000e8000000, 0x00000000e8000000)
  eden space 87424K,   0% used [0x00000000e0000000, 0x00000000e0000000, 0x00000000e5560000)
  from space 21824K, 100% used [0x00000000e5560000, 0x00000000e6ab0000, 0x00000000e6ab0000)
  to   space 21824K,   0% used [0x00000000e6ab0000, 0x00000000e6ab0000, 0x00000000e8000000)
 concurrent mark-sweep generation total 393216K, used 170230K [0x00000000e8000000, 0x0000000100000000, 0x0000000100000000)
 Metaspace       used 55421K, capacity 57129K, committed 57548K, reserved 1099776K
  class space    used 6560K, capacity 6966K, committed 7116K, reserved 1048576K
}
2020-06-30T21:38:41.416+0100: 1369.060: Total time for which application threads were stopped: 0.0229066 seconds, Stopping threads took: 0.0013970 seconds
{Heap before GC invocations=162 (full 10):
 par new generation   total 109248K, used 109248K [0x00000000e0000000, 0x00000000e8000000, 0x00000000e8000000)
  eden space 87424K, 100% used [0x00000000e0000000, 0x00000000e5560000, 0x00000000e5560000)
  from space 21824K, 100% used [0x00000000e5560000, 0x00000000e6ab0000, 0x00000000e6ab0000)
  to   space 21824K,   0% used [0x00000000e6ab0000, 0x00000000e6ab0000, 0x00000000e8000000)
 concurrent mark-sweep generation total 393216K, used 170230K [0x00000000e8000000, 0x0000000100000000, 0x0000000100000000)
 Metaspace       used 55424K, capacity 57129K, committed 57548K, reserved 1099776K
  class space    used 6560K, capacity 6966K, committed 7116K, reserved 1048576K
2020-06-30T21:38:41.593+0100: 1369.237: [GC (Allocation Failure) 2020-06-30T21:38:41.593+0100: 1369.237: [ParNew
Desired survivor size 20112992 bytes, new threshold 7 (max 8)
- age   1:    4867160 bytes,    4867160 total
- age   2:    1961616 bytes,    6828776 total
- age   3:    2846248 bytes,    9675024 total
- age   4:    2345328 bytes,   12020352 total
- age   5:    3716840 bytes,   15737192 total
- age   6:    3023752 bytes,   18760944 total
- age   7:    3533928 bytes,   22294872 total
: 109248K->21824K(109248K), 0.0245385 secs] 279478K->202093K(502464K), 0.0246447 secs] [Times: user=0.13 sys=0.00, real=0.03 secs] 
Heap after GC invocations=163 (full 10):
 par new generation   total 109248K, used 21824K [0x00000000e0000000, 0x00000000e8000000, 0x00000000e8000000)
  eden space 87424K,   0% used [0x00000000e0000000, 0x00000000e0000000, 0x00000000e5560000)
  from space 21824K, 100% used [0x00000000e6ab0000, 0x00000000e8000000, 0x00000000e8000000)
  to   space 21824K,   0% used [0x00000000e5560000, 0x00000000e5560000, 0x00000000e6ab0000)
 concurrent mark-sweep generation total 393216K, used 180269K [0x00000000e8000000, 0x0000000100000000, 0x0000000100000000)
 Metaspace       used 55424K, capacity 57129K, committed 57548K, reserved 1099776K
  class space    used 6560K, capacity 6966K, committed 7116K, reserved 1048576K
}
2020-06-30T21:38:41.618+0100: 1369.262: Total time for which application threads were stopped: 0.0249792 seconds, Stopping threads took: 0.0000667 seconds
{Heap before GC invocations=163 (full 10):
 par new generation   total 109248K, used 109237K [0x00000000e0000000, 0x00000000e8000000, 0x00000000e8000000)
  eden space 87424K,  99% used [0x00000000e0000000, 0x00000000e555d798, 0x00000000e5560000)
  from space 21824K, 100% used [0x00000000e6ab0000, 0x00000000e8000000, 0x00000000e8000000)
  to   space 21824K,   0% used [0x00000000e5560000, 0x00000000e5560000, 0x00000000e6ab0000)
 concurrent mark-sweep generation total 393216K, used 180269K [0x00000000e8000000, 0x0000000100000000, 0x0000000100000000)
 Metaspace       used 55425K, capacity 57129K, committed 57548K, reserved 1099776K
  class space    used 6560K, capacity 6966K, committed 7116K, reserved 1048576K
2020-06-30T21:38:41.879+0100: 1369.523: [GC (Allocation Failure) 2020-06-30T21:38:41.879+0100: 1369.523: [ParNew
Desired survivor size 20112992 bytes, new threshold 7 (max 8)
- age   1:    5008032 bytes,    5008032 total
- age   2:    3545360 bytes,    8553392 total
- age   3:    1874576 bytes,   10427968 total
- age   4:    2827848 bytes,   13255816 total
- age   5:    2256616 bytes,   15512432 total
- age   6:    3716440 bytes,   19228872 total
- age   7:    2988024 bytes,   22216896 total
: 109237K->21824K(109248K), 0.0250283 secs] 289507K->214973K(502464K), 0.0251124 secs] [Times: user=0.06 sys=0.02, real=0.03 secs] 
Heap after GC invocations=164 (full 10):
 par new generation   total 109248K, used 21824K [0x00000000e0000000, 0x00000000e8000000, 0x00000000e8000000)
  eden space 87424K,   0% used [0x00000000e0000000, 0x00000000e0000000, 0x00000000e5560000)
  from space 21824K, 100% used [0x00000000e5560000, 0x00000000e6ab0000, 0x00000000e6ab0000)
  to   space 21824K,   0% used [0x00000000e6ab0000, 0x00000000e6ab0000, 0x00000000e8000000)
 concurrent mark-sweep generation total 393216K, used 193149K [0x00000000e8000000, 0x0000000100000000, 0x0000000100000000)
 Metaspace       used 55425K, capacity 57129K, committed 57548K, reserved 1099776K
  class space    used 6560K, capacity 6966K, committed 7116K, reserved 1048576K
}
2020-06-30T21:38:41.905+0100: 1369.548: Total time for which application threads were stopped: 0.0254697 seconds, Stopping threads took: 0.0000798 seconds
2020-06-30T21:38:42.906+0100: 1370.549: Total time for which application threads were stopped: 0.0001438 seconds, Stopping threads took: 0.0000627 seconds
2020-06-30T21:38:43.691+0100: 1371.335: Total time for which application threads were stopped: 0.0001592 seconds, Stopping threads took: 0.0001065 seconds
2020-06-30T21:38:43.691+0100: 1371.335: Total time for which application threads were stopped: 0.0000492 seconds, Stopping threads took: 0.0000152 seconds
2020-06-30T21:38:43.692+0100: 1371.336: Total time for which application threads were stopped: 0.0001190 seconds, Stopping threads took: 0.0000627 seconds
2020-06-30T21:38:43.693+0100: 1371.337: Total time for which application threads were stopped: 0.0001110 seconds, Stopping threads took: 0.0000474 seconds
2020-06-30T21:38:43.693+0100: 1371.337: Total time for which application threads were stopped: 0.0000942 seconds, Stopping threads took: 0.0000399 seconds
2020-06-30T21:38:43.693+0100: 1371.337: Total time for which application threads were stopped: 0.0000822 seconds, Stopping threads took: 0.0000389 seconds
2020-06-30T21:38:43.693+0100: 1371.337: Total time for which application threads were stopped: 0.0000752 seconds, Stopping threads took: 0.0000358 seconds
2020-06-30T21:38:43.694+0100: 1371.337: Total time for which application threads were stopped: 0.0000874 seconds, Stopping threads took: 0.0000354 seconds
2020-06-30T21:38:44.695+0100: 1372.338: Total time for which application threads were stopped: 0.0001107 seconds, Stopping threads took: 0.0000549 seconds
2020-06-30T21:38:48.547+0100: 1376.191: Total time for which application threads were stopped: 0.0002633 seconds, Stopping threads took: 0.0002143 seconds
2020-06-30T21:38:48.560+0100: 1376.204: Total time for which application threads were stopped: 0.0001326 seconds, Stopping threads took: 0.0000742 seconds
2020-06-30T21:38:48.561+0100: 1376.205: Total time for which application threads were stopped: 0.0001163 seconds, Stopping threads took: 0.0000547 seconds
{Heap before GC invocations=164 (full 10):
 par new generation   total 109248K, used 109248K [0x00000000e0000000, 0x00000000e8000000, 0x00000000e8000000)
  eden space 87424K, 100% used [0x00000000e0000000, 0x00000000e5560000, 0x00000000e5560000)
  from space 21824K, 100% used [0x00000000e5560000, 0x00000000e6ab0000, 0x00000000e6ab0000)
  to   space 21824K,   0% used [0x00000000e6ab0000, 0x00000000e6ab0000, 0x00000000e8000000)
 concurrent mark-sweep generation total 393216K, used 193149K [0x00000000e8000000, 0x0000000100000000, 0x0000000100000000)
 Metaspace       used 55436K, capacity 57129K, committed 57548K, reserved 1099776K
  class space    used 6560K, capacity 6966K, committed 7116K, reserved 1048576K
2020-06-30T21:38:48.616+0100: 1376.259: [GC (Allocation Failure) 2020-06-30T21:38:48.616+0100: 1376.259: [ParNew
Desired survivor size 20112992 bytes, new threshold 7 (max 8)
- age   1:    7131936 bytes,    7131936 total
- age   2:    1630480 bytes,    8762416 total
- age   3:    3318184 bytes,   12080600 total
- age   4:    1463968 bytes,   13544568 total
- age   5:    2751568 bytes,   16296136 total
- age   6:    2256616 bytes,   18552752 total
- age   7:    3716400 bytes,   22269152 total
: 109248K->21824K(109248K), 0.0170744 secs] 302397K->224826K(502464K), 0.0171666 secs] [Times: user=0.06 sys=0.00, real=0.02 secs] 
Heap after GC invocations=165 (full 10):
 par new generation   total 109248K, used 21824K [0x00000000e0000000, 0x00000000e8000000, 0x00000000e8000000)
  eden space 87424K,   0% used [0x00000000e0000000, 0x00000000e0000000, 0x00000000e5560000)
  from space 21824K, 100% used [0x00000000e6ab0000, 0x00000000e8000000, 0x00000000e8000000)
  to   space 21824K,   0% used [0x00000000e5560000, 0x00000000e5560000, 0x00000000e6ab0000)
 concurrent mark-sweep generation total 393216K, used 203002K [0x00000000e8000000, 0x0000000100000000, 0x0000000100000000)
 Metaspace       used 55436K, capacity 57129K, committed 57548K, reserved 1099776K
  class space    used 6560K, capacity 6966K, committed 7116K, reserved 1048576K
}
2020-06-30T21:38:48.633+0100: 1376.277: Total time for which application threads were stopped: 0.0174884 seconds, Stopping threads took: 0.0001104 seconds
2020-06-30T21:38:48.633+0100: 1376.277: [GC (CMS Initial Mark) [1 CMS-initial-mark: 203002K(393216K)] 225350K(502464K), 0.0041296 secs] [Times: user=0.00 sys=0.00, real=0.00 secs] 
2020-06-30T21:38:48.637+0100: 1376.281: Total time for which application threads were stopped: 0.0043461 seconds, Stopping threads took: 0.0001032 seconds
2020-06-30T21:38:48.637+0100: 1376.281: [CMS-concurrent-mark-start]
2020-06-30T21:38:48.667+0100: 1376.311: [CMS-concurrent-mark: 0.030/0.030 secs] [Times: user=0.13 sys=0.00, real=0.03 secs] 
2020-06-30T21:38:48.667+0100: 1376.311: [CMS-concurrent-preclean-start]
2020-06-30T21:38:48.668+0100: 1376.312: [CMS-concurrent-preclean: 0.001/0.001 secs] [Times: user=0.00 sys=0.00, real=0.00 secs] 
2020-06-30T21:38:48.669+0100: 1376.312: [GC (CMS Final Remark) [YG occupancy: 22872 K (109248 K)]{Heap before GC invocations=165 (full 11):
 par new generation   total 109248K, used 22872K [0x00000000e0000000, 0x00000000e8000000, 0x00000000e8000000)
  eden space 87424K,   1% used [0x00000000e0000000, 0x00000000e01060c0, 0x00000000e5560000)
  from space 21824K, 100% used [0x00000000e6ab0000, 0x00000000e8000000, 0x00000000e8000000)
  to   space 21824K,   0% used [0x00000000e5560000, 0x00000000e5560000, 0x00000000e6ab0000)
 concurrent mark-sweep generation total 393216K, used 203002K [0x00000000e8000000, 0x0000000100000000, 0x0000000100000000)
 Metaspace       used 55436K, capacity 57129K, committed 57548K, reserved 1099776K
  class space    used 6560K, capacity 6966K, committed 7116K, reserved 1048576K
2020-06-30T21:38:48.669+0100: 1376.313: [GC (CMS Final Remark) 2020-06-30T21:38:48.669+0100: 1376.313: [ParNew
Desired survivor size 20112992 bytes, new threshold 8 (max 8)
- age   1:     139136 bytes,     139136 total
- age   2:    6933936 bytes,    7073072 total
- age   3:    1630360 bytes,    8703432 total
- age   4:    3318184 bytes,   12021616 total
- age   5:    1463888 bytes,   13485504 total
- age   6:    2751528 bytes,   16237032 total
- age   7:    2256616 bytes,   18493648 total
: 22872K->21824K(109248K), 0.0116334 secs] 225875K->228589K(502464K), 0.0116866 secs] [Times: user=0.06 sys=0.00, real=0.01 secs] 
Heap after GC invocations=166 (full 11):
 par new generation   total 109248K, used 21824K [0x00000000e0000000, 0x00000000e8000000, 0x00000000e8000000)
  eden space 87424K,   0% used [0x00000000e0000000, 0x00000000e0000000, 0x00000000e5560000)
  from space 21824K, 100% used [0x00000000e5560000, 0x00000000e6ab0000, 0x00000000e6ab0000)
  to   space 21824K,   0% used [0x00000000e6ab0000, 0x00000000e6ab0000, 0x00000000e8000000)
 concurrent mark-sweep generation total 393216K, used 206765K [0x00000000e8000000, 0x0000000100000000, 0x0000000100000000)
 Metaspace       used 55436K, capacity 57129K, committed 57548K, reserved 1099776K
  class space    used 6560K, capacity 6966K, committed 7116K, reserved 1048576K
}
2020-06-30T21:38:48.681+0100: 1376.324: [Rescan (parallel) , 0.0048051 secs]2020-06-30T21:38:48.685+0100: 1376.329: [weak refs processing, 0.0050443 secs]2020-06-30T21:38:48.690+0100: 1376.334: [class unloading, 0.0096165 secs]2020-06-30T21:38:48.700+0100: 1376.344: [scrub symbol table, 0.0108673 secs]2020-06-30T21:38:48.711+0100: 1376.355: [scrub string table, 0.0007335 secs][1 CMS-remark: 206765K(393216K)] 228589K(502464K), 0.0432384 secs] [Times: user=0.09 sys=0.00, real=0.04 secs] 
2020-06-30T21:38:48.712+0100: 1376.356: Total time for which application threads were stopped: 0.0434395 seconds, Stopping threads took: 0.0000718 seconds
2020-06-30T21:38:48.712+0100: 1376.356: [CMS-concurrent-sweep-start]
2020-06-30T21:38:48.732+0100: 1376.376: Total time for which application threads were stopped: 0.0001811 seconds, Stopping threads took: 0.0000718 seconds
2020-06-30T21:38:48.736+0100: 1376.380: Total time for which application threads were stopped: 0.0001745 seconds, Stopping threads took: 0.0000791 seconds
2020-06-30T21:38:48.736+0100: 1376.380: Total time for which application threads were stopped: 0.0001201 seconds, Stopping threads took: 0.0000604 seconds
2020-06-30T21:38:48.736+0100: 1376.380: Total time for which application threads were stopped: 0.0000923 seconds, Stopping threads took: 0.0000388 seconds
2020-06-30T21:38:48.736+0100: 1376.380: Total time for which application threads were stopped: 0.0000750 seconds, Stopping threads took: 0.0000348 seconds
2020-06-30T21:38:48.737+0100: 1376.381: Total time for which application threads were stopped: 0.0000865 seconds, Stopping threads took: 0.0000387 seconds
2020-06-30T21:38:48.737+0100: 1376.381: Total time for which application threads were stopped: 0.0000888 seconds, Stopping threads took: 0.0000573 seconds
2020-06-30T21:38:48.737+0100: 1376.381: Total time for which application threads were stopped: 0.0001003 seconds, Stopping threads took: 0.0000469 seconds
2020-06-30T21:38:48.737+0100: 1376.381: Total time for which application threads were stopped: 0.0000763 seconds, Stopping threads took: 0.0000418 seconds
2020-06-30T21:38:48.738+0100: 1376.381: Total time for which application threads were stopped: 0.0001029 seconds, Stopping threads took: 0.0000519 seconds
2020-06-30T21:38:48.738+0100: 1376.382: Total time for which application threads were stopped: 0.0000802 seconds, Stopping threads took: 0.0000473 seconds
2020-06-30T21:38:48.781+0100: 1376.424: [CMS-concurrent-sweep: 0.067/0.068 secs] [Times: user=0.19 sys=0.00, real=0.07 secs] 
2020-06-30T21:38:48.781+0100: 1376.424: [CMS-concurrent-reset-start]
2020-06-30T21:38:48.781+0100: 1376.425: [CMS-concurrent-reset: 0.001/0.001 secs] [Times: user=0.00 sys=0.00, real=0.00 secs] 
{Heap before GC invocations=166 (full 11):
 par new generation   total 109248K, used 109248K [0x00000000e0000000, 0x00000000e8000000, 0x00000000e8000000)
  eden space 87424K, 100% used [0x00000000e0000000, 0x00000000e5560000, 0x00000000e5560000)
  from space 21824K, 100% used [0x00000000e5560000, 0x00000000e6ab0000, 0x00000000e6ab0000)
  to   space 21824K,   0% used [0x00000000e6ab0000, 0x00000000e6ab0000, 0x00000000e8000000)
 concurrent mark-sweep generation total 393216K, used 92235K [0x00000000e8000000, 0x0000000100000000, 0x0000000100000000)
 Metaspace       used 55440K, capacity 57129K, committed 57548K, reserved 1099776K
  class space    used 6560K, capacity 6966K, committed 7116K, reserved 1048576K
2020-06-30T21:38:48.815+0100: 1376.458: [GC (Allocation Failure) 2020-06-30T21:38:48.815+0100: 1376.458: [ParNew
Desired survivor size 20112992 bytes, new threshold 7 (max 8)
- age   1:    8433248 bytes,    8433248 total
- age   2:      12832 bytes,    8446080 total
- age   3:    4910656 bytes,   13356736 total
- age   4:     472696 bytes,   13829432 total
- age   5:    2216008 bytes,   16045440 total
- age   6:    1461680 bytes,   17507120 total
- age   7:    2702880 bytes,   20210000 total
- age   8:    1982488 bytes,   22192488 total
: 109248K->21824K(109248K), 0.0117057 secs] 201483K->115327K(502464K), 0.0117816 secs] [Times: user=0.06 sys=0.00, real=0.01 secs] 
Heap after GC invocations=167 (full 11):
 par new generation   total 109248K, used 21824K [0x00000000e0000000, 0x00000000e8000000, 0x00000000e8000000)
  eden space 87424K,   0% used [0x00000000e0000000, 0x00000000e0000000, 0x00000000e5560000)
  from space 21824K, 100% used [0x00000000e6ab0000, 0x00000000e8000000, 0x00000000e8000000)
  to   space 21824K,   0% used [0x00000000e5560000, 0x00000000e5560000, 0x00000000e6ab0000)
 concurrent mark-sweep generation total 393216K, used 93503K [0x00000000e8000000, 0x0000000100000000, 0x0000000100000000)
 Metaspace       used 55440K, capacity 57129K, committed 57548K, reserved 1099776K
  class space    used 6560K, capacity 6966K, committed 7116K, reserved 1048576K
}
2020-06-30T21:38:48.826+0100: 1376.470: Total time for which application threads were stopped: 0.0120162 seconds, Stopping threads took: 0.0000588 seconds
{Heap before GC invocations=167 (full 11):
 par new generation   total 109248K, used 109248K [0x00000000e0000000, 0x00000000e8000000, 0x00000000e8000000)
  eden space 87424K, 100% used [0x00000000e0000000, 0x00000000e5560000, 0x00000000e5560000)
  from space 21824K, 100% used [0x00000000e6ab0000, 0x00000000e8000000, 0x00000000e8000000)
  to   space 21824K,   0% used [0x00000000e5560000, 0x00000000e5560000, 0x00000000e6ab0000)
 concurrent mark-sweep generation total 393216K, used 93503K [0x00000000e8000000, 0x0000000100000000, 0x0000000100000000)
 Metaspace       used 55440K, capacity 57129K, committed 57548K, reserved 1099776K
  class space    used 6560K, capacity 6966K, committed 7116K, reserved 1048576K
2020-06-30T21:38:48.955+0100: 1376.599: [GC (Allocation Failure) 2020-06-30T21:38:48.956+0100: 1376.599: [ParNew
Desired survivor size 20112992 bytes, new threshold 8 (max 8)
- age   1:    4506160 bytes,    4506160 total
- age   2:    5400600 bytes,    9906760 total
- age   3:      12648 bytes,    9919408 total
- age   4:    4834496 bytes,   14753904 total
- age   5:     472696 bytes,   15226600 total
- age   6:    2215928 bytes,   17442528 total
- age   7:    1461680 bytes,   18904208 total
: 109248K->21824K(109248K), 0.0146440 secs] 202751K->121005K(502464K), 0.0147380 secs] [Times: user=0.06 sys=0.00, real=0.02 secs] 
Heap after GC invocations=168 (full 11):
 par new generation   total 109248K, used 21824K [0x00000000e0000000, 0x00000000e8000000, 0x00000000e8000000)
  eden space 87424K,   0% used [0x00000000e0000000, 0x00000000e0000000, 0x00000000e5560000)
  from space 21824K, 100% used [0x00000000e5560000, 0x00000000e6ab0000, 0x00000000e6ab0000)
  to   space 21824K,   0% used [0x00000000e6ab0000, 0x00000000e6ab0000, 0x00000000e8000000)
 concurrent mark-sweep generation total 393216K, used 99181K [0x00000000e8000000, 0x0000000100000000, 0x0000000100000000)
 Metaspace       used 55440K, capacity 57129K, committed 57548K, reserved 1099776K
  class space    used 6560K, capacity 6966K, committed 7116K, reserved 1048576K
}
2020-06-30T21:38:48.970+0100: 1376.614: Total time for which application threads were stopped: 0.0149574 seconds, Stopping threads took: 0.0000579 seconds
{Heap before GC invocations=168 (full 11):
 par new generation   total 109248K, used 109248K [0x00000000e0000000, 0x00000000e8000000, 0x00000000e8000000)
  eden space 87424K, 100% used [0x00000000e0000000, 0x00000000e5560000, 0x00000000e5560000)
  from space 21824K, 100% used [0x00000000e5560000, 0x00000000e6ab0000, 0x00000000e6ab0000)
  to   space 21824K,   0% used [0x00000000e6ab0000, 0x00000000e6ab0000, 0x00000000e8000000)
 concurrent mark-sweep generation total 393216K, used 99181K [0x00000000e8000000, 0x0000000100000000, 0x0000000100000000)
 Metaspace       used 55440K, capacity 57129K, committed 57548K, reserved 1099776K
  class space    used 6560K, capacity 6966K, committed 7116K, reserved 1048576K
2020-06-30T21:38:49.062+0100: 1376.706: [GC (Allocation Failure) 2020-06-30T21:38:49.062+0100: 1376.706: [ParNew
Desired survivor size 20112992 bytes, new threshold 7 (max 8)
- age   1:    4059904 bytes,    4059904 total
- age   2:    3759344 bytes,    7819248 total
- age   3:    5383160 bytes,   13202408 total
- age   4:      12648 bytes,   13215056 total
- age   5:    4834360 bytes,   18049416 total
- age   6:     472696 bytes,   18522112 total
- age   7:    2215928 bytes,   20738040 total
- age   8:    1461680 bytes,   22199720 total
: 109248K->21824K(109248K), 0.0138208 secs] 208429K->126107K(502464K), 0.0138867 secs] [Times: user=0.06 sys=0.00, real=0.01 secs] 
Heap after GC invocations=169 (full 11):
 par new generation   total 109248K, used 21824K [0x00000000e0000000, 0x00000000e8000000, 0x00000000e8000000)
  eden space 87424K,   0% used [0x00000000e0000000, 0x00000000e0000000, 0x00000000e5560000)
  from space 21824K, 100% used [0x00000000e6ab0000, 0x00000000e8000000, 0x00000000e8000000)
  to   space 21824K,   0% used [0x00000000e5560000, 0x00000000e5560000, 0x00000000e6ab0000)
 concurrent mark-sweep generation total 393216K, used 104283K [0x00000000e8000000, 0x0000000100000000, 0x0000000100000000)
 Metaspace       used 55440K, capacity 57129K, committed 57548K, reserved 1099776K
  class space    used 6560K, capacity 6966K, committed 7116K, reserved 1048576K
}
2020-06-30T21:38:49.076+0100: 1376.720: Total time for which application threads were stopped: 0.0141186 seconds, Stopping threads took: 0.0000652 seconds
2020-06-30T21:38:49.677+0100: 1377.321: Total time for which application threads were stopped: 0.0001708 seconds, Stopping threads took: 0.0000786 seconds
2020-06-30T21:38:49.678+0100: 1377.321: Total time for which application threads were stopped: 0.0001050 seconds, Stopping threads took: 0.0000563 seconds
2020-06-30T21:38:49.680+0100: 1377.324: Total time for which application threads were stopped: 0.0002241 seconds, Stopping threads took: 0.0001451 seconds
2020-06-30T21:38:49.682+0100: 1377.326: Total time for which application threads were stopped: 0.0001352 seconds, Stopping threads took: 0.0000504 seconds
2020-06-30T21:38:49.682+0100: 1377.326: Total time for which application threads were stopped: 0.0001190 seconds, Stopping threads took: 0.0000463 seconds
2020-06-30T21:38:49.682+0100: 1377.326: Total time for which application threads were stopped: 0.0001190 seconds, Stopping threads took: 0.0000478 seconds
2020-06-30T21:38:49.683+0100: 1377.326: Total time for which application threads were stopped: 0.0002233 seconds, Stopping threads took: 0.0000367 seconds
2020-06-30T21:39:03.563+0100: 1391.207: Total time for which application threads were stopped: 0.0001212 seconds, Stopping threads took: 0.0000444 seconds
2020-06-30T21:40:03.597+0100: 1451.240: Total time for which application threads were stopped: 0.0001231 seconds, Stopping threads took: 0.0000445 seconds
2020-06-30T21:41:34.716+0100: 1542.360: Total time for which application threads were stopped: 0.0002576 seconds, Stopping threads took: 0.0001632 seconds
2020-06-30T21:41:34.736+0100: 1542.380: Total time for which application threads were stopped: 0.0001333 seconds, Stopping threads took: 0.0000664 seconds
2020-06-30T21:41:34.879+0100: 1542.523: Total time for which application threads were stopped: 0.0005396 seconds, Stopping threads took: 0.0004414 seconds
{Heap before GC invocations=169 (full 11):
 par new generation   total 109248K, used 109248K [0x00000000e0000000, 0x00000000e8000000, 0x00000000e8000000)
  eden space 87424K, 100% used [0x00000000e0000000, 0x00000000e5560000, 0x00000000e5560000)
  from space 21824K, 100% used [0x00000000e6ab0000, 0x00000000e8000000, 0x00000000e8000000)
  to   space 21824K,   0% used [0x00000000e5560000, 0x00000000e5560000, 0x00000000e6ab0000)
 concurrent mark-sweep generation total 393216K, used 104283K [0x00000000e8000000, 0x0000000100000000, 0x0000000100000000)
 Metaspace       used 55444K, capacity 57129K, committed 57548K, reserved 1099776K
  class space    used 6560K, capacity 6966K, committed 7116K, reserved 1048576K
2020-06-30T21:41:34.901+0100: 1542.545: [GC (Allocation Failure) 2020-06-30T21:41:34.901+0100: 1542.545: [ParNew
Desired survivor size 20112992 bytes, new threshold 6 (max 8)
- age   1:    5634848 bytes,    5634848 total
- age   2:    2014352 bytes,    7649200 total
- age   3:    3656384 bytes,   11305584 total
- age   4:    4969264 bytes,   16274848 total
- age   5:      12648 bytes,   16287496 total
- age   6:    4511768 bytes,   20799264 total
- age   7:     472696 bytes,   21271960 total
: 109248K->21824K(109248K), 0.0198022 secs] 213531K->132483K(502464K), 0.0199070 secs] [Times: user=0.06 sys=0.00, real=0.02 secs] 
Heap after GC invocations=170 (full 11):
 par new generation   total 109248K, used 21824K [0x00000000e0000000, 0x00000000e8000000, 0x00000000e8000000)
  eden space 87424K,   0% used [0x00000000e0000000, 0x00000000e0000000, 0x00000000e5560000)
  from space 21824K, 100% used [0x00000000e5560000, 0x00000000e6ab0000, 0x00000000e6ab0000)
  to   space 21824K,   0% used [0x00000000e6ab0000, 0x00000000e6ab0000, 0x00000000e8000000)
 concurrent mark-sweep generation total 393216K, used 110659K [0x00000000e8000000, 0x0000000100000000, 0x0000000100000000)
 Metaspace       used 55444K, capacity 57129K, committed 57548K, reserved 1099776K
  class space    used 6560K, capacity 6966K, committed 7116K, reserved 1048576K
}
2020-06-30T21:41:34.921+0100: 1542.565: Total time for which application threads were stopped: 0.0202997 seconds, Stopping threads took: 0.0000711 seconds
{Heap before GC invocations=170 (full 11):
 par new generation   total 109248K, used 109248K [0x00000000e0000000, 0x00000000e8000000, 0x00000000e8000000)
  eden space 87424K, 100% used [0x00000000e0000000, 0x00000000e5560000, 0x00000000e5560000)
  from space 21824K, 100% used [0x00000000e5560000, 0x00000000e6ab0000, 0x00000000e6ab0000)
  to   space 21824K,   0% used [0x00000000e6ab0000, 0x00000000e6ab0000, 0x00000000e8000000)
 concurrent mark-sweep generation total 393216K, used 110659K [0x00000000e8000000, 0x0000000100000000, 0x0000000100000000)
 Metaspace       used 55444K, capacity 57129K, committed 57548K, reserved 1099776K
  class space    used 6560K, capacity 6966K, committed 7116K, reserved 1048576K
2020-06-30T21:41:35.053+0100: 1542.697: [GC (Allocation Failure) 2020-06-30T21:41:35.053+0100: 1542.697: [ParNew
Desired survivor size 20112992 bytes, new threshold 5 (max 8)
- age   1:    7524968 bytes,    7524968 total
- age   2:    2806208 bytes,   10331176 total
- age   3:    2014000 bytes,   12345176 total
- age   4:    3656344 bytes,   16001520 total
- age   5:    4969200 bytes,   20970720 total
- age   6:      12648 bytes,   20983368 total
: 109248K->21824K(109248K), 0.0159281 secs] 219907K->138497K(502464K), 0.0162360 secs] [Times: user=0.06 sys=0.00, real=0.02 secs] 
Heap after GC invocations=171 (full 11):
 par new generation   total 109248K, used 21824K [0x00000000e0000000, 0x00000000e8000000, 0x00000000e8000000)
  eden space 87424K,   0% used [0x00000000e0000000, 0x00000000e0000000, 0x00000000e5560000)
  from space 21824K, 100% used [0x00000000e6ab0000, 0x00000000e8000000, 0x00000000e8000000)
  to   space 21824K,   0% used [0x00000000e5560000, 0x00000000e5560000, 0x00000000e6ab0000)
 concurrent mark-sweep generation total 393216K, used 116673K [0x00000000e8000000, 0x0000000100000000, 0x0000000100000000)
 Metaspace       used 55444K, capacity 57129K, committed 57548K, reserved 1099776K
  class space    used 6560K, capacity 6966K, committed 7116K, reserved 1048576K
}
2020-06-30T21:41:35.069+0100: 1542.713: Total time for which application threads were stopped: 0.0169910 seconds, Stopping threads took: 0.0003178 seconds
{Heap before GC invocations=171 (full 11):
 par new generation   total 109248K, used 109248K [0x00000000e0000000, 0x00000000e8000000, 0x00000000e8000000)
  eden space 87424K, 100% used [0x00000000e0000000, 0x00000000e5560000, 0x00000000e5560000)
  from space 21824K, 100% used [0x00000000e6ab0000, 0x00000000e8000000, 0x00000000e8000000)
  to   space 21824K,   0% used [0x00000000e5560000, 0x00000000e5560000, 0x00000000e6ab0000)
 concurrent mark-sweep generation total 393216K, used 116673K [0x00000000e8000000, 0x0000000100000000, 0x0000000100000000)
 Metaspace       used 55444K, capacity 57129K, committed 57548K, reserved 1099776K
  class space    used 6560K, capacity 6966K, committed 7116K, reserved 1048576K
2020-06-30T21:41:35.280+0100: 1542.923: [GC (Allocation Failure) 2020-06-30T21:41:35.280+0100: 1542.923: [ParNew
Desired survivor size 20112992 bytes, new threshold 8 (max 8)
- age   1:    6935888 bytes,    6935888 total
- age   2:    3447152 bytes,   10383040 total
- age   3:    2546624 bytes,   12929664 total
- age   4:    2014864 bytes,   14944528 total
- age   5:    3656344 bytes,   18600872 total
: 109248K->20576K(109248K), 0.0159047 secs] 225921K->142132K(502464K), 0.0160075 secs] [Times: user=0.06 sys=0.00, real=0.02 secs] 
Heap after GC invocations=172 (full 11):
 par new generation   total 109248K, used 20576K [0x00000000e0000000, 0x00000000e8000000, 0x00000000e8000000)
  eden space 87424K,   0% used [0x00000000e0000000, 0x00000000e0000000, 0x00000000e5560000)
  from space 21824K,  94% used [0x00000000e5560000, 0x00000000e69782e0, 0x00000000e6ab0000)
  to   space 21824K,   0% used [0x00000000e6ab0000, 0x00000000e6ab0000, 0x00000000e8000000)
 concurrent mark-sweep generation total 393216K, used 121555K [0x00000000e8000000, 0x0000000100000000, 0x0000000100000000)
 Metaspace       used 55444K, capacity 57129K, committed 57548K, reserved 1099776K
  class space    used 6560K, capacity 6966K, committed 7116K, reserved 1048576K
}
2020-06-30T21:41:35.296+0100: 1542.939: Total time for which application threads were stopped: 0.0164512 seconds, Stopping threads took: 0.0001829 seconds
2020-06-30T21:41:36.297+0100: 1543.940: Total time for which application threads were stopped: 0.0001436 seconds, Stopping threads took: 0.0000717 seconds
2020-06-30T21:41:36.303+0100: 1543.947: Total time for which application threads were stopped: 0.0001819 seconds, Stopping threads took: 0.0001233 seconds
2020-06-30T21:41:36.303+0100: 1543.947: Total time for which application threads were stopped: 0.0001399 seconds, Stopping threads took: 0.0000972 seconds
2020-06-30T21:41:36.304+0100: 1543.948: Total time for which application threads were stopped: 0.0001390 seconds, Stopping threads took: 0.0000801 seconds
2020-06-30T21:41:36.307+0100: 1543.951: Total time for which application threads were stopped: 0.0001497 seconds, Stopping threads took: 0.0000889 seconds
2020-06-30T21:41:36.307+0100: 1543.951: Total time for which application threads were stopped: 0.0001728 seconds, Stopping threads took: 0.0001142 seconds
2020-06-30T21:41:37.307+0100: 1544.950: Total time for which application threads were stopped: 0.0001260 seconds, Stopping threads took: 0.0000718 seconds
{Heap before GC invocations=172 (full 11):
 par new generation   total 109248K, used 108000K [0x00000000e0000000, 0x00000000e8000000, 0x00000000e8000000)
  eden space 87424K, 100% used [0x00000000e0000000, 0x00000000e5560000, 0x00000000e5560000)
  from space 21824K,  94% used [0x00000000e5560000, 0x00000000e69782e0, 0x00000000e6ab0000)
  to   space 21824K,   0% used [0x00000000e6ab0000, 0x00000000e6ab0000, 0x00000000e8000000)
 concurrent mark-sweep generation total 393216K, used 121555K [0x00000000e8000000, 0x0000000100000000, 0x0000000100000000)
 Metaspace       used 55445K, capacity 57129K, committed 57548K, reserved 1099776K
  class space    used 6560K, capacity 6966K, committed 7116K, reserved 1048576K
2020-06-30T21:41:41.004+0100: 1548.648: [GC (Allocation Failure) 2020-06-30T21:41:41.004+0100: 1548.648: [ParNew
Desired survivor size 20112992 bytes, new threshold 8 (max 8)
- age   1:    6310288 bytes,    6310288 total
- age   2:    2027856 bytes,    8338144 total
- age   3:     144080 bytes,    8482224 total
- age   4:    2160560 bytes,   10642784 total
- age   5:    2014000 bytes,   12656784 total
- age   6:    3656344 bytes,   16313128 total
: 108000K->21824K(109248K), 0.0097816 secs] 229556K->143379K(502464K), 0.0098625 secs] [Times: user=0.06 sys=0.00, real=0.01 secs] 
Heap after GC invocations=173 (full 11):
 par new generation   total 109248K, used 21824K [0x00000000e0000000, 0x00000000e8000000, 0x00000000e8000000)
  eden space 87424K,   0% used [0x00000000e0000000, 0x00000000e0000000, 0x00000000e5560000)
  from space 21824K, 100% used [0x00000000e6ab0000, 0x00000000e8000000, 0x00000000e8000000)
  to   space 21824K,   0% used [0x00000000e5560000, 0x00000000e5560000, 0x00000000e6ab0000)
 concurrent mark-sweep generation total 393216K, used 121555K [0x00000000e8000000, 0x0000000100000000, 0x0000000100000000)
 Metaspace       used 55445K, capacity 57129K, committed 57548K, reserved 1099776K
  class space    used 6560K, capacity 6966K, committed 7116K, reserved 1048576K
}
2020-06-30T21:41:41.014+0100: 1548.658: Total time for which application threads were stopped: 0.0101150 seconds, Stopping threads took: 0.0000657 seconds
2020-06-30T21:41:41.016+0100: 1548.660: Total time for which application threads were stopped: 0.0002769 seconds, Stopping threads took: 0.0002239 seconds
2020-06-30T21:41:41.020+0100: 1548.664: Total time for which application threads were stopped: 0.0001921 seconds, Stopping threads took: 0.0000866 seconds
2020-06-30T21:41:41.021+0100: 1548.665: Total time for which application threads were stopped: 0.0001666 seconds, Stopping threads took: 0.0000703 seconds
2020-06-30T21:41:41.044+0100: 1548.688: Total time for which application threads were stopped: 0.0002367 seconds, Stopping threads took: 0.0000943 seconds
2020-06-30T21:41:41.046+0100: 1548.690: Total time for which application threads were stopped: 0.0001262 seconds, Stopping threads took: 0.0000628 seconds
2020-06-30T21:41:41.302+0100: 1548.946: Total time for which application threads were stopped: 0.0001256 seconds, Stopping threads took: 0.0000507 seconds
{Heap before GC invocations=173 (full 11):
 par new generation   total 109248K, used 109248K [0x00000000e0000000, 0x00000000e8000000, 0x00000000e8000000)
  eden space 87424K, 100% used [0x00000000e0000000, 0x00000000e5560000, 0x00000000e5560000)
  from space 21824K, 100% used [0x00000000e6ab0000, 0x00000000e8000000, 0x00000000e8000000)
  to   space 21824K,   0% used [0x00000000e5560000, 0x00000000e5560000, 0x00000000e6ab0000)
 concurrent mark-sweep generation total 393216K, used 121555K [0x00000000e8000000, 0x0000000100000000, 0x0000000100000000)
 Metaspace       used 55464K, capacity 57129K, committed 57548K, reserved 1099776K
  class space    used 6560K, capacity 6966K, committed 7116K, reserved 1048576K
2020-06-30T21:41:41.344+0100: 1548.988: [GC (Allocation Failure) 2020-06-30T21:41:41.344+0100: 1548.988: [ParNew
Desired survivor size 20112992 bytes, new threshold 8 (max 8)
- age   1:   10891808 bytes,   10891808 total
- age   2:      60736 bytes,   10952544 total
- age   3:      92080 bytes,   11044624 total
- age   4:     143896 bytes,   11188520 total
- age   5:    2107080 bytes,   13295600 total
- age   6:    2014000 bytes,   15309600 total
- age   7:    3656344 bytes,   18965944 total
: 109248K->21824K(109248K), 0.0095325 secs] 230803K->143379K(502464K), 0.0096193 secs] [Times: user=0.06 sys=0.00, real=0.01 secs] 
Heap after GC invocations=174 (full 11):
 par new generation   total 109248K, used 21824K [0x00000000e0000000, 0x00000000e8000000, 0x00000000e8000000)
  eden space 87424K,   0% used [0x00000000e0000000, 0x00000000e0000000, 0x00000000e5560000)
  from space 21824K, 100% used [0x00000000e5560000, 0x00000000e6ab0000, 0x00000000e6ab0000)
  to   space 21824K,   0% used [0x00000000e6ab0000, 0x00000000e6ab0000, 0x00000000e8000000)
 concurrent mark-sweep generation total 393216K, used 121555K [0x00000000e8000000, 0x0000000100000000, 0x0000000100000000)
 Metaspace       used 55464K, capacity 57129K, committed 57548K, reserved 1099776K
  class space    used 6560K, capacity 6966K, committed 7116K, reserved 1048576K
}
2020-06-30T21:41:41.354+0100: 1548.998: Total time for which application threads were stopped: 0.0098804 seconds, Stopping threads took: 0.0000600 seconds
2020-06-30T21:41:41.354+0100: 1548.998: Total time for which application threads were stopped: 0.0001515 seconds, Stopping threads took: 0.0000760 seconds
2020-06-30T21:41:41.355+0100: 1548.998: Total time for which application threads were stopped: 0.0001069 seconds, Stopping threads took: 0.0000519 seconds
2020-06-30T21:41:41.355+0100: 1548.999: Total time for which application threads were stopped: 0.0001345 seconds, Stopping threads took: 0.0000581 seconds
2020-06-30T21:41:41.355+0100: 1548.999: Total time for which application threads were stopped: 0.0001061 seconds, Stopping threads took: 0.0000421 seconds
{Heap before GC invocations=174 (full 11):
 par new generation   total 109248K, used 109248K [0x00000000e0000000, 0x00000000e8000000, 0x00000000e8000000)
  eden space 87424K, 100% used [0x00000000e0000000, 0x00000000e5560000, 0x00000000e5560000)
  from space 21824K, 100% used [0x00000000e5560000, 0x00000000e6ab0000, 0x00000000e6ab0000)
  to   space 21824K,   0% used [0x00000000e6ab0000, 0x00000000e6ab0000, 0x00000000e8000000)
 concurrent mark-sweep generation total 393216K, used 121555K [0x00000000e8000000, 0x0000000100000000, 0x0000000100000000)
 Metaspace       used 55464K, capacity 57129K, committed 57548K, reserved 1099776K
  class space    used 6560K, capacity 6966K, committed 7116K, reserved 1048576K
2020-06-30T21:41:41.461+0100: 1549.105: [GC (Allocation Failure) 2020-06-30T21:41:41.461+0100: 1549.105: [ParNew
Desired survivor size 20112992 bytes, new threshold 8 (max 8)
- age   1:   10967936 bytes,   10967936 total
- age   2:    2597768 bytes,   13565704 total
- age   3:      60072 bytes,   13625776 total
- age   4:      33688 bytes,   13659464 total
- age   5:     143720 bytes,   13803184 total
- age   6:    1987696 bytes,   15790880 total
- age   7:    2014000 bytes,   17804880 total
- age   8:    3656344 bytes,   21461224 total
: 109248K->21824K(109248K), 0.0128343 secs] 230803K->145209K(502464K), 0.0129068 secs] [Times: user=0.00 sys=0.00, real=0.01 secs] 
Heap after GC invocations=175 (full 11):
 par new generation   total 109248K, used 21824K [0x00000000e0000000, 0x00000000e8000000, 0x00000000e8000000)
  eden space 87424K,   0% used [0x00000000e0000000, 0x00000000e0000000, 0x00000000e5560000)
  from space 21824K, 100% used [0x00000000e6ab0000, 0x00000000e8000000, 0x00000000e8000000)
  to   space 21824K,   0% used [0x00000000e5560000, 0x00000000e5560000, 0x00000000e6ab0000)
 concurrent mark-sweep generation total 393216K, used 123385K [0x00000000e8000000, 0x0000000100000000, 0x0000000100000000)
 Metaspace       used 55464K, capacity 57129K, committed 57548K, reserved 1099776K
  class space    used 6560K, capacity 6966K, committed 7116K, reserved 1048576K
}
2020-06-30T21:41:41.474+0100: 1549.118: Total time for which application threads were stopped: 0.0131388 seconds, Stopping threads took: 0.0000660 seconds
2020-06-30T21:41:41.474+0100: 1549.118: Total time for which application threads were stopped: 0.0001369 seconds, Stopping threads took: 0.0000824 seconds
2020-06-30T21:41:41.474+0100: 1549.118: Total time for which application threads were stopped: 0.0000943 seconds, Stopping threads took: 0.0000538 seconds
{Heap before GC invocations=175 (full 11):
 par new generation   total 109248K, used 109248K [0x00000000e0000000, 0x00000000e8000000, 0x00000000e8000000)
  eden space 87424K, 100% used [0x00000000e0000000, 0x00000000e5560000, 0x00000000e5560000)
  from space 21824K, 100% used [0x00000000e6ab0000, 0x00000000e8000000, 0x00000000e8000000)
  to   space 21824K,   0% used [0x00000000e5560000, 0x00000000e5560000, 0x00000000e6ab0000)
 concurrent mark-sweep generation total 393216K, used 123385K [0x00000000e8000000, 0x0000000100000000, 0x0000000100000000)
 Metaspace       used 55465K, capacity 57129K, committed 57548K, reserved 1099776K
  class space    used 6560K, capacity 6966K, committed 7116K, reserved 1048576K
2020-06-30T21:41:41.581+0100: 1549.224: [GC (Allocation Failure) 2020-06-30T21:41:41.581+0100: 1549.224: [ParNew
Desired survivor size 20112992 bytes, new threshold 8 (max 8)
- age   1:    6879640 bytes,    6879640 total
- age   2:    6359184 bytes,   13238824 total
- age   3:    2578288 bytes,   15817112 total
- age   4:      60072 bytes,   15877184 total
- age   5:      33544 bytes,   15910728 total
- age   6:     143720 bytes,   16054448 total
- age   7:    1987576 bytes,   18042024 total
- age   8:    2014000 bytes,   20056024 total
: 109248K->21824K(109248K), 0.0157952 secs] 232633K->154580K(502464K), 0.0158853 secs] [Times: user=0.06 sys=0.00, real=0.02 secs] 
Heap after GC invocations=176 (full 11):
 par new generation   total 109248K, used 21824K [0x00000000e0000000, 0x00000000e8000000, 0x00000000e8000000)
  eden space 87424K,   0% used [0x00000000e0000000, 0x00000000e0000000, 0x00000000e5560000)
  from space 21824K, 100% used [0x00000000e5560000, 0x00000000e6ab0000, 0x00000000e6ab0000)
  to   space 21824K,   0% used [0x00000000e6ab0000, 0x00000000e6ab0000, 0x00000000e8000000)
 concurrent mark-sweep generation total 393216K, used 132756K [0x00000000e8000000, 0x0000000100000000, 0x0000000100000000)
 Metaspace       used 55465K, capacity 57129K, committed 57548K, reserved 1099776K
  class space    used 6560K, capacity 6966K, committed 7116K, reserved 1048576K
}
2020-06-30T21:41:41.597+0100: 1549.240: Total time for which application threads were stopped: 0.0161828 seconds, Stopping threads took: 0.0000746 seconds
2020-06-30T21:41:42.470+0100: 1550.114: Total time for which application threads were stopped: 0.0004701 seconds, Stopping threads took: 0.0003609 seconds
2020-06-30T21:41:42.497+0100: 1550.141: Total time for which application threads were stopped: 0.0001279 seconds, Stopping threads took: 0.0000498 seconds
2020-06-30T21:41:42.497+0100: 1550.141: Total time for which application threads were stopped: 0.0001177 seconds, Stopping threads took: 0.0000570 seconds
2020-06-30T21:41:42.497+0100: 1550.141: Total time for which application threads were stopped: 0.0000924 seconds, Stopping threads took: 0.0000410 seconds
2020-06-30T21:41:42.497+0100: 1550.141: Total time for which application threads were stopped: 0.0000748 seconds, Stopping threads took: 0.0000403 seconds
2020-06-30T21:41:56.047+0100: 1563.690: Total time for which application threads were stopped: 0.0000775 seconds, Stopping threads took: 0.0000256 seconds
2020-06-30T21:42:09.606+0100: 1577.250: Total time for which application threads were stopped: 0.0004395 seconds, Stopping threads took: 0.0002811 seconds
2020-06-30T21:42:09.610+0100: 1577.254: Total time for which application threads were stopped: 0.0001338 seconds, Stopping threads took: 0.0000554 seconds
2020-06-30T21:42:09.612+0100: 1577.255: Total time for which application threads were stopped: 0.0003525 seconds, Stopping threads took: 0.0001360 seconds
2020-06-30T21:42:09.630+0100: 1577.274: Total time for which application threads were stopped: 0.0001478 seconds, Stopping threads took: 0.0000780 seconds
2020-06-30T21:42:09.632+0100: 1577.276: Total time for which application threads were stopped: 0.0001080 seconds, Stopping threads took: 0.0000385 seconds
{Heap before GC invocations=176 (full 11):
 par new generation   total 109248K, used 109248K [0x00000000e0000000, 0x00000000e8000000, 0x00000000e8000000)
  eden space 87424K, 100% used [0x00000000e0000000, 0x00000000e5560000, 0x00000000e5560000)
  from space 21824K, 100% used [0x00000000e5560000, 0x00000000e6ab0000, 0x00000000e6ab0000)
  to   space 21824K,   0% used [0x00000000e6ab0000, 0x00000000e6ab0000, 0x00000000e8000000)
 concurrent mark-sweep generation total 393216K, used 132756K [0x00000000e8000000, 0x0000000100000000, 0x0000000100000000)
 Metaspace       used 55498K, capacity 57129K, committed 57548K, reserved 1099776K
  class space    used 6560K, capacity 6966K, committed 7116K, reserved 1048576K
2020-06-30T21:42:09.697+0100: 1577.341: [GC (Allocation Failure) 2020-06-30T21:42:09.697+0100: 1577.341: [ParNew
Desired survivor size 20112992 bytes, new threshold 8 (max 8)
- age   1:    7249272 bytes,    7249272 total
- age   2:    3777760 bytes,   11027032 total
- age   3:    5633680 bytes,   16660712 total
- age   4:    1920840 bytes,   18581552 total
- age   5:       2352 bytes,   18583904 total
- age   6:      33464 bytes,   18617368 total
- age   7:     143720 bytes,   18761088 total
- age   8:    1981440 bytes,   20742528 total
: 109248K->21824K(109248K), 0.0142880 secs] 242004K->159126K(502464K), 0.0143763 secs] [Times: user=0.06 sys=0.00, real=0.01 secs] 
Heap after GC invocations=177 (full 11):
 par new generation   total 109248K, used 21824K [0x00000000e0000000, 0x00000000e8000000, 0x00000000e8000000)
  eden space 87424K,   0% used [0x00000000e0000000, 0x00000000e0000000, 0x00000000e5560000)
  from space 21824K, 100% used [0x00000000e6ab0000, 0x00000000e8000000, 0x00000000e8000000)
  to   space 21824K,   0% used [0x00000000e5560000, 0x00000000e5560000, 0x00000000e6ab0000)
 concurrent mark-sweep generation total 393216K, used 137302K [0x00000000e8000000, 0x0000000100000000, 0x0000000100000000)
 Metaspace       used 55498K, capacity 57129K, committed 57548K, reserved 1099776K
  class space    used 6560K, capacity 6966K, committed 7116K, reserved 1048576K
}
2020-06-30T21:42:09.712+0100: 1577.355: Total time for which application threads were stopped: 0.0146298 seconds, Stopping threads took: 0.0000621 seconds
2020-06-30T21:42:09.736+0100: 1577.379: Total time for which application threads were stopped: 0.0001569 seconds, Stopping threads took: 0.0000681 seconds
{Heap before GC invocations=177 (full 11):
 par new generation   total 109248K, used 109248K [0x00000000e0000000, 0x00000000e8000000, 0x00000000e8000000)
  eden space 87424K, 100% used [0x00000000e0000000, 0x00000000e5560000, 0x00000000e5560000)
  from space 21824K, 100% used [0x00000000e6ab0000, 0x00000000e8000000, 0x00000000e8000000)
  to   space 21824K,   0% used [0x00000000e5560000, 0x00000000e5560000, 0x00000000e6ab0000)
 concurrent mark-sweep generation total 393216K, used 137302K [0x00000000e8000000, 0x0000000100000000, 0x0000000100000000)
 Metaspace       used 55505K, capacity 57129K, committed 57548K, reserved 1099776K
  class space    used 6560K, capacity 6966K, committed 7116K, reserved 1048576K
2020-06-30T21:42:09.811+0100: 1577.455: [GC (Allocation Failure) 2020-06-30T21:42:09.811+0100: 1577.455: [ParNew
Desired survivor size 20112992 bytes, new threshold 5 (max 8)
- age   1:    4834824 bytes,    4834824 total
- age   2:    5310104 bytes,   10144928 total
- age   3:    3727520 bytes,   13872448 total
- age   4:    5633680 bytes,   19506128 total
- age   5:    1785992 bytes,   21292120 total
- age   6:       2040 bytes,   21294160 total
- age   7:      33464 bytes,   21327624 total
- age   8:     143720 bytes,   21471344 total
: 109248K->21824K(109248K), 0.0140939 secs] 246550K->165806K(502464K), 0.0141642 secs] [Times: user=0.06 sys=0.00, real=0.01 secs] 
Heap after GC invocations=178 (full 11):
 par new generation   total 109248K, used 21824K [0x00000000e0000000, 0x00000000e8000000, 0x00000000e8000000)
  eden space 87424K,   0% used [0x00000000e0000000, 0x00000000e0000000, 0x00000000e5560000)
  from space 21824K, 100% used [0x00000000e5560000, 0x00000000e6ab0000, 0x00000000e6ab0000)
  to   space 21824K,   0% used [0x00000000e6ab0000, 0x00000000e6ab0000, 0x00000000e8000000)
 concurrent mark-sweep generation total 393216K, used 143982K [0x00000000e8000000, 0x0000000100000000, 0x0000000100000000)
 Metaspace       used 55505K, capacity 57129K, committed 57548K, reserved 1099776K
  class space    used 6560K, capacity 6966K, committed 7116K, reserved 1048576K
}
2020-06-30T21:42:09.826+0100: 1577.469: Total time for which application threads were stopped: 0.0143949 seconds, Stopping threads took: 0.0000582 seconds
{Heap before GC invocations=178 (full 11):
 par new generation   total 109248K, used 109248K [0x00000000e0000000, 0x00000000e8000000, 0x00000000e8000000)
  eden space 87424K, 100% used [0x00000000e0000000, 0x00000000e5560000, 0x00000000e5560000)
  from space 21824K, 100% used [0x00000000e5560000, 0x00000000e6ab0000, 0x00000000e6ab0000)
  to   space 21824K,   0% used [0x00000000e6ab0000, 0x00000000e6ab0000, 0x00000000e8000000)
 concurrent mark-sweep generation total 393216K, used 143982K [0x00000000e8000000, 0x0000000100000000, 0x0000000100000000)
 Metaspace       used 55511K, capacity 57129K, committed 57548K, reserved 1099776K
  class space    used 6560K, capacity 6966K, committed 7116K, reserved 1048576K
2020-06-30T21:42:09.919+0100: 1577.562: [GC (Allocation Failure) 2020-06-30T21:42:09.919+0100: 1577.562: [ParNew
Desired survivor size 20112992 bytes, new threshold 5 (max 8)
- age   1:    5698288 bytes,    5698288 total
- age   2:    2639920 bytes,    8338208 total
- age   3:    4638304 bytes,   12976512 total
- age   4:    3727520 bytes,   16704032 total
- age   5:    5633680 bytes,   22337712 total
: 109248K->21824K(109248K), 0.0149083 secs] 253230K->172664K(502464K), 0.0149999 secs] [Times: user=0.06 sys=0.00, real=0.02 secs] 
Heap after GC invocations=179 (full 11):
 par new generation   total 109248K, used 21824K [0x00000000e0000000, 0x00000000e8000000, 0x00000000e8000000)
  eden space 87424K,   0% used [0x00000000e0000000, 0x00000000e0000000, 0x00000000e5560000)
  from space 21824K, 100% used [0x00000000e6ab0000, 0x00000000e8000000, 0x00000000e8000000)
  to   space 21824K,   0% used [0x00000000e5560000, 0x00000000e5560000, 0x00000000e6ab0000)
 concurrent mark-sweep generation total 393216K, used 150840K [0x00000000e8000000, 0x0000000100000000, 0x0000000100000000)
 Metaspace       used 55511K, capacity 57129K, committed 57548K, reserved 1099776K
  class space    used 6560K, capacity 6966K, committed 7116K, reserved 1048576K
}
2020-06-30T21:42:09.934+0100: 1577.577: Total time for which application threads were stopped: 0.0152611 seconds, Stopping threads took: 0.0000729 seconds
{Heap before GC invocations=179 (full 11):
 par new generation   total 109248K, used 109248K [0x00000000e0000000, 0x00000000e8000000, 0x00000000e8000000)
  eden space 87424K, 100% used [0x00000000e0000000, 0x00000000e5560000, 0x00000000e5560000)
  from space 21824K, 100% used [0x00000000e6ab0000, 0x00000000e8000000, 0x00000000e8000000)
  to   space 21824K,   0% used [0x00000000e5560000, 0x00000000e5560000, 0x00000000e6ab0000)
 concurrent mark-sweep generation total 393216K, used 150840K [0x00000000e8000000, 0x0000000100000000, 0x0000000100000000)
 Metaspace       used 55515K, capacity 57129K, committed 57548K, reserved 1099776K
  class space    used 6560K, capacity 6966K, committed 7116K, reserved 1048576K
2020-06-30T21:42:10.059+0100: 1577.702: [GC (Allocation Failure) 2020-06-30T21:42:10.059+0100: 1577.702: [ParNew
Desired survivor size 20112992 bytes, new threshold 5 (max 8)
- age   1:    7221552 bytes,    7221552 total
- age   2:    4561408 bytes,   11782960 total
- age   3:    1498192 bytes,   13281152 total
- age   4:    4514424 bytes,   17795576 total
- age   5:    2987248 bytes,   20782824 total
: 109248K->21824K(109248K), 0.0170280 secs] 260088K->182340K(502464K), 0.0171705 secs] [Times: user=0.06 sys=0.00, real=0.02 secs] 
Heap after GC invocations=180 (full 11):
 par new generation   total 109248K, used 21824K [0x00000000e0000000, 0x00000000e8000000, 0x00000000e8000000)
  eden space 87424K,   0% used [0x00000000e0000000, 0x00000000e0000000, 0x00000000e5560000)
  from space 21824K, 100% used [0x00000000e5560000, 0x00000000e6ab0000, 0x00000000e6ab0000)
  to   space 21824K,   0% used [0x00000000e6ab0000, 0x00000000e6ab0000, 0x00000000e8000000)
 concurrent mark-sweep generation total 393216K, used 160516K [0x00000000e8000000, 0x0000000100000000, 0x0000000100000000)
 Metaspace       used 55515K, capacity 57129K, committed 57548K, reserved 1099776K
  class space    used 6560K, capacity 6966K, committed 7116K, reserved 1048576K
}
2020-06-30T21:42:10.076+0100: 1577.720: Total time for which application threads were stopped: 0.0174864 seconds, Stopping threads took: 0.0000770 seconds
2020-06-30T21:42:10.770+0100: 1578.413: Total time for which application threads were stopped: 0.0002338 seconds, Stopping threads took: 0.0000902 seconds
2020-06-30T21:42:10.770+0100: 1578.414: Total time for which application threads were stopped: 0.0001312 seconds, Stopping threads took: 0.0000608 seconds
2020-06-30T21:42:10.771+0100: 1578.415: Total time for which application threads were stopped: 0.0001306 seconds, Stopping threads took: 0.0000698 seconds
2020-06-30T21:42:10.771+0100: 1578.415: Total time for which application threads were stopped: 0.0000817 seconds, Stopping threads took: 0.0000377 seconds
2020-06-30T21:42:10.771+0100: 1578.415: Total time for which application threads were stopped: 0.0000775 seconds, Stopping threads took: 0.0000440 seconds
2020-06-30T21:42:10.772+0100: 1578.415: Total time for which application threads were stopped: 0.0000928 seconds, Stopping threads took: 0.0000601 seconds
2020-06-30T21:42:13.530+0100: 1581.173: Total time for which application threads were stopped: 0.0002257 seconds, Stopping threads took: 0.0001577 seconds
2020-06-30T21:42:13.533+0100: 1581.177: Total time for which application threads were stopped: 0.0001528 seconds, Stopping threads took: 0.0000669 seconds
2020-06-30T21:42:13.534+0100: 1581.177: Total time for which application threads were stopped: 0.0001429 seconds, Stopping threads took: 0.0000570 seconds
2020-06-30T21:42:13.623+0100: 1581.267: Total time for which application threads were stopped: 0.0001360 seconds, Stopping threads took: 0.0000550 seconds
{Heap before GC invocations=180 (full 11):
 par new generation   total 109248K, used 109248K [0x00000000e0000000, 0x00000000e8000000, 0x00000000e8000000)
  eden space 87424K, 100% used [0x00000000e0000000, 0x00000000e5560000, 0x00000000e5560000)
  from space 21824K, 100% used [0x00000000e5560000, 0x00000000e6ab0000, 0x00000000e6ab0000)
  to   space 21824K,   0% used [0x00000000e6ab0000, 0x00000000e6ab0000, 0x00000000e8000000)
 concurrent mark-sweep generation total 393216K, used 160516K [0x00000000e8000000, 0x0000000100000000, 0x0000000100000000)
 Metaspace       used 55541K, capacity 57257K, committed 57548K, reserved 1099776K
  class space    used 6560K, capacity 6966K, committed 7116K, reserved 1048576K
2020-06-30T21:42:13.634+0100: 1581.278: [GC (Allocation Failure) 2020-06-30T21:42:13.634+0100: 1581.278: [ParNew
Desired survivor size 20112992 bytes, new threshold 5 (max 8)
- age   1:    5334672 bytes,    5334672 total
- age   2:    6077944 bytes,   11412616 total
- age   3:    4527056 bytes,   15939672 total
- age   4:    1084392 bytes,   17024064 total
- age   5:    4439112 bytes,   21463176 total
: 109248K->21824K(109248K), 0.0129541 secs] 269764K->188413K(502464K), 0.0130693 secs] [Times: user=0.00 sys=0.02, real=0.01 secs] 
Heap after GC invocations=181 (full 11):
 par new generation   total 109248K, used 21824K [0x00000000e0000000, 0x00000000e8000000, 0x00000000e8000000)
  eden space 87424K,   0% used [0x00000000e0000000, 0x00000000e0000000, 0x00000000e5560000)
  from space 21824K, 100% used [0x00000000e6ab0000, 0x00000000e8000000, 0x00000000e8000000)
  to   space 21824K,   0% used [0x00000000e5560000, 0x00000000e5560000, 0x00000000e6ab0000)
 concurrent mark-sweep generation total 393216K, used 166589K [0x00000000e8000000, 0x0000000100000000, 0x0000000100000000)
 Metaspace       used 55541K, capacity 57257K, committed 57548K, reserved 1099776K
  class space    used 6560K, capacity 6966K, committed 7116K, reserved 1048576K
}
2020-06-30T21:42:13.647+0100: 1581.291: Total time for which application threads were stopped: 0.0133105 seconds, Stopping threads took: 0.0000623 seconds
{Heap before GC invocations=181 (full 11):
 par new generation   total 109248K, used 109248K [0x00000000e0000000, 0x00000000e8000000, 0x00000000e8000000)
  eden space 87424K, 100% used [0x00000000e0000000, 0x00000000e5560000, 0x00000000e5560000)
  from space 21824K, 100% used [0x00000000e6ab0000, 0x00000000e8000000, 0x00000000e8000000)
  to   space 21824K,   0% used [0x00000000e5560000, 0x00000000e5560000, 0x00000000e6ab0000)
 concurrent mark-sweep generation total 393216K, used 166589K [0x00000000e8000000, 0x0000000100000000, 0x0000000100000000)
 Metaspace       used 55541K, capacity 57257K, committed 57548K, reserved 1099776K
  class space    used 6560K, capacity 6966K, committed 7116K, reserved 1048576K
2020-06-30T21:42:13.847+0100: 1581.491: [GC (Allocation Failure) 2020-06-30T21:42:13.847+0100: 1581.491: [ParNew
Desired survivor size 20112992 bytes, new threshold 8 (max 8)
- age   1:    3869432 bytes,    3869432 total
- age   2:    4036344 bytes,    7905776 total
- age   3:    6014856 bytes,   13920632 total
- age   4:    4526784 bytes,   18447416 total
- age   5:    1084120 bytes,   19531536 total
: 109248K->21824K(109248K), 0.0145751 secs] 275837K->196585K(502464K), 0.0146752 secs] [Times: user=0.05 sys=0.00, real=0.02 secs] 
Heap after GC invocations=182 (full 11):
 par new generation   total 109248K, used 21824K [0x00000000e0000000, 0x00000000e8000000, 0x00000000e8000000)
  eden space 87424K,   0% used [0x00000000e0000000, 0x00000000e0000000, 0x00000000e5560000)
  from space 21824K, 100% used [0x00000000e5560000, 0x00000000e6ab0000, 0x00000000e6ab0000)
  to   space 21824K,   0% used [0x00000000e6ab0000, 0x00000000e6ab0000, 0x00000000e8000000)
 concurrent mark-sweep generation total 393216K, used 174761K [0x00000000e8000000, 0x0000000100000000, 0x0000000100000000)
 Metaspace       used 55541K, capacity 57257K, committed 57548K, reserved 1099776K
  class space    used 6560K, capacity 6966K, committed 7116K, reserved 1048576K
}
2020-06-30T21:42:13.862+0100: 1581.506: Total time for which application threads were stopped: 0.0154482 seconds, Stopping threads took: 0.0005223 seconds
2020-06-30T21:42:13.862+0100: 1581.506: Total time for which application threads were stopped: 0.0002202 seconds, Stopping threads took: 0.0000821 seconds
2020-06-30T21:42:13.862+0100: 1581.506: Total time for which application threads were stopped: 0.0001562 seconds, Stopping threads took: 0.0000659 seconds
{Heap before GC invocations=182 (full 11):
 par new generation   total 109248K, used 109248K [0x00000000e0000000, 0x00000000e8000000, 0x00000000e8000000)
  eden space 87424K, 100% used [0x00000000e0000000, 0x00000000e5560000, 0x00000000e5560000)
  from space 21824K, 100% used [0x00000000e5560000, 0x00000000e6ab0000, 0x00000000e6ab0000)
  to   space 21824K,   0% used [0x00000000e6ab0000, 0x00000000e6ab0000, 0x00000000e8000000)
 concurrent mark-sweep generation total 393216K, used 174761K [0x00000000e8000000, 0x0000000100000000, 0x0000000100000000)
 Metaspace       used 55542K, capacity 57257K, committed 57548K, reserved 1099776K
  class space    used 6560K, capacity 6966K, committed 7116K, reserved 1048576K
2020-06-30T21:42:14.037+0100: 1581.681: [GC (Allocation Failure) 2020-06-30T21:42:14.037+0100: 1581.681: [ParNew
Desired survivor size 20112992 bytes, new threshold 5 (max 8)
- age   1:    4244840 bytes,    4244840 total
- age   2:    2609640 bytes,    6854480 total
- age   3:    3849616 bytes,   10704096 total
- age   4:    6013416 bytes,   16717512 total
- age   5:    4526784 bytes,   21244296 total
- age   6:    1053104 bytes,   22297400 total
: 109248K->21824K(109248K), 0.0166613 secs] 284009K->200534K(502464K), 0.0167500 secs] [Times: user=0.00 sys=0.00, real=0.02 secs] 
Heap after GC invocations=183 (full 11):
 par new generation   total 109248K, used 21824K [0x00000000e0000000, 0x00000000e8000000, 0x00000000e8000000)
  eden space 87424K,   0% used [0x00000000e0000000, 0x00000000e0000000, 0x00000000e5560000)
  from space 21824K, 100% used [0x00000000e6ab0000, 0x00000000e8000000, 0x00000000e8000000)
  to   space 21824K,   0% used [0x00000000e5560000, 0x00000000e5560000, 0x00000000e6ab0000)
 concurrent mark-sweep generation total 393216K, used 178710K [0x00000000e8000000, 0x0000000100000000, 0x0000000100000000)
 Metaspace       used 55542K, capacity 57257K, committed 57548K, reserved 1099776K
  class space    used 6560K, capacity 6966K, committed 7116K, reserved 1048576K
}
2020-06-30T21:42:14.054+0100: 1581.698: Total time for which application threads were stopped: 0.0170439 seconds, Stopping threads took: 0.0000680 seconds
{Heap before GC invocations=183 (full 11):
 par new generation   total 109248K, used 109248K [0x00000000e0000000, 0x00000000e8000000, 0x00000000e8000000)
  eden space 87424K, 100% used [0x00000000e0000000, 0x00000000e5560000, 0x00000000e5560000)
  from space 21824K, 100% used [0x00000000e6ab0000, 0x00000000e8000000, 0x00000000e8000000)
  to   space 21824K,   0% used [0x00000000e5560000, 0x00000000e5560000, 0x00000000e6ab0000)
 concurrent mark-sweep generation total 393216K, used 178710K [0x00000000e8000000, 0x0000000100000000, 0x0000000100000000)
 Metaspace       used 55542K, capacity 57257K, committed 57548K, reserved 1099776K
  class space    used 6560K, capacity 6966K, committed 7116K, reserved 1048576K
2020-06-30T21:42:14.199+0100: 1581.843: [GC (Allocation Failure) 2020-06-30T21:42:14.199+0100: 1581.843: [ParNew
Desired survivor size 20112992 bytes, new threshold 8 (max 8)
- age   1:    3610520 bytes,    3610520 total
- age   2:    4087776 bytes,    7698296 total
- age   3:    2468920 bytes,   10167216 total
- age   4:    3685688 bytes,   13852904 total
- age   5:    6013456 bytes,   19866360 total
: 109248K->21824K(109248K), 0.0176879 secs] 287958K->209213K(502464K), 0.0177734 secs] [Times: user=0.05 sys=0.00, real=0.02 secs] 
Heap after GC invocations=184 (full 11):
 par new generation   total 109248K, used 21824K [0x00000000e0000000, 0x00000000e8000000, 0x00000000e8000000)
  eden space 87424K,   0% used [0x00000000e0000000, 0x00000000e0000000, 0x00000000e5560000)
  from space 21824K, 100% used [0x00000000e5560000, 0x00000000e6ab0000, 0x00000000e6ab0000)
  to   space 21824K,   0% used [0x00000000e6ab0000, 0x00000000e6ab0000, 0x00000000e8000000)
 concurrent mark-sweep generation total 393216K, used 187389K [0x00000000e8000000, 0x0000000100000000, 0x0000000100000000)
 Metaspace       used 55542K, capacity 57257K, committed 57548K, reserved 1099776K
  class space    used 6560K, capacity 6966K, committed 7116K, reserved 1048576K
}
2020-06-30T21:42:14.217+0100: 1581.860: Total time for which application threads were stopped: 0.0180866 seconds, Stopping threads took: 0.0000735 seconds
2020-06-30T21:42:15.101+0100: 1582.744: Total time for which application threads were stopped: 0.0001734 seconds, Stopping threads took: 0.0000693 seconds
2020-06-30T21:42:15.101+0100: 1582.745: Total time for which application threads were stopped: 0.0001055 seconds, Stopping threads took: 0.0000584 seconds
2020-06-30T21:42:15.101+0100: 1582.745: Total time for which application threads were stopped: 0.0001557 seconds, Stopping threads took: 0.0000836 seconds
2020-06-30T21:42:15.104+0100: 1582.747: Total time for which application threads were stopped: 0.0002782 seconds, Stopping threads took: 0.0000575 seconds
2020-06-30T21:42:15.104+0100: 1582.748: Total time for which application threads were stopped: 0.0000987 seconds, Stopping threads took: 0.0000431 seconds
2020-06-30T21:42:15.104+0100: 1582.748: Total time for which application threads were stopped: 0.0001292 seconds, Stopping threads took: 0.0000843 seconds
2020-06-30T21:42:15.104+0100: 1582.748: Total time for which application threads were stopped: 0.0000550 seconds, Stopping threads took: 0.0000196 seconds
2020-06-30T21:42:15.104+0100: 1582.748: Total time for which application threads were stopped: 0.0000523 seconds, Stopping threads took: 0.0000176 seconds
2020-06-30T21:42:16.104+0100: 1583.747: Total time for which application threads were stopped: 0.0001680 seconds, Stopping threads took: 0.0001118 seconds
2020-06-30T21:42:28.546+0100: 1596.190: Total time for which application threads were stopped: 0.0000702 seconds, Stopping threads took: 0.0000226 seconds
2020-06-30T21:43:03.563+0100: 1631.206: Total time for which application threads were stopped: 0.0000954 seconds, Stopping threads took: 0.0000366 seconds
2020-06-30T21:48:03.729+0100: 1931.372: Total time for which application threads were stopped: 0.0001431 seconds, Stopping threads took: 0.0000525 seconds
2020-06-30T21:50:20.919+0100: 2068.562: Total time for which application threads were stopped: 0.0003348 seconds, Stopping threads took: 0.0002679 seconds
2020-06-30T21:50:20.938+0100: 2068.582: Total time for which application threads were stopped: 0.0000856 seconds, Stopping threads took: 0.0000280 seconds
2020-06-30T21:50:20.940+0100: 2068.584: Total time for which application threads were stopped: 0.0001365 seconds, Stopping threads took: 0.0000615 seconds
2020-06-30T21:50:21.074+0100: 2068.717: Total time for which application threads were stopped: 0.0003947 seconds, Stopping threads took: 0.0000647 seconds
{Heap before GC invocations=184 (full 11):
 par new generation   total 109248K, used 109248K [0x00000000e0000000, 0x00000000e8000000, 0x00000000e8000000)
  eden space 87424K, 100% used [0x00000000e0000000, 0x00000000e5560000, 0x00000000e5560000)
  from space 21824K, 100% used [0x00000000e5560000, 0x00000000e6ab0000, 0x00000000e6ab0000)
  to   space 21824K,   0% used [0x00000000e6ab0000, 0x00000000e6ab0000, 0x00000000e8000000)
 concurrent mark-sweep generation total 393216K, used 187389K [0x00000000e8000000, 0x0000000100000000, 0x0000000100000000)
 Metaspace       used 55561K, capacity 57257K, committed 57548K, reserved 1099776K
  class space    used 6560K, capacity 6966K, committed 7116K, reserved 1048576K
2020-06-30T21:50:21.179+0100: 2068.823: [GC (Allocation Failure) 2020-06-30T21:50:21.179+0100: 2068.823: [ParNew
Desired survivor size 20112992 bytes, new threshold 6 (max 8)
- age   1:    3743272 bytes,    3743272 total
- age   2:    2913440 bytes,    6656712 total
- age   3:    4055872 bytes,   10712584 total
- age   4:    2417456 bytes,   13130040 total
- age   5:    3190184 bytes,   16320224 total
- age   6:    6013416 bytes,   22333640 total
: 109248K->21824K(109248K), 0.0192567 secs] 296637K->216150K(502464K), 0.0193800 secs] [Times: user=0.03 sys=0.00, real=0.02 secs] 
Heap after GC invocations=185 (full 11):
 par new generation   total 109248K, used 21824K [0x00000000e0000000, 0x00000000e8000000, 0x00000000e8000000)
  eden space 87424K,   0% used [0x00000000e0000000, 0x00000000e0000000, 0x00000000e5560000)
  from space 21824K, 100% used [0x00000000e6ab0000, 0x00000000e8000000, 0x00000000e8000000)
  to   space 21824K,   0% used [0x00000000e5560000, 0x00000000e5560000, 0x00000000e6ab0000)
 concurrent mark-sweep generation total 393216K, used 194326K [0x00000000e8000000, 0x0000000100000000, 0x0000000100000000)
 Metaspace       used 55561K, capacity 57257K, committed 57548K, reserved 1099776K
  class space    used 6560K, capacity 6966K, committed 7116K, reserved 1048576K
}
2020-06-30T21:50:21.199+0100: 2068.842: Total time for which application threads were stopped: 0.0198293 seconds, Stopping threads took: 0.0000711 seconds
{Heap before GC invocations=185 (full 11):
 par new generation   total 109248K, used 109248K [0x00000000e0000000, 0x00000000e8000000, 0x00000000e8000000)
  eden space 87424K, 100% used [0x00000000e0000000, 0x00000000e5560000, 0x00000000e5560000)
  from space 21824K, 100% used [0x00000000e6ab0000, 0x00000000e8000000, 0x00000000e8000000)
  to   space 21824K,   0% used [0x00000000e5560000, 0x00000000e5560000, 0x00000000e6ab0000)
 concurrent mark-sweep generation total 393216K, used 194326K [0x00000000e8000000, 0x0000000100000000, 0x0000000100000000)
 Metaspace       used 55561K, capacity 57257K, committed 57548K, reserved 1099776K
  class space    used 6560K, capacity 6966K, committed 7116K, reserved 1048576K
2020-06-30T21:50:21.326+0100: 2068.969: [GC (Allocation Failure) 2020-06-30T21:50:21.326+0100: 2068.969: [ParNew
Desired survivor size 20112992 bytes, new threshold 6 (max 8)
- age   1:    7362768 bytes,    7362768 total
- age   2:    2838848 bytes,   10201616 total
- age   3:    2620904 bytes,   12822520 total
- age   4:    3844592 bytes,   16667112 total
- age   5:    2417456 bytes,   19084568 total
- age   6:    3165056 bytes,   22249624 total
: 109248K->21824K(109248K), 0.0198034 secs] 303574K->226554K(502464K), 0.0198855 secs] [Times: user=0.05 sys=0.02, real=0.02 secs] 
Heap after GC invocations=186 (full 11):
 par new generation   total 109248K, used 21824K [0x00000000e0000000, 0x00000000e8000000, 0x00000000e8000000)
  eden space 87424K,   0% used [0x00000000e0000000, 0x00000000e0000000, 0x00000000e5560000)
  from space 21824K, 100% used [0x00000000e5560000, 0x00000000e6ab0000, 0x00000000e6ab0000)
  to   space 21824K,   0% used [0x00000000e6ab0000, 0x00000000e6ab0000, 0x00000000e8000000)
 concurrent mark-sweep generation total 393216K, used 204730K [0x00000000e8000000, 0x0000000100000000, 0x0000000100000000)
 Metaspace       used 55561K, capacity 57257K, committed 57548K, reserved 1099776K
  class space    used 6560K, capacity 6966K, committed 7116K, reserved 1048576K
}
2020-06-30T21:50:21.346+0100: 2068.989: Total time for which application threads were stopped: 0.0201938 seconds, Stopping threads took: 0.0000706 seconds
2020-06-30T21:50:21.346+0100: 2068.990: [GC (CMS Initial Mark) [1 CMS-initial-mark: 204730K(393216K)] 227879K(502464K), 0.0047995 secs] [Times: user=0.06 sys=0.00, real=0.01 secs] 
2020-06-30T21:50:21.351+0100: 2068.994: Total time for which application threads were stopped: 0.0050825 seconds, Stopping threads took: 0.0000933 seconds
2020-06-30T21:50:21.351+0100: 2068.995: [CMS-concurrent-mark-start]
2020-06-30T21:50:21.377+0100: 2069.020: [CMS-concurrent-mark: 0.026/0.026 secs] [Times: user=0.06 sys=0.00, real=0.03 secs] 
2020-06-30T21:50:21.377+0100: 2069.020: [CMS-concurrent-preclean-start]
2020-06-30T21:50:21.378+0100: 2069.022: [CMS-concurrent-preclean: 0.002/0.002 secs] [Times: user=0.00 sys=0.00, real=0.00 secs] 
2020-06-30T21:50:21.378+0100: 2069.022: [GC (CMS Final Remark) [YG occupancy: 23149 K (109248 K)]{Heap before GC invocations=186 (full 12):
 par new generation   total 109248K, used 23149K [0x00000000e0000000, 0x00000000e8000000, 0x00000000e8000000)
  eden space 87424K,   1% used [0x00000000e0000000, 0x00000000e014b550, 0x00000000e5560000)
  from space 21824K, 100% used [0x00000000e5560000, 0x00000000e6ab0000, 0x00000000e6ab0000)
  to   space 21824K,   0% used [0x00000000e6ab0000, 0x00000000e6ab0000, 0x00000000e8000000)
 concurrent mark-sweep generation total 393216K, used 204730K [0x00000000e8000000, 0x0000000100000000, 0x0000000100000000)
 Metaspace       used 55561K, capacity 57257K, committed 57548K, reserved 1099776K
  class space    used 6560K, capacity 6966K, committed 7116K, reserved 1048576K
2020-06-30T21:50:21.379+0100: 2069.022: [GC (CMS Final Remark) 2020-06-30T21:50:21.379+0100: 2069.022: [ParNew
Desired survivor size 20112992 bytes, new threshold 8 (max 8)
- age   1:      95216 bytes,      95216 total
- age   2:    6879360 bytes,    6974576 total
- age   3:    2070424 bytes,    9045000 total
- age   4:    2620904 bytes,   11665904 total
- age   5:    3844592 bytes,   15510496 total
- age   6:    2417456 bytes,   17927952 total
: 23149K->21824K(109248K), 0.0149560 secs] 227879K->230718K(502464K), 0.0150385 secs] [Times: user=0.06 sys=0.00, real=0.02 secs] 
Heap after GC invocations=187 (full 12):
 par new generation   total 109248K, used 21824K [0x00000000e0000000, 0x00000000e8000000, 0x00000000e8000000)
  eden space 87424K,   0% used [0x00000000e0000000, 0x00000000e0000000, 0x00000000e5560000)
  from space 21824K, 100% used [0x00000000e6ab0000, 0x00000000e8000000, 0x00000000e8000000)
  to   space 21824K,   0% used [0x00000000e5560000, 0x00000000e5560000, 0x00000000e6ab0000)
 concurrent mark-sweep generation total 393216K, used 208894K [0x00000000e8000000, 0x0000000100000000, 0x0000000100000000)
 Metaspace       used 55561K, capacity 57257K, committed 57548K, reserved 1099776K
  class space    used 6560K, capacity 6966K, committed 7116K, reserved 1048576K
}
2020-06-30T21:50:21.394+0100: 2069.037: [Rescan (parallel) , 0.0057004 secs]2020-06-30T21:50:21.400+0100: 2069.043: [weak refs processing, 0.0057393 secs]2020-06-30T21:50:21.405+0100: 2069.049: [class unloading, 0.0209980 secs]2020-06-30T21:50:21.426+0100: 2069.070: [scrub symbol table, 0.0142939 secs]2020-06-30T21:50:21.441+0100: 2069.084: [scrub string table, 0.0005875 secs][1 CMS-remark: 208894K(393216K)] 230718K(502464K), 0.0713741 secs] [Times: user=0.17 sys=0.00, real=0.07 secs] 
2020-06-30T21:50:21.450+0100: 2069.094: Total time for which application threads were stopped: 0.0718853 seconds, Stopping threads took: 0.0000624 seconds
2020-06-30T21:50:21.451+0100: 2069.095: [CMS-concurrent-sweep-start]
2020-06-30T21:50:21.463+0100: 2069.107: Total time for which application threads were stopped: 0.0002559 seconds, Stopping threads took: 0.0001491 seconds
2020-06-30T21:50:21.464+0100: 2069.108: Total time for which application threads were stopped: 0.0001554 seconds, Stopping threads took: 0.0000630 seconds
2020-06-30T21:50:21.474+0100: 2069.118: Total time for which application threads were stopped: 0.0002257 seconds, Stopping threads took: 0.0001196 seconds
2020-06-30T21:50:21.476+0100: 2069.119: Total time for which application threads were stopped: 0.0001274 seconds, Stopping threads took: 0.0000569 seconds
2020-06-30T21:50:21.493+0100: 2069.137: Total time for which application threads were stopped: 0.0015604 seconds, Stopping threads took: 0.0014485 seconds
2020-06-30T21:50:21.498+0100: 2069.142: Total time for which application threads were stopped: 0.0002886 seconds, Stopping threads took: 0.0001974 seconds
2020-06-30T21:50:21.501+0100: 2069.145: Total time for which application threads were stopped: 0.0002203 seconds, Stopping threads took: 0.0000723 seconds
2020-06-30T21:50:21.503+0100: 2069.147: Total time for which application threads were stopped: 0.0001632 seconds, Stopping threads took: 0.0000674 seconds
2020-06-30T21:50:21.505+0100: 2069.148: Total time for which application threads were stopped: 0.0004122 seconds, Stopping threads took: 0.0000688 seconds
2020-06-30T21:50:21.506+0100: 2069.150: Total time for which application threads were stopped: 0.0003205 seconds, Stopping threads took: 0.0000628 seconds
2020-06-30T21:50:21.545+0100: 2069.189: [CMS-concurrent-sweep: 0.090/0.094 secs] [Times: user=0.23 sys=0.01, real=0.09 secs] 
2020-06-30T21:50:21.545+0100: 2069.189: [CMS-concurrent-reset-start]
2020-06-30T21:50:21.547+0100: 2069.191: [CMS-concurrent-reset: 0.002/0.002 secs] [Times: user=0.00 sys=0.00, real=0.00 secs] 
{Heap before GC invocations=187 (full 12):
 par new generation   total 109248K, used 109248K [0x00000000e0000000, 0x00000000e8000000, 0x00000000e8000000)
  eden space 87424K, 100% used [0x00000000e0000000, 0x00000000e5560000, 0x00000000e5560000)
  from space 21824K, 100% used [0x00000000e6ab0000, 0x00000000e8000000, 0x00000000e8000000)
  to   space 21824K,   0% used [0x00000000e5560000, 0x00000000e5560000, 0x00000000e6ab0000)
 concurrent mark-sweep generation total 393216K, used 80111K [0x00000000e8000000, 0x0000000100000000, 0x0000000100000000)
 Metaspace       used 55534K, capacity 57209K, committed 57548K, reserved 1099776K
  class space    used 6556K, capacity 6958K, committed 7116K, reserved 1048576K
2020-06-30T21:50:21.671+0100: 2069.315: [GC (Allocation Failure) 2020-06-30T21:50:21.671+0100: 2069.315: [ParNew
Desired survivor size 20112992 bytes, new threshold 7 (max 8)
- age   1:    6601872 bytes,    6601872 total
- age   2:        784 bytes,    6602656 total
- age   3:    5341744 bytes,   11944400 total
- age   4:    2067776 bytes,   14012176 total
- age   5:    2535896 bytes,   16548072 total
- age   6:    3404696 bytes,   19952768 total
- age   7:    2208000 bytes,   22160768 total
: 109248K->21824K(109248K), 0.0155773 secs] 189359K->108193K(502464K), 0.0156428 secs] [Times: user=0.06 sys=0.00, real=0.02 secs] 
Heap after GC invocations=188 (full 12):
 par new generation   total 109248K, used 21824K [0x00000000e0000000, 0x00000000e8000000, 0x00000000e8000000)
  eden space 87424K,   0% used [0x00000000e0000000, 0x00000000e0000000, 0x00000000e5560000)
  from space 21824K, 100% used [0x00000000e5560000, 0x00000000e6ab0000, 0x00000000e6ab0000)
  to   space 21824K,   0% used [0x00000000e6ab0000, 0x00000000e6ab0000, 0x00000000e8000000)
 concurrent mark-sweep generation total 393216K, used 86369K [0x00000000e8000000, 0x0000000100000000, 0x0000000100000000)
 Metaspace       used 55534K, capacity 57209K, committed 57548K, reserved 1099776K
  class space    used 6556K, capacity 6958K, committed 7116K, reserved 1048576K
}
2020-06-30T21:50:21.687+0100: 2069.330: Total time for which application threads were stopped: 0.0159770 seconds, Stopping threads took: 0.0000666 seconds
2020-06-30T21:50:22.687+0100: 2070.331: Total time for which application threads were stopped: 0.0004746 seconds, Stopping threads took: 0.0002258 seconds
2020-06-30T21:50:22.706+0100: 2070.349: Total time for which application threads were stopped: 0.0002060 seconds, Stopping threads took: 0.0000938 seconds
2020-06-30T21:50:22.743+0100: 2070.387: Total time for which application threads were stopped: 0.0005972 seconds, Stopping threads took: 0.0005105 seconds
2020-06-30T21:50:22.743+0100: 2070.387: Total time for which application threads were stopped: 0.0001010 seconds, Stopping threads took: 0.0000373 seconds
2020-06-30T21:50:22.744+0100: 2070.387: Total time for which application threads were stopped: 0.0001454 seconds, Stopping threads took: 0.0000870 seconds
2020-06-30T21:50:23.745+0100: 2071.389: Total time for which application threads were stopped: 0.0006172 seconds, Stopping threads took: 0.0004901 seconds
2020-06-30T21:50:27.997+0100: 2075.641: Total time for which application threads were stopped: 0.0002722 seconds, Stopping threads took: 0.0002144 seconds
2020-06-30T21:50:28.001+0100: 2075.645: Total time for which application threads were stopped: 0.0001683 seconds, Stopping threads took: 0.0000796 seconds
2020-06-30T21:50:28.002+0100: 2075.645: Total time for which application threads were stopped: 0.0001705 seconds, Stopping threads took: 0.0000861 seconds
2020-06-30T21:50:28.013+0100: 2075.657: Total time for which application threads were stopped: 0.0001581 seconds, Stopping threads took: 0.0000712 seconds
2020-06-30T21:50:28.015+0100: 2075.658: Total time for which application threads were stopped: 0.0001728 seconds, Stopping threads took: 0.0000834 seconds
{Heap before GC invocations=188 (full 12):
 par new generation   total 109248K, used 109248K [0x00000000e0000000, 0x00000000e8000000, 0x00000000e8000000)
  eden space 87424K, 100% used [0x00000000e0000000, 0x00000000e5560000, 0x00000000e5560000)
  from space 21824K, 100% used [0x00000000e5560000, 0x00000000e6ab0000, 0x00000000e6ab0000)
  to   space 21824K,   0% used [0x00000000e6ab0000, 0x00000000e6ab0000, 0x00000000e8000000)
 concurrent mark-sweep generation total 393216K, used 86369K [0x00000000e8000000, 0x0000000100000000, 0x0000000100000000)
 Metaspace       used 55539K, capacity 57209K, committed 57548K, reserved 1099776K
  class space    used 6556K, capacity 6958K, committed 7116K, reserved 1048576K
2020-06-30T21:50:28.057+0100: 2075.701: [GC (Allocation Failure) 2020-06-30T21:50:28.057+0100: 2075.701: [ParNew
Desired survivor size 20112992 bytes, new threshold 7 (max 8)
- age   1:    5801528 bytes,    5801528 total
- age   2:    4074848 bytes,    9876376 total
- age   3:        720 bytes,    9877096 total
- age   4:    4767040 bytes,   14644136 total
- age   5:    1690416 bytes,   16334552 total
- age   6:    2535488 bytes,   18870040 total
- age   7:    3404696 bytes,   22274736 total
: 109248K->21824K(109248K), 0.0187840 secs] 195617K->119436K(502464K), 0.0188620 secs] [Times: user=0.06 sys=0.00, real=0.02 secs] 
Heap after GC invocations=189 (full 12):
 par new generation   total 109248K, used 21824K [0x00000000e0000000, 0x00000000e8000000, 0x00000000e8000000)
  eden space 87424K,   0% used [0x00000000e0000000, 0x00000000e0000000, 0x00000000e5560000)
  from space 21824K, 100% used [0x00000000e6ab0000, 0x00000000e8000000, 0x00000000e8000000)
  to   space 21824K,   0% used [0x00000000e5560000, 0x00000000e5560000, 0x00000000e6ab0000)
 concurrent mark-sweep generation total 393216K, used 97612K [0x00000000e8000000, 0x0000000100000000, 0x0000000100000000)
 Metaspace       used 55539K, capacity 57209K, committed 57548K, reserved 1099776K
  class space    used 6556K, capacity 6958K, committed 7116K, reserved 1048576K
}
2020-06-30T21:50:28.076+0100: 2075.719: Total time for which application threads were stopped: 0.0190832 seconds, Stopping threads took: 0.0000572 seconds
2020-06-30T21:50:28.103+0100: 2075.747: Total time for which application threads were stopped: 0.0001357 seconds, Stopping threads took: 0.0000628 seconds
{Heap before GC invocations=189 (full 12):
 par new generation   total 109248K, used 109248K [0x00000000e0000000, 0x00000000e8000000, 0x00000000e8000000)
  eden space 87424K, 100% used [0x00000000e0000000, 0x00000000e5560000, 0x00000000e5560000)
  from space 21824K, 100% used [0x00000000e6ab0000, 0x00000000e8000000, 0x00000000e8000000)
  to   space 21824K,   0% used [0x00000000e5560000, 0x00000000e5560000, 0x00000000e6ab0000)
 concurrent mark-sweep generation total 393216K, used 97612K [0x00000000e8000000, 0x0000000100000000, 0x0000000100000000)
 Metaspace       used 55541K, capacity 57209K, committed 57548K, reserved 1099776K
  class space    used 6556K, capacity 6958K, committed 7116K, reserved 1048576K
2020-06-30T21:50:28.172+0100: 2075.816: [GC (Allocation Failure) 2020-06-30T21:50:28.172+0100: 2075.816: [ParNew
Desired survivor size 20112992 bytes, new threshold 7 (max 8)
- age   1:    6062584 bytes,    6062584 total
- age   2:    5202080 bytes,   11264664 total
- age   3:    3795872 bytes,   15060536 total
- age   5:    2957408 bytes,   18017944 total
- age   6:    1688248 bytes,   19706192 total
- age   7:    2509872 bytes,   22216064 total
: 109248K->21824K(109248K), 0.0173820 secs] 206860K->129485K(502464K), 0.0174662 secs] [Times: user=0.05 sys=0.02, real=0.02 secs] 
Heap after GC invocations=190 (full 12):
 par new generation   total 109248K, used 21824K [0x00000000e0000000, 0x00000000e8000000, 0x00000000e8000000)
  eden space 87424K,   0% used [0x00000000e0000000, 0x00000000e0000000, 0x00000000e5560000)
  from space 21824K, 100% used [0x00000000e5560000, 0x00000000e6ab0000, 0x00000000e6ab0000)
  to   space 21824K,   0% used [0x00000000e6ab0000, 0x00000000e6ab0000, 0x00000000e8000000)
 concurrent mark-sweep generation total 393216K, used 107661K [0x00000000e8000000, 0x0000000100000000, 0x0000000100000000)
 Metaspace       used 55541K, capacity 57209K, committed 57548K, reserved 1099776K
  class space    used 6556K, capacity 6958K, committed 7116K, reserved 1048576K
}
2020-06-30T21:50:28.189+0100: 2075.833: Total time for which application threads were stopped: 0.0177336 seconds, Stopping threads took: 0.0000784 seconds
{Heap before GC invocations=190 (full 12):
 par new generation   total 109248K, used 109248K [0x00000000e0000000, 0x00000000e8000000, 0x00000000e8000000)
  eden space 87424K, 100% used [0x00000000e0000000, 0x00000000e5560000, 0x00000000e5560000)
  from space 21824K, 100% used [0x00000000e5560000, 0x00000000e6ab0000, 0x00000000e6ab0000)
  to   space 21824K,   0% used [0x00000000e6ab0000, 0x00000000e6ab0000, 0x00000000e8000000)
 concurrent mark-sweep generation total 393216K, used 107661K [0x00000000e8000000, 0x0000000100000000, 0x0000000100000000)
 Metaspace       used 55541K, capacity 57209K, committed 57548K, reserved 1099776K
  class space    used 6556K, capacity 6958K, committed 7116K, reserved 1048576K
2020-06-30T21:50:28.278+0100: 2075.922: [GC (Allocation Failure) 2020-06-30T21:50:28.278+0100: 2075.922: [ParNew
Desired survivor size 20112992 bytes, new threshold 6 (max 8)
- age   1:    4581176 bytes,    4581176 total
- age   2:    4330552 bytes,    8911728 total
- age   3:    5201520 bytes,   14113248 total
- age   4:    3776032 bytes,   17889280 total
- age   6:    2649296 bytes,   20538576 total
- age   7:    1679336 bytes,   22217912 total
: 109248K->21824K(109248K), 0.0173538 secs] 216909K->139573K(502464K), 0.0174394 secs] [Times: user=0.06 sys=0.00, real=0.02 secs] 
Heap after GC invocations=191 (full 12):
 par new generation   total 109248K, used 21824K [0x00000000e0000000, 0x00000000e8000000, 0x00000000e8000000)
  eden space 87424K,   0% used [0x00000000e0000000, 0x00000000e0000000, 0x00000000e5560000)
  from space 21824K, 100% used [0x00000000e6ab0000, 0x00000000e8000000, 0x00000000e8000000)
  to   space 21824K,   0% used [0x00000000e5560000, 0x00000000e5560000, 0x00000000e6ab0000)
 concurrent mark-sweep generation total 393216K, used 117749K [0x00000000e8000000, 0x0000000100000000, 0x0000000100000000)
 Metaspace       used 55541K, capacity 57209K, committed 57548K, reserved 1099776K
  class space    used 6556K, capacity 6958K, committed 7116K, reserved 1048576K
}
2020-06-30T21:50:28.296+0100: 2075.939: Total time for which application threads were stopped: 0.0176705 seconds, Stopping threads took: 0.0000654 seconds
{Heap before GC invocations=191 (full 12):
 par new generation   total 109248K, used 109248K [0x00000000e0000000, 0x00000000e8000000, 0x00000000e8000000)
  eden space 87424K, 100% used [0x00000000e0000000, 0x00000000e5560000, 0x00000000e5560000)
  from space 21824K, 100% used [0x00000000e6ab0000, 0x00000000e8000000, 0x00000000e8000000)
  to   space 21824K,   0% used [0x00000000e5560000, 0x00000000e5560000, 0x00000000e6ab0000)
 concurrent mark-sweep generation total 393216K, used 117749K [0x00000000e8000000, 0x0000000100000000, 0x0000000100000000)
 Metaspace       used 55541K, capacity 57209K, committed 57548K, reserved 1099776K
  class space    used 6556K, capacity 6958K, committed 7116K, reserved 1048576K
2020-06-30T21:50:28.436+0100: 2076.080: [GC (Allocation Failure) 2020-06-30T21:50:28.436+0100: 2076.080: [ParNew
Desired survivor size 20112992 bytes, new threshold 5 (max 8)
- age   1:    4880552 bytes,    4880552 total
- age   2:    4098416 bytes,    8978968 total
- age   3:    4265952 bytes,   13244920 total
- age   4:    4542768 bytes,   17787688 total
- age   5:    3755352 bytes,   21543040 total
: 109248K->21824K(109248K), 0.0143605 secs] 226997K->147997K(502464K), 0.0144256 secs] [Times: user=0.06 sys=0.00, real=0.01 secs] 
Heap after GC invocations=192 (full 12):
 par new generation   total 109248K, used 21824K [0x00000000e0000000, 0x00000000e8000000, 0x00000000e8000000)
  eden space 87424K,   0% used [0x00000000e0000000, 0x00000000e0000000, 0x00000000e5560000)
  from space 21824K, 100% used [0x00000000e5560000, 0x00000000e6ab0000, 0x00000000e6ab0000)
  to   space 21824K,   0% used [0x00000000e6ab0000, 0x00000000e6ab0000, 0x00000000e8000000)
 concurrent mark-sweep generation total 393216K, used 126173K [0x00000000e8000000, 0x0000000100000000, 0x0000000100000000)
 Metaspace       used 55541K, capacity 57209K, committed 57548K, reserved 1099776K
  class space    used 6556K, capacity 6958K, committed 7116K, reserved 1048576K
}
2020-06-30T21:50:28.450+0100: 2076.094: Total time for which application threads were stopped: 0.0146577 seconds, Stopping threads took: 0.0000640 seconds
2020-06-30T21:50:28.479+0100: 2076.123: Total time for which application threads were stopped: 0.0001288 seconds, Stopping threads took: 0.0000633 seconds
2020-06-30T21:50:29.109+0100: 2076.753: Total time for which application threads were stopped: 0.0002747 seconds, Stopping threads took: 0.0000694 seconds
2020-06-30T21:50:29.110+0100: 2076.754: Total time for which application threads were stopped: 0.0001148 seconds, Stopping threads took: 0.0000487 seconds
2020-06-30T21:50:29.111+0100: 2076.754: Total time for which application threads were stopped: 0.0000970 seconds, Stopping threads took: 0.0000418 seconds
2020-06-30T21:50:29.111+0100: 2076.755: Total time for which application threads were stopped: 0.0001914 seconds, Stopping threads took: 0.0000439 seconds
2020-06-30T21:50:30.946+0100: 2078.590: Total time for which application threads were stopped: 0.0002407 seconds, Stopping threads took: 0.0001910 seconds
2020-06-30T21:50:30.949+0100: 2078.593: Total time for which application threads were stopped: 0.0001587 seconds, Stopping threads took: 0.0000820 seconds
2020-06-30T21:50:30.950+0100: 2078.593: Total time for which application threads were stopped: 0.0001366 seconds, Stopping threads took: 0.0000743 seconds
2020-06-30T21:50:31.037+0100: 2078.680: Total time for which application threads were stopped: 0.0001361 seconds, Stopping threads took: 0.0000610 seconds
{Heap before GC invocations=192 (full 12):
 par new generation   total 109248K, used 109248K [0x00000000e0000000, 0x00000000e8000000, 0x00000000e8000000)
  eden space 87424K, 100% used [0x00000000e0000000, 0x00000000e5560000, 0x00000000e5560000)
  from space 21824K, 100% used [0x00000000e5560000, 0x00000000e6ab0000, 0x00000000e6ab0000)
  to   space 21824K,   0% used [0x00000000e6ab0000, 0x00000000e6ab0000, 0x00000000e8000000)
 concurrent mark-sweep generation total 393216K, used 126173K [0x00000000e8000000, 0x0000000100000000, 0x0000000100000000)
 Metaspace       used 55547K, capacity 57215K, committed 57548K, reserved 1099776K
  class space    used 6556K, capacity 6959K, committed 7116K, reserved 1048576K
2020-06-30T21:50:31.045+0100: 2078.688: [GC (Allocation Failure) 2020-06-30T21:50:31.045+0100: 2078.688: [ParNew
Desired survivor size 20112992 bytes, new threshold 5 (max 8)
- age   1:    5532688 bytes,    5532688 total
- age   2:    3507344 bytes,    9040032 total
- age   3:    4045144 bytes,   13085176 total
- age   4:    3852120 bytes,   16937296 total
- age   5:    4260736 bytes,   21198032 total
: 109248K->21824K(109248K), 0.0132509 secs] 235421K->153944K(502464K), 0.0133703 secs] [Times: user=0.06 sys=0.00, real=0.01 secs] 
Heap after GC invocations=193 (full 12):
 par new generation   total 109248K, used 21824K [0x00000000e0000000, 0x00000000e8000000, 0x00000000e8000000)
  eden space 87424K,   0% used [0x00000000e0000000, 0x00000000e0000000, 0x00000000e5560000)
  from space 21824K, 100% used [0x00000000e6ab0000, 0x00000000e8000000, 0x00000000e8000000)
  to   space 21824K,   0% used [0x00000000e5560000, 0x00000000e5560000, 0x00000000e6ab0000)
 concurrent mark-sweep generation total 393216K, used 132120K [0x00000000e8000000, 0x0000000100000000, 0x0000000100000000)
 Metaspace       used 55547K, capacity 57215K, committed 57548K, reserved 1099776K
  class space    used 6556K, capacity 6959K, committed 7116K, reserved 1048576K
}
2020-06-30T21:50:31.058+0100: 2078.702: Total time for which application threads were stopped: 0.0137121 seconds, Stopping threads took: 0.0000653 seconds
2020-06-30T21:50:31.059+0100: 2078.702: Total time for which application threads were stopped: 0.0004255 seconds, Stopping threads took: 0.0001037 seconds
{Heap before GC invocations=193 (full 12):
 par new generation   total 109248K, used 109248K [0x00000000e0000000, 0x00000000e8000000, 0x00000000e8000000)
  eden space 87424K, 100% used [0x00000000e0000000, 0x00000000e5560000, 0x00000000e5560000)
  from space 21824K, 100% used [0x00000000e6ab0000, 0x00000000e8000000, 0x00000000e8000000)
  to   space 21824K,   0% used [0x00000000e5560000, 0x00000000e5560000, 0x00000000e6ab0000)
 concurrent mark-sweep generation total 393216K, used 132120K [0x00000000e8000000, 0x0000000100000000, 0x0000000100000000)
 Metaspace       used 55547K, capacity 57215K, committed 57548K, reserved 1099776K
  class space    used 6556K, capacity 6959K, committed 7116K, reserved 1048576K
2020-06-30T21:50:31.179+0100: 2078.822: [GC (Allocation Failure) 2020-06-30T21:50:31.179+0100: 2078.822: [ParNew
Desired survivor size 20112992 bytes, new threshold 8 (max 8)
- age   1:    3658592 bytes,    3658592 total
- age   2:    4896616 bytes,    8555208 total
- age   3:    3506928 bytes,   12062136 total
- age   4:    4045184 bytes,   16107320 total
- age   5:    3161944 bytes,   19269264 total
: 109248K->21824K(109248K), 0.0125811 secs] 241368K->161914K(502464K), 0.0126500 secs] [Times: user=0.00 sys=0.00, real=0.01 secs] 
Heap after GC invocations=194 (full 12):
 par new generation   total 109248K, used 21824K [0x00000000e0000000, 0x00000000e8000000, 0x00000000e8000000)
  eden space 87424K,   0% used [0x00000000e0000000, 0x00000000e0000000, 0x00000000e5560000)
  from space 21824K, 100% used [0x00000000e5560000, 0x00000000e6ab0000, 0x00000000e6ab0000)
  to   space 21824K,   0% used [0x00000000e6ab0000, 0x00000000e6ab0000, 0x00000000e8000000)
 concurrent mark-sweep generation total 393216K, used 140090K [0x00000000e8000000, 0x0000000100000000, 0x0000000100000000)
 Metaspace       used 55547K, capacity 57215K, committed 57548K, reserved 1099776K
  class space    used 6556K, capacity 6959K, committed 7116K, reserved 1048576K
}
2020-06-30T21:50:31.191+0100: 2078.835: Total time for which application threads were stopped: 0.0129167 seconds, Stopping threads took: 0.0000652 seconds
{Heap before GC invocations=194 (full 12):
 par new generation   total 109248K, used 109248K [0x00000000e0000000, 0x00000000e8000000, 0x00000000e8000000)
  eden space 87424K, 100% used [0x00000000e0000000, 0x00000000e5560000, 0x00000000e5560000)
  from space 21824K, 100% used [0x00000000e5560000, 0x00000000e6ab0000, 0x00000000e6ab0000)
  to   space 21824K,   0% used [0x00000000e6ab0000, 0x00000000e6ab0000, 0x00000000e8000000)
 concurrent mark-sweep generation total 393216K, used 140090K [0x00000000e8000000, 0x0000000100000000, 0x0000000100000000)
 Metaspace       used 55547K, capacity 57215K, committed 57548K, reserved 1099776K
  class space    used 6556K, capacity 6959K, committed 7116K, reserved 1048576K
2020-06-30T21:50:31.292+0100: 2078.935: [GC (Allocation Failure) 2020-06-30T21:50:31.292+0100: 2078.935: [ParNew
Desired survivor size 20112992 bytes, new threshold 6 (max 8)
- age   1:    5048832 bytes,    5048832 total
- age   2:    2099328 bytes,    7148160 total
- age   3:    4592320 bytes,   11740480 total
- age   4:    3444888 bytes,   15185368 total
- age   5:    4045144 bytes,   19230512 total
- age   6:    3067304 bytes,   22297816 total
: 109248K->21824K(109248K), 0.0148645 secs] 249338K->165594K(502464K), 0.0149318 secs] [Times: user=0.06 sys=0.00, real=0.01 secs] 
Heap after GC invocations=195 (full 12):
 par new generation   total 109248K, used 21824K [0x00000000e0000000, 0x00000000e8000000, 0x00000000e8000000)
  eden space 87424K,   0% used [0x00000000e0000000, 0x00000000e0000000, 0x00000000e5560000)
  from space 21824K, 100% used [0x00000000e6ab0000, 0x00000000e8000000, 0x00000000e8000000)
  to   space 21824K,   0% used [0x00000000e5560000, 0x00000000e5560000, 0x00000000e6ab0000)
 concurrent mark-sweep generation total 393216K, used 143770K [0x00000000e8000000, 0x0000000100000000, 0x0000000100000000)
 Metaspace       used 55547K, capacity 57215K, committed 57548K, reserved 1099776K
  class space    used 6556K, capacity 6959K, committed 7116K, reserved 1048576K
}
2020-06-30T21:50:31.307+0100: 2078.950: Total time for which application threads were stopped: 0.0152120 seconds, Stopping threads took: 0.0000658 seconds
{Heap before GC invocations=195 (full 12):
 par new generation   total 109248K, used 109248K [0x00000000e0000000, 0x00000000e8000000, 0x00000000e8000000)
  eden space 87424K, 100% used [0x00000000e0000000, 0x00000000e5560000, 0x00000000e5560000)
  from space 21824K, 100% used [0x00000000e6ab0000, 0x00000000e8000000, 0x00000000e8000000)
  to   space 21824K,   0% used [0x00000000e5560000, 0x00000000e5560000, 0x00000000e6ab0000)
 concurrent mark-sweep generation total 393216K, used 143770K [0x00000000e8000000, 0x0000000100000000, 0x0000000100000000)
 Metaspace       used 55562K, capacity 57239K, committed 57548K, reserved 1099776K
  class space    used 6558K, capacity 6963K, committed 7116K, reserved 1048576K
2020-06-30T21:50:31.400+0100: 2079.044: [GC (Allocation Failure) 2020-06-30T21:50:31.400+0100: 2079.044: [ParNew
Desired survivor size 20112992 bytes, new threshold 6 (max 8)
- age   1:    5707344 bytes,    5707344 total
- age   2:    2669152 bytes,    8376496 total
- age   3:    1972840 bytes,   10349336 total
- age   4:    4591072 bytes,   14940408 total
- age   5:    3442528 bytes,   18382936 total
- age   6:    3795384 bytes,   22178320 total
: 109248K->21824K(109248K), 0.0141346 secs] 253018K->173004K(502464K), 0.0142099 secs] [Times: user=0.02 sys=0.00, real=0.01 secs] 
Heap after GC invocations=196 (full 12):
 par new generation   total 109248K, used 21824K [0x00000000e0000000, 0x00000000e8000000, 0x00000000e8000000)
  eden space 87424K,   0% used [0x00000000e0000000, 0x00000000e0000000, 0x00000000e5560000)
  from space 21824K, 100% used [0x00000000e5560000, 0x00000000e6ab0000, 0x00000000e6ab0000)
  to   space 21824K,   0% used [0x00000000e6ab0000, 0x00000000e6ab0000, 0x00000000e8000000)
 concurrent mark-sweep generation total 393216K, used 151180K [0x00000000e8000000, 0x0000000100000000, 0x0000000100000000)
 Metaspace       used 55562K, capacity 57239K, committed 57548K, reserved 1099776K
  class space    used 6558K, capacity 6963K, committed 7116K, reserved 1048576K
}
2020-06-30T21:50:31.415+0100: 2079.058: Total time for which application threads were stopped: 0.0144602 seconds, Stopping threads took: 0.0000648 seconds
2020-06-30T21:50:32.057+0100: 2079.701: Total time for which application threads were stopped: 0.0001060 seconds, Stopping threads took: 0.0000437 seconds
2020-06-30T21:50:32.057+0100: 2079.701: Total time for which application threads were stopped: 0.0000853 seconds, Stopping threads took: 0.0000453 seconds
2020-06-30T21:50:32.059+0100: 2079.703: Total time for which application threads were stopped: 0.0001641 seconds, Stopping threads took: 0.0000963 seconds
2020-06-30T21:50:32.059+0100: 2079.703: Total time for which application threads were stopped: 0.0001315 seconds, Stopping threads took: 0.0000745 seconds
2020-06-30T21:50:32.680+0100: 2080.324: Total time for which application threads were stopped: 0.0002079 seconds, Stopping threads took: 0.0001547 seconds
2020-06-30T21:50:32.684+0100: 2080.327: Total time for which application threads were stopped: 0.0001803 seconds, Stopping threads took: 0.0000978 seconds
2020-06-30T21:50:32.684+0100: 2080.328: Total time for which application threads were stopped: 0.0001698 seconds, Stopping threads took: 0.0000880 seconds
2020-06-30T21:50:32.775+0100: 2080.419: Total time for which application threads were stopped: 0.0001190 seconds, Stopping threads took: 0.0000489 seconds
{Heap before GC invocations=196 (full 12):
 par new generation   total 109248K, used 109248K [0x00000000e0000000, 0x00000000e8000000, 0x00000000e8000000)
  eden space 87424K, 100% used [0x00000000e0000000, 0x00000000e5560000, 0x00000000e5560000)
  from space 21824K, 100% used [0x00000000e5560000, 0x00000000e6ab0000, 0x00000000e6ab0000)
  to   space 21824K,   0% used [0x00000000e6ab0000, 0x00000000e6ab0000, 0x00000000e8000000)
 concurrent mark-sweep generation total 393216K, used 151180K [0x00000000e8000000, 0x0000000100000000, 0x0000000100000000)
 Metaspace       used 55575K, capacity 57367K, committed 57804K, reserved 1099776K
  class space    used 6558K, capacity 6963K, committed 7116K, reserved 1048576K
2020-06-30T21:50:32.808+0100: 2080.452: [GC (Allocation Failure) 2020-06-30T21:50:32.808+0100: 2080.452: [ParNew
Desired survivor size 20112992 bytes, new threshold 6 (max 8)
- age   1:    6230712 bytes,    6230712 total
- age   2:    4072112 bytes,   10302824 total
- age   3:    2636288 bytes,   12939112 total
- age   4:    1799776 bytes,   14738888 total
- age   5:    4088432 bytes,   18827320 total
- age   6:    3378672 bytes,   22205992 total
: 109248K->21824K(109248K), 0.0157094 secs] 260428K->181945K(502464K), 0.0158074 secs] [Times: user=0.06 sys=0.00, real=0.02 secs] 
Heap after GC invocations=197 (full 12):
 par new generation   total 109248K, used 21824K [0x00000000e0000000, 0x00000000e8000000, 0x00000000e8000000)
  eden space 87424K,   0% used [0x00000000e0000000, 0x00000000e0000000, 0x00000000e5560000)
  from space 21824K, 100% used [0x00000000e6ab0000, 0x00000000e8000000, 0x00000000e8000000)
  to   space 21824K,   0% used [0x00000000e5560000, 0x00000000e5560000, 0x00000000e6ab0000)
 concurrent mark-sweep generation total 393216K, used 160121K [0x00000000e8000000, 0x0000000100000000, 0x0000000100000000)
 Metaspace       used 55575K, capacity 57367K, committed 57804K, reserved 1099776K
  class space    used 6558K, capacity 6963K, committed 7116K, reserved 1048576K
}
2020-06-30T21:50:32.824+0100: 2080.467: Total time for which application threads were stopped: 0.0161360 seconds, Stopping threads took: 0.0000995 seconds
{Heap before GC invocations=197 (full 12):
 par new generation   total 109248K, used 109248K [0x00000000e0000000, 0x00000000e8000000, 0x00000000e8000000)
  eden space 87424K, 100% used [0x00000000e0000000, 0x00000000e5560000, 0x00000000e5560000)
  from space 21824K, 100% used [0x00000000e6ab0000, 0x00000000e8000000, 0x00000000e8000000)
  to   space 21824K,   0% used [0x00000000e5560000, 0x00000000e5560000, 0x00000000e6ab0000)
 concurrent mark-sweep generation total 393216K, used 160121K [0x00000000e8000000, 0x0000000100000000, 0x0000000100000000)
 Metaspace       used 55575K, capacity 57367K, committed 57804K, reserved 1099776K
  class space    used 6558K, capacity 6963K, committed 7116K, reserved 1048576K
2020-06-30T21:50:32.914+0100: 2080.558: [GC (Allocation Failure) 2020-06-30T21:50:32.914+0100: 2080.558: [ParNew
Desired survivor size 20112992 bytes, new threshold 6 (max 8)
- age   1:    5172904 bytes,    5172904 total
- age   2:    4447536 bytes,    9620440 total
- age   3:    4072000 bytes,   13692440 total
- age   4:    2636328 bytes,   16328768 total
- age   5:    1799776 bytes,   18128544 total
- age   6:    4086112 bytes,   22214656 total
: 109248K->21824K(109248K), 0.0172421 secs] 269369K->191714K(502464K), 0.0173074 secs] [Times: user=0.06 sys=0.00, real=0.02 secs] 
Heap after GC invocations=198 (full 12):
 par new generation   total 109248K, used 21824K [0x00000000e0000000, 0x00000000e8000000, 0x00000000e8000000)
  eden space 87424K,   0% used [0x00000000e0000000, 0x00000000e0000000, 0x00000000e5560000)
  from space 21824K, 100% used [0x00000000e5560000, 0x00000000e6ab0000, 0x00000000e6ab0000)
  to   space 21824K,   0% used [0x00000000e6ab0000, 0x00000000e6ab0000, 0x00000000e8000000)
 concurrent mark-sweep generation total 393216K, used 169890K [0x00000000e8000000, 0x0000000100000000, 0x0000000100000000)
 Metaspace       used 55575K, capacity 57367K, committed 57804K, reserved 1099776K
  class space    used 6558K, capacity 6963K, committed 7116K, reserved 1048576K
}
2020-06-30T21:50:32.931+0100: 2080.575: Total time for which application threads were stopped: 0.0175298 seconds, Stopping threads took: 0.0000600 seconds
{Heap before GC invocations=198 (full 12):
 par new generation   total 109248K, used 109248K [0x00000000e0000000, 0x00000000e8000000, 0x00000000e8000000)
  eden space 87424K, 100% used [0x00000000e0000000, 0x00000000e5560000, 0x00000000e5560000)
  from space 21824K, 100% used [0x00000000e5560000, 0x00000000e6ab0000, 0x00000000e6ab0000)
  to   space 21824K,   0% used [0x00000000e6ab0000, 0x00000000e6ab0000, 0x00000000e8000000)
 concurrent mark-sweep generation total 393216K, used 169890K [0x00000000e8000000, 0x0000000100000000, 0x0000000100000000)
 Metaspace       used 55575K, capacity 57367K, committed 57804K, reserved 1099776K
  class space    used 6558K, capacity 6963K, committed 7116K, reserved 1048576K
2020-06-30T21:50:33.036+0100: 2080.680: [GC (Allocation Failure) 2020-06-30T21:50:33.036+0100: 2080.680: [ParNew
Desired survivor size 20112992 bytes, new threshold 5 (max 8)
- age   1:    5236576 bytes,    5236576 total
- age   2:    4165360 bytes,    9401936 total
- age   3:    4140744 bytes,   13542680 total
- age   4:    4072000 bytes,   17614680 total
- age   5:    2636288 bytes,   20250968 total
- age   6:    1771728 bytes,   22022696 total
: 109248K->21824K(109248K), 0.0165301 secs] 279138K->202689K(502464K), 0.0166556 secs] [Times: user=0.08 sys=0.00, real=0.02 secs] 
Heap after GC invocations=199 (full 12):
 par new generation   total 109248K, used 21824K [0x00000000e0000000, 0x00000000e8000000, 0x00000000e8000000)
  eden space 87424K,   0% used [0x00000000e0000000, 0x00000000e0000000, 0x00000000e5560000)
  from space 21824K, 100% used [0x00000000e6ab0000, 0x00000000e8000000, 0x00000000e8000000)
  to   space 21824K,   0% used [0x00000000e5560000, 0x00000000e5560000, 0x00000000e6ab0000)
 concurrent mark-sweep generation total 393216K, used 180865K [0x00000000e8000000, 0x0000000100000000, 0x0000000100000000)
 Metaspace       used 55575K, capacity 57367K, committed 57804K, reserved 1099776K
  class space    used 6558K, capacity 6963K, committed 7116K, reserved 1048576K
}
2020-06-30T21:50:33.053+0100: 2080.697: Total time for which application threads were stopped: 0.0168838 seconds, Stopping threads took: 0.0000549 seconds
2020-06-30T21:50:34.054+0100: 2081.697: Total time for which application threads were stopped: 0.0001271 seconds, Stopping threads took: 0.0000576 seconds
2020-06-30T21:50:34.316+0100: 2081.960: Total time for which application threads were stopped: 0.0001240 seconds, Stopping threads took: 0.0000456 seconds
2020-06-30T21:50:34.316+0100: 2081.960: Total time for which application threads were stopped: 0.0000888 seconds, Stopping threads took: 0.0000382 seconds
2020-06-30T21:50:34.316+0100: 2081.960: Total time for which application threads were stopped: 0.0000523 seconds, Stopping threads took: 0.0000158 seconds
2020-06-30T21:50:34.316+0100: 2081.960: Total time for which application threads were stopped: 0.0000532 seconds, Stopping threads took: 0.0000184 seconds
2020-06-30T21:50:34.316+0100: 2081.960: Total time for which application threads were stopped: 0.0000762 seconds, Stopping threads took: 0.0000363 seconds
2020-06-30T21:50:35.317+0100: 2082.960: Total time for which application threads were stopped: 0.0001713 seconds, Stopping threads took: 0.0001150 seconds
2020-06-30T21:51:04.331+0100: 2111.974: Total time for which application threads were stopped: 0.0000975 seconds, Stopping threads took: 0.0000366 seconds
2020-06-30T21:51:23.870+0100: 2131.513: Total time for which application threads were stopped: 0.0006506 seconds, Stopping threads took: 0.0004922 seconds
{Heap before GC invocations=199 (full 12):
 par new generation   total 109248K, used 109248K [0x00000000e0000000, 0x00000000e8000000, 0x00000000e8000000)
  eden space 87424K, 100% used [0x00000000e0000000, 0x00000000e5560000, 0x00000000e5560000)
  from space 21824K, 100% used [0x00000000e6ab0000, 0x00000000e8000000, 0x00000000e8000000)
  to   space 21824K,   0% used [0x00000000e5560000, 0x00000000e5560000, 0x00000000e6ab0000)
 concurrent mark-sweep generation total 393216K, used 180865K [0x00000000e8000000, 0x0000000100000000, 0x0000000100000000)
 Metaspace       used 55596K, capacity 57367K, committed 57804K, reserved 1099776K
  class space    used 6559K, capacity 6963K, committed 7116K, reserved 1048576K
2020-06-30T21:51:24.003+0100: 2131.647: [GC (Allocation Failure) 2020-06-30T21:51:24.003+0100: 2131.647: [ParNew
Desired survivor size 20112992 bytes, new threshold 5 (max 8)
- age   1:    7355424 bytes,    7355424 total
- age   2:    3938944 bytes,   11294368 total
- age   3:    3959112 bytes,   15253480 total
- age   4:    3660192 bytes,   18913672 total
- age   5:    3369408 bytes,   22283080 total
: 109248K->21824K(109248K), 0.0190829 secs] 290113K->212367K(502464K), 0.0191651 secs] [Times: user=0.08 sys=0.00, real=0.02 secs] 
Heap after GC invocations=200 (full 12):
 par new generation   total 109248K, used 21824K [0x00000000e0000000, 0x00000000e8000000, 0x00000000e8000000)
  eden space 87424K,   0% used [0x00000000e0000000, 0x00000000e0000000, 0x00000000e5560000)
  from space 21824K, 100% used [0x00000000e5560000, 0x00000000e6ab0000, 0x00000000e6ab0000)
  to   space 21824K,   0% used [0x00000000e6ab0000, 0x00000000e6ab0000, 0x00000000e8000000)
 concurrent mark-sweep generation total 393216K, used 190543K [0x00000000e8000000, 0x0000000100000000, 0x0000000100000000)
 Metaspace       used 55596K, capacity 57367K, committed 57804K, reserved 1099776K
  class space    used 6559K, capacity 6963K, committed 7116K, reserved 1048576K
}
2020-06-30T21:51:24.022+0100: 2131.666: Total time for which application threads were stopped: 0.0202357 seconds, Stopping threads took: 0.0008339 seconds
2020-06-30T21:51:24.076+0100: 2131.720: Total time for which application threads were stopped: 0.0001608 seconds, Stopping threads took: 0.0000666 seconds
{Heap before GC invocations=200 (full 12):
 par new generation   total 109248K, used 109248K [0x00000000e0000000, 0x00000000e8000000, 0x00000000e8000000)
  eden space 87424K, 100% used [0x00000000e0000000, 0x00000000e5560000, 0x00000000e5560000)
  from space 21824K, 100% used [0x00000000e5560000, 0x00000000e6ab0000, 0x00000000e6ab0000)
  to   space 21824K,   0% used [0x00000000e6ab0000, 0x00000000e6ab0000, 0x00000000e8000000)
 concurrent mark-sweep generation total 393216K, used 190543K [0x00000000e8000000, 0x0000000100000000, 0x0000000100000000)
 Metaspace       used 55596K, capacity 57367K, committed 57804K, reserved 1099776K
  class space    used 6559K, capacity 6963K, committed 7116K, reserved 1048576K
2020-06-30T21:51:24.197+0100: 2131.841: [GC (Allocation Failure) 2020-06-30T21:51:24.197+0100: 2131.841: [ParNew
Desired survivor size 20112992 bytes, new threshold 8 (max 8)
- age   1:    5387144 bytes,    5387144 total
- age   2:    2830392 bytes,    8217536 total
- age   3:    3937032 bytes,   12154568 total
- age   4:    3948960 bytes,   16103528 total
- age   5:    3657192 bytes,   19760720 total
: 109248K->21824K(109248K), 0.0180146 secs] 299791K->221133K(502464K), 0.0180904 secs] [Times: user=0.03 sys=0.00, real=0.02 secs] 
Heap after GC invocations=201 (full 12):
 par new generation   total 109248K, used 21824K [0x00000000e0000000, 0x00000000e8000000, 0x00000000e8000000)
  eden space 87424K,   0% used [0x00000000e0000000, 0x00000000e0000000, 0x00000000e5560000)
  from space 21824K, 100% used [0x00000000e6ab0000, 0x00000000e8000000, 0x00000000e8000000)
  to   space 21824K,   0% used [0x00000000e5560000, 0x00000000e5560000, 0x00000000e6ab0000)
 concurrent mark-sweep generation total 393216K, used 199309K [0x00000000e8000000, 0x0000000100000000, 0x0000000100000000)
 Metaspace       used 55596K, capacity 57367K, committed 57804K, reserved 1099776K
  class space    used 6559K, capacity 6963K, committed 7116K, reserved 1048576K
}
2020-06-30T21:51:24.215+0100: 2131.859: Total time for which application threads were stopped: 0.0184710 seconds, Stopping threads took: 0.0000873 seconds
2020-06-30T21:51:24.216+0100: 2131.860: [GC (CMS Initial Mark) [1 CMS-initial-mark: 199309K(393216K)] 222058K(502464K), 0.0065298 secs] [Times: user=0.00 sys=0.00, real=0.01 secs] 
2020-06-30T21:51:24.223+0100: 2131.866: Total time for which application threads were stopped: 0.0073262 seconds, Stopping threads took: 0.0006484 seconds
2020-06-30T21:51:24.223+0100: 2131.866: [CMS-concurrent-mark-start]
2020-06-30T21:51:24.249+0100: 2131.893: [CMS-concurrent-mark: 0.026/0.026 secs] [Times: user=0.13 sys=0.00, real=0.03 secs] 
2020-06-30T21:51:24.249+0100: 2131.893: [CMS-concurrent-preclean-start]
2020-06-30T21:51:24.251+0100: 2131.894: [CMS-concurrent-preclean: 0.002/0.002 secs] [Times: user=0.00 sys=0.00, real=0.00 secs] 
2020-06-30T21:51:24.254+0100: 2131.897: [GC (CMS Final Remark) [YG occupancy: 24599 K (109248 K)]{Heap before GC invocations=201 (full 13):
 par new generation   total 109248K, used 24599K [0x00000000e0000000, 0x00000000e8000000, 0x00000000e8000000)
  eden space 87424K,   3% used [0x00000000e0000000, 0x00000000e02b5c68, 0x00000000e5560000)
  from space 21824K, 100% used [0x00000000e6ab0000, 0x00000000e8000000, 0x00000000e8000000)
  to   space 21824K,   0% used [0x00000000e5560000, 0x00000000e5560000, 0x00000000e6ab0000)
 concurrent mark-sweep generation total 393216K, used 199309K [0x00000000e8000000, 0x0000000100000000, 0x0000000100000000)
 Metaspace       used 55596K, capacity 57367K, committed 57804K, reserved 1099776K
  class space    used 6559K, capacity 6963K, committed 7116K, reserved 1048576K
2020-06-30T21:51:24.254+0100: 2131.897: [GC (CMS Final Remark) 2020-06-30T21:51:24.254+0100: 2131.897: [ParNew
Desired survivor size 20112992 bytes, new threshold 8 (max 8)
- age   1:     841000 bytes,     841000 total
- age   2:    4729568 bytes,    5570568 total
- age   3:    2232992 bytes,    7803560 total
- age   4:    3937032 bytes,   11740592 total
- age   5:    3948960 bytes,   15689552 total
- age   6:    3657192 bytes,   19346744 total
: 24599K->21824K(109248K), 0.0094337 secs] 223908K->221405K(502464K), 0.0095007 secs] [Times: user=0.06 sys=0.00, real=0.01 secs] 
Heap after GC invocations=202 (full 13):
 par new generation   total 109248K, used 21824K [0x00000000e0000000, 0x00000000e8000000, 0x00000000e8000000)
  eden space 87424K,   0% used [0x00000000e0000000, 0x00000000e0000000, 0x00000000e5560000)
  from space 21824K, 100% used [0x00000000e5560000, 0x00000000e6ab0000, 0x00000000e6ab0000)
  to   space 21824K,   0% used [0x00000000e6ab0000, 0x00000000e6ab0000, 0x00000000e8000000)
 concurrent mark-sweep generation total 393216K, used 199581K [0x00000000e8000000, 0x0000000100000000, 0x0000000100000000)
 Metaspace       used 55596K, capacity 57367K, committed 57804K, reserved 1099776K
  class space    used 6559K, capacity 6963K, committed 7116K, reserved 1048576K
}
2020-06-30T21:51:24.263+0100: 2131.907: [Rescan (parallel) , 0.0045627 secs]2020-06-30T21:51:24.268+0100: 2131.912: [weak refs processing, 0.0078176 secs]2020-06-30T21:51:24.276+0100: 2131.920: [class unloading, 0.0188518 secs]2020-06-30T21:51:24.295+0100: 2131.938: [scrub symbol table, 0.0187459 secs]2020-06-30T21:51:24.313+0100: 2131.957: [scrub string table, 0.0010285 secs][1 CMS-remark: 199581K(393216K)] 221405K(502464K), 0.0609989 secs] [Times: user=0.16 sys=0.00, real=0.06 secs] 
2020-06-30T21:51:24.315+0100: 2131.958: Total time for which application threads were stopped: 0.0612337 seconds, Stopping threads took: 0.0000985 seconds
2020-06-30T21:51:24.317+0100: 2131.961: [CMS-concurrent-sweep-start]
2020-06-30T21:51:24.317+0100: 2131.961: Total time for which application threads were stopped: 0.0003079 seconds, Stopping threads took: 0.0000788 seconds
2020-06-30T21:51:24.319+0100: 2131.963: Total time for which application threads were stopped: 0.0007670 seconds, Stopping threads took: 0.0001452 seconds
2020-06-30T21:51:24.322+0100: 2131.965: Total time for which application threads were stopped: 0.0002396 seconds, Stopping threads took: 0.0000794 seconds
2020-06-30T21:51:24.322+0100: 2131.966: Total time for which application threads were stopped: 0.0001518 seconds, Stopping threads took: 0.0000402 seconds
2020-06-30T21:51:24.322+0100: 2131.966: Total time for which application threads were stopped: 0.0001606 seconds, Stopping threads took: 0.0000584 seconds
2020-06-30T21:51:24.323+0100: 2131.966: Total time for which application threads were stopped: 0.0001910 seconds, Stopping threads took: 0.0000450 seconds
2020-06-30T21:51:24.323+0100: 2131.967: Total time for which application threads were stopped: 0.0001803 seconds, Stopping threads took: 0.0000515 seconds
2020-06-30T21:51:24.323+0100: 2131.967: Total time for which application threads were stopped: 0.0001823 seconds, Stopping threads took: 0.0000717 seconds
2020-06-30T21:51:24.324+0100: 2131.968: Total time for which application threads were stopped: 0.0002055 seconds, Stopping threads took: 0.0000694 seconds
2020-06-30T21:51:24.324+0100: 2131.968: Total time for which application threads were stopped: 0.0001847 seconds, Stopping threads took: 0.0000687 seconds
2020-06-30T21:51:24.410+0100: 2132.053: [CMS-concurrent-sweep: 0.090/0.092 secs] [Times: user=0.14 sys=0.00, real=0.09 secs] 
2020-06-30T21:51:24.410+0100: 2132.053: [CMS-concurrent-reset-start]
2020-06-30T21:51:24.410+0100: 2132.054: [CMS-concurrent-reset: 0.001/0.001 secs] [Times: user=0.00 sys=0.00, real=0.00 secs] 
{Heap before GC invocations=202 (full 13):
 par new generation   total 109248K, used 109248K [0x00000000e0000000, 0x00000000e8000000, 0x00000000e8000000)
  eden space 87424K, 100% used [0x00000000e0000000, 0x00000000e5560000, 0x00000000e5560000)
  from space 21824K, 100% used [0x00000000e5560000, 0x00000000e6ab0000, 0x00000000e6ab0000)
  to   space 21824K,   0% used [0x00000000e6ab0000, 0x00000000e6ab0000, 0x00000000e8000000)
 concurrent mark-sweep generation total 393216K, used 84481K [0x00000000e8000000, 0x0000000100000000, 0x0000000100000000)
 Metaspace       used 55597K, capacity 57367K, committed 57804K, reserved 1099776K
  class space    used 6559K, capacity 6963K, committed 7116K, reserved 1048576K
2020-06-30T21:51:24.561+0100: 2132.205: [GC (Allocation Failure) 2020-06-30T21:51:24.561+0100: 2132.205: [ParNew
Desired survivor size 20112992 bytes, new threshold 7 (max 8)
- age   1:    4248392 bytes,    4248392 total
- age   2:     120320 bytes,    4368712 total
- age   3:    4196872 bytes,    8565584 total
- age   4:    2231936 bytes,   10797520 total
- age   5:    3886920 bytes,   14684440 total
- age   6:    3938272 bytes,   18622712 total
- age   7:    3642064 bytes,   22264776 total
: 109248K->21824K(109248K), 0.0178152 secs] 193729K->112198K(502464K), 0.0178927 secs] [Times: user=0.05 sys=0.00, real=0.02 secs] 
Heap after GC invocations=203 (full 13):
 par new generation   total 109248K, used 21824K [0x00000000e0000000, 0x00000000e8000000, 0x00000000e8000000)
  eden space 87424K,   0% used [0x00000000e0000000, 0x00000000e0000000, 0x00000000e5560000)
  from space 21824K, 100% used [0x00000000e6ab0000, 0x00000000e8000000, 0x00000000e8000000)
  to   space 21824K,   0% used [0x00000000e5560000, 0x00000000e5560000, 0x00000000e6ab0000)
 concurrent mark-sweep generation total 393216K, used 90374K [0x00000000e8000000, 0x0000000100000000, 0x0000000100000000)
 Metaspace       used 55597K, capacity 57367K, committed 57804K, reserved 1099776K
  class space    used 6559K, capacity 6963K, committed 7116K, reserved 1048576K
}
2020-06-30T21:51:24.579+0100: 2132.223: Total time for which application threads were stopped: 0.0182038 seconds, Stopping threads took: 0.0000790 seconds
{Heap before GC invocations=203 (full 13):
 par new generation   total 109248K, used 108868K [0x00000000e0000000, 0x00000000e8000000, 0x00000000e8000000)
  eden space 87424K,  99% used [0x00000000e0000000, 0x00000000e5501110, 0x00000000e5560000)
  from space 21824K, 100% used [0x00000000e6ab0000, 0x00000000e8000000, 0x00000000e8000000)
  to   space 21824K,   0% used [0x00000000e5560000, 0x00000000e5560000, 0x00000000e6ab0000)
 concurrent mark-sweep generation total 393216K, used 90374K [0x00000000e8000000, 0x0000000100000000, 0x0000000100000000)
 Metaspace       used 55608K, capacity 57367K, committed 57804K, reserved 1099776K
  class space    used 6559K, capacity 6963K, committed 7116K, reserved 1048576K
2020-06-30T21:51:24.781+0100: 2132.425: [GC (Allocation Failure) 2020-06-30T21:51:24.782+0100: 2132.425: [ParNew
Desired survivor size 20112992 bytes, new threshold 7 (max 8)
- age   1:    2914944 bytes,    2914944 total
- age   2:    3116400 bytes,    6031344 total
- age   3:     120240 bytes,    6151584 total
- age   4:    4176544 bytes,   10328128 total
- age   5:    2221128 bytes,   12549256 total
- age   6:    3886920 bytes,   16436176 total
- age   7:    3937272 bytes,   20373448 total
: 108868K->21824K(109248K), 0.0192731 secs] 199242K->119939K(502464K), 0.0193598 secs] [Times: user=0.06 sys=0.00, real=0.02 secs] 
Heap after GC invocations=204 (full 13):
 par new generation   total 109248K, used 21824K [0x00000000e0000000, 0x00000000e8000000, 0x00000000e8000000)
  eden space 87424K,   0% used [0x00000000e0000000, 0x00000000e0000000, 0x00000000e5560000)
  from space 21824K, 100% used [0x00000000e5560000, 0x00000000e6ab0000, 0x00000000e6ab0000)
  to   space 21824K,   0% used [0x00000000e6ab0000, 0x00000000e6ab0000, 0x00000000e8000000)
 concurrent mark-sweep generation total 393216K, used 98115K [0x00000000e8000000, 0x0000000100000000, 0x0000000100000000)
 Metaspace       used 55608K, capacity 57367K, committed 57804K, reserved 1099776K
  class space    used 6559K, capacity 6963K, committed 7116K, reserved 1048576K
}
2020-06-30T21:51:24.801+0100: 2132.445: Total time for which application threads were stopped: 0.0196941 seconds, Stopping threads took: 0.0000774 seconds
2020-06-30T21:51:25.802+0100: 2133.446: Total time for which application threads were stopped: 0.0003621 seconds, Stopping threads took: 0.0002564 seconds
2020-06-30T21:51:26.218+0100: 2133.862: Total time for which application threads were stopped: 0.0001264 seconds, Stopping threads took: 0.0000569 seconds
2020-06-30T21:51:26.218+0100: 2133.862: Total time for which application threads were stopped: 0.0001201 seconds, Stopping threads took: 0.0000647 seconds
2020-06-30T21:51:26.219+0100: 2133.862: Total time for which application threads were stopped: 0.0001503 seconds, Stopping threads took: 0.0001039 seconds
2020-06-30T21:51:26.219+0100: 2133.863: Total time for which application threads were stopped: 0.0001179 seconds, Stopping threads took: 0.0000764 seconds
2020-06-30T21:51:26.219+0100: 2133.863: Total time for which application threads were stopped: 0.0001131 seconds, Stopping threads took: 0.0000727 seconds
2020-06-30T21:51:29.901+0100: 2137.545: Total time for which application threads were stopped: 0.0002077 seconds, Stopping threads took: 0.0001480 seconds
2020-06-30T21:51:29.903+0100: 2137.547: Total time for which application threads were stopped: 0.0002473 seconds, Stopping threads took: 0.0000780 seconds
2020-06-30T21:51:29.904+0100: 2137.548: Total time for which application threads were stopped: 0.0001240 seconds, Stopping threads took: 0.0000614 seconds
2020-06-30T21:51:29.905+0100: 2137.549: Total time for which application threads were stopped: 0.0001118 seconds, Stopping threads took: 0.0000531 seconds
2020-06-30T21:51:29.988+0100: 2137.631: Total time for which application threads were stopped: 0.0001633 seconds, Stopping threads took: 0.0000722 seconds
{Heap before GC invocations=204 (full 13):
 par new generation   total 109248K, used 109248K [0x00000000e0000000, 0x00000000e8000000, 0x00000000e8000000)
  eden space 87424K, 100% used [0x00000000e0000000, 0x00000000e5560000, 0x00000000e5560000)
  from space 21824K, 100% used [0x00000000e5560000, 0x00000000e6ab0000, 0x00000000e6ab0000)
  to   space 21824K,   0% used [0x00000000e6ab0000, 0x00000000e6ab0000, 0x00000000e8000000)
 concurrent mark-sweep generation total 393216K, used 98115K [0x00000000e8000000, 0x0000000100000000, 0x0000000100000000)
 Metaspace       used 55612K, capacity 57367K, committed 57804K, reserved 1099776K
  class space    used 6559K, capacity 6963K, committed 7116K, reserved 1048576K
2020-06-30T21:51:29.993+0100: 2137.636: [GC (Allocation Failure) 2020-06-30T21:51:29.993+0100: 2137.636: [ParNew
Desired survivor size 20112992 bytes, new threshold 7 (max 8)
- age   1:    4912144 bytes,    4912144 total
- age   2:    2274664 bytes,    7186808 total
- age   3:    3082008 bytes,   10268816 total
- age   4:     120240 bytes,   10389056 total
- age   5:    3762448 bytes,   14151504 total
- age   6:    2141232 bytes,   16292736 total
- age   7:    3886920 bytes,   20179656 total
: 109248K->21824K(109248K), 0.0147723 secs] 207363K->126995K(502464K), 0.0148419 secs] [Times: user=0.06 sys=0.00, real=0.01 secs] 
Heap after GC invocations=205 (full 13):
 par new generation   total 109248K, used 21824K [0x00000000e0000000, 0x00000000e8000000, 0x00000000e8000000)
  eden space 87424K,   0% used [0x00000000e0000000, 0x00000000e0000000, 0x00000000e5560000)
  from space 21824K, 100% used [0x00000000e6ab0000, 0x00000000e8000000, 0x00000000e8000000)
  to   space 21824K,   0% used [0x00000000e5560000, 0x00000000e5560000, 0x00000000e6ab0000)
 concurrent mark-sweep generation total 393216K, used 105171K [0x00000000e8000000, 0x0000000100000000, 0x0000000100000000)
 Metaspace       used 55612K, capacity 57367K, committed 57804K, reserved 1099776K
  class space    used 6559K, capacity 6963K, committed 7116K, reserved 1048576K
}
2020-06-30T21:51:30.007+0100: 2137.651: Total time for which application threads were stopped: 0.0150955 seconds, Stopping threads took: 0.0000673 seconds
{Heap before GC invocations=205 (full 13):
 par new generation   total 109248K, used 109248K [0x00000000e0000000, 0x00000000e8000000, 0x00000000e8000000)
  eden space 87424K, 100% used [0x00000000e0000000, 0x00000000e5560000, 0x00000000e5560000)
  from space 21824K, 100% used [0x00000000e6ab0000, 0x00000000e8000000, 0x00000000e8000000)
  to   space 21824K,   0% used [0x00000000e5560000, 0x00000000e5560000, 0x00000000e6ab0000)
 concurrent mark-sweep generation total 393216K, used 105171K [0x00000000e8000000, 0x0000000100000000, 0x0000000100000000)
 Metaspace       used 55612K, capacity 57367K, committed 57804K, reserved 1099776K
  class space    used 6559K, capacity 6963K, committed 7116K, reserved 1048576K
2020-06-30T21:51:30.091+0100: 2137.735: [GC (Allocation Failure) 2020-06-30T21:51:30.091+0100: 2137.735: [ParNew
Desired survivor size 20112992 bytes, new threshold 7 (max 8)
- age   1:    4496768 bytes,    4496768 total
- age   2:    4431368 bytes,    8928136 total
- age   3:    2207568 bytes,   11135704 total
- age   4:    3081736 bytes,   14217440 total
- age   5:     120240 bytes,   14337680 total
- age   6:    3748176 bytes,   18085856 total
- age   7:    2051856 bytes,   20137712 total
: 109248K->21824K(109248K), 0.0140283 secs] 214419K->132748K(502464K), 0.0141069 secs] [Times: user=0.06 sys=0.00, real=0.01 secs] 
Heap after GC invocations=206 (full 13):
 par new generation   total 109248K, used 21824K [0x00000000e0000000, 0x00000000e8000000, 0x00000000e8000000)
  eden space 87424K,   0% used [0x00000000e0000000, 0x00000000e0000000, 0x00000000e5560000)
  from space 21824K, 100% used [0x00000000e5560000, 0x00000000e6ab0000, 0x00000000e6ab0000)
  to   space 21824K,   0% used [0x00000000e6ab0000, 0x00000000e6ab0000, 0x00000000e8000000)
 concurrent mark-sweep generation total 393216K, used 110924K [0x00000000e8000000, 0x0000000100000000, 0x0000000100000000)
 Metaspace       used 55612K, capacity 57367K, committed 57804K, reserved 1099776K
  class space    used 6559K, capacity 6963K, committed 7116K, reserved 1048576K
}
2020-06-30T21:51:30.105+0100: 2137.749: Total time for which application threads were stopped: 0.0143958 seconds, Stopping threads took: 0.0000645 seconds
2020-06-30T21:51:30.107+0100: 2137.751: Total time for which application threads were stopped: 0.0002101 seconds, Stopping threads took: 0.0000674 seconds
2020-06-30T21:51:30.108+0100: 2137.752: Total time for which application threads were stopped: 0.0001598 seconds, Stopping threads took: 0.0000625 seconds
2020-06-30T21:51:30.109+0100: 2137.753: Total time for which application threads were stopped: 0.0002099 seconds, Stopping threads took: 0.0000560 seconds
2020-06-30T21:51:30.109+0100: 2137.753: Total time for which application threads were stopped: 0.0001375 seconds, Stopping threads took: 0.0000503 seconds
{Heap before GC invocations=206 (full 13):
 par new generation   total 109248K, used 109248K [0x00000000e0000000, 0x00000000e8000000, 0x00000000e8000000)
  eden space 87424K, 100% used [0x00000000e0000000, 0x00000000e5560000, 0x00000000e5560000)
  from space 21824K, 100% used [0x00000000e5560000, 0x00000000e6ab0000, 0x00000000e6ab0000)
  to   space 21824K,   0% used [0x00000000e6ab0000, 0x00000000e6ab0000, 0x00000000e8000000)
 concurrent mark-sweep generation total 393216K, used 110924K [0x00000000e8000000, 0x0000000100000000, 0x0000000100000000)
 Metaspace       used 55619K, capacity 57379K, committed 57804K, reserved 1099776K
  class space    used 6560K, capacity 6965K, committed 7116K, reserved 1048576K
2020-06-30T21:51:30.222+0100: 2137.865: [GC (Allocation Failure) 2020-06-30T21:51:30.222+0100: 2137.865: [ParNew
Desired survivor size 20112992 bytes, new threshold 7 (max 8)
- age   1:    4890888 bytes,    4890888 total
- age   2:    3959928 bytes,    8850816 total
- age   3:    4334192 bytes,   13185008 total
- age   4:    2207312 bytes,   15392320 total
- age   5:    3081736 bytes,   18474056 total
- age   6:     120240 bytes,   18594296 total
- age   7:    3748176 bytes,   22342472 total
: 109248K->21824K(109248K), 0.0162218 secs] 220172K->137703K(502464K), 0.0163115 secs] [Times: user=0.05 sys=0.02, real=0.02 secs] 
Heap after GC invocations=207 (full 13):
 par new generation   total 109248K, used 21824K [0x00000000e0000000, 0x00000000e8000000, 0x00000000e8000000)
  eden space 87424K,   0% used [0x00000000e0000000, 0x00000000e0000000, 0x00000000e5560000)
  from space 21824K, 100% used [0x00000000e6ab0000, 0x00000000e8000000, 0x00000000e8000000)
  to   space 21824K,   0% used [0x00000000e5560000, 0x00000000e5560000, 0x00000000e6ab0000)
 concurrent mark-sweep generation total 393216K, used 115879K [0x00000000e8000000, 0x0000000100000000, 0x0000000100000000)
 Metaspace       used 55619K, capacity 57379K, committed 57804K, reserved 1099776K
  class space    used 6560K, capacity 6965K, committed 7116K, reserved 1048576K
}
2020-06-30T21:51:30.238+0100: 2137.882: Total time for which application threads were stopped: 0.0166051 seconds, Stopping threads took: 0.0000740 seconds
{Heap before GC invocations=207 (full 13):
 par new generation   total 109248K, used 109248K [0x00000000e0000000, 0x00000000e8000000, 0x00000000e8000000)
  eden space 87424K, 100% used [0x00000000e0000000, 0x00000000e5560000, 0x00000000e5560000)
  from space 21824K, 100% used [0x00000000e6ab0000, 0x00000000e8000000, 0x00000000e8000000)
  to   space 21824K,   0% used [0x00000000e5560000, 0x00000000e5560000, 0x00000000e6ab0000)
 concurrent mark-sweep generation total 393216K, used 115879K [0x00000000e8000000, 0x0000000100000000, 0x0000000100000000)
 Metaspace       used 55619K, capacity 57379K, committed 57804K, reserved 1099776K
  class space    used 6560K, capacity 6965K, committed 7116K, reserved 1048576K
2020-06-30T21:51:30.343+0100: 2137.986: [GC (Allocation Failure) 2020-06-30T21:51:30.343+0100: 2137.986: [ParNew
Desired survivor size 20112992 bytes, new threshold 6 (max 8)
- age   1:    4832744 bytes,    4832744 total
- age   2:    3984112 bytes,    8816856 total
- age   3:    3940456 bytes,   12757312 total
- age   4:    4329488 bytes,   17086800 total
- age   5:    1857992 bytes,   18944792 total
- age   6:    2586896 bytes,   21531688 total
- age   7:     120240 bytes,   21651928 total
: 109248K->21824K(109248K), 0.0161488 secs] 225127K->147862K(502464K), 0.0162218 secs] [Times: user=0.06 sys=0.00, real=0.02 secs] 
Heap after GC invocations=208 (full 13):
 par new generation   total 109248K, used 21824K [0x00000000e0000000, 0x00000000e8000000, 0x00000000e8000000)
  eden space 87424K,   0% used [0x00000000e0000000, 0x00000000e0000000, 0x00000000e5560000)
  from space 21824K, 100% used [0x00000000e5560000, 0x00000000e6ab0000, 0x00000000e6ab0000)
  to   space 21824K,   0% used [0x00000000e6ab0000, 0x00000000e6ab0000, 0x00000000e8000000)
 concurrent mark-sweep generation total 393216K, used 126038K [0x00000000e8000000, 0x0000000100000000, 0x0000000100000000)
 Metaspace       used 55619K, capacity 57379K, committed 57804K, reserved 1099776K
  class space    used 6560K, capacity 6965K, committed 7116K, reserved 1048576K
}
2020-06-30T21:51:30.359+0100: 2138.003: Total time for which application threads were stopped: 0.0164530 seconds, Stopping threads took: 0.0000670 seconds
2020-06-30T21:51:31.360+0100: 2139.004: Total time for which application threads were stopped: 0.0016195 seconds, Stopping threads took: 0.0015304 seconds
2020-06-30T21:51:31.380+0100: 2139.024: Total time for which application threads were stopped: 0.0001543 seconds, Stopping threads took: 0.0000520 seconds
2020-06-30T21:51:31.381+0100: 2139.024: Total time for which application threads were stopped: 0.0002529 seconds, Stopping threads took: 0.0000770 seconds
2020-06-30T21:51:31.381+0100: 2139.025: Total time for which application threads were stopped: 0.0001474 seconds, Stopping threads took: 0.0000449 seconds
2020-06-30T21:51:31.381+0100: 2139.025: Total time for which application threads were stopped: 0.0001501 seconds, Stopping threads took: 0.0000511 seconds
2020-06-30T21:51:31.381+0100: 2139.025: Total time for which application threads were stopped: 0.0001236 seconds, Stopping threads took: 0.0000484 seconds
2020-06-30T21:51:32.155+0100: 2139.799: Total time for which application threads were stopped: 0.0002384 seconds, Stopping threads took: 0.0001853 seconds
2020-06-30T21:51:32.158+0100: 2139.802: Total time for which application threads were stopped: 0.0001599 seconds, Stopping threads took: 0.0001007 seconds
2020-06-30T21:51:32.159+0100: 2139.803: Total time for which application threads were stopped: 0.0001272 seconds, Stopping threads took: 0.0000667 seconds
2020-06-30T21:51:32.173+0100: 2139.817: Total time for which application threads were stopped: 0.0001654 seconds, Stopping threads took: 0.0000537 seconds
2020-06-30T21:51:32.174+0100: 2139.818: Total time for which application threads were stopped: 0.0001524 seconds, Stopping threads took: 0.0000623 seconds
2020-06-30T21:51:32.243+0100: 2139.886: Total time for which application threads were stopped: 0.0001340 seconds, Stopping threads took: 0.0000596 seconds
{Heap before GC invocations=208 (full 13):
 par new generation   total 109248K, used 109248K [0x00000000e0000000, 0x00000000e8000000, 0x00000000e8000000)
  eden space 87424K, 100% used [0x00000000e0000000, 0x00000000e5560000, 0x00000000e5560000)
  from space 21824K, 100% used [0x00000000e5560000, 0x00000000e6ab0000, 0x00000000e6ab0000)
  to   space 21824K,   0% used [0x00000000e6ab0000, 0x00000000e6ab0000, 0x00000000e8000000)
 concurrent mark-sweep generation total 393216K, used 126038K [0x00000000e8000000, 0x0000000100000000, 0x0000000100000000)
 Metaspace       used 55622K, capacity 57379K, committed 57804K, reserved 1099776K
  class space    used 6560K, capacity 6965K, committed 7116K, reserved 1048576K
2020-06-30T21:51:32.283+0100: 2139.927: [GC (Allocation Failure) 2020-06-30T21:51:32.283+0100: 2139.927: [ParNew
Desired survivor size 20112992 bytes, new threshold 6 (max 8)
- age   1:    3435816 bytes,    3435816 total
- age   2:    3497632 bytes,    6933448 total
- age   3:    3858912 bytes,   10792360 total
- age   4:    3610456 bytes,   14402816 total
- age   5:    3954144 bytes,   18356960 total
- age   6:    1857960 bytes,   20214920 total
: 109248K->21824K(109248K), 0.0166445 secs] 235286K->158068K(502464K), 0.0167425 secs] [Times: user=0.06 sys=0.00, real=0.02 secs] 
Heap after GC invocations=209 (full 13):
 par new generation   total 109248K, used 21824K [0x00000000e0000000, 0x00000000e8000000, 0x00000000e8000000)
  eden space 87424K,   0% used [0x00000000e0000000, 0x00000000e0000000, 0x00000000e5560000)
  from space 21824K, 100% used [0x00000000e6ab0000, 0x00000000e8000000, 0x00000000e8000000)
  to   space 21824K,   0% used [0x00000000e5560000, 0x00000000e5560000, 0x00000000e6ab0000)
 concurrent mark-sweep generation total 393216K, used 136244K [0x00000000e8000000, 0x0000000100000000, 0x0000000100000000)
 Metaspace       used 55622K, capacity 57379K, committed 57804K, reserved 1099776K
  class space    used 6560K, capacity 6965K, committed 7116K, reserved 1048576K
}
2020-06-30T21:51:32.300+0100: 2139.944: Total time for which application threads were stopped: 0.0170362 seconds, Stopping threads took: 0.0000682 seconds
{Heap before GC invocations=209 (full 13):
 par new generation   total 109248K, used 109248K [0x00000000e0000000, 0x00000000e8000000, 0x00000000e8000000)
  eden space 87424K, 100% used [0x00000000e0000000, 0x00000000e5560000, 0x00000000e5560000)
  from space 21824K, 100% used [0x00000000e6ab0000, 0x00000000e8000000, 0x00000000e8000000)
  to   space 21824K,   0% used [0x00000000e5560000, 0x00000000e5560000, 0x00000000e6ab0000)
 concurrent mark-sweep generation total 393216K, used 136244K [0x00000000e8000000, 0x0000000100000000, 0x0000000100000000)
 Metaspace       used 55622K, capacity 57379K, committed 57804K, reserved 1099776K
  class space    used 6560K, capacity 6965K, committed 7116K, reserved 1048576K
2020-06-30T21:51:32.393+0100: 2140.037: [GC (Allocation Failure) 2020-06-30T21:51:32.393+0100: 2140.037: [ParNew
Desired survivor size 20112992 bytes, new threshold 6 (max 8)
- age   1:    5240152 bytes,    5240152 total
- age   2:    1940712 bytes,    7180864 total
- age   3:    3497560 bytes,   10678424 total
- age   4:    3850400 bytes,   14528824 total
- age   5:    3610512 bytes,   18139336 total
- age   6:    3952712 bytes,   22092048 total
: 109248K->21824K(109248K), 0.0200382 secs] 245492K->166165K(502464K), 0.0201669 secs] [Times: user=0.08 sys=0.00, real=0.02 secs] 
Heap after GC invocations=210 (full 13):
 par new generation   total 109248K, used 21824K [0x00000000e0000000, 0x00000000e8000000, 0x00000000e8000000)
  eden space 87424K,   0% used [0x00000000e0000000, 0x00000000e0000000, 0x00000000e5560000)
  from space 21824K, 100% used [0x00000000e5560000, 0x00000000e6ab0000, 0x00000000e6ab0000)
  to   space 21824K,   0% used [0x00000000e6ab0000, 0x00000000e6ab0000, 0x00000000e8000000)
 concurrent mark-sweep generation total 393216K, used 144341K [0x00000000e8000000, 0x0000000100000000, 0x0000000100000000)
 Metaspace       used 55622K, capacity 57379K, committed 57804K, reserved 1099776K
  class space    used 6560K, capacity 6965K, committed 7116K, reserved 1048576K
}
2020-06-30T21:51:32.414+0100: 2140.057: Total time for which application threads were stopped: 0.0204910 seconds, Stopping threads took: 0.0000748 seconds
{Heap before GC invocations=210 (full 13):
 par new generation   total 109248K, used 109248K [0x00000000e0000000, 0x00000000e8000000, 0x00000000e8000000)
  eden space 87424K, 100% used [0x00000000e0000000, 0x00000000e5560000, 0x00000000e5560000)
  from space 21824K, 100% used [0x00000000e5560000, 0x00000000e6ab0000, 0x00000000e6ab0000)
  to   space 21824K,   0% used [0x00000000e6ab0000, 0x00000000e6ab0000, 0x00000000e8000000)
 concurrent mark-sweep generation total 393216K, used 144341K [0x00000000e8000000, 0x0000000100000000, 0x0000000100000000)
 Metaspace       used 55623K, capacity 57379K, committed 57804K, reserved 1099776K
  class space    used 6560K, capacity 6965K, committed 7116K, reserved 1048576K
2020-06-30T21:51:32.540+0100: 2140.184: [GC (Allocation Failure) 2020-06-30T21:51:32.540+0100: 2140.184: [ParNew
Desired survivor size 20112992 bytes, new threshold 6 (max 8)
- age   1:    6326496 bytes,    6326496 total
- age   2:    3095088 bytes,    9421584 total
- age   3:    1927696 bytes,   11349280 total
- age   4:    3497560 bytes,   14846840 total
- age   5:    3847176 bytes,   18694016 total
- age   6:    3610008 bytes,   22304024 total
: 109248K->21824K(109248K), 0.0167666 secs] 253589K->175440K(502464K), 0.0168527 secs] [Times: user=0.06 sys=0.00, real=0.02 secs] 
Heap after GC invocations=211 (full 13):
 par new generation   total 109248K, used 21824K [0x00000000e0000000, 0x00000000e8000000, 0x00000000e8000000)
  eden space 87424K,   0% used [0x00000000e0000000, 0x00000000e0000000, 0x00000000e5560000)
  from space 21824K, 100% used [0x00000000e6ab0000, 0x00000000e8000000, 0x00000000e8000000)
  to   space 21824K,   0% used [0x00000000e5560000, 0x00000000e5560000, 0x00000000e6ab0000)
 concurrent mark-sweep generation total 393216K, used 153616K [0x00000000e8000000, 0x0000000100000000, 0x0000000100000000)
 Metaspace       used 55623K, capacity 57379K, committed 57804K, reserved 1099776K
  class space    used 6560K, capacity 6965K, committed 7116K, reserved 1048576K
}
2020-06-30T21:51:32.557+0100: 2140.201: Total time for which application threads were stopped: 0.0170898 seconds, Stopping threads took: 0.0000625 seconds
2020-06-30T21:51:33.557+0100: 2141.200: Total time for which application threads were stopped: 0.0001647 seconds, Stopping threads took: 0.0000679 seconds
2020-06-30T21:51:34.284+0100: 2141.928: Total time for which application threads were stopped: 0.0002482 seconds, Stopping threads took: 0.0001595 seconds
2020-06-30T21:51:34.284+0100: 2141.928: Total time for which application threads were stopped: 0.0001154 seconds, Stopping threads took: 0.0000342 seconds
2020-06-30T21:51:34.284+0100: 2141.928: Total time for which application threads were stopped: 0.0001327 seconds, Stopping threads took: 0.0000491 seconds
2020-06-30T21:51:34.287+0100: 2141.931: Total time for which application threads were stopped: 0.0003468 seconds, Stopping threads took: 0.0002715 seconds
2020-06-30T21:51:34.288+0100: 2141.932: Total time for which application threads were stopped: 0.0001015 seconds, Stopping threads took: 0.0000443 seconds
2020-06-30T21:51:34.288+0100: 2141.932: Total time for which application threads were stopped: 0.0000807 seconds, Stopping threads took: 0.0000389 seconds
2020-06-30T21:51:34.288+0100: 2141.932: Total time for which application threads were stopped: 0.0000856 seconds, Stopping threads took: 0.0000434 seconds
2020-06-30T21:51:34.450+0100: 2142.094: Total time for which application threads were stopped: 0.0002462 seconds, Stopping threads took: 0.0001958 seconds
2020-06-30T21:51:34.453+0100: 2142.097: Total time for which application threads were stopped: 0.0002014 seconds, Stopping threads took: 0.0000816 seconds
2020-06-30T21:51:34.454+0100: 2142.098: Total time for which application threads were stopped: 0.0001418 seconds, Stopping threads took: 0.0000672 seconds
{Heap before GC invocations=211 (full 13):
 par new generation   total 109248K, used 109248K [0x00000000e0000000, 0x00000000e8000000, 0x00000000e8000000)
  eden space 87424K, 100% used [0x00000000e0000000, 0x00000000e5560000, 0x00000000e5560000)
  from space 21824K, 100% used [0x00000000e6ab0000, 0x00000000e8000000, 0x00000000e8000000)
  to   space 21824K,   0% used [0x00000000e5560000, 0x00000000e5560000, 0x00000000e6ab0000)
 concurrent mark-sweep generation total 393216K, used 153616K [0x00000000e8000000, 0x0000000100000000, 0x0000000100000000)
 Metaspace       used 55646K, capacity 57379K, committed 57804K, reserved 1099776K
  class space    used 6560K, capacity 6965K, committed 7116K, reserved 1048576K
2020-06-30T21:51:34.509+0100: 2142.152: [GC (Allocation Failure) 2020-06-30T21:51:34.509+0100: 2142.152: [ParNew
Desired survivor size 20112992 bytes, new threshold 6 (max 8)
- age   1:    2901288 bytes,    2901288 total
- age   2:    5741048 bytes,    8642336 total
- age   3:    2898328 bytes,   11540664 total
- age   4:    1533840 bytes,   13074504 total
- age   5:    3442064 bytes,   16516568 total
- age   6:    3732472 bytes,   20249040 total
: 109248K->21824K(109248K), 0.0174336 secs] 262864K->188340K(502464K), 0.0175565 secs] [Times: user=0.06 sys=0.00, real=0.02 secs] 
Heap after GC invocations=212 (full 13):
 par new generation   total 109248K, used 21824K [0x00000000e0000000, 0x00000000e8000000, 0x00000000e8000000)
  eden space 87424K,   0% used [0x00000000e0000000, 0x00000000e0000000, 0x00000000e5560000)
  from space 21824K, 100% used [0x00000000e5560000, 0x00000000e6ab0000, 0x00000000e6ab0000)
  to   space 21824K,   0% used [0x00000000e6ab0000, 0x00000000e6ab0000, 0x00000000e8000000)
 concurrent mark-sweep generation total 393216K, used 166516K [0x00000000e8000000, 0x0000000100000000, 0x0000000100000000)
 Metaspace       used 55646K, capacity 57379K, committed 57804K, reserved 1099776K
  class space    used 6560K, capacity 6965K, committed 7116K, reserved 1048576K
}
2020-06-30T21:51:34.526+0100: 2142.170: Total time for which application threads were stopped: 0.0178920 seconds, Stopping threads took: 0.0000755 seconds
2020-06-30T21:51:34.594+0100: 2142.237: Total time for which application threads were stopped: 0.0001921 seconds, Stopping threads took: 0.0001165 seconds
{Heap before GC invocations=212 (full 13):
 par new generation   total 109248K, used 109248K [0x00000000e0000000, 0x00000000e8000000, 0x00000000e8000000)
  eden space 87424K, 100% used [0x00000000e0000000, 0x00000000e5560000, 0x00000000e5560000)
  from space 21824K, 100% used [0x00000000e5560000, 0x00000000e6ab0000, 0x00000000e6ab0000)
  to   space 21824K,   0% used [0x00000000e6ab0000, 0x00000000e6ab0000, 0x00000000e8000000)
 concurrent mark-sweep generation total 393216K, used 166516K [0x00000000e8000000, 0x0000000100000000, 0x0000000100000000)
 Metaspace       used 55671K, capacity 57379K, committed 57804K, reserved 1099776K
  class space    used 6560K, capacity 6965K, committed 7116K, reserved 1048576K
2020-06-30T21:51:34.671+0100: 2142.314: [GC (Allocation Failure) 2020-06-30T21:51:34.671+0100: 2142.314: [ParNew
Desired survivor size 20112992 bytes, new threshold 6 (max 8)
- age   1:    5775328 bytes,    5775328 total
- age   2:    2715136 bytes,    8490464 total
- age   3:    5740968 bytes,   14231432 total
- age   4:    2898328 bytes,   17129760 total
- age   5:    1533760 bytes,   18663520 total
- age   6:    3442064 bytes,   22105584 total
: 109248K->21824K(109248K), 0.0156499 secs] 275764K->193568K(502464K), 0.0157099 secs] [Times: user=0.06 sys=0.00, real=0.02 secs] 
Heap after GC invocations=213 (full 13):
 par new generation   total 109248K, used 21824K [0x00000000e0000000, 0x00000000e8000000, 0x00000000e8000000)
  eden space 87424K,   0% used [0x00000000e0000000, 0x00000000e0000000, 0x00000000e5560000)
  from space 21824K, 100% used [0x00000000e6ab0000, 0x00000000e8000000, 0x00000000e8000000)
  to   space 21824K,   0% used [0x00000000e5560000, 0x00000000e5560000, 0x00000000e6ab0000)
 concurrent mark-sweep generation total 393216K, used 171744K [0x00000000e8000000, 0x0000000100000000, 0x0000000100000000)
 Metaspace       used 55671K, capacity 57379K, committed 57804K, reserved 1099776K
  class space    used 6560K, capacity 6965K, committed 7116K, reserved 1048576K
}
2020-06-30T21:51:34.686+0100: 2142.330: Total time for which application threads were stopped: 0.0159907 seconds, Stopping threads took: 0.0000786 seconds
{Heap before GC invocations=213 (full 13):
 par new generation   total 109248K, used 109248K [0x00000000e0000000, 0x00000000e8000000, 0x00000000e8000000)
  eden space 87424K, 100% used [0x00000000e0000000, 0x00000000e5560000, 0x00000000e5560000)
  from space 21824K, 100% used [0x00000000e6ab0000, 0x00000000e8000000, 0x00000000e8000000)
  to   space 21824K,   0% used [0x00000000e5560000, 0x00000000e5560000, 0x00000000e6ab0000)
 concurrent mark-sweep generation total 393216K, used 171744K [0x00000000e8000000, 0x0000000100000000, 0x0000000100000000)
 Metaspace       used 55671K, capacity 57379K, committed 57804K, reserved 1099776K
  class space    used 6560K, capacity 6965K, committed 7116K, reserved 1048576K
2020-06-30T21:51:34.835+0100: 2142.479: [GC (Allocation Failure) 2020-06-30T21:51:34.836+0100: 2142.479: [ParNew
Desired survivor size 20112992 bytes, new threshold 5 (max 8)
- age   1:    6904152 bytes,    6904152 total
- age   2:    2370744 bytes,    9274896 total
- age   3:    2714552 bytes,   11989448 total
- age   4:    5740968 bytes,   17730416 total
- age   5:    2898328 bytes,   20628744 total
- age   6:    1533760 bytes,   22162504 total
: 109248K->21824K(109248K), 0.0190086 secs] 280992K->202046K(502464K), 0.0191188 secs] [Times: user=0.06 sys=0.00, real=0.02 secs] 
Heap after GC invocations=214 (full 13):
 par new generation   total 109248K, used 21824K [0x00000000e0000000, 0x00000000e8000000, 0x00000000e8000000)
  eden space 87424K,   0% used [0x00000000e0000000, 0x00000000e0000000, 0x00000000e5560000)
  from space 21824K, 100% used [0x00000000e5560000, 0x00000000e6ab0000, 0x00000000e6ab0000)
  to   space 21824K,   0% used [0x00000000e6ab0000, 0x00000000e6ab0000, 0x00000000e8000000)
 concurrent mark-sweep generation total 393216K, used 180222K [0x00000000e8000000, 0x0000000100000000, 0x0000000100000000)
 Metaspace       used 55671K, capacity 57379K, committed 57804K, reserved 1099776K
  class space    used 6560K, capacity 6965K, committed 7116K, reserved 1048576K
}
2020-06-30T21:51:34.855+0100: 2142.498: Total time for which application threads were stopped: 0.0193934 seconds, Stopping threads took: 0.0000550 seconds
{Heap before GC invocations=214 (full 13):
 par new generation   total 109248K, used 109248K [0x00000000e0000000, 0x00000000e8000000, 0x00000000e8000000)
  eden space 87424K, 100% used [0x00000000e0000000, 0x00000000e5560000, 0x00000000e5560000)
  from space 21824K, 100% used [0x00000000e5560000, 0x00000000e6ab0000, 0x00000000e6ab0000)
  to   space 21824K,   0% used [0x00000000e6ab0000, 0x00000000e6ab0000, 0x00000000e8000000)
 concurrent mark-sweep generation total 393216K, used 180222K [0x00000000e8000000, 0x0000000100000000, 0x0000000100000000)
 Metaspace       used 55672K, capacity 57379K, committed 57804K, reserved 1099776K
  class space    used 6560K, capacity 6965K, committed 7116K, reserved 1048576K
2020-06-30T21:51:35.102+0100: 2142.746: [GC (Allocation Failure) 2020-06-30T21:51:35.102+0100: 2142.746: [ParNew
Desired survivor size 20112992 bytes, new threshold 5 (max 8)
- age   1:    8036584 bytes,    8036584 total
- age   2:    3480240 bytes,   11516824 total
- age   3:    2364776 bytes,   13881600 total
- age   4:    2703880 bytes,   16585480 total
- age   5:    5740968 bytes,   22326448 total
: 109248K->21824K(109248K), 0.0187062 secs] 289470K->212855K(502464K), 0.0187966 secs] [Times: user=0.05 sys=0.01, real=0.02 secs] 
Heap after GC invocations=215 (full 13):
 par new generation   total 109248K, used 21824K [0x00000000e0000000, 0x00000000e8000000, 0x00000000e8000000)
  eden space 87424K,   0% used [0x00000000e0000000, 0x00000000e0000000, 0x00000000e5560000)
  from space 21824K, 100% used [0x00000000e6ab0000, 0x00000000e8000000, 0x00000000e8000000)
  to   space 21824K,   0% used [0x00000000e5560000, 0x00000000e5560000, 0x00000000e6ab0000)
 concurrent mark-sweep generation total 393216K, used 191031K [0x00000000e8000000, 0x0000000100000000, 0x0000000100000000)
 Metaspace       used 55672K, capacity 57379K, committed 57804K, reserved 1099776K
  class space    used 6560K, capacity 6965K, committed 7116K, reserved 1048576K
}
2020-06-30T21:51:35.121+0100: 2142.765: Total time for which application threads were stopped: 0.0192355 seconds, Stopping threads took: 0.0001887 seconds
2020-06-30T21:51:36.122+0100: 2143.765: Total time for which application threads were stopped: 0.0001652 seconds, Stopping threads took: 0.0000815 seconds
2020-06-30T21:51:36.607+0100: 2144.251: Total time for which application threads were stopped: 0.0001516 seconds, Stopping threads took: 0.0000944 seconds
2020-06-30T21:51:36.607+0100: 2144.251: Total time for which application threads were stopped: 0.0001471 seconds, Stopping threads took: 0.0001040 seconds
2020-06-30T21:51:36.609+0100: 2144.253: Total time for which application threads were stopped: 0.0001742 seconds, Stopping threads took: 0.0001068 seconds
2020-06-30T21:51:36.609+0100: 2144.253: Total time for which application threads were stopped: 0.0001126 seconds, Stopping threads took: 0.0000612 seconds
2020-06-30T21:51:36.610+0100: 2144.253: Total time for which application threads were stopped: 0.0001049 seconds, Stopping threads took: 0.0000631 seconds
2020-06-30T21:51:36.610+0100: 2144.254: Total time for which application threads were stopped: 0.0000967 seconds, Stopping threads took: 0.0000570 seconds
2020-06-30T21:51:36.610+0100: 2144.254: Total time for which application threads were stopped: 0.0000957 seconds, Stopping threads took: 0.0000560 seconds
2020-06-30T21:51:37.611+0100: 2145.255: Total time for which application threads were stopped: 0.0002369 seconds, Stopping threads took: 0.0001341 seconds
2020-06-30T21:51:46.468+0100: 2154.112: Total time for which application threads were stopped: 0.0002903 seconds, Stopping threads took: 0.0002341 seconds
2020-06-30T21:51:46.489+0100: 2154.133: Total time for which application threads were stopped: 0.0001609 seconds, Stopping threads took: 0.0000678 seconds
2020-06-30T21:51:46.490+0100: 2154.134: Total time for which application threads were stopped: 0.0001637 seconds, Stopping threads took: 0.0000749 seconds
2020-06-30T21:51:46.661+0100: 2154.305: Total time for which application threads were stopped: 0.0001772 seconds, Stopping threads took: 0.0000714 seconds
{Heap before GC invocations=215 (full 13):
 par new generation   total 109248K, used 109248K [0x00000000e0000000, 0x00000000e8000000, 0x00000000e8000000)
  eden space 87424K, 100% used [0x00000000e0000000, 0x00000000e5560000, 0x00000000e5560000)
  from space 21824K, 100% used [0x00000000e6ab0000, 0x00000000e8000000, 0x00000000e8000000)
  to   space 21824K,   0% used [0x00000000e5560000, 0x00000000e5560000, 0x00000000e6ab0000)
 concurrent mark-sweep generation total 393216K, used 191031K [0x00000000e8000000, 0x0000000100000000, 0x0000000100000000)
 Metaspace       used 55688K, capacity 57449K, committed 57804K, reserved 1099776K
  class space    used 6560K, capacity 6966K, committed 7116K, reserved 1048576K
2020-06-30T21:51:46.675+0100: 2154.319: [GC (Allocation Failure) 2020-06-30T21:51:46.675+0100: 2154.319: [ParNew
Desired survivor size 20112992 bytes, new threshold 8 (max 8)
- age   1:    6505680 bytes,    6505680 total
- age   2:    4777680 bytes,   11283360 total
- age   3:    3239744 bytes,   14523104 total
- age   4:    1934536 bytes,   16457640 total
- age   5:    2652888 bytes,   19110528 total
: 109248K->21824K(109248K), 0.0165809 secs] 300279K->220985K(502464K), 0.0166771 secs] [Times: user=0.03 sys=0.00, real=0.02 secs] 
Heap after GC invocations=216 (full 13):
 par new generation   total 109248K, used 21824K [0x00000000e0000000, 0x00000000e8000000, 0x00000000e8000000)
  eden space 87424K,   0% used [0x00000000e0000000, 0x00000000e0000000, 0x00000000e5560000)
  from space 21824K, 100% used [0x00000000e5560000, 0x00000000e6ab0000, 0x00000000e6ab0000)
  to   space 21824K,   0% used [0x00000000e6ab0000, 0x00000000e6ab0000, 0x00000000e8000000)
 concurrent mark-sweep generation total 393216K, used 199161K [0x00000000e8000000, 0x0000000100000000, 0x0000000100000000)
 Metaspace       used 55688K, capacity 57449K, committed 57804K, reserved 1099776K
  class space    used 6560K, capacity 6966K, committed 7116K, reserved 1048576K
}
2020-06-30T21:51:46.692+0100: 2154.336: Total time for which application threads were stopped: 0.0187064 seconds, Stopping threads took: 0.0017826 seconds
2020-06-30T21:51:46.692+0100: 2154.336: [GC (CMS Initial Mark) [1 CMS-initial-mark: 199161K(393216K)] 221748K(502464K), 0.0033091 secs] [Times: user=0.06 sys=0.00, real=0.00 secs] 
2020-06-30T21:51:46.696+0100: 2154.339: Total time for which application threads were stopped: 0.0035408 seconds, Stopping threads took: 0.0000642 seconds
2020-06-30T21:51:46.696+0100: 2154.339: [CMS-concurrent-mark-start]
2020-06-30T21:51:46.721+0100: 2154.365: [CMS-concurrent-mark: 0.025/0.025 secs] [Times: user=0.06 sys=0.00, real=0.02 secs] 
2020-06-30T21:51:46.721+0100: 2154.365: [CMS-concurrent-preclean-start]
2020-06-30T21:51:46.722+0100: 2154.366: [CMS-concurrent-preclean: 0.001/0.001 secs] [Times: user=0.00 sys=0.00, real=0.00 secs] 
2020-06-30T21:51:46.724+0100: 2154.368: [GC (CMS Final Remark) [YG occupancy: 22588 K (109248 K)]{Heap before GC invocations=216 (full 14):
 par new generation   total 109248K, used 22588K [0x00000000e0000000, 0x00000000e8000000, 0x00000000e8000000)
  eden space 87424K,   0% used [0x00000000e0000000, 0x00000000e00bf3d8, 0x00000000e5560000)
  from space 21824K, 100% used [0x00000000e5560000, 0x00000000e6ab0000, 0x00000000e6ab0000)
  to   space 21824K,   0% used [0x00000000e6ab0000, 0x00000000e6ab0000, 0x00000000e8000000)
 concurrent mark-sweep generation total 393216K, used 199161K [0x00000000e8000000, 0x0000000100000000, 0x0000000100000000)
 Metaspace       used 55688K, capacity 57449K, committed 57804K, reserved 1099776K
  class space    used 6560K, capacity 6966K, committed 7116K, reserved 1048576K
2020-06-30T21:51:46.724+0100: 2154.368: [GC (CMS Final Remark) 2020-06-30T21:51:46.724+0100: 2154.368: [ParNew
Desired survivor size 20112992 bytes, new threshold 8 (max 8)
- age   1:     510928 bytes,     510928 total
- age   2:    6168752 bytes,    6679680 total
- age   3:    4728472 bytes,   11408152 total
- age   4:    3239472 bytes,   14647624 total
- age   5:    1934304 bytes,   16581928 total
- age   6:    2556416 bytes,   19138344 total
: 22588K->21824K(109248K), 0.0109540 secs] 221750K->221213K(502464K), 0.0110230 secs] [Times: user=0.05 sys=0.00, real=0.01 secs] 
Heap after GC invocations=217 (full 14):
 par new generation   total 109248K, used 21824K [0x00000000e0000000, 0x00000000e8000000, 0x00000000e8000000)
  eden space 87424K,   0% used [0x00000000e0000000, 0x00000000e0000000, 0x00000000e5560000)
  from space 21824K, 100% used [0x00000000e6ab0000, 0x00000000e8000000, 0x00000000e8000000)
  to   space 21824K,   0% used [0x00000000e5560000, 0x00000000e5560000, 0x00000000e6ab0000)
 concurrent mark-sweep generation total 393216K, used 199389K [0x00000000e8000000, 0x0000000100000000, 0x0000000100000000)
 Metaspace       used 55688K, capacity 57449K, committed 57804K, reserved 1099776K
  class space    used 6560K, capacity 6966K, committed 7116K, reserved 1048576K
}
2020-06-30T21:51:46.736+0100: 2154.379: [Rescan (parallel) , 0.0037139 secs]2020-06-30T21:51:46.739+0100: 2154.383: [weak refs processing, 0.0092690 secs]2020-06-30T21:51:46.749+0100: 2154.392: [class unloading, 0.0185424 secs]2020-06-30T21:51:46.767+0100: 2154.411: [scrub symbol table, 0.0171874 secs]2020-06-30T21:51:46.784+0100: 2154.428: [scrub string table, 0.0011178 secs][1 CMS-remark: 199389K(393216K)] 221213K(502464K), 0.0614264 secs] [Times: user=0.11 sys=0.03, real=0.06 secs] 
2020-06-30T21:51:46.786+0100: 2154.430: Total time for which application threads were stopped: 0.0616595 seconds, Stopping threads took: 0.0000586 seconds
2020-06-30T21:51:46.786+0100: 2154.430: [CMS-concurrent-sweep-start]
2020-06-30T21:51:46.786+0100: 2154.430: Total time for which application threads were stopped: 0.0002035 seconds, Stopping threads took: 0.0000695 seconds
2020-06-30T21:51:46.787+0100: 2154.430: Total time for which application threads were stopped: 0.0001192 seconds, Stopping threads took: 0.0000524 seconds
2020-06-30T21:51:46.787+0100: 2154.431: Total time for which application threads were stopped: 0.0001213 seconds, Stopping threads took: 0.0000516 seconds
2020-06-30T21:51:46.787+0100: 2154.431: Total time for which application threads were stopped: 0.0001009 seconds, Stopping threads took: 0.0000438 seconds
2020-06-30T21:51:46.788+0100: 2154.431: Total time for which application threads were stopped: 0.0001153 seconds, Stopping threads took: 0.0000568 seconds
2020-06-30T21:51:46.788+0100: 2154.432: Total time for which application threads were stopped: 0.0001179 seconds, Stopping threads took: 0.0000554 seconds
2020-06-30T21:51:46.788+0100: 2154.432: Total time for which application threads were stopped: 0.0001197 seconds, Stopping threads took: 0.0000551 seconds
2020-06-30T21:51:46.789+0100: 2154.432: Total time for which application threads were stopped: 0.0001326 seconds, Stopping threads took: 0.0000691 seconds
2020-06-30T21:51:46.789+0100: 2154.433: Total time for which application threads were stopped: 0.0001609 seconds, Stopping threads took: 0.0000571 seconds
2020-06-30T21:51:46.789+0100: 2154.433: Total time for which application threads were stopped: 0.0001384 seconds, Stopping threads took: 0.0000526 seconds
2020-06-30T21:51:46.789+0100: 2154.433: Total time for which application threads were stopped: 0.0001557 seconds, Stopping threads took: 0.0000588 seconds
2020-06-30T21:51:46.790+0100: 2154.433: Total time for which application threads were stopped: 0.0001586 seconds, Stopping threads took: 0.0000687 seconds
2020-06-30T21:51:46.790+0100: 2154.434: Total time for which application threads were stopped: 0.0001632 seconds, Stopping threads took: 0.0000595 seconds
2020-06-30T21:51:46.790+0100: 2154.434: Total time for which application threads were stopped: 0.0001410 seconds, Stopping threads took: 0.0000507 seconds
2020-06-30T21:51:46.791+0100: 2154.435: Total time for which application threads were stopped: 0.0001445 seconds, Stopping threads took: 0.0000591 seconds
2020-06-30T21:51:46.792+0100: 2154.436: Total time for which application threads were stopped: 0.0001586 seconds, Stopping threads took: 0.0000577 seconds
2020-06-30T21:51:46.792+0100: 2154.436: Total time for which application threads were stopped: 0.0001345 seconds, Stopping threads took: 0.0000535 seconds
2020-06-30T21:51:46.792+0100: 2154.436: Total time for which application threads were stopped: 0.0001192 seconds, Stopping threads took: 0.0000557 seconds
2020-06-30T21:51:46.793+0100: 2154.437: Total time for which application threads were stopped: 0.0001196 seconds, Stopping threads took: 0.0000585 seconds
2020-06-30T21:51:46.794+0100: 2154.437: Total time for which application threads were stopped: 0.0003284 seconds, Stopping threads took: 0.0000723 seconds
2020-06-30T21:51:46.796+0100: 2154.440: Total time for which application threads were stopped: 0.0002287 seconds, Stopping threads took: 0.0000709 seconds
2020-06-30T21:51:46.798+0100: 2154.442: Total time for which application threads were stopped: 0.0008545 seconds, Stopping threads took: 0.0002777 seconds
2020-06-30T21:51:46.801+0100: 2154.444: Total time for which application threads were stopped: 0.0002381 seconds, Stopping threads took: 0.0000964 seconds
2020-06-30T21:51:46.801+0100: 2154.445: Total time for which application threads were stopped: 0.0001485 seconds, Stopping threads took: 0.0000550 seconds
2020-06-30T21:51:46.802+0100: 2154.445: Total time for which application threads were stopped: 0.0004430 seconds, Stopping threads took: 0.0000504 seconds
2020-06-30T21:51:46.803+0100: 2154.447: Total time for which application threads were stopped: 0.0004387 seconds, Stopping threads took: 0.0000753 seconds
2020-06-30T21:51:46.875+0100: 2154.518: [CMS-concurrent-sweep: 0.083/0.089 secs] [Times: user=0.14 sys=0.00, real=0.09 secs] 
2020-06-30T21:51:46.875+0100: 2154.519: [CMS-concurrent-reset-start]
2020-06-30T21:51:46.875+0100: 2154.519: [CMS-concurrent-reset: 0.001/0.001 secs] [Times: user=0.00 sys=0.00, real=0.00 secs] 
{Heap before GC invocations=217 (full 14):
 par new generation   total 109248K, used 109248K [0x00000000e0000000, 0x00000000e8000000, 0x00000000e8000000)
  eden space 87424K, 100% used [0x00000000e0000000, 0x00000000e5560000, 0x00000000e5560000)
  from space 21824K, 100% used [0x00000000e6ab0000, 0x00000000e8000000, 0x00000000e8000000)
  to   space 21824K,   0% used [0x00000000e5560000, 0x00000000e5560000, 0x00000000e6ab0000)
 concurrent mark-sweep generation total 393216K, used 88970K [0x00000000e8000000, 0x0000000100000000, 0x0000000100000000)
 Metaspace       used 55688K, capacity 57449K, committed 57804K, reserved 1099776K
  class space    used 6560K, capacity 6966K, committed 7116K, reserved 1048576K
2020-06-30T21:51:46.996+0100: 2154.640: [GC (Allocation Failure) 2020-06-30T21:51:46.996+0100: 2154.640: [ParNew
Desired survivor size 20112992 bytes, new threshold 7 (max 8)
- age   1:    5116512 bytes,    5116512 total
- age   2:     509888 bytes,    5626400 total
- age   3:    5603792 bytes,   11230192 total
- age   4:    3888192 bytes,   15118384 total
- age   5:    2744920 bytes,   17863304 total
- age   6:    1885200 bytes,   19748504 total
- age   7:    2344336 bytes,   22092840 total
: 109248K->21824K(109248K), 0.0126647 secs] 198218K->112456K(502464K), 0.0127610 secs] [Times: user=0.06 sys=0.00, real=0.01 secs] 
Heap after GC invocations=218 (full 14):
 par new generation   total 109248K, used 21824K [0x00000000e0000000, 0x00000000e8000000, 0x00000000e8000000)
  eden space 87424K,   0% used [0x00000000e0000000, 0x00000000e0000000, 0x00000000e5560000)
  from space 21824K, 100% used [0x00000000e5560000, 0x00000000e6ab0000, 0x00000000e6ab0000)
  to   space 21824K,   0% used [0x00000000e6ab0000, 0x00000000e6ab0000, 0x00000000e8000000)
 concurrent mark-sweep generation total 393216K, used 90632K [0x00000000e8000000, 0x0000000100000000, 0x0000000100000000)
 Metaspace       used 55688K, capacity 57449K, committed 57804K, reserved 1099776K
  class space    used 6560K, capacity 6966K, committed 7116K, reserved 1048576K
}
2020-06-30T21:51:47.009+0100: 2154.653: Total time for which application threads were stopped: 0.0130913 seconds, Stopping threads took: 0.0000765 seconds
{Heap before GC invocations=218 (full 14):
 par new generation   total 109248K, used 109248K [0x00000000e0000000, 0x00000000e8000000, 0x00000000e8000000)
  eden space 87424K, 100% used [0x00000000e0000000, 0x00000000e5560000, 0x00000000e5560000)
  from space 21824K, 100% used [0x00000000e5560000, 0x00000000e6ab0000, 0x00000000e6ab0000)
  to   space 21824K,   0% used [0x00000000e6ab0000, 0x00000000e6ab0000, 0x00000000e8000000)
 concurrent mark-sweep generation total 393216K, used 90632K [0x00000000e8000000, 0x0000000100000000, 0x0000000100000000)
 Metaspace       used 55688K, capacity 57449K, committed 57804K, reserved 1099776K
  class space    used 6560K, capacity 6966K, committed 7116K, reserved 1048576K
2020-06-30T21:51:47.235+0100: 2154.879: [GC (Allocation Failure) 2020-06-30T21:51:47.235+0100: 2154.879: [ParNew
Desired survivor size 20112992 bytes, new threshold 8 (max 8)
- age   1:    2635000 bytes,    2635000 total
- age   2:    3009760 bytes,    5644760 total
- age   3:     509888 bytes,    6154648 total
- age   4:    5597080 bytes,   11751728 total
- age   5:    3881360 bytes,   15633088 total
- age   6:    2728648 bytes,   18361736 total
- age   7:    1715400 bytes,   20077136 total
: 109248K->21824K(109248K), 0.0185657 secs] 199880K->120507K(502464K), 0.0186786 secs] [Times: user=0.06 sys=0.00, real=0.02 secs] 
Heap after GC invocations=219 (full 14):
 par new generation   total 109248K, used 21824K [0x00000000e0000000, 0x00000000e8000000, 0x00000000e8000000)
  eden space 87424K,   0% used [0x00000000e0000000, 0x00000000e0000000, 0x00000000e5560000)
  from space 21824K, 100% used [0x00000000e6ab0000, 0x00000000e8000000, 0x00000000e8000000)
  to   space 21824K,   0% used [0x00000000e5560000, 0x00000000e5560000, 0x00000000e6ab0000)
 concurrent mark-sweep generation total 393216K, used 98683K [0x00000000e8000000, 0x0000000100000000, 0x0000000100000000)
 Metaspace       used 55688K, capacity 57449K, committed 57804K, reserved 1099776K
  class space    used 6560K, capacity 6966K, committed 7116K, reserved 1048576K
}
2020-06-30T21:51:47.254+0100: 2154.897: Total time for which application threads were stopped: 0.0192819 seconds, Stopping threads took: 0.0003189 seconds
{Heap before GC invocations=219 (full 14):
 par new generation   total 109248K, used 109248K [0x00000000e0000000, 0x00000000e8000000, 0x00000000e8000000)
  eden space 87424K, 100% used [0x00000000e0000000, 0x00000000e5560000, 0x00000000e5560000)
  from space 21824K, 100% used [0x00000000e6ab0000, 0x00000000e8000000, 0x00000000e8000000)
  to   space 21824K,   0% used [0x00000000e5560000, 0x00000000e5560000, 0x00000000e6ab0000)
 concurrent mark-sweep generation total 393216K, used 98683K [0x00000000e8000000, 0x0000000100000000, 0x0000000100000000)
 Metaspace       used 55688K, capacity 57449K, committed 57804K, reserved 1099776K
  class space    used 6560K, capacity 6966K, committed 7116K, reserved 1048576K
2020-06-30T21:51:47.488+0100: 2155.132: [GC (Allocation Failure) 2020-06-30T21:51:47.489+0100: 2155.132: [ParNew
Desired survivor size 20112992 bytes, new threshold 7 (max 8)
- age   1:    3371472 bytes,    3371472 total
- age   2:    1553176 bytes,    4924648 total
- age   3:    2990800 bytes,    7915448 total
- age   4:     509888 bytes,    8425336 total
- age   5:    5596680 bytes,   14022016 total
- age   6:    3881320 bytes,   17903336 total
- age   7:    2728648 bytes,   20631984 total
- age   8:    1712952 bytes,   22344936 total
: 109248K->21824K(109248K), 0.0185260 secs] 207931K->128979K(502464K), 0.0189833 secs] [Times: user=0.08 sys=0.00, real=0.02 secs] 
Heap after GC invocations=220 (full 14):
 par new generation   total 109248K, used 21824K [0x00000000e0000000, 0x00000000e8000000, 0x00000000e8000000)
  eden space 87424K,   0% used [0x00000000e0000000, 0x00000000e0000000, 0x00000000e5560000)
  from space 21824K, 100% used [0x00000000e5560000, 0x00000000e6ab0000, 0x00000000e6ab0000)
  to   space 21824K,   0% used [0x00000000e6ab0000, 0x00000000e6ab0000, 0x00000000e8000000)
 concurrent mark-sweep generation total 393216K, used 107155K [0x00000000e8000000, 0x0000000100000000, 0x0000000100000000)
 Metaspace       used 55688K, capacity 57449K, committed 57804K, reserved 1099776K
  class space    used 6560K, capacity 6966K, committed 7116K, reserved 1048576K
}
2020-06-30T21:51:47.507+0100: 2155.151: Total time for which application threads were stopped: 0.0193414 seconds, Stopping threads took: 0.0001153 seconds
2020-06-30T21:51:48.509+0100: 2156.153: Total time for which application threads were stopped: 0.0016659 seconds, Stopping threads took: 0.0015650 seconds
2020-06-30T21:51:48.884+0100: 2156.528: Total time for which application threads were stopped: 0.0001117 seconds, Stopping threads took: 0.0000570 seconds
2020-06-30T21:51:48.886+0100: 2156.530: Total time for which application threads were stopped: 0.0001204 seconds, Stopping threads took: 0.0000662 seconds
2020-06-30T21:51:48.886+0100: 2156.530: Total time for which application threads were stopped: 0.0001423 seconds, Stopping threads took: 0.0001020 seconds
2020-06-30T21:51:48.886+0100: 2156.530: Total time for which application threads were stopped: 0.0000439 seconds, Stopping threads took: 0.0000173 seconds
2020-06-30T21:51:48.886+0100: 2156.530: Total time for which application threads were stopped: 0.0001486 seconds, Stopping threads took: 0.0000137 seconds
2020-06-30T21:51:52.791+0100: 2160.435: Total time for which application threads were stopped: 0.0002956 seconds, Stopping threads took: 0.0001617 seconds
2020-06-30T21:51:52.795+0100: 2160.439: Total time for which application threads were stopped: 0.0001580 seconds, Stopping threads took: 0.0000926 seconds
2020-06-30T21:51:52.796+0100: 2160.439: Total time for which application threads were stopped: 0.0001729 seconds, Stopping threads took: 0.0000975 seconds
2020-06-30T21:51:52.903+0100: 2160.547: Total time for which application threads were stopped: 0.0002686 seconds, Stopping threads took: 0.0001430 seconds
{Heap before GC invocations=220 (full 14):
 par new generation   total 109248K, used 109248K [0x00000000e0000000, 0x00000000e8000000, 0x00000000e8000000)
  eden space 87424K, 100% used [0x00000000e0000000, 0x00000000e5560000, 0x00000000e5560000)
  from space 21824K, 100% used [0x00000000e5560000, 0x00000000e6ab0000, 0x00000000e6ab0000)
  to   space 21824K,   0% used [0x00000000e6ab0000, 0x00000000e6ab0000, 0x00000000e8000000)
 concurrent mark-sweep generation total 393216K, used 107155K [0x00000000e8000000, 0x0000000100000000, 0x0000000100000000)
 Metaspace       used 55702K, capacity 57449K, committed 57804K, reserved 1099776K
  class space    used 6561K, capacity 6966K, committed 7116K, reserved 1048576K
2020-06-30T21:51:52.945+0100: 2160.589: [GC (Allocation Failure) 2020-06-30T21:51:52.945+0100: 2160.589: [ParNew
Desired survivor size 20112992 bytes, new threshold 8 (max 8)
- age   1:    2945544 bytes,    2945544 total
- age   2:    2638144 bytes,    5583688 total
- age   3:    1489224 bytes,    7072912 total
- age   4:    2532592 bytes,    9605504 total
- age   5:     509888 bytes,   10115392 total
- age   6:    5201944 bytes,   15317336 total
- age   7:    3701192 bytes,   19018528 total
: 109248K->21824K(109248K), 0.0174412 secs] 216403K->141529K(502464K), 0.0175331 secs] [Times: user=0.06 sys=0.00, real=0.02 secs] 
Heap after GC invocations=221 (full 14):
 par new generation   total 109248K, used 21824K [0x00000000e0000000, 0x00000000e8000000, 0x00000000e8000000)
  eden space 87424K,   0% used [0x00000000e0000000, 0x00000000e0000000, 0x00000000e5560000)
  from space 21824K, 100% used [0x00000000e6ab0000, 0x00000000e8000000, 0x00000000e8000000)
  to   space 21824K,   0% used [0x00000000e5560000, 0x00000000e5560000, 0x00000000e6ab0000)
 concurrent mark-sweep generation total 393216K, used 119705K [0x00000000e8000000, 0x0000000100000000, 0x0000000100000000)
 Metaspace       used 55702K, capacity 57449K, committed 57804K, reserved 1099776K
  class space    used 6561K, capacity 6966K, committed 7116K, reserved 1048576K
}
2020-06-30T21:51:52.962+0100: 2160.606: Total time for which application threads were stopped: 0.0178073 seconds, Stopping threads took: 0.0000684 seconds
{Heap before GC invocations=221 (full 14):
 par new generation   total 109248K, used 109248K [0x00000000e0000000, 0x00000000e8000000, 0x00000000e8000000)
  eden space 87424K, 100% used [0x00000000e0000000, 0x00000000e5560000, 0x00000000e5560000)
  from space 21824K, 100% used [0x00000000e6ab0000, 0x00000000e8000000, 0x00000000e8000000)
  to   space 21824K,   0% used [0x00000000e5560000, 0x00000000e5560000, 0x00000000e6ab0000)
 concurrent mark-sweep generation total 393216K, used 119705K [0x00000000e8000000, 0x0000000100000000, 0x0000000100000000)
 Metaspace       used 55702K, capacity 57449K, committed 57804K, reserved 1099776K
  class space    used 6561K, capacity 6966K, committed 7116K, reserved 1048576K
2020-06-30T21:51:53.057+0100: 2160.700: [GC (Allocation Failure) 2020-06-30T21:51:53.057+0100: 2160.700: [ParNew
Desired survivor size 20112992 bytes, new threshold 8 (max 8)
- age   1:    5228816 bytes,    5228816 total
- age   2:    1202304 bytes,    6431120 total
- age   3:    2579776 bytes,    9010896 total
- age   4:    1489224 bytes,   10500120 total
- age   5:    2532592 bytes,   13032712 total
- age   6:     509888 bytes,   13542600 total
- age   7:    5094824 bytes,   18637424 total
- age   8:    3701192 bytes,   22338616 total
: 109248K->21824K(109248K), 0.0148040 secs] 228953K->146382K(502464K), 0.0148806 secs] [Times: user=0.06 sys=0.00, real=0.02 secs] 
Heap after GC invocations=222 (full 14):
 par new generation   total 109248K, used 21824K [0x00000000e0000000, 0x00000000e8000000, 0x00000000e8000000)
  eden space 87424K,   0% used [0x00000000e0000000, 0x00000000e0000000, 0x00000000e5560000)
  from space 21824K, 100% used [0x00000000e5560000, 0x00000000e6ab0000, 0x00000000e6ab0000)
  to   space 21824K,   0% used [0x00000000e6ab0000, 0x00000000e6ab0000, 0x00000000e8000000)
 concurrent mark-sweep generation total 393216K, used 124558K [0x00000000e8000000, 0x0000000100000000, 0x0000000100000000)
 Metaspace       used 55702K, capacity 57449K, committed 57804K, reserved 1099776K
  class space    used 6561K, capacity 6966K, committed 7116K, reserved 1048576K
}
2020-06-30T21:51:53.072+0100: 2160.715: Total time for which application threads were stopped: 0.0151556 seconds, Stopping threads took: 0.0000930 seconds
{Heap before GC invocations=222 (full 14):
 par new generation   total 109248K, used 109248K [0x00000000e0000000, 0x00000000e8000000, 0x00000000e8000000)
  eden space 87424K, 100% used [0x00000000e0000000, 0x00000000e5560000, 0x00000000e5560000)
  from space 21824K, 100% used [0x00000000e5560000, 0x00000000e6ab0000, 0x00000000e6ab0000)
  to   space 21824K,   0% used [0x00000000e6ab0000, 0x00000000e6ab0000, 0x00000000e8000000)
 concurrent mark-sweep generation total 393216K, used 124558K [0x00000000e8000000, 0x0000000100000000, 0x0000000100000000)
 Metaspace       used 55704K, capacity 57449K, committed 57804K, reserved 1099776K
  class space    used 6561K, capacity 6966K, committed 7116K, reserved 1048576K
2020-06-30T21:51:53.202+0100: 2160.845: [GC (Allocation Failure) 2020-06-30T21:51:53.202+0100: 2160.845: [ParNew
Desired survivor size 20112992 bytes, new threshold 8 (max 8)
- age   1:    5990312 bytes,    5990312 total
- age   2:    2908376 bytes,    8898688 total
- age   3:    1201368 bytes,   10100056 total
- age   4:    2579776 bytes,   12679832 total
- age   5:    1489224 bytes,   14169056 total
- age   6:    2532592 bytes,   16701648 total
- age   7:     509888 bytes,   17211536 total
- age   8:    5094824 bytes,   22306360 total
: 109248K->21824K(109248K), 0.0152174 secs] 233806K->155669K(502464K), 0.0152996 secs] [Times: user=0.06 sys=0.00, real=0.02 secs] 
Heap after GC invocations=223 (full 14):
 par new generation   total 109248K, used 21824K [0x00000000e0000000, 0x00000000e8000000, 0x00000000e8000000)
  eden space 87424K,   0% used [0x00000000e0000000, 0x00000000e0000000, 0x00000000e5560000)
  from space 21824K, 100% used [0x00000000e6ab0000, 0x00000000e8000000, 0x00000000e8000000)
  to   space 21824K,   0% used [0x00000000e5560000, 0x00000000e5560000, 0x00000000e6ab0000)
 concurrent mark-sweep generation total 393216K, used 133845K [0x00000000e8000000, 0x0000000100000000, 0x0000000100000000)
 Metaspace       used 55704K, capacity 57449K, committed 57804K, reserved 1099776K
  class space    used 6561K, capacity 6966K, committed 7116K, reserved 1048576K
}
2020-06-30T21:51:53.217+0100: 2160.861: Total time for which application threads were stopped: 0.0155621 seconds, Stopping threads took: 0.0000530 seconds
2020-06-30T21:51:54.452+0100: 2162.096: Total time for which application threads were stopped: 0.0001233 seconds, Stopping threads took: 0.0000549 seconds
2020-06-30T21:51:54.453+0100: 2162.097: Total time for which application threads were stopped: 0.0001357 seconds, Stopping threads took: 0.0000459 seconds
2020-06-30T21:51:54.698+0100: 2162.342: Total time for which application threads were stopped: 0.0002048 seconds, Stopping threads took: 0.0001551 seconds
2020-06-30T21:51:54.701+0100: 2162.345: Total time for which application threads were stopped: 0.0001197 seconds, Stopping threads took: 0.0000572 seconds
2020-06-30T21:51:54.702+0100: 2162.345: Total time for which application threads were stopped: 0.0001229 seconds, Stopping threads took: 0.0000606 seconds
2020-06-30T21:51:54.714+0100: 2162.358: Total time for which application threads were stopped: 0.0003053 seconds, Stopping threads took: 0.0002241 seconds
2020-06-30T21:51:54.716+0100: 2162.360: Total time for which application threads were stopped: 0.0001422 seconds, Stopping threads took: 0.0000633 seconds
{Heap before GC invocations=223 (full 14):
 par new generation   total 109248K, used 109248K [0x00000000e0000000, 0x00000000e8000000, 0x00000000e8000000)
  eden space 87424K, 100% used [0x00000000e0000000, 0x00000000e5560000, 0x00000000e5560000)
  from space 21824K, 100% used [0x00000000e6ab0000, 0x00000000e8000000, 0x00000000e8000000)
  to   space 21824K,   0% used [0x00000000e5560000, 0x00000000e5560000, 0x00000000e6ab0000)
 concurrent mark-sweep generation total 393216K, used 133845K [0x00000000e8000000, 0x0000000100000000, 0x0000000100000000)
 Metaspace       used 55711K, capacity 57449K, committed 57804K, reserved 1099776K
  class space    used 6561K, capacity 6966K, committed 7116K, reserved 1048576K
2020-06-30T21:51:54.755+0100: 2162.399: [GC (Allocation Failure) 2020-06-30T21:51:54.755+0100: 2162.399: [ParNew
Desired survivor size 20112992 bytes, new threshold 8 (max 8)
- age   1:    4744408 bytes,    4744408 total
- age   2:    3349272 bytes,    8093680 total
- age   3:    2716952 bytes,   10810632 total
- age   4:     602440 bytes,   11413072 total
- age   5:    2579584 bytes,   13992656 total
- age   6:    1445328 bytes,   15437984 total
- age   7:    2526192 bytes,   17964176 total
- age   8:     509888 bytes,   18474064 total
: 109248K->21824K(109248K), 0.0147641 secs] 243093K->163205K(502464K), 0.0148483 secs] [Times: user=0.06 sys=0.00, real=0.01 secs] 
Heap after GC invocations=224 (full 14):
 par new generation   total 109248K, used 21824K [0x00000000e0000000, 0x00000000e8000000, 0x00000000e8000000)
  eden space 87424K,   0% used [0x00000000e0000000, 0x00000000e0000000, 0x00000000e5560000)
  from space 21824K, 100% used [0x00000000e5560000, 0x00000000e6ab0000, 0x00000000e6ab0000)
  to   space 21824K,   0% used [0x00000000e6ab0000, 0x00000000e6ab0000, 0x00000000e8000000)
 concurrent mark-sweep generation total 393216K, used 141381K [0x00000000e8000000, 0x0000000100000000, 0x0000000100000000)
 Metaspace       used 55711K, capacity 57449K, committed 57804K, reserved 1099776K
  class space    used 6561K, capacity 6966K, committed 7116K, reserved 1048576K
}
2020-06-30T21:51:54.770+0100: 2162.414: Total time for which application threads were stopped: 0.0150940 seconds, Stopping threads took: 0.0000581 seconds
2020-06-30T21:51:54.806+0100: 2162.450: Total time for which application threads were stopped: 0.0001783 seconds, Stopping threads took: 0.0000681 seconds
{Heap before GC invocations=224 (full 14):
 par new generation   total 109248K, used 109248K [0x00000000e0000000, 0x00000000e8000000, 0x00000000e8000000)
  eden space 87424K, 100% used [0x00000000e0000000, 0x00000000e5560000, 0x00000000e5560000)
  from space 21824K, 100% used [0x00000000e5560000, 0x00000000e6ab0000, 0x00000000e6ab0000)
  to   space 21824K,   0% used [0x00000000e6ab0000, 0x00000000e6ab0000, 0x00000000e8000000)
 concurrent mark-sweep generation total 393216K, used 141381K [0x00000000e8000000, 0x0000000100000000, 0x0000000100000000)
 Metaspace       used 55711K, capacity 57449K, committed 57804K, reserved 1099776K
  class space    used 6561K, capacity 6966K, committed 7116K, reserved 1048576K
2020-06-30T21:51:54.873+0100: 2162.517: [GC (Allocation Failure) 2020-06-30T21:51:54.873+0100: 2162.517: [ParNew
Desired survivor size 20112992 bytes, new threshold 8 (max 8)
- age   1:    4665840 bytes,    4665840 total
- age   2:    4256816 bytes,    8922656 total
- age   3:    3228424 bytes,   12151080 total
- age   4:    2716952 bytes,   14868032 total
- age   5:     600328 bytes,   15468360 total
- age   6:    2579584 bytes,   18047944 total
- age   7:    1445328 bytes,   19493272 total
- age   8:    2526192 bytes,   22019464 total
: 109248K->21824K(109248K), 0.0116733 secs] 250629K->165937K(502464K), 0.0117351 secs] [Times: user=0.06 sys=0.00, real=0.01 secs] 
Heap after GC invocations=225 (full 14):
 par new generation   total 109248K, used 21824K [0x00000000e0000000, 0x00000000e8000000, 0x00000000e8000000)
  eden space 87424K,   0% used [0x00000000e0000000, 0x00000000e0000000, 0x00000000e5560000)
  from space 21824K, 100% used [0x00000000e6ab0000, 0x00000000e8000000, 0x00000000e8000000)
  to   space 21824K,   0% used [0x00000000e5560000, 0x00000000e5560000, 0x00000000e6ab0000)
 concurrent mark-sweep generation total 393216K, used 144113K [0x00000000e8000000, 0x0000000100000000, 0x0000000100000000)
 Metaspace       used 55711K, capacity 57449K, committed 57804K, reserved 1099776K
  class space    used 6561K, capacity 6966K, committed 7116K, reserved 1048576K
}
2020-06-30T21:51:54.885+0100: 2162.529: Total time for which application threads were stopped: 0.0119632 seconds, Stopping threads took: 0.0000648 seconds
{Heap before GC invocations=225 (full 14):
 par new generation   total 109248K, used 109248K [0x00000000e0000000, 0x00000000e8000000, 0x00000000e8000000)
  eden space 87424K, 100% used [0x00000000e0000000, 0x00000000e5560000, 0x00000000e5560000)
  from space 21824K, 100% used [0x00000000e6ab0000, 0x00000000e8000000, 0x00000000e8000000)
  to   space 21824K,   0% used [0x00000000e5560000, 0x00000000e5560000, 0x00000000e6ab0000)
 concurrent mark-sweep generation total 393216K, used 144113K [0x00000000e8000000, 0x0000000100000000, 0x0000000100000000)
 Metaspace       used 55711K, capacity 57449K, committed 57804K, reserved 1099776K
  class space    used 6561K, capacity 6966K, committed 7116K, reserved 1048576K
2020-06-30T21:51:54.974+0100: 2162.617: [GC (Allocation Failure) 2020-06-30T21:51:54.974+0100: 2162.617: [ParNew
Desired survivor size 20112992 bytes, new threshold 8 (max 8)
- age   1:    3655336 bytes,    3655336 total
- age   2:    2473600 bytes,    6128936 total
- age   3:    4191232 bytes,   10320168 total
- age   4:    3228424 bytes,   13548592 total
- age   5:    2716952 bytes,   16265544 total
- age   6:     600328 bytes,   16865872 total
- age   7:    2579584 bytes,   19445456 total
- age   8:    1445328 bytes,   20890784 total
: 109248K->21824K(109248K), 0.0173055 secs] 253361K->176453K(502464K), 0.0173974 secs] [Times: user=0.08 sys=0.00, real=0.02 secs] 
Heap after GC invocations=226 (full 14):
 par new generation   total 109248K, used 21824K [0x00000000e0000000, 0x00000000e8000000, 0x00000000e8000000)
  eden space 87424K,   0% used [0x00000000e0000000, 0x00000000e0000000, 0x00000000e5560000)
  from space 21824K, 100% used [0x00000000e5560000, 0x00000000e6ab0000, 0x00000000e6ab0000)
  to   space 21824K,   0% used [0x00000000e6ab0000, 0x00000000e6ab0000, 0x00000000e8000000)
 concurrent mark-sweep generation total 393216K, used 154629K [0x00000000e8000000, 0x0000000100000000, 0x0000000100000000)
 Metaspace       used 55711K, capacity 57449K, committed 57804K, reserved 1099776K
  class space    used 6561K, capacity 6966K, committed 7116K, reserved 1048576K
}
2020-06-30T21:51:54.991+0100: 2162.635: Total time for which application threads were stopped: 0.0176493 seconds, Stopping threads took: 0.0000728 seconds
{Heap before GC invocations=226 (full 14):
 par new generation   total 109248K, used 109248K [0x00000000e0000000, 0x00000000e8000000, 0x00000000e8000000)
  eden space 87424K, 100% used [0x00000000e0000000, 0x00000000e5560000, 0x00000000e5560000)
  from space 21824K, 100% used [0x00000000e5560000, 0x00000000e6ab0000, 0x00000000e6ab0000)
  to   space 21824K,   0% used [0x00000000e6ab0000, 0x00000000e6ab0000, 0x00000000e8000000)
 concurrent mark-sweep generation total 393216K, used 154629K [0x00000000e8000000, 0x0000000100000000, 0x0000000100000000)
 Metaspace       used 55720K, capacity 57513K, committed 57804K, reserved 1099776K
  class space    used 6561K, capacity 6966K, committed 7116K, reserved 1048576K
2020-06-30T21:51:55.101+0100: 2162.745: [GC (Allocation Failure) 2020-06-30T21:51:55.101+0100: 2162.745: [ParNew
Desired survivor size 20112992 bytes, new threshold 8 (max 8)
- age   1:    4240192 bytes,    4240192 total
- age   2:    2467232 bytes,    6707424 total
- age   3:    2460640 bytes,    9168064 total
- age   4:    4171200 bytes,   13339264 total
- age   5:    2851952 bytes,   16191216 total
- age   6:    2640184 bytes,   18831400 total
- age   7:     555232 bytes,   19386632 total
- age   8:    2432280 bytes,   21818912 total
: 109248K->21824K(109248K), 0.0176349 secs] 263877K->189175K(502464K), 0.0177010 secs] [Times: user=0.06 sys=0.00, real=0.02 secs] 
Heap after GC invocations=227 (full 14):
 par new generation   total 109248K, used 21824K [0x00000000e0000000, 0x00000000e8000000, 0x00000000e8000000)
  eden space 87424K,   0% used [0x00000000e0000000, 0x00000000e0000000, 0x00000000e5560000)
  from space 21824K, 100% used [0x00000000e6ab0000, 0x00000000e8000000, 0x00000000e8000000)
  to   space 21824K,   0% used [0x00000000e5560000, 0x00000000e5560000, 0x00000000e6ab0000)
 concurrent mark-sweep generation total 393216K, used 167351K [0x00000000e8000000, 0x0000000100000000, 0x0000000100000000)
 Metaspace       used 55720K, capacity 57513K, committed 57804K, reserved 1099776K
  class space    used 6561K, capacity 6966K, committed 7116K, reserved 1048576K
}
2020-06-30T21:51:55.119+0100: 2162.763: Total time for which application threads were stopped: 0.0179277 seconds, Stopping threads took: 0.0000523 seconds
2020-06-30T21:51:56.120+0100: 2163.763: Total time for which application threads were stopped: 0.0001635 seconds, Stopping threads took: 0.0000980 seconds
2020-06-30T21:51:57.053+0100: 2164.696: Total time for which application threads were stopped: 0.0001785 seconds, Stopping threads took: 0.0000890 seconds
2020-06-30T21:51:57.053+0100: 2164.697: Total time for which application threads were stopped: 0.0000999 seconds, Stopping threads took: 0.0000276 seconds
2020-06-30T21:51:57.053+0100: 2164.697: Total time for which application threads were stopped: 0.0001001 seconds, Stopping threads took: 0.0000498 seconds
2020-06-30T21:51:57.100+0100: 2164.744: Total time for which application threads were stopped: 0.0001281 seconds, Stopping threads took: 0.0000541 seconds
2020-06-30T21:51:57.106+0100: 2164.750: Total time for which application threads were stopped: 0.0001713 seconds, Stopping threads took: 0.0000841 seconds
2020-06-30T21:51:57.106+0100: 2164.750: Total time for which application threads were stopped: 0.0001070 seconds, Stopping threads took: 0.0000501 seconds
2020-06-30T21:51:57.107+0100: 2164.750: Total time for which application threads were stopped: 0.0000972 seconds, Stopping threads took: 0.0000477 seconds
2020-06-30T21:52:03.259+0100: 2170.903: Total time for which application threads were stopped: 0.0001828 seconds, Stopping threads took: 0.0001324 seconds
2020-06-30T21:52:03.263+0100: 2170.907: Total time for which application threads were stopped: 0.0001794 seconds, Stopping threads took: 0.0000881 seconds
2020-06-30T21:52:03.264+0100: 2170.907: Total time for which application threads were stopped: 0.0001332 seconds, Stopping threads took: 0.0000602 seconds
2020-06-30T21:52:03.282+0100: 2170.926: Total time for which application threads were stopped: 0.0001324 seconds, Stopping threads took: 0.0000654 seconds
2020-06-30T21:52:03.283+0100: 2170.927: Total time for which application threads were stopped: 0.0001274 seconds, Stopping threads took: 0.0000588 seconds
2020-06-30T21:52:03.375+0100: 2171.019: Total time for which application threads were stopped: 0.0001376 seconds, Stopping threads took: 0.0000650 seconds
{Heap before GC invocations=227 (full 14):
 par new generation   total 109248K, used 109248K [0x00000000e0000000, 0x00000000e8000000, 0x00000000e8000000)
  eden space 87424K, 100% used [0x00000000e0000000, 0x00000000e5560000, 0x00000000e5560000)
  from space 21824K, 100% used [0x00000000e6ab0000, 0x00000000e8000000, 0x00000000e8000000)
  to   space 21824K,   0% used [0x00000000e5560000, 0x00000000e5560000, 0x00000000e6ab0000)
 concurrent mark-sweep generation total 393216K, used 167351K [0x00000000e8000000, 0x0000000100000000, 0x0000000100000000)
 Metaspace       used 55757K, capacity 57513K, committed 57804K, reserved 1099776K
  class space    used 6561K, capacity 6966K, committed 7116K, reserved 1048576K
2020-06-30T21:52:03.376+0100: 2171.020: [GC (Allocation Failure) 2020-06-30T21:52:03.376+0100: 2171.020: [ParNew
Desired survivor size 20112992 bytes, new threshold 7 (max 8)
- age   1:    4242904 bytes,    4242904 total
- age   2:    3499064 bytes,    7741968 total
- age   3:    2432360 bytes,   10174328 total
- age   4:    2028376 bytes,   12202704 total
- age   5:    4073896 bytes,   16276600 total
- age   6:    2850896 bytes,   19127496 total
- age   7:    2640144 bytes,   21767640 total
- age   8:     554872 bytes,   22322512 total
: 109248K->21824K(109248K), 0.0141945 secs] 276599K->193803K(502464K), 0.0143153 secs] [Times: user=0.06 sys=0.00, real=0.02 secs] 
Heap after GC invocations=228 (full 14):
 par new generation   total 109248K, used 21824K [0x00000000e0000000, 0x00000000e8000000, 0x00000000e8000000)
  eden space 87424K,   0% used [0x00000000e0000000, 0x00000000e0000000, 0x00000000e5560000)
  from space 21824K, 100% used [0x00000000e5560000, 0x00000000e6ab0000, 0x00000000e6ab0000)
  to   space 21824K,   0% used [0x00000000e6ab0000, 0x00000000e6ab0000, 0x00000000e8000000)
 concurrent mark-sweep generation total 393216K, used 171979K [0x00000000e8000000, 0x0000000100000000, 0x0000000100000000)
 Metaspace       used 55757K, capacity 57513K, committed 57804K, reserved 1099776K
  class space    used 6561K, capacity 6966K, committed 7116K, reserved 1048576K
}
2020-06-30T21:52:03.391+0100: 2171.034: Total time for which application threads were stopped: 0.0146245 seconds, Stopping threads took: 0.0000442 seconds
{Heap before GC invocations=228 (full 14):
 par new generation   total 109248K, used 109248K [0x00000000e0000000, 0x00000000e8000000, 0x00000000e8000000)
  eden space 87424K, 100% used [0x00000000e0000000, 0x00000000e5560000, 0x00000000e5560000)
  from space 21824K, 100% used [0x00000000e5560000, 0x00000000e6ab0000, 0x00000000e6ab0000)
  to   space 21824K,   0% used [0x00000000e6ab0000, 0x00000000e6ab0000, 0x00000000e8000000)
 concurrent mark-sweep generation total 393216K, used 171979K [0x00000000e8000000, 0x0000000100000000, 0x0000000100000000)
 Metaspace       used 55757K, capacity 57513K, committed 57804K, reserved 1099776K
  class space    used 6561K, capacity 6966K, committed 7116K, reserved 1048576K
2020-06-30T21:52:03.481+0100: 2171.125: [GC (Allocation Failure) 2020-06-30T21:52:03.481+0100: 2171.125: [ParNew
Desired survivor size 20112992 bytes, new threshold 7 (max 8)
- age   1:    3911864 bytes,    3911864 total
- age   2:    3639104 bytes,    7550968 total
- age   3:    3494616 bytes,   11045584 total
- age   4:    2418872 bytes,   13464456 total
- age   5:    2028312 bytes,   15492768 total
- age   6:    3930176 bytes,   19422944 total
- age   7:    2850896 bytes,   22273840 total
: 109248K->21824K(109248K), 0.0149258 secs] 281227K->201103K(502464K), 0.0149857 secs] [Times: user=0.06 sys=0.00, real=0.02 secs] 
Heap after GC invocations=229 (full 14):
 par new generation   total 109248K, used 21824K [0x00000000e0000000, 0x00000000e8000000, 0x00000000e8000000)
  eden space 87424K,   0% used [0x00000000e0000000, 0x00000000e0000000, 0x00000000e5560000)
  from space 21824K, 100% used [0x00000000e6ab0000, 0x00000000e8000000, 0x00000000e8000000)
  to   space 21824K,   0% used [0x00000000e5560000, 0x00000000e5560000, 0x00000000e6ab0000)
 concurrent mark-sweep generation total 393216K, used 179279K [0x00000000e8000000, 0x0000000100000000, 0x0000000100000000)
 Metaspace       used 55757K, capacity 57513K, committed 57804K, reserved 1099776K
  class space    used 6561K, capacity 6966K, committed 7116K, reserved 1048576K
}
2020-06-30T21:52:03.496+0100: 2171.140: Total time for which application threads were stopped: 0.0152367 seconds, Stopping threads took: 0.0000893 seconds
2020-06-30T21:52:03.496+0100: 2171.140: Total time for which application threads were stopped: 0.0001150 seconds, Stopping threads took: 0.0000607 seconds
2020-06-30T21:52:03.496+0100: 2171.140: Total time for which application threads were stopped: 0.0001371 seconds, Stopping threads took: 0.0001039 seconds
2020-06-30T21:52:03.497+0100: 2171.140: Total time for which application threads were stopped: 0.0000717 seconds, Stopping threads took: 0.0000347 seconds
2020-06-30T21:52:03.497+0100: 2171.140: Total time for which application threads were stopped: 0.0000436 seconds, Stopping threads took: 0.0000141 seconds
{Heap before GC invocations=229 (full 14):
 par new generation   total 109248K, used 109248K [0x00000000e0000000, 0x00000000e8000000, 0x00000000e8000000)
  eden space 87424K, 100% used [0x00000000e0000000, 0x00000000e5560000, 0x00000000e5560000)
  from space 21824K, 100% used [0x00000000e6ab0000, 0x00000000e8000000, 0x00000000e8000000)
  to   space 21824K,   0% used [0x00000000e5560000, 0x00000000e5560000, 0x00000000e6ab0000)
 concurrent mark-sweep generation total 393216K, used 179279K [0x00000000e8000000, 0x0000000100000000, 0x0000000100000000)
 Metaspace       used 55757K, capacity 57513K, committed 57804K, reserved 1099776K
  class space    used 6561K, capacity 6966K, committed 7116K, reserved 1048576K
2020-06-30T21:52:03.595+0100: 2171.239: [GC (Allocation Failure) 2020-06-30T21:52:03.596+0100: 2171.239: [ParNew
Desired survivor size 20112992 bytes, new threshold 7 (max 8)
- age   1:    3079600 bytes,    3079600 total
- age   2:    3093344 bytes,    6172944 total
- age   3:    3589744 bytes,    9762688 total
- age   4:    3445232 bytes,   13207920 total
- age   5:    2409128 bytes,   15617048 total
- age   6:    2027152 bytes,   17644200 total
- age   7:    3811528 bytes,   21455728 total
: 109248K->21824K(109248K), 0.0155370 secs] 288527K->208055K(502464K), 0.0156293 secs] [Times: user=0.06 sys=0.00, real=0.02 secs] 
Heap after GC invocations=230 (full 14):
 par new generation   total 109248K, used 21824K [0x00000000e0000000, 0x00000000e8000000, 0x00000000e8000000)
  eden space 87424K,   0% used [0x00000000e0000000, 0x00000000e0000000, 0x00000000e5560000)
  from space 21824K, 100% used [0x00000000e5560000, 0x00000000e6ab0000, 0x00000000e6ab0000)
  to   space 21824K,   0% used [0x00000000e6ab0000, 0x00000000e6ab0000, 0x00000000e8000000)
 concurrent mark-sweep generation total 393216K, used 186231K [0x00000000e8000000, 0x0000000100000000, 0x0000000100000000)
 Metaspace       used 55757K, capacity 57513K, committed 57804K, reserved 1099776K
  class space    used 6561K, capacity 6966K, committed 7116K, reserved 1048576K
}
2020-06-30T21:52:03.611+0100: 2171.255: Total time for which application threads were stopped: 0.0158624 seconds, Stopping threads took: 0.0000686 seconds
{Heap before GC invocations=230 (full 14):
 par new generation   total 109248K, used 109248K [0x00000000e0000000, 0x00000000e8000000, 0x00000000e8000000)
  eden space 87424K, 100% used [0x00000000e0000000, 0x00000000e5560000, 0x00000000e5560000)
  from space 21824K, 100% used [0x00000000e5560000, 0x00000000e6ab0000, 0x00000000e6ab0000)
  to   space 21824K,   0% used [0x00000000e6ab0000, 0x00000000e6ab0000, 0x00000000e8000000)
 concurrent mark-sweep generation total 393216K, used 186231K [0x00000000e8000000, 0x0000000100000000, 0x0000000100000000)
 Metaspace       used 55757K, capacity 57513K, committed 57804K, reserved 1099776K
  class space    used 6561K, capacity 6966K, committed 7116K, reserved 1048576K
2020-06-30T21:52:03.730+0100: 2171.373: [GC (Allocation Failure) 2020-06-30T21:52:03.730+0100: 2171.373: [ParNew
Desired survivor size 20112992 bytes, new threshold 6 (max 8)
- age   1:    5429432 bytes,    5429432 total
- age   2:    2245832 bytes,    7675264 total
- age   3:    3073880 bytes,   10749144 total
- age   4:    3589368 bytes,   14338512 total
- age   5:    3445232 bytes,   17783744 total
- age   6:    2409128 bytes,   20192872 total
- age   7:    2027152 bytes,   22220024 total
: 109248K->21824K(109248K), 0.0152101 secs] 295479K->216170K(502464K), 0.0153229 secs] [Times: user=0.06 sys=0.00, real=0.01 secs] 
Heap after GC invocations=231 (full 14):
 par new generation   total 109248K, used 21824K [0x00000000e0000000, 0x00000000e8000000, 0x00000000e8000000)
  eden space 87424K,   0% used [0x00000000e0000000, 0x00000000e0000000, 0x00000000e5560000)
  from space 21824K, 100% used [0x00000000e6ab0000, 0x00000000e8000000, 0x00000000e8000000)
  to   space 21824K,   0% used [0x00000000e5560000, 0x00000000e5560000, 0x00000000e6ab0000)
 concurrent mark-sweep generation total 393216K, used 194346K [0x00000000e8000000, 0x0000000100000000, 0x0000000100000000)
 Metaspace       used 55757K, capacity 57513K, committed 57804K, reserved 1099776K
  class space    used 6561K, capacity 6966K, committed 7116K, reserved 1048576K
}
2020-06-30T21:52:03.745+0100: 2171.389: Total time for which application threads were stopped: 0.0156741 seconds, Stopping threads took: 0.0000792 seconds
2020-06-30T21:52:03.781+0100: 2171.425: Total time for which application threads were stopped: 0.0001993 seconds, Stopping threads took: 0.0000791 seconds
2020-06-30T21:52:03.781+0100: 2171.425: Total time for which application threads were stopped: 0.0001322 seconds, Stopping threads took: 0.0000591 seconds
2020-06-30T21:52:03.782+0100: 2171.425: Total time for which application threads were stopped: 0.0001267 seconds, Stopping threads took: 0.0000427 seconds
2020-06-30T21:52:03.782+0100: 2171.425: Total time for which application threads were stopped: 0.0000910 seconds, Stopping threads took: 0.0000460 seconds
2020-06-30T21:52:03.782+0100: 2171.426: Total time for which application threads were stopped: 0.0001047 seconds, Stopping threads took: 0.0000455 seconds
2020-06-30T21:52:03.782+0100: 2171.426: Total time for which application threads were stopped: 0.0000891 seconds, Stopping threads took: 0.0000423 seconds
2020-06-30T21:52:03.782+0100: 2171.426: Total time for which application threads were stopped: 0.0000894 seconds, Stopping threads took: 0.0000452 seconds
2020-06-30T21:52:03.782+0100: 2171.426: Total time for which application threads were stopped: 0.0000888 seconds, Stopping threads took: 0.0000436 seconds
2020-06-30T21:52:03.782+0100: 2171.426: Total time for which application threads were stopped: 0.0000849 seconds, Stopping threads took: 0.0000420 seconds
2020-06-30T21:52:03.783+0100: 2171.426: Total time for which application threads were stopped: 0.0002183 seconds, Stopping threads took: 0.0000494 seconds
2020-06-30T21:52:03.909+0100: 2171.553: Total time for which application threads were stopped: 0.0001409 seconds, Stopping threads took: 0.0000749 seconds
2020-06-30T21:52:03.914+0100: 2171.558: Total time for which application threads were stopped: 0.0001781 seconds, Stopping threads took: 0.0000709 seconds
2020-06-30T21:52:03.915+0100: 2171.558: Total time for which application threads were stopped: 0.0001552 seconds, Stopping threads took: 0.0000942 seconds
2020-06-30T21:52:04.810+0100: 2172.454: Total time for which application threads were stopped: 0.0001893 seconds, Stopping threads took: 0.0000857 seconds
2020-06-30T21:52:04.812+0100: 2172.456: Total time for which application threads were stopped: 0.0001374 seconds, Stopping threads took: 0.0000518 seconds
2020-06-30T21:52:04.812+0100: 2172.456: Total time for which application threads were stopped: 0.0000921 seconds, Stopping threads took: 0.0000502 seconds
2020-06-30T21:52:04.812+0100: 2172.456: Total time for which application threads were stopped: 0.0000717 seconds, Stopping threads took: 0.0000425 seconds
2020-06-30T21:52:04.812+0100: 2172.456: Total time for which application threads were stopped: 0.0000707 seconds, Stopping threads took: 0.0000416 seconds
2020-06-30T21:52:18.284+0100: 2185.927: Total time for which application threads were stopped: 0.0001004 seconds, Stopping threads took: 0.0000237 seconds
2020-06-30T21:52:26.125+0100: 2193.769: Total time for which application threads were stopped: 0.0002511 seconds, Stopping threads took: 0.0001992 seconds
2020-06-30T21:52:26.147+0100: 2193.791: Total time for which application threads were stopped: 0.0001136 seconds, Stopping threads took: 0.0000312 seconds
2020-06-30T21:52:26.149+0100: 2193.793: Total time for which application threads were stopped: 0.0001056 seconds, Stopping threads took: 0.0000314 seconds
2020-06-30T21:52:26.290+0100: 2193.933: Total time for which application threads were stopped: 0.0002325 seconds, Stopping threads took: 0.0000816 seconds
{Heap before GC invocations=231 (full 14):
 par new generation   total 109248K, used 109248K [0x00000000e0000000, 0x00000000e8000000, 0x00000000e8000000)
  eden space 87424K, 100% used [0x00000000e0000000, 0x00000000e5560000, 0x00000000e5560000)
  from space 21824K, 100% used [0x00000000e6ab0000, 0x00000000e8000000, 0x00000000e8000000)
  to   space 21824K,   0% used [0x00000000e5560000, 0x00000000e5560000, 0x00000000e6ab0000)
 concurrent mark-sweep generation total 393216K, used 194346K [0x00000000e8000000, 0x0000000100000000, 0x0000000100000000)
 Metaspace       used 55764K, capacity 57513K, committed 57804K, reserved 1099776K
  class space    used 6561K, capacity 6966K, committed 7116K, reserved 1048576K
2020-06-30T21:52:26.364+0100: 2194.008: [GC (Allocation Failure) 2020-06-30T21:52:26.364+0100: 2194.008: [ParNew
Desired survivor size 20112992 bytes, new threshold 6 (max 8)
- age   1:    7173600 bytes,    7173600 total
- age   2:    3492952 bytes,   10666552 total
- age   3:    2189976 bytes,   12856528 total
- age   4:    1403496 bytes,   14260024 total
- age   5:    2749360 bytes,   17009384 total
- age   6:    3109128 bytes,   20118512 total
: 109248K->21824K(109248K), 0.0197999 secs] 303594K->226542K(502464K), 0.0199009 secs] [Times: user=0.13 sys=0.00, real=0.02 secs] 
Heap after GC invocations=232 (full 14):
 par new generation   total 109248K, used 21824K [0x00000000e0000000, 0x00000000e8000000, 0x00000000e8000000)
  eden space 87424K,   0% used [0x00000000e0000000, 0x00000000e0000000, 0x00000000e5560000)
  from space 21824K, 100% used [0x00000000e5560000, 0x00000000e6ab0000, 0x00000000e6ab0000)
  to   space 21824K,   0% used [0x00000000e6ab0000, 0x00000000e6ab0000, 0x00000000e8000000)
 concurrent mark-sweep generation total 393216K, used 204718K [0x00000000e8000000, 0x0000000100000000, 0x0000000100000000)
 Metaspace       used 55764K, capacity 57513K, committed 57804K, reserved 1099776K
  class space    used 6561K, capacity 6966K, committed 7116K, reserved 1048576K
}
2020-06-30T21:52:26.384+0100: 2194.028: Total time for which application threads were stopped: 0.0203222 seconds, Stopping threads took: 0.0001432 seconds
2020-06-30T21:52:26.384+0100: 2194.028: [GC (CMS Initial Mark) [1 CMS-initial-mark: 204718K(393216K)] 226542K(502464K), 0.0052456 secs] [Times: user=0.00 sys=0.00, real=0.00 secs] 
2020-06-30T21:52:26.389+0100: 2194.033: Total time for which application threads were stopped: 0.0054604 seconds, Stopping threads took: 0.0000601 seconds
2020-06-30T21:52:26.389+0100: 2194.033: [CMS-concurrent-mark-start]
2020-06-30T21:52:26.417+0100: 2194.061: [CMS-concurrent-mark: 0.028/0.028 secs] [Times: user=0.13 sys=0.00, real=0.03 secs] 
2020-06-30T21:52:26.417+0100: 2194.061: [CMS-concurrent-preclean-start]
2020-06-30T21:52:26.419+0100: 2194.062: [CMS-concurrent-preclean: 0.002/0.002 secs] [Times: user=0.00 sys=0.00, real=0.00 secs] 
2020-06-30T21:52:26.419+0100: 2194.063: [GC (CMS Final Remark) [YG occupancy: 22858 K (109248 K)]{Heap before GC invocations=232 (full 15):
 par new generation   total 109248K, used 22858K [0x00000000e0000000, 0x00000000e8000000, 0x00000000e8000000)
  eden space 87424K,   1% used [0x00000000e0000000, 0x00000000e0102a78, 0x00000000e5560000)
  from space 21824K, 100% used [0x00000000e5560000, 0x00000000e6ab0000, 0x00000000e6ab0000)
  to   space 21824K,   0% used [0x00000000e6ab0000, 0x00000000e6ab0000, 0x00000000e8000000)
 concurrent mark-sweep generation total 393216K, used 204718K [0x00000000e8000000, 0x0000000100000000, 0x0000000100000000)
 Metaspace       used 55764K, capacity 57513K, committed 57804K, reserved 1099776K
  class space    used 6561K, capacity 6966K, committed 7116K, reserved 1048576K
2020-06-30T21:52:26.419+0100: 2194.063: [GC (CMS Final Remark) 2020-06-30T21:52:26.419+0100: 2194.063: [ParNew
Desired survivor size 20112992 bytes, new threshold 8 (max 8)
- age   1:       9112 bytes,       9112 total
- age   2:    6800280 bytes,    6809392 total
- age   3:    3487904 bytes,   10297296 total
- age   4:    2142648 bytes,   12439944 total
- age   5:    1402968 bytes,   13842912 total
- age   6:    2645176 bytes,   16488088 total
: 22858K->21824K(109248K), 0.0119197 secs] 227577K->229695K(502464K), 0.0119821 secs] [Times: user=0.06 sys=0.00, real=0.01 secs] 
Heap after GC invocations=233 (full 15):
 par new generation   total 109248K, used 21824K [0x00000000e0000000, 0x00000000e8000000, 0x00000000e8000000)
  eden space 87424K,   0% used [0x00000000e0000000, 0x00000000e0000000, 0x00000000e5560000)
  from space 21824K, 100% used [0x00000000e6ab0000, 0x00000000e8000000, 0x00000000e8000000)
  to   space 21824K,   0% used [0x00000000e5560000, 0x00000000e5560000, 0x00000000e6ab0000)
 concurrent mark-sweep generation total 393216K, used 207871K [0x00000000e8000000, 0x0000000100000000, 0x0000000100000000)
 Metaspace       used 55764K, capacity 57513K, committed 57804K, reserved 1099776K
  class space    used 6561K, capacity 6966K, committed 7116K, reserved 1048576K
}
2020-06-30T21:52:26.431+0100: 2194.075: [Rescan (parallel) , 0.0058662 secs]2020-06-30T21:52:26.437+0100: 2194.081: [weak refs processing, 0.0067976 secs]2020-06-30T21:52:26.444+0100: 2194.088: [class unloading, 0.0176474 secs]2020-06-30T21:52:26.462+0100: 2194.105: [scrub symbol table, 0.0174853 secs]2020-06-30T21:52:26.479+0100: 2194.123: [scrub string table, 0.0010182 secs][1 CMS-remark: 207871K(393216K)] 229695K(502464K), 0.0613251 secs] [Times: user=0.16 sys=0.00, real=0.06 secs] 
2020-06-30T21:52:26.481+0100: 2194.124: Total time for which application threads were stopped: 0.0615947 seconds, Stopping threads took: 0.0000722 seconds
2020-06-30T21:52:26.481+0100: 2194.124: [CMS-concurrent-sweep-start]
2020-06-30T21:52:26.482+0100: 2194.125: Total time for which application threads were stopped: 0.0001702 seconds, Stopping threads took: 0.0000701 seconds
2020-06-30T21:52:26.482+0100: 2194.125: Total time for which application threads were stopped: 0.0001186 seconds, Stopping threads took: 0.0000507 seconds
2020-06-30T21:52:26.483+0100: 2194.126: Total time for which application threads were stopped: 0.0002286 seconds, Stopping threads took: 0.0000724 seconds
2020-06-30T21:52:26.484+0100: 2194.127: Total time for which application threads were stopped: 0.0002101 seconds, Stopping threads took: 0.0000924 seconds
2020-06-30T21:52:26.568+0100: 2194.212: [CMS-concurrent-sweep: 0.086/0.087 secs] [Times: user=0.22 sys=0.02, real=0.09 secs] 
2020-06-30T21:52:26.568+0100: 2194.212: [CMS-concurrent-reset-start]
2020-06-30T21:52:26.569+0100: 2194.213: [CMS-concurrent-reset: 0.001/0.001 secs] [Times: user=0.00 sys=0.00, real=0.00 secs] 
{Heap before GC invocations=233 (full 15):
 par new generation   total 109248K, used 109248K [0x00000000e0000000, 0x00000000e8000000, 0x00000000e8000000)
  eden space 87424K, 100% used [0x00000000e0000000, 0x00000000e5560000, 0x00000000e5560000)
  from space 21824K, 100% used [0x00000000e6ab0000, 0x00000000e8000000, 0x00000000e8000000)
  to   space 21824K,   0% used [0x00000000e5560000, 0x00000000e5560000, 0x00000000e6ab0000)
 concurrent mark-sweep generation total 393216K, used 95408K [0x00000000e8000000, 0x0000000100000000, 0x0000000100000000)
 Metaspace       used 55764K, capacity 57513K, committed 57804K, reserved 1099776K
  class space    used 6561K, capacity 6966K, committed 7116K, reserved 1048576K
2020-06-30T21:52:26.668+0100: 2194.312: [GC (Allocation Failure) 2020-06-30T21:52:26.668+0100: 2194.312: [ParNew
Desired survivor size 20112992 bytes, new threshold 7 (max 8)
- age   1:    7726736 bytes,    7726736 total
- age   2:         16 bytes,    7726752 total
- age   3:    4607240 bytes,   12333992 total
- age   4:    3481232 bytes,   15815224 total
- age   5:    2131368 bytes,   17946592 total
- age   6:    1387624 bytes,   19334216 total
- age   7:    2549200 bytes,   21883416 total
: 109248K->21824K(109248K), 0.0169239 secs] 204656K->119714K(502464K), 0.0170185 secs] [Times: user=0.06 sys=0.00, real=0.02 secs] 
Heap after GC invocations=234 (full 15):
 par new generation   total 109248K, used 21824K [0x00000000e0000000, 0x00000000e8000000, 0x00000000e8000000)
  eden space 87424K,   0% used [0x00000000e0000000, 0x00000000e0000000, 0x00000000e5560000)
  from space 21824K, 100% used [0x00000000e5560000, 0x00000000e6ab0000, 0x00000000e6ab0000)
  to   space 21824K,   0% used [0x00000000e6ab0000, 0x00000000e6ab0000, 0x00000000e8000000)
 concurrent mark-sweep generation total 393216K, used 97890K [0x00000000e8000000, 0x0000000100000000, 0x0000000100000000)
 Metaspace       used 55764K, capacity 57513K, committed 57804K, reserved 1099776K
  class space    used 6561K, capacity 6966K, committed 7116K, reserved 1048576K
}
2020-06-30T21:52:26.685+0100: 2194.329: Total time for which application threads were stopped: 0.0227874 seconds, Stopping threads took: 0.0055130 seconds
{Heap before GC invocations=234 (full 15):
 par new generation   total 109248K, used 109248K [0x00000000e0000000, 0x00000000e8000000, 0x00000000e8000000)
  eden space 87424K, 100% used [0x00000000e0000000, 0x00000000e5560000, 0x00000000e5560000)
  from space 21824K, 100% used [0x00000000e5560000, 0x00000000e6ab0000, 0x00000000e6ab0000)
  to   space 21824K,   0% used [0x00000000e6ab0000, 0x00000000e6ab0000, 0x00000000e8000000)
 concurrent mark-sweep generation total 393216K, used 97890K [0x00000000e8000000, 0x0000000100000000, 0x0000000100000000)
 Metaspace       used 55767K, capacity 57513K, committed 57804K, reserved 1099776K
  class space    used 6561K, capacity 6966K, committed 7116K, reserved 1048576K
2020-06-30T21:52:26.932+0100: 2194.575: [GC (Allocation Failure) 2020-06-30T21:52:26.932+0100: 2194.575: [ParNew
Desired survivor size 20112992 bytes, new threshold 6 (max 8)
- age   1:    5307632 bytes,    5307632 total
- age   2:    4773408 bytes,   10081040 total
- age   3:         16 bytes,   10081056 total
- age   4:    4594424 bytes,   14675480 total
- age   5:    3481192 bytes,   18156672 total
- age   6:    2131272 bytes,   20287944 total
- age   7:    1387248 bytes,   21675192 total
: 109248K->21824K(109248K), 0.0162715 secs] 207138K->125714K(502464K), 0.0163924 secs] [Times: user=0.05 sys=0.00, real=0.02 secs] 
Heap after GC invocations=235 (full 15):
 par new generation   total 109248K, used 21824K [0x00000000e0000000, 0x00000000e8000000, 0x00000000e8000000)
  eden space 87424K,   0% used [0x00000000e0000000, 0x00000000e0000000, 0x00000000e5560000)
  from space 21824K, 100% used [0x00000000e6ab0000, 0x00000000e8000000, 0x00000000e8000000)
  to   space 21824K,   0% used [0x00000000e5560000, 0x00000000e5560000, 0x00000000e6ab0000)
 concurrent mark-sweep generation total 393216K, used 103890K [0x00000000e8000000, 0x0000000100000000, 0x0000000100000000)
 Metaspace       used 55767K, capacity 57513K, committed 57804K, reserved 1099776K
  class space    used 6561K, capacity 6966K, committed 7116K, reserved 1048576K
}
2020-06-30T21:52:26.948+0100: 2194.592: Total time for which application threads were stopped: 0.0167577 seconds, Stopping threads took: 0.0000784 seconds
2020-06-30T21:52:28.206+0100: 2195.850: Total time for which application threads were stopped: 0.0001221 seconds, Stopping threads took: 0.0000554 seconds
2020-06-30T21:52:28.206+0100: 2195.850: Total time for which application threads were stopped: 0.0000624 seconds, Stopping threads took: 0.0000162 seconds
2020-06-30T21:52:28.207+0100: 2195.850: Total time for which application threads were stopped: 0.0001389 seconds, Stopping threads took: 0.0000932 seconds
2020-06-30T21:52:28.207+0100: 2195.851: Total time for which application threads were stopped: 0.0001330 seconds, Stopping threads took: 0.0000792 seconds
2020-06-30T21:52:28.208+0100: 2195.852: Total time for which application threads were stopped: 0.0001238 seconds, Stopping threads took: 0.0000652 seconds
2020-06-30T21:52:28.209+0100: 2195.852: Total time for which application threads were stopped: 0.0001527 seconds, Stopping threads took: 0.0001028 seconds
2020-06-30T21:52:28.209+0100: 2195.852: Total time for which application threads were stopped: 0.0000488 seconds, Stopping threads took: 0.0000166 seconds
2020-06-30T21:52:28.209+0100: 2195.853: Total time for which application threads were stopped: 0.0000475 seconds, Stopping threads took: 0.0000161 seconds
2020-06-30T21:52:33.304+0100: 2200.947: Total time for which application threads were stopped: 0.0002325 seconds, Stopping threads took: 0.0001813 seconds
2020-06-30T21:52:33.307+0100: 2200.950: Total time for which application threads were stopped: 0.0001545 seconds, Stopping threads took: 0.0000873 seconds
2020-06-30T21:52:33.308+0100: 2200.951: Total time for which application threads were stopped: 0.0002606 seconds, Stopping threads took: 0.0000661 seconds
2020-06-30T21:52:33.321+0100: 2200.964: Total time for which application threads were stopped: 0.0001718 seconds, Stopping threads took: 0.0000856 seconds
2020-06-30T21:52:33.322+0100: 2200.966: Total time for which application threads were stopped: 0.0001844 seconds, Stopping threads took: 0.0000879 seconds
{Heap before GC invocations=235 (full 15):
 par new generation   total 109248K, used 109248K [0x00000000e0000000, 0x00000000e8000000, 0x00000000e8000000)
  eden space 87424K, 100% used [0x00000000e0000000, 0x00000000e5560000, 0x00000000e5560000)
  from space 21824K, 100% used [0x00000000e6ab0000, 0x00000000e8000000, 0x00000000e8000000)
  to   space 21824K,   0% used [0x00000000e5560000, 0x00000000e5560000, 0x00000000e6ab0000)
 concurrent mark-sweep generation total 393216K, used 103890K [0x00000000e8000000, 0x0000000100000000, 0x0000000100000000)
 Metaspace       used 55782K, capacity 57513K, committed 57804K, reserved 1099776K
  class space    used 6561K, capacity 6966K, committed 7116K, reserved 1048576K
2020-06-30T21:52:33.356+0100: 2200.999: [GC (Allocation Failure) 2020-06-30T21:52:33.356+0100: 2200.999: [ParNew
Desired survivor size 20112992 bytes, new threshold 6 (max 8)
- age   1:    4985960 bytes,    4985960 total
- age   2:    3737032 bytes,    8722992 total
- age   3:    4583560 bytes,   13306552 total
- age   4:         16 bytes,   13306568 total
- age   5:    4209344 bytes,   17515912 total
- age   6:    3481192 bytes,   20997104 total
: 109248K->21824K(109248K), 0.0152485 secs] 213138K->129549K(502464K), 0.0153186 secs] [Times: user=0.05 sys=0.00, real=0.02 secs] 
Heap after GC invocations=236 (full 15):
 par new generation   total 109248K, used 21824K [0x00000000e0000000, 0x00000000e8000000, 0x00000000e8000000)
  eden space 87424K,   0% used [0x00000000e0000000, 0x00000000e0000000, 0x00000000e5560000)
  from space 21824K, 100% used [0x00000000e5560000, 0x00000000e6ab0000, 0x00000000e6ab0000)
  to   space 21824K,   0% used [0x00000000e6ab0000, 0x00000000e6ab0000, 0x00000000e8000000)
 concurrent mark-sweep generation total 393216K, used 107725K [0x00000000e8000000, 0x0000000100000000, 0x0000000100000000)
 Metaspace       used 55782K, capacity 57513K, committed 57804K, reserved 1099776K
  class space    used 6561K, capacity 6966K, committed 7116K, reserved 1048576K
}
2020-06-30T21:52:33.371+0100: 2201.015: Total time for which application threads were stopped: 0.0155618 seconds, Stopping threads took: 0.0000686 seconds
2020-06-30T21:52:33.403+0100: 2201.047: Total time for which application threads were stopped: 0.0001321 seconds, Stopping threads took: 0.0000578 seconds
{Heap before GC invocations=236 (full 15):
 par new generation   total 109248K, used 109248K [0x00000000e0000000, 0x00000000e8000000, 0x00000000e8000000)
  eden space 87424K, 100% used [0x00000000e0000000, 0x00000000e5560000, 0x00000000e5560000)
  from space 21824K, 100% used [0x00000000e5560000, 0x00000000e6ab0000, 0x00000000e6ab0000)
  to   space 21824K,   0% used [0x00000000e6ab0000, 0x00000000e6ab0000, 0x00000000e8000000)
 concurrent mark-sweep generation total 393216K, used 107725K [0x00000000e8000000, 0x0000000100000000, 0x0000000100000000)
 Metaspace       used 55782K, capacity 57513K, committed 57804K, reserved 1099776K
  class space    used 6561K, capacity 6966K, committed 7116K, reserved 1048576K
2020-06-30T21:52:33.462+0100: 2201.106: [GC (Allocation Failure) 2020-06-30T21:52:33.462+0100: 2201.106: [ParNew
Desired survivor size 20112992 bytes, new threshold 6 (max 8)
- age   1:    5712688 bytes,    5712688 total
- age   2:    3813400 bytes,    9526088 total
- age   3:    3662152 bytes,   13188240 total
- age   4:    4583200 bytes,   17771440 total
- age   5:         16 bytes,   17771456 total
- age   6:    4102672 bytes,   21874128 total
: 109248K->21824K(109248K), 0.0139444 secs] 216973K->134506K(502464K), 0.0140092 secs] [Times: user=0.06 sys=0.00, real=0.01 secs] 
Heap after GC invocations=237 (full 15):
 par new generation   total 109248K, used 21824K [0x00000000e0000000, 0x00000000e8000000, 0x00000000e8000000)
  eden space 87424K,   0% used [0x00000000e0000000, 0x00000000e0000000, 0x00000000e5560000)
  from space 21824K, 100% used [0x00000000e6ab0000, 0x00000000e8000000, 0x00000000e8000000)
  to   space 21824K,   0% used [0x00000000e5560000, 0x00000000e5560000, 0x00000000e6ab0000)
 concurrent mark-sweep generation total 393216K, used 112682K [0x00000000e8000000, 0x0000000100000000, 0x0000000100000000)
 Metaspace       used 55782K, capacity 57513K, committed 57804K, reserved 1099776K
  class space    used 6561K, capacity 6966K, committed 7116K, reserved 1048576K
}
2020-06-30T21:52:33.476+0100: 2201.120: Total time for which application threads were stopped: 0.0142252 seconds, Stopping threads took: 0.0000552 seconds
2020-06-30T21:52:33.476+0100: 2201.120: Total time for which application threads were stopped: 0.0001361 seconds, Stopping threads took: 0.0000800 seconds
2020-06-30T21:52:33.476+0100: 2201.120: Total time for which application threads were stopped: 0.0001046 seconds, Stopping threads took: 0.0000618 seconds
2020-06-30T21:52:33.477+0100: 2201.121: Total time for which application threads were stopped: 0.0000869 seconds, Stopping threads took: 0.0000466 seconds
2020-06-30T21:52:33.477+0100: 2201.121: Total time for which application threads were stopped: 0.0000858 seconds, Stopping threads took: 0.0000489 seconds
2020-06-30T21:52:33.477+0100: 2201.121: Total time for which application threads were stopped: 0.0000823 seconds, Stopping threads took: 0.0000472 seconds
2020-06-30T21:52:33.477+0100: 2201.121: Total time for which application threads were stopped: 0.0000836 seconds, Stopping threads took: 0.0000489 seconds
{Heap before GC invocations=237 (full 15):
 par new generation   total 109248K, used 109248K [0x00000000e0000000, 0x00000000e8000000, 0x00000000e8000000)
  eden space 87424K, 100% used [0x00000000e0000000, 0x00000000e5560000, 0x00000000e5560000)
  from space 21824K, 100% used [0x00000000e6ab0000, 0x00000000e8000000, 0x00000000e8000000)
  to   space 21824K,   0% used [0x00000000e5560000, 0x00000000e5560000, 0x00000000e6ab0000)
 concurrent mark-sweep generation total 393216K, used 112682K [0x00000000e8000000, 0x0000000100000000, 0x0000000100000000)
 Metaspace       used 55782K, capacity 57513K, committed 57804K, reserved 1099776K
  class space    used 6561K, capacity 6966K, committed 7116K, reserved 1048576K
2020-06-30T21:52:33.565+0100: 2201.209: [GC (Allocation Failure) 2020-06-30T21:52:33.565+0100: 2201.209: [ParNew
Desired survivor size 20112992 bytes, new threshold 5 (max 8)
- age   1:    4575328 bytes,    4575328 total
- age   2:    4496712 bytes,    9072040 total
- age   3:    3761744 bytes,   12833784 total
- age   4:    3662008 bytes,   16495792 total
- age   5:    4583256 bytes,   21079048 total
- age   6:         16 bytes,   21079064 total
: 109248K->21824K(109248K), 0.0171256 secs] 221930K->144748K(502464K), 0.0171935 secs] [Times: user=0.06 sys=0.00, real=0.02 secs] 
Heap after GC invocations=238 (full 15):
 par new generation   total 109248K, used 21824K [0x00000000e0000000, 0x00000000e8000000, 0x00000000e8000000)
  eden space 87424K,   0% used [0x00000000e0000000, 0x00000000e0000000, 0x00000000e5560000)
  from space 21824K, 100% used [0x00000000e5560000, 0x00000000e6ab0000, 0x00000000e6ab0000)
  to   space 21824K,   0% used [0x00000000e6ab0000, 0x00000000e6ab0000, 0x00000000e8000000)
 concurrent mark-sweep generation total 393216K, used 122924K [0x00000000e8000000, 0x0000000100000000, 0x0000000100000000)
 Metaspace       used 55782K, capacity 57513K, committed 57804K, reserved 1099776K
  class space    used 6561K, capacity 6966K, committed 7116K, reserved 1048576K
}
2020-06-30T21:52:33.582+0100: 2201.226: Total time for which application threads were stopped: 0.0174301 seconds, Stopping threads took: 0.0000737 seconds
{Heap before GC invocations=238 (full 15):
 par new generation   total 109248K, used 109248K [0x00000000e0000000, 0x00000000e8000000, 0x00000000e8000000)
  eden space 87424K, 100% used [0x00000000e0000000, 0x00000000e5560000, 0x00000000e5560000)
  from space 21824K, 100% used [0x00000000e5560000, 0x00000000e6ab0000, 0x00000000e6ab0000)
  to   space 21824K,   0% used [0x00000000e6ab0000, 0x00000000e6ab0000, 0x00000000e8000000)
 concurrent mark-sweep generation total 393216K, used 122924K [0x00000000e8000000, 0x0000000100000000, 0x0000000100000000)
 Metaspace       used 55782K, capacity 57513K, committed 57804K, reserved 1099776K
  class space    used 6561K, capacity 6966K, committed 7116K, reserved 1048576K
2020-06-30T21:52:33.687+0100: 2201.331: [GC (Allocation Failure) 2020-06-30T21:52:33.687+0100: 2201.331: [ParNew
Desired survivor size 20112992 bytes, new threshold 5 (max 8)
- age   1:    6570824 bytes,    6570824 total
- age   2:    3608072 bytes,   10178896 total
- age   3:    4494544 bytes,   14673440 total
- age   4:    3751440 bytes,   18424880 total
- age   5:    3661848 bytes,   22086728 total
: 109248K->21824K(109248K), 0.0180764 secs] 232172K->158154K(502464K), 0.0181491 secs] [Times: user=0.06 sys=0.00, real=0.02 secs] 
Heap after GC invocations=239 (full 15):
 par new generation   total 109248K, used 21824K [0x00000000e0000000, 0x00000000e8000000, 0x00000000e8000000)
  eden space 87424K,   0% used [0x00000000e0000000, 0x00000000e0000000, 0x00000000e5560000)
  from space 21824K, 100% used [0x00000000e6ab0000, 0x00000000e8000000, 0x00000000e8000000)
  to   space 21824K,   0% used [0x00000000e5560000, 0x00000000e5560000, 0x00000000e6ab0000)
 concurrent mark-sweep generation total 393216K, used 136330K [0x00000000e8000000, 0x0000000100000000, 0x0000000100000000)
 Metaspace       used 55782K, capacity 57513K, committed 57804K, reserved 1099776K
  class space    used 6561K, capacity 6966K, committed 7116K, reserved 1048576K
}
2020-06-30T21:52:33.705+0100: 2201.349: Total time for which application threads were stopped: 0.0183693 seconds, Stopping threads took: 0.0000564 seconds
2020-06-30T21:52:34.754+0100: 2202.398: Total time for which application threads were stopped: 0.0001801 seconds, Stopping threads took: 0.0000743 seconds
2020-06-30T21:52:34.754+0100: 2202.398: Total time for which application threads were stopped: 0.0001181 seconds, Stopping threads took: 0.0000508 seconds
2020-06-30T21:52:34.755+0100: 2202.399: Total time for which application threads were stopped: 0.0001352 seconds, Stopping threads took: 0.0000558 seconds
2020-06-30T21:52:34.755+0100: 2202.399: Total time for which application threads were stopped: 0.0001284 seconds, Stopping threads took: 0.0000494 seconds
2020-06-30T21:52:34.762+0100: 2202.406: Total time for which application threads were stopped: 0.0001638 seconds, Stopping threads took: 0.0000575 seconds
2020-06-30T21:52:34.762+0100: 2202.406: Total time for which application threads were stopped: 0.0001289 seconds, Stopping threads took: 0.0000529 seconds
2020-06-30T21:52:34.763+0100: 2202.406: Total time for which application threads were stopped: 0.0001245 seconds, Stopping threads took: 0.0000628 seconds
2020-06-30T21:52:34.763+0100: 2202.406: Total time for which application threads were stopped: 0.0001022 seconds, Stopping threads took: 0.0000487 seconds
2020-06-30T21:52:41.147+0100: 2208.790: Total time for which application threads were stopped: 0.0014227 seconds, Stopping threads took: 0.0013423 seconds
2020-06-30T21:52:41.169+0100: 2208.813: Total time for which application threads were stopped: 0.0001367 seconds, Stopping threads took: 0.0000557 seconds
2020-06-30T21:52:41.171+0100: 2208.814: Total time for which application threads were stopped: 0.0001571 seconds, Stopping threads took: 0.0000698 seconds
{Heap before GC invocations=239 (full 15):
 par new generation   total 109248K, used 109248K [0x00000000e0000000, 0x00000000e8000000, 0x00000000e8000000)
  eden space 87424K, 100% used [0x00000000e0000000, 0x00000000e5560000, 0x00000000e5560000)
  from space 21824K, 100% used [0x00000000e6ab0000, 0x00000000e8000000, 0x00000000e8000000)
  to   space 21824K,   0% used [0x00000000e5560000, 0x00000000e5560000, 0x00000000e6ab0000)
 concurrent mark-sweep generation total 393216K, used 136330K [0x00000000e8000000, 0x0000000100000000, 0x0000000100000000)
 Metaspace       used 55789K, capacity 57513K, committed 57804K, reserved 1099776K
  class space    used 6561K, capacity 6966K, committed 7116K, reserved 1048576K
2020-06-30T21:52:41.334+0100: 2208.977: [GC (Allocation Failure) 2020-06-30T21:52:41.334+0100: 2208.977: [ParNew
Desired survivor size 20112992 bytes, new threshold 5 (max 8)
- age   1:    5317128 bytes,    5317128 total
- age   2:    5022840 bytes,   10339968 total
- age   3:    3535704 bytes,   13875672 total
- age   4:    4064048 bytes,   17939720 total
- age   5:    3450352 bytes,   21390072 total
: 109248K->21824K(109248K), 0.0183772 secs] 245578K->166858K(502464K), 0.0184672 secs] [Times: user=0.06 sys=0.00, real=0.02 secs] 
Heap after GC invocations=240 (full 15):
 par new generation   total 109248K, used 21824K [0x00000000e0000000, 0x00000000e8000000, 0x00000000e8000000)
  eden space 87424K,   0% used [0x00000000e0000000, 0x00000000e0000000, 0x00000000e5560000)
  from space 21824K, 100% used [0x00000000e5560000, 0x00000000e6ab0000, 0x00000000e6ab0000)
  to   space 21824K,   0% used [0x00000000e6ab0000, 0x00000000e6ab0000, 0x00000000e8000000)
 concurrent mark-sweep generation total 393216K, used 145034K [0x00000000e8000000, 0x0000000100000000, 0x0000000100000000)
 Metaspace       used 55789K, capacity 57513K, committed 57804K, reserved 1099776K
  class space    used 6561K, capacity 6966K, committed 7116K, reserved 1048576K
}
2020-06-30T21:52:41.352+0100: 2208.996: Total time for which application threads were stopped: 0.0187708 seconds, Stopping threads took: 0.0000563 seconds
2020-06-30T21:52:41.355+0100: 2208.999: Total time for which application threads were stopped: 0.0001720 seconds, Stopping threads took: 0.0000805 seconds
{Heap before GC invocations=240 (full 15):
 par new generation   total 109248K, used 109248K [0x00000000e0000000, 0x00000000e8000000, 0x00000000e8000000)
  eden space 87424K, 100% used [0x00000000e0000000, 0x00000000e5560000, 0x00000000e5560000)
  from space 21824K, 100% used [0x00000000e5560000, 0x00000000e6ab0000, 0x00000000e6ab0000)
  to   space 21824K,   0% used [0x00000000e6ab0000, 0x00000000e6ab0000, 0x00000000e8000000)
 concurrent mark-sweep generation total 393216K, used 145034K [0x00000000e8000000, 0x0000000100000000, 0x0000000100000000)
 Metaspace       used 55796K, capacity 57517K, committed 57804K, reserved 1099776K
  class space    used 6561K, capacity 6966K, committed 7116K, reserved 1048576K
2020-06-30T21:52:41.567+0100: 2209.210: [GC (Allocation Failure) 2020-06-30T21:52:41.567+0100: 2209.210: [ParNew
Desired survivor size 20112992 bytes, new threshold 5 (max 8)
- age   1:    4969704 bytes,    4969704 total
- age   2:    3876328 bytes,    8846032 total
- age   3:    5022584 bytes,   13868616 total
- age   4:    3319400 bytes,   17188016 total
- age   5:    4062040 bytes,   21250056 total
: 109248K->21824K(109248K), 0.0171245 secs] 254282K->171923K(502464K), 0.0172222 secs] [Times: user=0.09 sys=0.00, real=0.02 secs] 
Heap after GC invocations=241 (full 15):
 par new generation   total 109248K, used 21824K [0x00000000e0000000, 0x00000000e8000000, 0x00000000e8000000)
  eden space 87424K,   0% used [0x00000000e0000000, 0x00000000e0000000, 0x00000000e5560000)
  from space 21824K, 100% used [0x00000000e6ab0000, 0x00000000e8000000, 0x00000000e8000000)
  to   space 21824K,   0% used [0x00000000e5560000, 0x00000000e5560000, 0x00000000e6ab0000)
 concurrent mark-sweep generation total 393216K, used 150099K [0x00000000e8000000, 0x0000000100000000, 0x0000000100000000)
 Metaspace       used 55796K, capacity 57517K, committed 57804K, reserved 1099776K
  class space    used 6561K, capacity 6966K, committed 7116K, reserved 1048576K
}
2020-06-30T21:52:41.584+0100: 2209.228: Total time for which application threads were stopped: 0.0175874 seconds, Stopping threads took: 0.0000702 seconds
{Heap before GC invocations=241 (full 15):
 par new generation   total 109248K, used 109248K [0x00000000e0000000, 0x00000000e8000000, 0x00000000e8000000)
  eden space 87424K, 100% used [0x00000000e0000000, 0x00000000e5560000, 0x00000000e5560000)
  from space 21824K, 100% used [0x00000000e6ab0000, 0x00000000e8000000, 0x00000000e8000000)
  to   space 21824K,   0% used [0x00000000e5560000, 0x00000000e5560000, 0x00000000e6ab0000)
 concurrent mark-sweep generation total 393216K, used 150099K [0x00000000e8000000, 0x0000000100000000, 0x0000000100000000)
 Metaspace       used 55797K, capacity 57517K, committed 57804K, reserved 1099776K
  class space    used 6561K, capacity 6966K, committed 7116K, reserved 1048576K
2020-06-30T21:52:42.044+0100: 2209.688: [GC (Allocation Failure) 2020-06-30T21:52:42.045+0100: 2209.688: [ParNew
Desired survivor size 20112992 bytes, new threshold 8 (max 8)
- age   1:    2950928 bytes,    2950928 total
- age   2:    4466136 bytes,    7417064 total
- age   3:    3864144 bytes,   11281208 total
- age   4:    5022584 bytes,   16303792 total
- age   5:    3319400 bytes,   19623192 total
: 109248K->21824K(109248K), 0.0207997 secs] 259347K->180752K(502464K), 0.0210167 secs] [Times: user=0.06 sys=0.00, real=0.02 secs] 
Heap after GC invocations=242 (full 15):
 par new generation   total 109248K, used 21824K [0x00000000e0000000, 0x00000000e8000000, 0x00000000e8000000)
  eden space 87424K,   0% used [0x00000000e0000000, 0x00000000e0000000, 0x00000000e5560000)
  from space 21824K, 100% used [0x00000000e5560000, 0x00000000e6ab0000, 0x00000000e6ab0000)
  to   space 21824K,   0% used [0x00000000e6ab0000, 0x00000000e6ab0000, 0x00000000e8000000)
 concurrent mark-sweep generation total 393216K, used 158928K [0x00000000e8000000, 0x0000000100000000, 0x0000000100000000)
 Metaspace       used 55797K, capacity 57517K, committed 57804K, reserved 1099776K
  class space    used 6561K, capacity 6966K, committed 7116K, reserved 1048576K
}
2020-06-30T21:52:42.066+0100: 2209.709: Total time for which application threads were stopped: 0.0262081 seconds, Stopping threads took: 0.0049140 seconds
{Heap before GC invocations=242 (full 15):
 par new generation   total 109248K, used 109248K [0x00000000e0000000, 0x00000000e8000000, 0x00000000e8000000)
  eden space 87424K, 100% used [0x00000000e0000000, 0x00000000e5560000, 0x00000000e5560000)
  from space 21824K, 100% used [0x00000000e5560000, 0x00000000e6ab0000, 0x00000000e6ab0000)
  to   space 21824K,   0% used [0x00000000e6ab0000, 0x00000000e6ab0000, 0x00000000e8000000)
 concurrent mark-sweep generation total 393216K, used 158928K [0x00000000e8000000, 0x0000000100000000, 0x0000000100000000)
 Metaspace       used 55797K, capacity 57517K, committed 57804K, reserved 1099776K
  class space    used 6561K, capacity 6966K, committed 7116K, reserved 1048576K
2020-06-30T21:52:42.290+0100: 2209.934: [GC (Allocation Failure) 2020-06-30T21:52:42.290+0100: 2209.934: [ParNew
Desired survivor size 20112992 bytes, new threshold 6 (max 8)
- age   1:    4008952 bytes,    4008952 total
- age   2:    1988696 bytes,    5997648 total
- age   3:    4446536 bytes,   10444184 total
- age   4:    3862672 bytes,   14306856 total
- age   5:    4693416 bytes,   19000272 total
- age   6:    3319400 bytes,   22319672 total
: 109248K->21824K(109248K), 0.0174673 secs] 268176K->187171K(502464K), 0.0175739 secs] [Times: user=0.06 sys=0.00, real=0.02 secs] 
Heap after GC invocations=243 (full 15):
 par new generation   total 109248K, used 21824K [0x00000000e0000000, 0x00000000e8000000, 0x00000000e8000000)
  eden space 87424K,   0% used [0x00000000e0000000, 0x00000000e0000000, 0x00000000e5560000)
  from space 21824K, 100% used [0x00000000e6ab0000, 0x00000000e8000000, 0x00000000e8000000)
  to   space 21824K,   0% used [0x00000000e5560000, 0x00000000e5560000, 0x00000000e6ab0000)
 concurrent mark-sweep generation total 393216K, used 165347K [0x00000000e8000000, 0x0000000100000000, 0x0000000100000000)
 Metaspace       used 55797K, capacity 57517K, committed 57804K, reserved 1099776K
  class space    used 6561K, capacity 6966K, committed 7116K, reserved 1048576K
}
2020-06-30T21:52:42.307+0100: 2209.951: Total time for which application threads were stopped: 0.0178802 seconds, Stopping threads took: 0.0000790 seconds
2020-06-30T21:52:43.228+0100: 2210.872: Total time for which application threads were stopped: 0.0007606 seconds, Stopping threads took: 0.0006601 seconds
2020-06-30T21:52:43.228+0100: 2210.872: Total time for which application threads were stopped: 0.0001539 seconds, Stopping threads took: 0.0000319 seconds
2020-06-30T21:52:43.233+0100: 2210.876: Total time for which application threads were stopped: 0.0009614 seconds, Stopping threads took: 0.0008300 seconds
2020-06-30T21:52:43.237+0100: 2210.881: Total time for which application threads were stopped: 0.0001601 seconds, Stopping threads took: 0.0000551 seconds
2020-06-30T21:52:43.237+0100: 2210.881: Total time for which application threads were stopped: 0.0001117 seconds, Stopping threads took: 0.0000474 seconds
2020-06-30T21:52:43.237+0100: 2210.881: Total time for which application threads were stopped: 0.0000854 seconds, Stopping threads took: 0.0000377 seconds
2020-06-30T21:52:43.238+0100: 2210.881: Total time for which application threads were stopped: 0.0000880 seconds, Stopping threads took: 0.0000375 seconds
2020-06-30T21:52:47.158+0100: 2214.802: Total time for which application threads were stopped: 0.0001942 seconds, Stopping threads took: 0.0001453 seconds
2020-06-30T21:52:47.162+0100: 2214.805: Total time for which application threads were stopped: 0.0002235 seconds, Stopping threads took: 0.0001306 seconds
2020-06-30T21:52:47.163+0100: 2214.807: Total time for which application threads were stopped: 0.0002890 seconds, Stopping threads took: 0.0001234 seconds
2020-06-30T21:52:47.178+0100: 2214.821: Total time for which application threads were stopped: 0.0016392 seconds, Stopping threads took: 0.0015568 seconds
2020-06-30T21:52:47.180+0100: 2214.824: Total time for which application threads were stopped: 0.0004220 seconds, Stopping threads took: 0.0003235 seconds
2020-06-30T21:52:47.266+0100: 2214.909: Total time for which application threads were stopped: 0.0002451 seconds, Stopping threads took: 0.0001008 seconds
{Heap before GC invocations=243 (full 15):
 par new generation   total 109248K, used 109248K [0x00000000e0000000, 0x00000000e8000000, 0x00000000e8000000)
  eden space 87424K, 100% used [0x00000000e0000000, 0x00000000e5560000, 0x00000000e5560000)
  from space 21824K, 100% used [0x00000000e6ab0000, 0x00000000e8000000, 0x00000000e8000000)
  to   space 21824K,   0% used [0x00000000e5560000, 0x00000000e5560000, 0x00000000e6ab0000)
 concurrent mark-sweep generation total 393216K, used 165347K [0x00000000e8000000, 0x0000000100000000, 0x0000000100000000)
 Metaspace       used 55816K, capacity 57517K, committed 57804K, reserved 1099776K
  class space    used 6561K, capacity 6966K, committed 7116K, reserved 1048576K
2020-06-30T21:52:47.306+0100: 2214.950: [GC (Allocation Failure) 2020-06-30T21:52:47.307+0100: 2214.951: [ParNew
Desired survivor size 20112992 bytes, new threshold 6 (max 8)
- age   1:    4736704 bytes,    4736704 total
- age   2:    3747176 bytes,    8483880 total
- age   3:    1944576 bytes,   10428456 total
- age   4:    3647848 bytes,   14076304 total
- age   5:    3572240 bytes,   17648544 total
- age   6:    4686208 bytes,   22334752 total
: 109248K->21824K(109248K), 0.0182142 secs] 274595K->197142K(502464K), 0.0186936 secs] [Times: user=0.06 sys=0.00, real=0.02 secs] 
Heap after GC invocations=244 (full 15):
 par new generation   total 109248K, used 21824K [0x00000000e0000000, 0x00000000e8000000, 0x00000000e8000000)
  eden space 87424K,   0% used [0x00000000e0000000, 0x00000000e0000000, 0x00000000e5560000)
  from space 21824K, 100% used [0x00000000e5560000, 0x00000000e6ab0000, 0x00000000e6ab0000)
  to   space 21824K,   0% used [0x00000000e6ab0000, 0x00000000e6ab0000, 0x00000000e8000000)
 concurrent mark-sweep generation total 393216K, used 175318K [0x00000000e8000000, 0x0000000100000000, 0x0000000100000000)
 Metaspace       used 55816K, capacity 57517K, committed 57804K, reserved 1099776K
  class space    used 6561K, capacity 6966K, committed 7116K, reserved 1048576K
}
2020-06-30T21:52:47.325+0100: 2214.969: Total time for which application threads were stopped: 0.0193971 seconds, Stopping threads took: 0.0002960 seconds
{Heap before GC invocations=244 (full 15):
 par new generation   total 109248K, used 109248K [0x00000000e0000000, 0x00000000e8000000, 0x00000000e8000000)
  eden space 87424K, 100% used [0x00000000e0000000, 0x00000000e5560000, 0x00000000e5560000)
  from space 21824K, 100% used [0x00000000e5560000, 0x00000000e6ab0000, 0x00000000e6ab0000)
  to   space 21824K,   0% used [0x00000000e6ab0000, 0x00000000e6ab0000, 0x00000000e8000000)
 concurrent mark-sweep generation total 393216K, used 175318K [0x00000000e8000000, 0x0000000100000000, 0x0000000100000000)
 Metaspace       used 55816K, capacity 57517K, committed 57804K, reserved 1099776K
  class space    used 6561K, capacity 6966K, committed 7116K, reserved 1048576K
2020-06-30T21:52:47.409+0100: 2215.053: [GC (Allocation Failure) 2020-06-30T21:52:47.409+0100: 2215.053: [ParNew
Desired survivor size 20112992 bytes, new threshold 6 (max 8)
- age   1:    6069632 bytes,    6069632 total
- age   2:    3250576 bytes,    9320208 total
- age   3:    3747104 bytes,   13067312 total
- age   4:    1944576 bytes,   15011888 total
- age   5:    3647784 bytes,   18659672 total
- age   6:    3572176 bytes,   22231848 total
: 109248K->21824K(109248K), 0.0166085 secs] 284566K->206149K(502464K), 0.0166954 secs] [Times: user=0.06 sys=0.00, real=0.02 secs] 
Heap after GC invocations=245 (full 15):
 par new generation   total 109248K, used 21824K [0x00000000e0000000, 0x00000000e8000000, 0x00000000e8000000)
  eden space 87424K,   0% used [0x00000000e0000000, 0x00000000e0000000, 0x00000000e5560000)
  from space 21824K, 100% used [0x00000000e6ab0000, 0x00000000e8000000, 0x00000000e8000000)
  to   space 21824K,   0% used [0x00000000e5560000, 0x00000000e5560000, 0x00000000e6ab0000)
 concurrent mark-sweep generation total 393216K, used 184325K [0x00000000e8000000, 0x0000000100000000, 0x0000000100000000)
 Metaspace       used 55816K, capacity 57517K, committed 57804K, reserved 1099776K
  class space    used 6561K, capacity 6966K, committed 7116K, reserved 1048576K
}
2020-06-30T21:52:47.426+0100: 2215.070: Total time for which application threads were stopped: 0.0169258 seconds, Stopping threads took: 0.0000635 seconds
{Heap before GC invocations=245 (full 15):
 par new generation   total 109248K, used 109248K [0x00000000e0000000, 0x00000000e8000000, 0x00000000e8000000)
  eden space 87424K, 100% used [0x00000000e0000000, 0x00000000e5560000, 0x00000000e5560000)
  from space 21824K, 100% used [0x00000000e6ab0000, 0x00000000e8000000, 0x00000000e8000000)
  to   space 21824K,   0% used [0x00000000e5560000, 0x00000000e5560000, 0x00000000e6ab0000)
 concurrent mark-sweep generation total 393216K, used 184325K [0x00000000e8000000, 0x0000000100000000, 0x0000000100000000)
 Metaspace       used 55820K, capacity 57517K, committed 57804K, reserved 1099776K
  class space    used 6561K, capacity 6966K, committed 7116K, reserved 1048576K
2020-06-30T21:52:47.538+0100: 2215.182: [GC (Allocation Failure) 2020-06-30T21:52:47.538+0100: 2215.182: [ParNew
Desired survivor size 20112992 bytes, new threshold 6 (max 8)
- age   1:    5878584 bytes,    5878584 total
- age   2:    4746736 bytes,   10625320 total
- age   3:    3232208 bytes,   13857528 total
- age   4:    2909688 bytes,   16767216 total
- age   5:    1931952 bytes,   18699168 total
- age   6:    3647144 bytes,   22346312 total
: 109248K->21824K(109248K), 0.0157981 secs] 293573K->212496K(502464K), 0.0158645 secs] [Times: user=0.06 sys=0.00, real=0.02 secs] 
Heap after GC invocations=246 (full 15):
 par new generation   total 109248K, used 21824K [0x00000000e0000000, 0x00000000e8000000, 0x00000000e8000000)
  eden space 87424K,   0% used [0x00000000e0000000, 0x00000000e0000000, 0x00000000e5560000)
  from space 21824K, 100% used [0x00000000e5560000, 0x00000000e6ab0000, 0x00000000e6ab0000)
  to   space 21824K,   0% used [0x00000000e6ab0000, 0x00000000e6ab0000, 0x00000000e8000000)
 concurrent mark-sweep generation total 393216K, used 190672K [0x00000000e8000000, 0x0000000100000000, 0x0000000100000000)
 Metaspace       used 55820K, capacity 57517K, committed 57804K, reserved 1099776K
  class space    used 6561K, capacity 6966K, committed 7116K, reserved 1048576K
}
2020-06-30T21:52:47.554+0100: 2215.198: Total time for which application threads were stopped: 0.0161545 seconds, Stopping threads took: 0.0001010 seconds
2020-06-30T21:52:48.375+0100: 2216.019: Total time for which application threads were stopped: 0.0008031 seconds, Stopping threads took: 0.0006975 seconds
2020-06-30T21:52:48.377+0100: 2216.021: Total time for which application threads were stopped: 0.0009064 seconds, Stopping threads took: 0.0006602 seconds
2020-06-30T21:52:48.380+0100: 2216.024: Total time for which application threads were stopped: 0.0002899 seconds, Stopping threads took: 0.0002012 seconds
2020-06-30T21:52:48.406+0100: 2216.049: Total time for which application threads were stopped: 0.0001421 seconds, Stopping threads took: 0.0000541 seconds
2020-06-30T21:52:48.406+0100: 2216.050: Total time for which application threads were stopped: 0.0001015 seconds, Stopping threads took: 0.0000402 seconds
2020-06-30T21:52:48.406+0100: 2216.050: Total time for which application threads were stopped: 0.0000896 seconds, Stopping threads took: 0.0000436 seconds
2020-06-30T21:52:48.406+0100: 2216.050: Total time for which application threads were stopped: 0.0000865 seconds, Stopping threads took: 0.0000410 seconds
2020-06-30T21:52:55.981+0100: 2223.625: Total time for which application threads were stopped: 0.0005794 seconds, Stopping threads took: 0.0005053 seconds
2020-06-30T21:52:56.032+0100: 2223.676: Total time for which application threads were stopped: 0.0006787 seconds, Stopping threads took: 0.0005750 seconds
2020-06-30T21:52:56.034+0100: 2223.678: Total time for which application threads were stopped: 0.0001583 seconds, Stopping threads took: 0.0000705 seconds
{Heap before GC invocations=246 (full 15):
 par new generation   total 109248K, used 109248K [0x00000000e0000000, 0x00000000e8000000, 0x00000000e8000000)
  eden space 87424K, 100% used [0x00000000e0000000, 0x00000000e5560000, 0x00000000e5560000)
  from space 21824K, 100% used [0x00000000e5560000, 0x00000000e6ab0000, 0x00000000e6ab0000)
  to   space 21824K,   0% used [0x00000000e6ab0000, 0x00000000e6ab0000, 0x00000000e8000000)
 concurrent mark-sweep generation total 393216K, used 190672K [0x00000000e8000000, 0x0000000100000000, 0x0000000100000000)
 Metaspace       used 55833K, capacity 57581K, committed 57804K, reserved 1099776K
  class space    used 6561K, capacity 6966K, committed 7116K, reserved 1048576K
2020-06-30T21:52:56.098+0100: 2223.742: [GC (Allocation Failure) 2020-06-30T21:52:56.098+0100: 2223.742: [ParNew
Desired survivor size 20112992 bytes, new threshold 8 (max 8)
- age   1:    5147576 bytes,    5147576 total
- age   2:    2520168 bytes,    7667744 total
- age   3:    4370448 bytes,   12038192 total
- age   4:    2706320 bytes,   14744512 total
- age   5:    2909688 bytes,   17654200 total
- age   6:    1931952 bytes,   19586152 total
: 109248K->21824K(109248K), 0.0131985 secs] 299920K->218222K(502464K), 0.0132991 secs] [Times: user=0.06 sys=0.00, real=0.01 secs] 
Heap after GC invocations=247 (full 15):
 par new generation   total 109248K, used 21824K [0x00000000e0000000, 0x00000000e8000000, 0x00000000e8000000)
  eden space 87424K,   0% used [0x00000000e0000000, 0x00000000e0000000, 0x00000000e5560000)
  from space 21824K, 100% used [0x00000000e6ab0000, 0x00000000e8000000, 0x00000000e8000000)
  to   space 21824K,   0% used [0x00000000e5560000, 0x00000000e5560000, 0x00000000e6ab0000)
 concurrent mark-sweep generation total 393216K, used 196398K [0x00000000e8000000, 0x0000000100000000, 0x0000000100000000)
 Metaspace       used 55833K, capacity 57581K, committed 57804K, reserved 1099776K
  class space    used 6561K, capacity 6966K, committed 7116K, reserved 1048576K
}
2020-06-30T21:52:56.111+0100: 2223.755: Total time for which application threads were stopped: 0.0136355 seconds, Stopping threads took: 0.0000875 seconds
2020-06-30T21:52:56.180+0100: 2223.823: Total time for which application threads were stopped: 0.0001574 seconds, Stopping threads took: 0.0000588 seconds
{Heap before GC invocations=247 (full 15):
 par new generation   total 109248K, used 109248K [0x00000000e0000000, 0x00000000e8000000, 0x00000000e8000000)
  eden space 87424K, 100% used [0x00000000e0000000, 0x00000000e5560000, 0x00000000e5560000)
  from space 21824K, 100% used [0x00000000e6ab0000, 0x00000000e8000000, 0x00000000e8000000)
  to   space 21824K,   0% used [0x00000000e5560000, 0x00000000e5560000, 0x00000000e6ab0000)
 concurrent mark-sweep generation total 393216K, used 196398K [0x00000000e8000000, 0x0000000100000000, 0x0000000100000000)
 Metaspace       used 55833K, capacity 57581K, committed 57804K, reserved 1099776K
  class space    used 6561K, capacity 6966K, committed 7116K, reserved 1048576K
2020-06-30T21:52:56.322+0100: 2223.966: [GC (Allocation Failure) 2020-06-30T21:52:56.322+0100: 2223.966: [ParNew
Desired survivor size 20112992 bytes, new threshold 7 (max 8)
- age   1:    4776400 bytes,    4776400 total
- age   2:    1791440 bytes,    6567840 total
- age   3:    2381640 bytes,    8949480 total
- age   4:    4371368 bytes,   13320848 total
- age   5:    2704208 bytes,   16025056 total
- age   6:    2909688 bytes,   18934744 total
- age   7:    1931952 bytes,   20866696 total
: 109248K->21824K(109248K), 0.0126988 secs] 305646K->219915K(502464K), 0.0127914 secs] [Times: user=0.06 sys=0.00, real=0.01 secs] 
Heap after GC invocations=248 (full 15):
 par new generation   total 109248K, used 21824K [0x00000000e0000000, 0x00000000e8000000, 0x00000000e8000000)
  eden space 87424K,   0% used [0x00000000e0000000, 0x00000000e0000000, 0x00000000e5560000)
  from space 21824K, 100% used [0x00000000e5560000, 0x00000000e6ab0000, 0x00000000e6ab0000)
  to   space 21824K,   0% used [0x00000000e6ab0000, 0x00000000e6ab0000, 0x00000000e8000000)
 concurrent mark-sweep generation total 393216K, used 198091K [0x00000000e8000000, 0x0000000100000000, 0x0000000100000000)
 Metaspace       used 55833K, capacity 57581K, committed 57804K, reserved 1099776K
  class space    used 6561K, capacity 6966K, committed 7116K, reserved 1048576K
}
2020-06-30T21:52:56.335+0100: 2223.979: Total time for which application threads were stopped: 0.0134963 seconds, Stopping threads took: 0.0004438 seconds
2020-06-30T21:52:56.335+0100: 2223.979: [GC (CMS Initial Mark) [1 CMS-initial-mark: 198091K(393216K)] 220815K(502464K), 0.0039523 secs] [Times: user=0.00 sys=0.00, real=0.00 secs] 
2020-06-30T21:52:56.339+0100: 2223.983: Total time for which application threads were stopped: 0.0041844 seconds, Stopping threads took: 0.0000830 seconds
2020-06-30T21:52:56.339+0100: 2223.983: [CMS-concurrent-mark-start]
2020-06-30T21:52:56.365+0100: 2224.009: [CMS-concurrent-mark: 0.026/0.026 secs] [Times: user=0.13 sys=0.00, real=0.03 secs] 
2020-06-30T21:52:56.365+0100: 2224.009: [CMS-concurrent-preclean-start]
2020-06-30T21:52:56.367+0100: 2224.011: [CMS-concurrent-preclean: 0.002/0.002 secs] [Times: user=0.00 sys=0.00, real=0.00 secs] 
2020-06-30T21:52:56.376+0100: 2224.020: [GC (CMS Final Remark) [YG occupancy: 23616 K (109248 K)]{Heap before GC invocations=248 (full 16):
 par new generation   total 109248K, used 23616K [0x00000000e0000000, 0x00000000e8000000, 0x00000000e8000000)
  eden space 87424K,   2% used [0x00000000e0000000, 0x00000000e01c01c8, 0x00000000e5560000)
  from space 21824K, 100% used [0x00000000e5560000, 0x00000000e6ab0000, 0x00000000e6ab0000)
  to   space 21824K,   0% used [0x00000000e6ab0000, 0x00000000e6ab0000, 0x00000000e8000000)
 concurrent mark-sweep generation total 393216K, used 198091K [0x00000000e8000000, 0x0000000100000000, 0x0000000100000000)
 Metaspace       used 55833K, capacity 57581K, committed 57804K, reserved 1099776K
  class space    used 6561K, capacity 6966K, committed 7116K, reserved 1048576K
2020-06-30T21:52:56.376+0100: 2224.020: [GC (CMS Final Remark) 2020-06-30T21:52:56.376+0100: 2224.020: [ParNew
Desired survivor size 20112992 bytes, new threshold 8 (max 8)
- age   1:     445320 bytes,     445320 total
- age   2:    3796736 bytes,    4242056 total
- age   3:     646400 bytes,    4888456 total
- age   4:    2381640 bytes,    7270096 total
- age   5:    4370368 bytes,   11640464 total
- age   6:    2704208 bytes,   14344672 total
- age   7:    2909688 bytes,   17254360 total
: 23616K->21824K(109248K), 0.0121571 secs] 221708K->221827K(502464K), 0.0123527 secs] [Times: user=0.06 sys=0.00, real=0.01 secs] 
Heap after GC invocations=249 (full 16):
 par new generation   total 109248K, used 21824K [0x00000000e0000000, 0x00000000e8000000, 0x00000000e8000000)
  eden space 87424K,   0% used [0x00000000e0000000, 0x00000000e0000000, 0x00000000e5560000)
  from space 21824K, 100% used [0x00000000e6ab0000, 0x00000000e8000000, 0x00000000e8000000)
  to   space 21824K,   0% used [0x00000000e5560000, 0x00000000e5560000, 0x00000000e6ab0000)
 concurrent mark-sweep generation total 393216K, used 200003K [0x00000000e8000000, 0x0000000100000000, 0x0000000100000000)
 Metaspace       used 55833K, capacity 57581K, committed 57804K, reserved 1099776K
  class space    used 6561K, capacity 6966K, committed 7116K, reserved 1048576K
}
2020-06-30T21:52:56.389+0100: 2224.033: [Rescan (parallel) , 0.0055096 secs]2020-06-30T21:52:56.394+0100: 2224.038: [weak refs processing, 0.0046263 secs]2020-06-30T21:52:56.399+0100: 2224.043: [class unloading, 0.0186828 secs]2020-06-30T21:52:56.418+0100: 2224.061: [scrub symbol table, 0.0172965 secs]2020-06-30T21:52:56.435+0100: 2224.079: [scrub string table, 0.0009045 secs][1 CMS-remark: 200003K(393216K)] 221827K(502464K), 0.0599600 secs] [Times: user=0.16 sys=0.00, real=0.06 secs] 
2020-06-30T21:52:56.436+0100: 2224.080: Total time for which application threads were stopped: 0.0692353 seconds, Stopping threads took: 0.0091224 seconds
2020-06-30T21:52:56.436+0100: 2224.080: [CMS-concurrent-sweep-start]
2020-06-30T21:52:56.437+0100: 2224.081: Total time for which application threads were stopped: 0.0001649 seconds, Stopping threads took: 0.0000679 seconds
2020-06-30T21:52:56.437+0100: 2224.081: Total time for which application threads were stopped: 0.0001356 seconds, Stopping threads took: 0.0000593 seconds
2020-06-30T21:52:56.437+0100: 2224.081: Total time for which application threads were stopped: 0.0001166 seconds, Stopping threads took: 0.0000476 seconds
2020-06-30T21:52:56.438+0100: 2224.081: Total time for which application threads were stopped: 0.0001168 seconds, Stopping threads took: 0.0000460 seconds
2020-06-30T21:52:56.438+0100: 2224.082: Total time for which application threads were stopped: 0.0001188 seconds, Stopping threads took: 0.0000528 seconds
2020-06-30T21:52:56.438+0100: 2224.082: Total time for which application threads were stopped: 0.0001564 seconds, Stopping threads took: 0.0000631 seconds
2020-06-30T21:52:56.439+0100: 2224.082: Total time for which application threads were stopped: 0.0001492 seconds, Stopping threads took: 0.0000783 seconds
2020-06-30T21:52:56.439+0100: 2224.083: Total time for which application threads were stopped: 0.0001190 seconds, Stopping threads took: 0.0000573 seconds
2020-06-30T21:52:56.439+0100: 2224.083: Total time for which application threads were stopped: 0.0001411 seconds, Stopping threads took: 0.0000617 seconds
2020-06-30T21:52:56.439+0100: 2224.083: Total time for which application threads were stopped: 0.0001243 seconds, Stopping threads took: 0.0000583 seconds
2020-06-30T21:52:56.440+0100: 2224.084: Total time for which application threads were stopped: 0.0001387 seconds, Stopping threads took: 0.0000613 seconds
2020-06-30T21:52:56.440+0100: 2224.084: Total time for which application threads were stopped: 0.0001133 seconds, Stopping threads took: 0.0000480 seconds
2020-06-30T21:52:56.440+0100: 2224.084: Total time for which application threads were stopped: 0.0001252 seconds, Stopping threads took: 0.0000552 seconds
2020-06-30T21:52:56.441+0100: 2224.084: Total time for which application threads were stopped: 0.0001191 seconds, Stopping threads took: 0.0000561 seconds
2020-06-30T21:52:56.526+0100: 2224.170: [CMS-concurrent-sweep: 0.088/0.090 secs] [Times: user=0.14 sys=0.00, real=0.09 secs] 
2020-06-30T21:52:56.526+0100: 2224.170: [CMS-concurrent-reset-start]
2020-06-30T21:52:56.527+0100: 2224.171: [CMS-concurrent-reset: 0.001/0.001 secs] [Times: user=0.00 sys=0.00, real=0.00 secs] 
{Heap before GC invocations=249 (full 16):
 par new generation   total 109248K, used 109248K [0x00000000e0000000, 0x00000000e8000000, 0x00000000e8000000)
  eden space 87424K, 100% used [0x00000000e0000000, 0x00000000e5560000, 0x00000000e5560000)
  from space 21824K, 100% used [0x00000000e6ab0000, 0x00000000e8000000, 0x00000000e8000000)
  to   space 21824K,   0% used [0x00000000e5560000, 0x00000000e5560000, 0x00000000e6ab0000)
 concurrent mark-sweep generation total 393216K, used 76667K [0x00000000e8000000, 0x0000000100000000, 0x0000000100000000)
 Metaspace       used 55833K, capacity 57581K, committed 57804K, reserved 1099776K
  class space    used 6561K, capacity 6966K, committed 7116K, reserved 1048576K
2020-06-30T21:52:56.654+0100: 2224.298: [GC (Allocation Failure) 2020-06-30T21:52:56.654+0100: 2224.298: [ParNew
Desired survivor size 20112992 bytes, new threshold 7 (max 8)
- age   1:    8885808 bytes,    8885808 total
- age   2:     205640 bytes,    9091448 total
- age   3:    2993592 bytes,   12085040 total
- age   4:     645960 bytes,   12731000 total
- age   5:    2381496 bytes,   15112496 total
- age   6:    3029248 bytes,   18141744 total
- age   7:    2462232 bytes,   20603976 total
- age   8:    1463384 bytes,   22067360 total
: 109248K->21824K(109248K), 0.0163452 secs] 185915K->100956K(502464K), 0.0164281 secs] [Times: user=0.06 sys=0.00, real=0.02 secs] 
Heap after GC invocations=250 (full 16):
 par new generation   total 109248K, used 21824K [0x00000000e0000000, 0x00000000e8000000, 0x00000000e8000000)
  eden space 87424K,   0% used [0x00000000e0000000, 0x00000000e0000000, 0x00000000e5560000)
  from space 21824K, 100% used [0x00000000e5560000, 0x00000000e6ab0000, 0x00000000e6ab0000)
  to   space 21824K,   0% used [0x00000000e6ab0000, 0x00000000e6ab0000, 0x00000000e8000000)
 concurrent mark-sweep generation total 393216K, used 79132K [0x00000000e8000000, 0x0000000100000000, 0x0000000100000000)
 Metaspace       used 55833K, capacity 57581K, committed 57804K, reserved 1099776K
  class space    used 6561K, capacity 6966K, committed 7116K, reserved 1048576K
}
2020-06-30T21:52:56.671+0100: 2224.315: Total time for which application threads were stopped: 0.0171012 seconds, Stopping threads took: 0.0004378 seconds
{Heap before GC invocations=250 (full 16):
 par new generation   total 109248K, used 109248K [0x00000000e0000000, 0x00000000e8000000, 0x00000000e8000000)
  eden space 87424K, 100% used [0x00000000e0000000, 0x00000000e5560000, 0x00000000e5560000)
  from space 21824K, 100% used [0x00000000e5560000, 0x00000000e6ab0000, 0x00000000e6ab0000)
  to   space 21824K,   0% used [0x00000000e6ab0000, 0x00000000e6ab0000, 0x00000000e8000000)
 concurrent mark-sweep generation total 393216K, used 79132K [0x00000000e8000000, 0x0000000100000000, 0x0000000100000000)
 Metaspace       used 55843K, capacity 57581K, committed 57804K, reserved 1099776K
  class space    used 6561K, capacity 6966K, committed 7116K, reserved 1048576K
2020-06-30T21:52:56.973+0100: 2224.616: [GC (Allocation Failure) 2020-06-30T21:52:56.973+0100: 2224.616: [ParNew
Desired survivor size 20112992 bytes, new threshold 7 (max 8)
- age   1:    7157080 bytes,    7157080 total
- age   2:    5938256 bytes,   13095336 total
- age   3:     205600 bytes,   13300936 total
- age   4:    2991464 bytes,   16292400 total
- age   5:     635128 bytes,   16927528 total
- age   6:    2381456 bytes,   19308984 total
- age   7:    3029248 bytes,   22338232 total
: 109248K->21824K(109248K), 0.0205568 secs] 188380K->113647K(502464K), 0.0206487 secs] [Times: user=0.13 sys=0.00, real=0.02 secs] 
Heap after GC invocations=251 (full 16):
 par new generation   total 109248K, used 21824K [0x00000000e0000000, 0x00000000e8000000, 0x00000000e8000000)
  eden space 87424K,   0% used [0x00000000e0000000, 0x00000000e0000000, 0x00000000e5560000)
  from space 21824K, 100% used [0x00000000e6ab0000, 0x00000000e8000000, 0x00000000e8000000)
  to   space 21824K,   0% used [0x00000000e5560000, 0x00000000e5560000, 0x00000000e6ab0000)
 concurrent mark-sweep generation total 393216K, used 91823K [0x00000000e8000000, 0x0000000100000000, 0x0000000100000000)
 Metaspace       used 55843K, capacity 57581K, committed 57804K, reserved 1099776K
  class space    used 6561K, capacity 6966K, committed 7116K, reserved 1048576K
}
2020-06-30T21:52:56.993+0100: 2224.637: Total time for which application threads were stopped: 0.0209436 seconds, Stopping threads took: 0.0000709 seconds
2020-06-30T21:52:57.994+0100: 2225.638: Total time for which application threads were stopped: 0.0005615 seconds, Stopping threads took: 0.0004742 seconds
2020-06-30T21:52:58.068+0100: 2225.712: Total time for which application threads were stopped: 0.0001708 seconds, Stopping threads took: 0.0000720 seconds
2020-06-30T21:52:58.069+0100: 2225.713: Total time for which application threads were stopped: 0.0001740 seconds, Stopping threads took: 0.0000742 seconds
2020-06-30T21:52:58.070+0100: 2225.713: Total time for which application threads were stopped: 0.0001372 seconds, Stopping threads took: 0.0000555 seconds
2020-06-30T21:52:58.070+0100: 2225.714: Total time for which application threads were stopped: 0.0001194 seconds, Stopping threads took: 0.0000536 seconds
2020-06-30T21:52:58.070+0100: 2225.714: Total time for which application threads were stopped: 0.0000943 seconds, Stopping threads took: 0.0000477 seconds
2020-06-30T21:52:58.070+0100: 2225.714: Total time for which application threads were stopped: 0.0003078 seconds, Stopping threads took: 0.0000484 seconds
2020-06-30T21:53:04.072+0100: 2231.715: Total time for which application threads were stopped: 0.0001397 seconds, Stopping threads took: 0.0000672 seconds
2020-06-30T21:53:05.478+0100: 2233.122: Total time for which application threads were stopped: 0.0003802 seconds, Stopping threads took: 0.0003169 seconds
2020-06-30T21:53:05.482+0100: 2233.126: Total time for which application threads were stopped: 0.0001547 seconds, Stopping threads took: 0.0000699 seconds
2020-06-30T21:53:05.483+0100: 2233.127: Total time for which application threads were stopped: 0.0001289 seconds, Stopping threads took: 0.0000577 seconds
{Heap before GC invocations=251 (full 16):
 par new generation   total 109248K, used 109237K [0x00000000e0000000, 0x00000000e8000000, 0x00000000e8000000)
  eden space 87424K,  99% used [0x00000000e0000000, 0x00000000e555d530, 0x00000000e5560000)
  from space 21824K, 100% used [0x00000000e6ab0000, 0x00000000e8000000, 0x00000000e8000000)
  to   space 21824K,   0% used [0x00000000e5560000, 0x00000000e5560000, 0x00000000e6ab0000)
 concurrent mark-sweep generation total 393216K, used 91823K [0x00000000e8000000, 0x0000000100000000, 0x0000000100000000)
 Metaspace       used 55861K, capacity 57581K, committed 57804K, reserved 1099776K
  class space    used 6561K, capacity 6966K, committed 7116K, reserved 1048576K
2020-06-30T21:53:05.562+0100: 2233.206: [GC (Allocation Failure) 2020-06-30T21:53:05.562+0100: 2233.206: [ParNew
Desired survivor size 20112992 bytes, new threshold 7 (max 8)
- age   1:    8569416 bytes,    8569416 total
- age   2:    2307264 bytes,   10876680 total
- age   3:    5903448 bytes,   16780128 total
- age   4:     205600 bytes,   16985728 total
- age   5:    2560696 bytes,   19546424 total
- age   6:     389392 bytes,   19935816 total
- age   7:    2381456 bytes,   22317272 total
: 109237K->21824K(109248K), 0.0142777 secs] 201060K->118304K(502464K), 0.0143529 secs] [Times: user=0.06 sys=0.00, real=0.01 secs] 
Heap after GC invocations=252 (full 16):
 par new generation   total 109248K, used 21824K [0x00000000e0000000, 0x00000000e8000000, 0x00000000e8000000)
  eden space 87424K,   0% used [0x00000000e0000000, 0x00000000e0000000, 0x00000000e5560000)
  from space 21824K, 100% used [0x00000000e5560000, 0x00000000e6ab0000, 0x00000000e6ab0000)
  to   space 21824K,   0% used [0x00000000e6ab0000, 0x00000000e6ab0000, 0x00000000e8000000)
 concurrent mark-sweep generation total 393216K, used 96480K [0x00000000e8000000, 0x0000000100000000, 0x0000000100000000)
 Metaspace       used 55861K, capacity 57581K, committed 57804K, reserved 1099776K
  class space    used 6561K, capacity 6966K, committed 7116K, reserved 1048576K
}
2020-06-30T21:53:05.576+0100: 2233.220: Total time for which application threads were stopped: 0.0146401 seconds, Stopping threads took: 0.0001002 seconds
2020-06-30T21:53:05.578+0100: 2233.222: Total time for which application threads were stopped: 0.0001067 seconds, Stopping threads took: 0.0000396 seconds
{Heap before GC invocations=252 (full 16):
 par new generation   total 109248K, used 109248K [0x00000000e0000000, 0x00000000e8000000, 0x00000000e8000000)
  eden space 87424K, 100% used [0x00000000e0000000, 0x00000000e5560000, 0x00000000e5560000)
  from space 21824K, 100% used [0x00000000e5560000, 0x00000000e6ab0000, 0x00000000e6ab0000)
  to   space 21824K,   0% used [0x00000000e6ab0000, 0x00000000e6ab0000, 0x00000000e8000000)
 concurrent mark-sweep generation total 393216K, used 96480K [0x00000000e8000000, 0x0000000100000000, 0x0000000100000000)
 Metaspace       used 55861K, capacity 57581K, committed 57804K, reserved 1099776K
  class space    used 6561K, capacity 6966K, committed 7116K, reserved 1048576K
2020-06-30T21:53:05.663+0100: 2233.307: [GC (Allocation Failure) 2020-06-30T21:53:05.663+0100: 2233.307: [ParNew
Desired survivor size 20112992 bytes, new threshold 8 (max 8)
- age   1:    5384096 bytes,    5384096 total
- age   2:    2991264 bytes,    8375360 total
- age   3:    2307032 bytes,   10682392 total
- age   4:    5903448 bytes,   16585840 total
- age   5:     205600 bytes,   16791440 total
- age   6:    2558648 bytes,   19350088 total
- age   7:     389128 bytes,   19739216 total
: 109248K->21824K(109248K), 0.0129654 secs] 205728K->123468K(502464K), 0.0130240 secs] [Times: user=0.00 sys=0.00, real=0.01 secs] 
Heap after GC invocations=253 (full 16):
 par new generation   total 109248K, used 21824K [0x00000000e0000000, 0x00000000e8000000, 0x00000000e8000000)
  eden space 87424K,   0% used [0x00000000e0000000, 0x00000000e0000000, 0x00000000e5560000)
  from space 21824K, 100% used [0x00000000e6ab0000, 0x00000000e8000000, 0x00000000e8000000)
  to   space 21824K,   0% used [0x00000000e5560000, 0x00000000e5560000, 0x00000000e6ab0000)
 concurrent mark-sweep generation total 393216K, used 101644K [0x00000000e8000000, 0x0000000100000000, 0x0000000100000000)
 Metaspace       used 55861K, capacity 57581K, committed 57804K, reserved 1099776K
  class space    used 6561K, capacity 6966K, committed 7116K, reserved 1048576K
}
2020-06-30T21:53:05.676+0100: 2233.320: Total time for which application threads were stopped: 0.0132272 seconds, Stopping threads took: 0.0000489 seconds
{Heap before GC invocations=253 (full 16):
 par new generation   total 109248K, used 109248K [0x00000000e0000000, 0x00000000e8000000, 0x00000000e8000000)
  eden space 87424K, 100% used [0x00000000e0000000, 0x00000000e5560000, 0x00000000e5560000)
  from space 21824K, 100% used [0x00000000e6ab0000, 0x00000000e8000000, 0x00000000e8000000)
  to   space 21824K,   0% used [0x00000000e5560000, 0x00000000e5560000, 0x00000000e6ab0000)
 concurrent mark-sweep generation total 393216K, used 101644K [0x00000000e8000000, 0x0000000100000000, 0x0000000100000000)
 Metaspace       used 55863K, capacity 57581K, committed 57804K, reserved 1099776K
  class space    used 6561K, capacity 6966K, committed 7116K, reserved 1048576K
2020-06-30T21:53:05.799+0100: 2233.443: [GC (Allocation Failure) 2020-06-30T21:53:05.799+0100: 2233.443: [ParNew
Desired survivor size 20112992 bytes, new threshold 7 (max 8)
- age   1:    5266512 bytes,    5266512 total
- age   2:    2559008 bytes,    7825520 total
- age   3:    2857512 bytes,   10683032 total
- age   4:    2307032 bytes,   12990064 total
- age   5:    5903448 bytes,   18893512 total
- age   6:     205600 bytes,   19099112 total
- age   7:    2558648 bytes,   21657760 total
- age   8:     389128 bytes,   22046888 total
: 109248K->21824K(109248K), 0.0133873 secs] 210892K->126029K(502464K), 0.0134599 secs] [Times: user=0.06 sys=0.00, real=0.01 secs] 
Heap after GC invocations=254 (full 16):
 par new generation   total 109248K, used 21824K [0x00000000e0000000, 0x00000000e8000000, 0x00000000e8000000)
  eden space 87424K,   0% used [0x00000000e0000000, 0x00000000e0000000, 0x00000000e5560000)
  from space 21824K, 100% used [0x00000000e5560000, 0x00000000e6ab0000, 0x00000000e6ab0000)
  to   space 21824K,   0% used [0x00000000e6ab0000, 0x00000000e6ab0000, 0x00000000e8000000)
 concurrent mark-sweep generation total 393216K, used 104205K [0x00000000e8000000, 0x0000000100000000, 0x0000000100000000)
 Metaspace       used 55863K, capacity 57581K, committed 57804K, reserved 1099776K
  class space    used 6561K, capacity 6966K, committed 7116K, reserved 1048576K
}
2020-06-30T21:53:05.812+0100: 2233.456: Total time for which application threads were stopped: 0.0137017 seconds, Stopping threads took: 0.0000677 seconds
{Heap before GC invocations=254 (full 16):
 par new generation   total 109248K, used 109248K [0x00000000e0000000, 0x00000000e8000000, 0x00000000e8000000)
  eden space 87424K, 100% used [0x00000000e0000000, 0x00000000e5560000, 0x00000000e5560000)
  from space 21824K, 100% used [0x00000000e5560000, 0x00000000e6ab0000, 0x00000000e6ab0000)
  to   space 21824K,   0% used [0x00000000e6ab0000, 0x00000000e6ab0000, 0x00000000e8000000)
 concurrent mark-sweep generation total 393216K, used 104205K [0x00000000e8000000, 0x0000000100000000, 0x0000000100000000)
 Metaspace       used 55863K, capacity 57581K, committed 57804K, reserved 1099776K
  class space    used 6561K, capacity 6966K, committed 7116K, reserved 1048576K
2020-06-30T21:53:05.915+0100: 2233.559: [GC (Allocation Failure) 2020-06-30T21:53:05.915+0100: 2233.559: [ParNew
Desired survivor size 20112992 bytes, new threshold 6 (max 8)
- age   1:    4397816 bytes,    4397816 total
- age   2:    4102640 bytes,    8500456 total
- age   3:    2539408 bytes,   11039864 total
- age   4:    2857376 bytes,   13897240 total
- age   5:    2306728 bytes,   16203968 total
- age   6:    5903448 bytes,   22107416 total
- age   7:     205600 bytes,   22313016 total
: 109248K->21824K(109248K), 0.0158395 secs] 213453K->134461K(502464K), 0.0159054 secs] [Times: user=0.05 sys=0.01, real=0.02 secs] 
Heap after GC invocations=255 (full 16):
 par new generation   total 109248K, used 21824K [0x00000000e0000000, 0x00000000e8000000, 0x00000000e8000000)
  eden space 87424K,   0% used [0x00000000e0000000, 0x00000000e0000000, 0x00000000e5560000)
  from space 21824K, 100% used [0x00000000e6ab0000, 0x00000000e8000000, 0x00000000e8000000)
  to   space 21824K,   0% used [0x00000000e5560000, 0x00000000e5560000, 0x00000000e6ab0000)
 concurrent mark-sweep generation total 393216K, used 112637K [0x00000000e8000000, 0x0000000100000000, 0x0000000100000000)
 Metaspace       used 55863K, capacity 57581K, committed 57804K, reserved 1099776K
  class space    used 6561K, capacity 6966K, committed 7116K, reserved 1048576K
}
2020-06-30T21:53:05.931+0100: 2233.575: Total time for which application threads were stopped: 0.0161492 seconds, Stopping threads took: 0.0000772 seconds
2020-06-30T21:53:06.901+0100: 2234.545: Total time for which application threads were stopped: 0.0002871 seconds, Stopping threads took: 0.0001890 seconds
2020-06-30T21:53:06.903+0100: 2234.546: Total time for which application threads were stopped: 0.0002190 seconds, Stopping threads took: 0.0001072 seconds
2020-06-30T21:53:06.920+0100: 2234.564: Total time for which application threads were stopped: 0.0001733 seconds, Stopping threads took: 0.0000644 seconds
2020-06-30T21:53:06.920+0100: 2234.564: Total time for which application threads were stopped: 0.0001682 seconds, Stopping threads took: 0.0000801 seconds
2020-06-30T21:53:19.012+0100: 2246.656: Total time for which application threads were stopped: 0.0002491 seconds, Stopping threads took: 0.0001879 seconds
2020-06-30T21:53:19.015+0100: 2246.659: Total time for which application threads were stopped: 0.0001525 seconds, Stopping threads took: 0.0000865 seconds
2020-06-30T21:53:19.016+0100: 2246.659: Total time for which application threads were stopped: 0.0001531 seconds, Stopping threads took: 0.0000689 seconds
2020-06-30T21:53:19.100+0100: 2246.744: Total time for which application threads were stopped: 0.0001310 seconds, Stopping threads took: 0.0000543 seconds
{Heap before GC invocations=255 (full 16):
 par new generation   total 109248K, used 109248K [0x00000000e0000000, 0x00000000e8000000, 0x00000000e8000000)
  eden space 87424K, 100% used [0x00000000e0000000, 0x00000000e5560000, 0x00000000e5560000)
  from space 21824K, 100% used [0x00000000e6ab0000, 0x00000000e8000000, 0x00000000e8000000)
  to   space 21824K,   0% used [0x00000000e5560000, 0x00000000e5560000, 0x00000000e6ab0000)
 concurrent mark-sweep generation total 393216K, used 112637K [0x00000000e8000000, 0x0000000100000000, 0x0000000100000000)
 Metaspace       used 55866K, capacity 57581K, committed 57804K, reserved 1099776K
  class space    used 6561K, capacity 6966K, committed 7116K, reserved 1048576K
2020-06-30T21:53:19.126+0100: 2246.769: [GC (Allocation Failure) 2020-06-30T21:53:19.126+0100: 2246.769: [ParNew
Desired survivor size 20112992 bytes, new threshold 6 (max 8)
- age   1:    6664080 bytes,    6664080 total
- age   2:    3889088 bytes,   10553168 total
- age   3:    3985920 bytes,   14539088 total
- age   4:    2090800 bytes,   16629888 total
- age   5:    2419928 bytes,   19049816 total
- age   6:    2306728 bytes,   21356544 total
: 109248K->21824K(109248K), 0.0178598 secs] 221885K->144806K(502464K), 0.0179373 secs] [Times: user=0.06 sys=0.00, real=0.02 secs] 
Heap after GC invocations=256 (full 16):
 par new generation   total 109248K, used 21824K [0x00000000e0000000, 0x00000000e8000000, 0x00000000e8000000)
  eden space 87424K,   0% used [0x00000000e0000000, 0x00000000e0000000, 0x00000000e5560000)
  from space 21824K, 100% used [0x00000000e5560000, 0x00000000e6ab0000, 0x00000000e6ab0000)
  to   space 21824K,   0% used [0x00000000e6ab0000, 0x00000000e6ab0000, 0x00000000e8000000)
 concurrent mark-sweep generation total 393216K, used 122982K [0x00000000e8000000, 0x0000000100000000, 0x0000000100000000)
 Metaspace       used 55866K, capacity 57581K, committed 57804K, reserved 1099776K
  class space    used 6561K, capacity 6966K, committed 7116K, reserved 1048576K
}
2020-06-30T21:53:19.144+0100: 2246.787: Total time for which application threads were stopped: 0.0181928 seconds, Stopping threads took: 0.0000660 seconds
{Heap before GC invocations=256 (full 16):
 par new generation   total 109248K, used 109248K [0x00000000e0000000, 0x00000000e8000000, 0x00000000e8000000)
  eden space 87424K, 100% used [0x00000000e0000000, 0x00000000e5560000, 0x00000000e5560000)
  from space 21824K, 100% used [0x00000000e5560000, 0x00000000e6ab0000, 0x00000000e6ab0000)
  to   space 21824K,   0% used [0x00000000e6ab0000, 0x00000000e6ab0000, 0x00000000e8000000)
 concurrent mark-sweep generation total 393216K, used 122982K [0x00000000e8000000, 0x0000000100000000, 0x0000000100000000)
 Metaspace       used 55866K, capacity 57581K, committed 57804K, reserved 1099776K
  class space    used 6561K, capacity 6966K, committed 7116K, reserved 1048576K
2020-06-30T21:53:19.241+0100: 2246.884: [GC (Allocation Failure) 2020-06-30T21:53:19.241+0100: 2246.884: [ParNew
Desired survivor size 20112992 bytes, new threshold 6 (max 8)
- age   1:    4266864 bytes,    4266864 total
- age   2:    5782200 bytes,   10049064 total
- age   3:    3888976 bytes,   13938040 total
- age   4:    3985840 bytes,   17923880 total
- age   5:    2088752 bytes,   20012632 total
- age   6:    2419664 bytes,   22432296 total
: 109248K->21824K(109248K), 0.0172010 secs] 232230K->152796K(502464K), 0.0172994 secs] [Times: user=0.06 sys=0.00, real=0.02 secs] 
Heap after GC invocations=257 (full 16):
 par new generation   total 109248K, used 21824K [0x00000000e0000000, 0x00000000e8000000, 0x00000000e8000000)
  eden space 87424K,   0% used [0x00000000e0000000, 0x00000000e0000000, 0x00000000e5560000)
  from space 21824K, 100% used [0x00000000e6ab0000, 0x00000000e8000000, 0x00000000e8000000)
  to   space 21824K,   0% used [0x00000000e5560000, 0x00000000e5560000, 0x00000000e6ab0000)
 concurrent mark-sweep generation total 393216K, used 130972K [0x00000000e8000000, 0x0000000100000000, 0x0000000100000000)
 Metaspace       used 55866K, capacity 57581K, committed 57804K, reserved 1099776K
  class space    used 6561K, capacity 6966K, committed 7116K, reserved 1048576K
}
2020-06-30T21:53:19.258+0100: 2246.902: Total time for which application threads were stopped: 0.0175491 seconds, Stopping threads took: 0.0000638 seconds
{Heap before GC invocations=257 (full 16):
 par new generation   total 109248K, used 109248K [0x00000000e0000000, 0x00000000e8000000, 0x00000000e8000000)
  eden space 87424K, 100% used [0x00000000e0000000, 0x00000000e5560000, 0x00000000e5560000)
  from space 21824K, 100% used [0x00000000e6ab0000, 0x00000000e8000000, 0x00000000e8000000)
  to   space 21824K,   0% used [0x00000000e5560000, 0x00000000e5560000, 0x00000000e6ab0000)
 concurrent mark-sweep generation total 393216K, used 130972K [0x00000000e8000000, 0x0000000100000000, 0x0000000100000000)
 Metaspace       used 55868K, capacity 57581K, committed 57804K, reserved 1099776K
  class space    used 6561K, capacity 6966K, committed 7116K, reserved 1048576K
2020-06-30T21:53:19.372+0100: 2247.015: [GC (Allocation Failure) 2020-06-30T21:53:19.372+0100: 2247.015: [ParNew
Desired survivor size 20112992 bytes, new threshold 6 (max 8)
- age   1:    4194800 bytes,    4194800 total
- age   2:    2485840 bytes,    6680640 total
- age   3:    5303456 bytes,   11984096 total
- age   4:    3888976 bytes,   15873072 total
- age   5:    3984136 bytes,   19857208 total
- age   6:    2088752 bytes,   21945960 total
: 109248K->21824K(109248K), 0.0136692 secs] 240220K->158956K(502464K), 0.0137542 secs] [Times: user=0.06 sys=0.00, real=0.01 secs] 
Heap after GC invocations=258 (full 16):
 par new generation   total 109248K, used 21824K [0x00000000e0000000, 0x00000000e8000000, 0x00000000e8000000)
  eden space 87424K,   0% used [0x00000000e0000000, 0x00000000e0000000, 0x00000000e5560000)
  from space 21824K, 100% used [0x00000000e5560000, 0x00000000e6ab0000, 0x00000000e6ab0000)
  to   space 21824K,   0% used [0x00000000e6ab0000, 0x00000000e6ab0000, 0x00000000e8000000)
 concurrent mark-sweep generation total 393216K, used 137132K [0x00000000e8000000, 0x0000000100000000, 0x0000000100000000)
 Metaspace       used 55868K, capacity 57581K, committed 57804K, reserved 1099776K
  class space    used 6561K, capacity 6966K, committed 7116K, reserved 1048576K
}
2020-06-30T21:53:19.385+0100: 2247.029: Total time for which application threads were stopped: 0.0140137 seconds, Stopping threads took: 0.0000624 seconds
2020-06-30T21:53:19.943+0100: 2247.587: Total time for which application threads were stopped: 0.0002004 seconds, Stopping threads took: 0.0001050 seconds
2020-06-30T21:53:19.944+0100: 2247.587: Total time for which application threads were stopped: 0.0001530 seconds, Stopping threads took: 0.0000670 seconds
2020-06-30T21:53:19.945+0100: 2247.589: Total time for which application threads were stopped: 0.0001288 seconds, Stopping threads took: 0.0000614 seconds
2020-06-30T21:53:19.945+0100: 2247.589: Total time for which application threads were stopped: 0.0001529 seconds, Stopping threads took: 0.0001024 seconds
2020-06-30T21:53:19.945+0100: 2247.589: Total time for which application threads were stopped: 0.0000541 seconds, Stopping threads took: 0.0000168 seconds
2020-06-30T21:53:19.945+0100: 2247.589: Total time for which application threads were stopped: 0.0000994 seconds, Stopping threads took: 0.0000555 seconds
2020-06-30T21:53:19.946+0100: 2247.589: Total time for which application threads were stopped: 0.0000943 seconds, Stopping threads took: 0.0000539 seconds
2020-06-30T21:53:21.410+0100: 2249.053: Total time for which application threads were stopped: 0.0003249 seconds, Stopping threads took: 0.0001651 seconds
2020-06-30T21:53:21.413+0100: 2249.057: Total time for which application threads were stopped: 0.0001692 seconds, Stopping threads took: 0.0001053 seconds
2020-06-30T21:53:21.413+0100: 2249.057: Total time for which application threads were stopped: 0.0001561 seconds, Stopping threads took: 0.0000801 seconds
{Heap before GC invocations=258 (full 16):
 par new generation   total 109248K, used 109248K [0x00000000e0000000, 0x00000000e8000000, 0x00000000e8000000)
  eden space 87424K, 100% used [0x00000000e0000000, 0x00000000e5560000, 0x00000000e5560000)
  from space 21824K, 100% used [0x00000000e5560000, 0x00000000e6ab0000, 0x00000000e6ab0000)
  to   space 21824K,   0% used [0x00000000e6ab0000, 0x00000000e6ab0000, 0x00000000e8000000)
 concurrent mark-sweep generation total 393216K, used 137132K [0x00000000e8000000, 0x0000000100000000, 0x0000000100000000)
 Metaspace       used 55886K, capacity 57581K, committed 57804K, reserved 1099776K
  class space    used 6561K, capacity 6966K, committed 7116K, reserved 1048576K
2020-06-30T21:53:21.463+0100: 2249.106: [GC (Allocation Failure) 2020-06-30T21:53:21.463+0100: 2249.106: [ParNew
Desired survivor size 20112992 bytes, new threshold 6 (max 8)
- age   1:    3961704 bytes,    3961704 total
- age   2:    3220272 bytes,    7181976 total
- age   3:    1852776 bytes,    9034752 total
- age   4:    3790520 bytes,   12825272 total
- age   5:    3885016 bytes,   16710288 total
- age   6:    3982544 bytes,   20692832 total
: 109248K->21824K(109248K), 0.0142919 secs] 246380K->163171K(502464K), 0.0144310 secs] [Times: user=0.06 sys=0.00, real=0.01 secs] 
Heap after GC invocations=259 (full 16):
 par new generation   total 109248K, used 21824K [0x00000000e0000000, 0x00000000e8000000, 0x00000000e8000000)
  eden space 87424K,   0% used [0x00000000e0000000, 0x00000000e0000000, 0x00000000e5560000)
  from space 21824K, 100% used [0x00000000e6ab0000, 0x00000000e8000000, 0x00000000e8000000)
  to   space 21824K,   0% used [0x00000000e5560000, 0x00000000e5560000, 0x00000000e6ab0000)
 concurrent mark-sweep generation total 393216K, used 141347K [0x00000000e8000000, 0x0000000100000000, 0x0000000100000000)
 Metaspace       used 55886K, capacity 57581K, committed 57804K, reserved 1099776K
  class space    used 6561K, capacity 6966K, committed 7116K, reserved 1048576K
}
2020-06-30T21:53:21.477+0100: 2249.121: Total time for which application threads were stopped: 0.0147696 seconds, Stopping threads took: 0.0000675 seconds
2020-06-30T21:53:21.514+0100: 2249.158: Total time for which application threads were stopped: 0.0001614 seconds, Stopping threads took: 0.0000756 seconds
{Heap before GC invocations=259 (full 16):
 par new generation   total 109248K, used 108886K [0x00000000e0000000, 0x00000000e8000000, 0x00000000e8000000)
  eden space 87424K,  99% used [0x00000000e0000000, 0x00000000e55058c0, 0x00000000e5560000)
  from space 21824K, 100% used [0x00000000e6ab0000, 0x00000000e8000000, 0x00000000e8000000)
  to   space 21824K,   0% used [0x00000000e5560000, 0x00000000e5560000, 0x00000000e6ab0000)
 concurrent mark-sweep generation total 393216K, used 141347K [0x00000000e8000000, 0x0000000100000000, 0x0000000100000000)
 Metaspace       used 55887K, capacity 57581K, committed 57804K, reserved 1099776K
  class space    used 6561K, capacity 6966K, committed 7116K, reserved 1048576K
2020-06-30T21:53:21.565+0100: 2249.209: [GC (Allocation Failure) 2020-06-30T21:53:21.565+0100: 2249.209: [ParNew
Desired survivor size 20112992 bytes, new threshold 6 (max 8)
- age   1:    4245808 bytes,    4245808 total
- age   2:    3664696 bytes,    7910504 total
- age   3:    3125992 bytes,   11036496 total
- age   4:    1852776 bytes,   12889272 total
- age   5:    3788408 bytes,   16677680 total
- age   6:    3885016 bytes,   20562696 total
: 108886K->21824K(109248K), 0.0141598 secs] 250233K->168373K(502464K), 0.0142448 secs] [Times: user=0.06 sys=0.00, real=0.01 secs] 
Heap after GC invocations=260 (full 16):
 par new generation   total 109248K, used 21824K [0x00000000e0000000, 0x00000000e8000000, 0x00000000e8000000)
  eden space 87424K,   0% used [0x00000000e0000000, 0x00000000e0000000, 0x00000000e5560000)
  from space 21824K, 100% used [0x00000000e5560000, 0x00000000e6ab0000, 0x00000000e6ab0000)
  to   space 21824K,   0% used [0x00000000e6ab0000, 0x00000000e6ab0000, 0x00000000e8000000)
 concurrent mark-sweep generation total 393216K, used 146549K [0x00000000e8000000, 0x0000000100000000, 0x0000000100000000)
 Metaspace       used 55887K, capacity 57581K, committed 57804K, reserved 1099776K
  class space    used 6561K, capacity 6966K, committed 7116K, reserved 1048576K
}
2020-06-30T21:53:21.580+0100: 2249.223: Total time for which application threads were stopped: 0.0144670 seconds, Stopping threads took: 0.0000533 seconds
{Heap before GC invocations=260 (full 16):
 par new generation   total 109248K, used 109248K [0x00000000e0000000, 0x00000000e8000000, 0x00000000e8000000)
  eden space 87424K, 100% used [0x00000000e0000000, 0x00000000e5560000, 0x00000000e5560000)
  from space 21824K, 100% used [0x00000000e5560000, 0x00000000e6ab0000, 0x00000000e6ab0000)
  to   space 21824K,   0% used [0x00000000e6ab0000, 0x00000000e6ab0000, 0x00000000e8000000)
 concurrent mark-sweep generation total 393216K, used 146549K [0x00000000e8000000, 0x0000000100000000, 0x0000000100000000)
 Metaspace       used 55888K, capacity 57581K, committed 57804K, reserved 1099776K
  class space    used 6561K, capacity 6966K, committed 7116K, reserved 1048576K
2020-06-30T21:53:21.661+0100: 2249.305: [GC (Allocation Failure) 2020-06-30T21:53:21.661+0100: 2249.305: [ParNew
Desired survivor size 20112992 bytes, new threshold 6 (max 8)
- age   1:    8305056 bytes,    8305056 total
- age   2:    2442296 bytes,   10747352 total
- age   3:    2704328 bytes,   13451680 total
- age   4:    3125992 bytes,   16577672 total
- age   5:    1852776 bytes,   18430448 total
- age   6:    3788408 bytes,   22218856 total
: 109248K->21824K(109248K), 0.0157086 secs] 255797K->175819K(502464K), 0.0157774 secs] [Times: user=0.06 sys=0.00, real=0.02 secs] 
Heap after GC invocations=261 (full 16):
 par new generation   total 109248K, used 21824K [0x00000000e0000000, 0x00000000e8000000, 0x00000000e8000000)
  eden space 87424K,   0% used [0x00000000e0000000, 0x00000000e0000000, 0x00000000e5560000)
  from space 21824K, 100% used [0x00000000e6ab0000, 0x00000000e8000000, 0x00000000e8000000)
  to   space 21824K,   0% used [0x00000000e5560000, 0x00000000e5560000, 0x00000000e6ab0000)
 concurrent mark-sweep generation total 393216K, used 153995K [0x00000000e8000000, 0x0000000100000000, 0x0000000100000000)
 Metaspace       used 55888K, capacity 57581K, committed 57804K, reserved 1099776K
  class space    used 6561K, capacity 6966K, committed 7116K, reserved 1048576K
}
2020-06-30T21:53:21.677+0100: 2249.321: Total time for which application threads were stopped: 0.0160088 seconds, Stopping threads took: 0.0000668 seconds
{Heap before GC invocations=261 (full 16):
 par new generation   total 109248K, used 109248K [0x00000000e0000000, 0x00000000e8000000, 0x00000000e8000000)
  eden space 87424K, 100% used [0x00000000e0000000, 0x00000000e5560000, 0x00000000e5560000)
  from space 21824K, 100% used [0x00000000e6ab0000, 0x00000000e8000000, 0x00000000e8000000)
  to   space 21824K,   0% used [0x00000000e5560000, 0x00000000e5560000, 0x00000000e6ab0000)
 concurrent mark-sweep generation total 393216K, used 153995K [0x00000000e8000000, 0x0000000100000000, 0x0000000100000000)
 Metaspace       used 55914K, capacity 57645K, committed 58060K, reserved 1099776K
  class space    used 6561K, capacity 6966K, committed 7116K, reserved 1048576K
2020-06-30T21:53:21.797+0100: 2249.441: [GC (Allocation Failure) 2020-06-30T21:53:21.797+0100: 2249.441: [ParNew
Desired survivor size 20112992 bytes, new threshold 5 (max 8)
- age   1:    8742264 bytes,    8742264 total
- age   2:    3476040 bytes,   12218304 total
- age   3:    2440208 bytes,   14658512 total
- age   4:    2703968 bytes,   17362480 total
- age   5:    3125992 bytes,   20488472 total
- age   6:    1852776 bytes,   22341248 total
: 109248K->21824K(109248K), 0.0155558 secs] 263243K->185087K(502464K), 0.0156382 secs] [Times: user=0.06 sys=0.00, real=0.02 secs] 
Heap after GC invocations=262 (full 16):
 par new generation   total 109248K, used 21824K [0x00000000e0000000, 0x00000000e8000000, 0x00000000e8000000)
  eden space 87424K,   0% used [0x00000000e0000000, 0x00000000e0000000, 0x00000000e5560000)
  from space 21824K, 100% used [0x00000000e5560000, 0x00000000e6ab0000, 0x00000000e6ab0000)
  to   space 21824K,   0% used [0x00000000e6ab0000, 0x00000000e6ab0000, 0x00000000e8000000)
 concurrent mark-sweep generation total 393216K, used 163263K [0x00000000e8000000, 0x0000000100000000, 0x0000000100000000)
 Metaspace       used 55914K, capacity 57645K, committed 58060K, reserved 1099776K
  class space    used 6561K, capacity 6966K, committed 7116K, reserved 1048576K
}
2020-06-30T21:53:21.813+0100: 2249.456: Total time for which application threads were stopped: 0.0159351 seconds, Stopping threads took: 0.0001141 seconds
2020-06-30T21:53:22.608+0100: 2250.252: Total time for which application threads were stopped: 0.0001556 seconds, Stopping threads took: 0.0000786 seconds
2020-06-30T21:53:22.609+0100: 2250.253: Total time for which application threads were stopped: 0.0001507 seconds, Stopping threads took: 0.0000685 seconds
2020-06-30T21:53:22.611+0100: 2250.255: Total time for which application threads were stopped: 0.0001855 seconds, Stopping threads took: 0.0001122 seconds
2020-06-30T21:53:22.611+0100: 2250.255: Total time for which application threads were stopped: 0.0001814 seconds, Stopping threads took: 0.0001239 seconds
2020-06-30T21:53:22.612+0100: 2250.255: Total time for which application threads were stopped: 0.0000997 seconds, Stopping threads took: 0.0000436 seconds
2020-06-30T21:53:22.612+0100: 2250.255: Total time for which application threads were stopped: 0.0000719 seconds, Stopping threads took: 0.0000286 seconds
2020-06-30T21:53:22.612+0100: 2250.255: Total time for which application threads were stopped: 0.0000513 seconds, Stopping threads took: 0.0000156 seconds
2020-06-30T21:53:24.793+0100: 2252.437: Total time for which application threads were stopped: 0.0002731 seconds, Stopping threads took: 0.0002222 seconds
2020-06-30T21:53:24.796+0100: 2252.440: Total time for which application threads were stopped: 0.0001678 seconds, Stopping threads took: 0.0000851 seconds
2020-06-30T21:53:24.797+0100: 2252.441: Total time for which application threads were stopped: 0.0001311 seconds, Stopping threads took: 0.0000672 seconds
2020-06-30T21:53:24.807+0100: 2252.451: Total time for which application threads were stopped: 0.0001496 seconds, Stopping threads took: 0.0000735 seconds
2020-06-30T21:53:24.809+0100: 2252.453: Total time for which application threads were stopped: 0.0001515 seconds, Stopping threads took: 0.0000595 seconds
{Heap before GC invocations=262 (full 16):
 par new generation   total 109248K, used 109248K [0x00000000e0000000, 0x00000000e8000000, 0x00000000e8000000)
  eden space 87424K, 100% used [0x00000000e0000000, 0x00000000e5560000, 0x00000000e5560000)
  from space 21824K, 100% used [0x00000000e5560000, 0x00000000e6ab0000, 0x00000000e6ab0000)
  to   space 21824K,   0% used [0x00000000e6ab0000, 0x00000000e6ab0000, 0x00000000e8000000)
 concurrent mark-sweep generation total 393216K, used 163263K [0x00000000e8000000, 0x0000000100000000, 0x0000000100000000)
 Metaspace       used 55950K, capacity 57709K, committed 58060K, reserved 1099776K
  class space    used 6561K, capacity 6966K, committed 7116K, reserved 1048576K
2020-06-30T21:53:24.872+0100: 2252.516: [GC (Allocation Failure) 2020-06-30T21:53:24.872+0100: 2252.516: [ParNew
Desired survivor size 20112992 bytes, new threshold 5 (max 8)
- age   1:    9022888 bytes,    9022888 total
- age   2:    3282840 bytes,   12305728 total
- age   3:    3441384 bytes,   15747112 total
- age   4:    2009712 bytes,   17756824 total
- age   5:    2402920 bytes,   20159744 total
: 109248K->21824K(109248K), 0.0140443 secs] 272511K->190993K(502464K), 0.0141241 secs] [Times: user=0.06 sys=0.00, real=0.01 secs] 
Heap after GC invocations=263 (full 16):
 par new generation   total 109248K, used 21824K [0x00000000e0000000, 0x00000000e8000000, 0x00000000e8000000)
  eden space 87424K,   0% used [0x00000000e0000000, 0x00000000e0000000, 0x00000000e5560000)
  from space 21824K, 100% used [0x00000000e6ab0000, 0x00000000e8000000, 0x00000000e8000000)
  to   space 21824K,   0% used [0x00000000e5560000, 0x00000000e5560000, 0x00000000e6ab0000)
 concurrent mark-sweep generation total 393216K, used 169169K [0x00000000e8000000, 0x0000000100000000, 0x0000000100000000)
 Metaspace       used 55950K, capacity 57709K, committed 58060K, reserved 1099776K
  class space    used 6561K, capacity 6966K, committed 7116K, reserved 1048576K
}
2020-06-30T21:53:24.886+0100: 2252.530: Total time for which application threads were stopped: 0.0143698 seconds, Stopping threads took: 0.0000672 seconds
2020-06-30T21:53:24.890+0100: 2252.534: Total time for which application threads were stopped: 0.0001225 seconds, Stopping threads took: 0.0000503 seconds
{Heap before GC invocations=263 (full 16):
 par new generation   total 109248K, used 109248K [0x00000000e0000000, 0x00000000e8000000, 0x00000000e8000000)
  eden space 87424K, 100% used [0x00000000e0000000, 0x00000000e5560000, 0x00000000e5560000)
  from space 21824K, 100% used [0x00000000e6ab0000, 0x00000000e8000000, 0x00000000e8000000)
  to   space 21824K,   0% used [0x00000000e5560000, 0x00000000e5560000, 0x00000000e6ab0000)
 concurrent mark-sweep generation total 393216K, used 169169K [0x00000000e8000000, 0x0000000100000000, 0x0000000100000000)
 Metaspace       used 55950K, capacity 57709K, committed 58060K, reserved 1099776K
  class space    used 6561K, capacity 6966K, committed 7116K, reserved 1048576K
2020-06-30T21:53:24.993+0100: 2252.636: [GC (Allocation Failure) 2020-06-30T21:53:24.993+0100: 2252.636: [ParNew
Desired survivor size 20112992 bytes, new threshold 5 (max 8)
- age   1:    7026472 bytes,    7026472 total
- age   2:    4991208 bytes,   12017680 total
- age   3:    3218272 bytes,   15235952 total
- age   4:    3441384 bytes,   18677336 total
- age   5:    2007664 bytes,   20685000 total
: 109248K->21824K(109248K), 0.0129002 secs] 278417K->196264K(502464K), 0.0129918 secs] [Times: user=0.00 sys=0.02, real=0.01 secs] 
Heap after GC invocations=264 (full 16):
 par new generation   total 109248K, used 21824K [0x00000000e0000000, 0x00000000e8000000, 0x00000000e8000000)
  eden space 87424K,   0% used [0x00000000e0000000, 0x00000000e0000000, 0x00000000e5560000)
  from space 21824K, 100% used [0x00000000e5560000, 0x00000000e6ab0000, 0x00000000e6ab0000)
  to   space 21824K,   0% used [0x00000000e6ab0000, 0x00000000e6ab0000, 0x00000000e8000000)
 concurrent mark-sweep generation total 393216K, used 174440K [0x00000000e8000000, 0x0000000100000000, 0x0000000100000000)
 Metaspace       used 55950K, capacity 57709K, committed 58060K, reserved 1099776K
  class space    used 6561K, capacity 6966K, committed 7116K, reserved 1048576K
}
2020-06-30T21:53:25.006+0100: 2252.649: Total time for which application threads were stopped: 0.0133002 seconds, Stopping threads took: 0.0000640 seconds
{Heap before GC invocations=264 (full 16):
 par new generation   total 109248K, used 109248K [0x00000000e0000000, 0x00000000e8000000, 0x00000000e8000000)
  eden space 87424K, 100% used [0x00000000e0000000, 0x00000000e5560000, 0x00000000e5560000)
  from space 21824K, 100% used [0x00000000e5560000, 0x00000000e6ab0000, 0x00000000e6ab0000)
  to   space 21824K,   0% used [0x00000000e6ab0000, 0x00000000e6ab0000, 0x00000000e8000000)
 concurrent mark-sweep generation total 393216K, used 174440K [0x00000000e8000000, 0x0000000100000000, 0x0000000100000000)
 Metaspace       used 55950K, capacity 57709K, committed 58060K, reserved 1099776K
  class space    used 6561K, capacity 6966K, committed 7116K, reserved 1048576K
2020-06-30T21:53:25.109+0100: 2252.753: [GC (Allocation Failure) 2020-06-30T21:53:25.109+0100: 2252.753: [ParNew
Desired survivor size 20112992 bytes, new threshold 5 (max 8)
- age   1:    6065448 bytes,    6065448 total
- age   2:    4427664 bytes,   10493112 total
- age   3:    4980336 bytes,   15473448 total
- age   4:    3218272 bytes,   18691720 total
- age   5:    3441384 bytes,   22133104 total
: 109248K->21824K(109248K), 0.0144654 secs] 283688K->199895K(502464K), 0.0145421 secs] [Times: user=0.06 sys=0.00, real=0.02 secs] 
Heap after GC invocations=265 (full 16):
 par new generation   total 109248K, used 21824K [0x00000000e0000000, 0x00000000e8000000, 0x00000000e8000000)
  eden space 87424K,   0% used [0x00000000e0000000, 0x00000000e0000000, 0x00000000e5560000)
  from space 21824K, 100% used [0x00000000e6ab0000, 0x00000000e8000000, 0x00000000e8000000)
  to   space 21824K,   0% used [0x00000000e5560000, 0x00000000e5560000, 0x00000000e6ab0000)
 concurrent mark-sweep generation total 393216K, used 178071K [0x00000000e8000000, 0x0000000100000000, 0x0000000100000000)
 Metaspace       used 55950K, capacity 57709K, committed 58060K, reserved 1099776K
  class space    used 6561K, capacity 6966K, committed 7116K, reserved 1048576K
}
2020-06-30T21:53:25.124+0100: 2252.767: Total time for which application threads were stopped: 0.0147944 seconds, Stopping threads took: 0.0000765 seconds
{Heap before GC invocations=265 (full 16):
 par new generation   total 109248K, used 109248K [0x00000000e0000000, 0x00000000e8000000, 0x00000000e8000000)
  eden space 87424K, 100% used [0x00000000e0000000, 0x00000000e5560000, 0x00000000e5560000)
  from space 21824K, 100% used [0x00000000e6ab0000, 0x00000000e8000000, 0x00000000e8000000)
  to   space 21824K,   0% used [0x00000000e5560000, 0x00000000e5560000, 0x00000000e6ab0000)
 concurrent mark-sweep generation total 393216K, used 178071K [0x00000000e8000000, 0x0000000100000000, 0x0000000100000000)
 Metaspace       used 55950K, capacity 57709K, committed 58060K, reserved 1099776K
  class space    used 6561K, capacity 6966K, committed 7116K, reserved 1048576K
2020-06-30T21:53:25.228+0100: 2252.871: [GC (Allocation Failure) 2020-06-30T21:53:25.228+0100: 2252.871: [ParNew
Desired survivor size 20112992 bytes, new threshold 5 (max 8)
- age   1:    4891608 bytes,    4891608 total
- age   2:    3830824 bytes,    8722432 total
- age   3:    3760384 bytes,   12482816 total
- age   4:    4980200 bytes,   17463016 total
- age   5:    3218272 bytes,   20681288 total
: 109248K->21824K(109248K), 0.0172015 secs] 287319K->209420K(502464K), 0.0172717 secs] [Times: user=0.03 sys=0.00, real=0.02 secs] 
Heap after GC invocations=266 (full 16):
 par new generation   total 109248K, used 21824K [0x00000000e0000000, 0x00000000e8000000, 0x00000000e8000000)
  eden space 87424K,   0% used [0x00000000e0000000, 0x00000000e0000000, 0x00000000e5560000)
  from space 21824K, 100% used [0x00000000e5560000, 0x00000000e6ab0000, 0x00000000e6ab0000)
  to   space 21824K,   0% used [0x00000000e6ab0000, 0x00000000e6ab0000, 0x00000000e8000000)
 concurrent mark-sweep generation total 393216K, used 187596K [0x00000000e8000000, 0x0000000100000000, 0x0000000100000000)
 Metaspace       used 55950K, capacity 57709K, committed 58060K, reserved 1099776K
  class space    used 6561K, capacity 6966K, committed 7116K, reserved 1048576K
}
2020-06-30T21:53:25.245+0100: 2252.889: Total time for which application threads were stopped: 0.0175327 seconds, Stopping threads took: 0.0000714 seconds
2020-06-30T21:53:26.246+0100: 2253.890: Total time for which application threads were stopped: 0.0002765 seconds, Stopping threads took: 0.0001798 seconds
2020-06-30T21:53:26.487+0100: 2254.131: Total time for which application threads were stopped: 0.0001870 seconds, Stopping threads took: 0.0000836 seconds
2020-06-30T21:53:26.491+0100: 2254.135: Total time for which application threads were stopped: 0.0003128 seconds, Stopping threads took: 0.0000678 seconds
2020-06-30T21:53:26.492+0100: 2254.135: Total time for which application threads were stopped: 0.0001006 seconds, Stopping threads took: 0.0000478 seconds
2020-06-30T21:53:26.492+0100: 2254.136: Total time for which application threads were stopped: 0.0000925 seconds, Stopping threads took: 0.0000427 seconds
2020-06-30T21:53:26.492+0100: 2254.136: Total time for which application threads were stopped: 0.0000880 seconds, Stopping threads took: 0.0000442 seconds
2020-06-30T21:53:27.492+0100: 2255.136: Total time for which application threads were stopped: 0.0002555 seconds, Stopping threads took: 0.0001771 seconds
2020-06-30T21:53:28.005+0100: 2255.648: Total time for which application threads were stopped: 0.0002246 seconds, Stopping threads took: 0.0001708 seconds
2020-06-30T21:53:28.008+0100: 2255.652: Total time for which application threads were stopped: 0.0001853 seconds, Stopping threads took: 0.0000810 seconds
2020-06-30T21:53:28.009+0100: 2255.652: Total time for which application threads were stopped: 0.0001398 seconds, Stopping threads took: 0.0000692 seconds
2020-06-30T21:53:28.018+0100: 2255.662: Total time for which application threads were stopped: 0.0001429 seconds, Stopping threads took: 0.0000704 seconds
2020-06-30T21:53:28.019+0100: 2255.663: Total time for which application threads were stopped: 0.0001959 seconds, Stopping threads took: 0.0001231 seconds
2020-06-30T21:53:28.093+0100: 2255.737: Total time for which application threads were stopped: 0.0001635 seconds, Stopping threads took: 0.0000768 seconds
{Heap before GC invocations=266 (full 16):
 par new generation   total 109248K, used 109248K [0x00000000e0000000, 0x00000000e8000000, 0x00000000e8000000)
  eden space 87424K, 100% used [0x00000000e0000000, 0x00000000e5560000, 0x00000000e5560000)
  from space 21824K, 100% used [0x00000000e5560000, 0x00000000e6ab0000, 0x00000000e6ab0000)
  to   space 21824K,   0% used [0x00000000e6ab0000, 0x00000000e6ab0000, 0x00000000e8000000)
 concurrent mark-sweep generation total 393216K, used 187596K [0x00000000e8000000, 0x0000000100000000, 0x0000000100000000)
 Metaspace       used 55955K, capacity 57709K, committed 58060K, reserved 1099776K
  class space    used 6561K, capacity 6966K, committed 7116K, reserved 1048576K
2020-06-30T21:53:28.122+0100: 2255.766: [GC (Allocation Failure) 2020-06-30T21:53:28.122+0100: 2255.766: [ParNew
Desired survivor size 20112992 bytes, new threshold 5 (max 8)
- age   1:    7764136 bytes,    7764136 total
- age   2:    2870360 bytes,   10634496 total
- age   3:    3677176 bytes,   14311672 total
- age   4:    3312472 bytes,   17624144 total
- age   5:    4661096 bytes,   22285240 total
: 109248K->21824K(109248K), 0.0159646 secs] 296844K->217432K(502464K), 0.0160413 secs] [Times: user=0.06 sys=0.00, real=0.02 secs] 
Heap after GC invocations=267 (full 16):
 par new generation   total 109248K, used 21824K [0x00000000e0000000, 0x00000000e8000000, 0x00000000e8000000)
  eden space 87424K,   0% used [0x00000000e0000000, 0x00000000e0000000, 0x00000000e5560000)
  from space 21824K, 100% used [0x00000000e6ab0000, 0x00000000e8000000, 0x00000000e8000000)
  to   space 21824K,   0% used [0x00000000e5560000, 0x00000000e5560000, 0x00000000e6ab0000)
 concurrent mark-sweep generation total 393216K, used 195608K [0x00000000e8000000, 0x0000000100000000, 0x0000000100000000)
 Metaspace       used 55955K, capacity 57709K, committed 58060K, reserved 1099776K
  class space    used 6561K, capacity 6966K, committed 7116K, reserved 1048576K
}
2020-06-30T21:53:28.138+0100: 2255.782: Total time for which application threads were stopped: 0.0162735 seconds, Stopping threads took: 0.0000639 seconds
{Heap before GC invocations=267 (full 16):
 par new generation   total 109248K, used 109248K [0x00000000e0000000, 0x00000000e8000000, 0x00000000e8000000)
  eden space 87424K, 100% used [0x00000000e0000000, 0x00000000e5560000, 0x00000000e5560000)
  from space 21824K, 100% used [0x00000000e6ab0000, 0x00000000e8000000, 0x00000000e8000000)
  to   space 21824K,   0% used [0x00000000e5560000, 0x00000000e5560000, 0x00000000e6ab0000)
 concurrent mark-sweep generation total 393216K, used 195608K [0x00000000e8000000, 0x0000000100000000, 0x0000000100000000)
 Metaspace       used 55955K, capacity 57709K, committed 58060K, reserved 1099776K
  class space    used 6561K, capacity 6966K, committed 7116K, reserved 1048576K
2020-06-30T21:53:28.227+0100: 2255.871: [GC (Allocation Failure) 2020-06-30T21:53:28.227+0100: 2255.871: [ParNew
Desired survivor size 20112992 bytes, new threshold 5 (max 8)
- age   1:    5035936 bytes,    5035936 total
- age   2:    5672184 bytes,   10708120 total
- age   3:    2870208 bytes,   13578328 total
- age   4:    3677136 bytes,   17255464 total
- age   5:    3312408 bytes,   20567872 total
: 109248K->21824K(109248K), 0.0161279 secs] 304856K->226274K(502464K), 0.0162008 secs] [Times: user=0.06 sys=0.00, real=0.02 secs] 
Heap after GC invocations=268 (full 16):
 par new generation   total 109248K, used 21824K [0x00000000e0000000, 0x00000000e8000000, 0x00000000e8000000)
  eden space 87424K,   0% used [0x00000000e0000000, 0x00000000e0000000, 0x00000000e5560000)
  from space 21824K, 100% used [0x00000000e5560000, 0x00000000e6ab0000, 0x00000000e6ab0000)
  to   space 21824K,   0% used [0x00000000e6ab0000, 0x00000000e6ab0000, 0x00000000e8000000)
 concurrent mark-sweep generation total 393216K, used 204450K [0x00000000e8000000, 0x0000000100000000, 0x0000000100000000)
 Metaspace       used 55955K, capacity 57709K, committed 58060K, reserved 1099776K
  class space    used 6561K, capacity 6966K, committed 7116K, reserved 1048576K
}
2020-06-30T21:53:28.243+0100: 2255.887: Total time for which application threads were stopped: 0.0164263 seconds, Stopping threads took: 0.0000629 seconds
2020-06-30T21:53:28.243+0100: 2255.887: [GC (CMS Initial Mark) [1 CMS-initial-mark: 204450K(393216K)] 227624K(502464K), 0.0039197 secs] [Times: user=0.00 sys=0.00, real=0.00 secs] 
2020-06-30T21:53:28.247+0100: 2255.891: Total time for which application threads were stopped: 0.0040739 seconds, Stopping threads took: 0.0000669 seconds
2020-06-30T21:53:28.247+0100: 2255.891: [CMS-concurrent-mark-start]
2020-06-30T21:53:28.271+0100: 2255.915: [CMS-concurrent-mark: 0.024/0.024 secs] [Times: user=0.06 sys=0.00, real=0.02 secs] 
2020-06-30T21:53:28.271+0100: 2255.915: [CMS-concurrent-preclean-start]
2020-06-30T21:53:28.273+0100: 2255.916: [CMS-concurrent-preclean: 0.001/0.001 secs] [Times: user=0.05 sys=0.00, real=0.00 secs] 
2020-06-30T21:53:28.273+0100: 2255.917: [GC (CMS Final Remark) [YG occupancy: 23173 K (109248 K)]{Heap before GC invocations=268 (full 17):
 par new generation   total 109248K, used 23173K [0x00000000e0000000, 0x00000000e8000000, 0x00000000e8000000)
  eden space 87424K,   1% used [0x00000000e0000000, 0x00000000e0151690, 0x00000000e5560000)
  from space 21824K, 100% used [0x00000000e5560000, 0x00000000e6ab0000, 0x00000000e6ab0000)
  to   space 21824K,   0% used [0x00000000e6ab0000, 0x00000000e6ab0000, 0x00000000e8000000)
 concurrent mark-sweep generation total 393216K, used 204450K [0x00000000e8000000, 0x0000000100000000, 0x0000000100000000)
 Metaspace       used 55955K, capacity 57709K, committed 58060K, reserved 1099776K
  class space    used 6561K, capacity 6966K, committed 7116K, reserved 1048576K
2020-06-30T21:53:28.273+0100: 2255.917: [GC (CMS Final Remark) 2020-06-30T21:53:28.273+0100: 2255.917: [ParNew
Desired survivor size 20112992 bytes, new threshold 8 (max 8)
- age   1:     145848 bytes,     145848 total
- age   2:    4879832 bytes,    5025680 total
- age   3:    5672000 bytes,   10697680 total
- age   4:    2870208 bytes,   13567888 total
- age   5:    3677096 bytes,   17244984 total
: 23173K->21824K(109248K), 0.0117940 secs] 227624K->229529K(502464K), 0.0118561 secs] [Times: user=0.00 sys=0.00, real=0.01 secs] 
Heap after GC invocations=269 (full 17):
 par new generation   total 109248K, used 21824K [0x00000000e0000000, 0x00000000e8000000, 0x00000000e8000000)
  eden space 87424K,   0% used [0x00000000e0000000, 0x00000000e0000000, 0x00000000e5560000)
  from space 21824K, 100% used [0x00000000e6ab0000, 0x00000000e8000000, 0x00000000e8000000)
  to   space 21824K,   0% used [0x00000000e5560000, 0x00000000e5560000, 0x00000000e6ab0000)
 concurrent mark-sweep generation total 393216K, used 207705K [0x00000000e8000000, 0x0000000100000000, 0x0000000100000000)
 Metaspace       used 55955K, capacity 57709K, committed 58060K, reserved 1099776K
  class space    used 6561K, capacity 6966K, committed 7116K, reserved 1048576K
}
2020-06-30T21:53:28.285+0100: 2255.929: [Rescan (parallel) , 0.0047463 secs]2020-06-30T21:53:28.290+0100: 2255.933: [weak refs processing, 0.0047217 secs]2020-06-30T21:53:28.294+0100: 2255.938: [class unloading, 0.0105585 secs]2020-06-30T21:53:28.305+0100: 2255.949: [scrub symbol table, 0.0101874 secs]2020-06-30T21:53:28.315+0100: 2255.959: [scrub string table, 0.0005936 secs][1 CMS-remark: 207705K(393216K)] 229529K(502464K), 0.0430829 secs] [Times: user=0.08 sys=0.00, real=0.04 secs] 
2020-06-30T21:53:28.316+0100: 2255.960: Total time for which application threads were stopped: 0.0432744 seconds, Stopping threads took: 0.0000649 seconds
2020-06-30T21:53:28.316+0100: 2255.960: [CMS-concurrent-sweep-start]
2020-06-30T21:53:28.317+0100: 2255.961: Total time for which application threads were stopped: 0.0001414 seconds, Stopping threads took: 0.0000645 seconds
2020-06-30T21:53:28.317+0100: 2255.961: Total time for which application threads were stopped: 0.0001037 seconds, Stopping threads took: 0.0000511 seconds
2020-06-30T21:53:28.317+0100: 2255.961: Total time for which application threads were stopped: 0.0000974 seconds, Stopping threads took: 0.0000446 seconds
2020-06-30T21:53:28.318+0100: 2255.961: Total time for which application threads were stopped: 0.0001099 seconds, Stopping threads took: 0.0000533 seconds
2020-06-30T21:53:28.318+0100: 2255.962: Total time for which application threads were stopped: 0.0000963 seconds, Stopping threads took: 0.0000451 seconds
2020-06-30T21:53:28.318+0100: 2255.962: Total time for which application threads were stopped: 0.0000985 seconds, Stopping threads took: 0.0000448 seconds
2020-06-30T21:53:28.318+0100: 2255.962: Total time for which application threads were stopped: 0.0000809 seconds, Stopping threads took: 0.0000463 seconds
2020-06-30T21:53:28.318+0100: 2255.962: Total time for which application threads were stopped: 0.0000807 seconds, Stopping threads took: 0.0000489 seconds
2020-06-30T21:53:28.319+0100: 2255.963: Total time for which application threads were stopped: 0.0000775 seconds, Stopping threads took: 0.0000443 seconds
2020-06-30T21:53:28.319+0100: 2255.963: Total time for which application threads were stopped: 0.0000826 seconds, Stopping threads took: 0.0000510 seconds
2020-06-30T21:53:28.319+0100: 2255.963: Total time for which application threads were stopped: 0.0001005 seconds, Stopping threads took: 0.0000501 seconds
2020-06-30T21:53:28.319+0100: 2255.963: Total time for which application threads were stopped: 0.0000875 seconds, Stopping threads took: 0.0000459 seconds
2020-06-30T21:53:28.320+0100: 2255.963: Total time for which application threads were stopped: 0.0000875 seconds, Stopping threads took: 0.0000291 seconds
2020-06-30T21:53:28.320+0100: 2255.963: Total time for which application threads were stopped: 0.0000869 seconds, Stopping threads took: 0.0000362 seconds
2020-06-30T21:53:28.320+0100: 2255.964: Total time for which application threads were stopped: 0.0001889 seconds, Stopping threads took: 0.0000453 seconds
2020-06-30T21:53:28.320+0100: 2255.964: Total time for which application threads were stopped: 0.0001769 seconds, Stopping threads took: 0.0000488 seconds
2020-06-30T21:53:28.383+0100: 2256.026: [CMS-concurrent-sweep: 0.065/0.067 secs] [Times: user=0.20 sys=0.03, real=0.07 secs] 
2020-06-30T21:53:28.383+0100: 2256.027: [CMS-concurrent-reset-start]
2020-06-30T21:53:28.384+0100: 2256.027: [CMS-concurrent-reset: 0.001/0.001 secs] [Times: user=0.00 sys=0.00, real=0.00 secs] 
{Heap before GC invocations=269 (full 17):
 par new generation   total 109248K, used 109248K [0x00000000e0000000, 0x00000000e8000000, 0x00000000e8000000)
  eden space 87424K, 100% used [0x00000000e0000000, 0x00000000e5560000, 0x00000000e5560000)
  from space 21824K, 100% used [0x00000000e6ab0000, 0x00000000e8000000, 0x00000000e8000000)
  to   space 21824K,   0% used [0x00000000e5560000, 0x00000000e5560000, 0x00000000e6ab0000)
 concurrent mark-sweep generation total 393216K, used 76881K [0x00000000e8000000, 0x0000000100000000, 0x0000000100000000)
 Metaspace       used 55955K, capacity 57709K, committed 58060K, reserved 1099776K
  class space    used 6561K, capacity 6966K, committed 7116K, reserved 1048576K
2020-06-30T21:53:28.429+0100: 2256.073: [GC (Allocation Failure) 2020-06-30T21:53:28.429+0100: 2256.073: [ParNew
Desired survivor size 20112992 bytes, new threshold 6 (max 8)
- age   1:    6443856 bytes,    6443856 total
- age   2:     132920 bytes,    6576776 total
- age   3:    3594752 bytes,   10171528 total
- age   4:    5648480 bytes,   15820008 total
- age   5:    2269064 bytes,   18089072 total
- age   6:    3477248 bytes,   21566320 total
: 109248K->21824K(109248K), 0.0120328 secs] 186129K->100139K(502464K), 0.0120972 secs] [Times: user=0.00 sys=0.00, real=0.01 secs] 
Heap after GC invocations=270 (full 17):
 par new generation   total 109248K, used 21824K [0x00000000e0000000, 0x00000000e8000000, 0x00000000e8000000)
  eden space 87424K,   0% used [0x00000000e0000000, 0x00000000e0000000, 0x00000000e5560000)
  from space 21824K, 100% used [0x00000000e5560000, 0x00000000e6ab0000, 0x00000000e6ab0000)
  to   space 21824K,   0% used [0x00000000e6ab0000, 0x00000000e6ab0000, 0x00000000e8000000)
 concurrent mark-sweep generation total 393216K, used 78315K [0x00000000e8000000, 0x0000000100000000, 0x0000000100000000)
 Metaspace       used 55955K, capacity 57709K, committed 58060K, reserved 1099776K
  class space    used 6561K, capacity 6966K, committed 7116K, reserved 1048576K
}
2020-06-30T21:53:28.441+0100: 2256.085: Total time for which application threads were stopped: 0.0123360 seconds, Stopping threads took: 0.0000641 seconds
2020-06-30T21:53:29.143+0100: 2256.787: Total time for which application threads were stopped: 0.0001869 seconds, Stopping threads took: 0.0000661 seconds
2020-06-30T21:53:29.147+0100: 2256.791: Total time for which application threads were stopped: 0.0002597 seconds, Stopping threads took: 0.0001703 seconds
2020-06-30T21:53:29.148+0100: 2256.791: Total time for which application threads were stopped: 0.0001301 seconds, Stopping threads took: 0.0000427 seconds
2020-06-30T21:53:29.148+0100: 2256.791: Total time for which application threads were stopped: 0.0000926 seconds, Stopping threads took: 0.0000432 seconds
2020-06-30T21:53:43.020+0100: 2270.664: Total time for which application threads were stopped: 0.0002613 seconds, Stopping threads took: 0.0000332 seconds
2020-06-30T21:55:39.601+0100: 2387.244: Total time for which application threads were stopped: 0.0005093 seconds, Stopping threads took: 0.0000595 seconds
2020-06-30T21:55:39.604+0100: 2387.248: Total time for which application threads were stopped: 0.0004310 seconds, Stopping threads took: 0.0003381 seconds
2020-06-30T21:55:39.623+0100: 2387.266: Total time for which application threads were stopped: 0.0001235 seconds, Stopping threads took: 0.0000269 seconds
2020-06-30T21:55:39.624+0100: 2387.268: Total time for which application threads were stopped: 0.0001333 seconds, Stopping threads took: 0.0000563 seconds
{Heap before GC invocations=270 (full 17):
 par new generation   total 109248K, used 109248K [0x00000000e0000000, 0x00000000e8000000, 0x00000000e8000000)
  eden space 87424K, 100% used [0x00000000e0000000, 0x00000000e5560000, 0x00000000e5560000)
  from space 21824K, 100% used [0x00000000e5560000, 0x00000000e6ab0000, 0x00000000e6ab0000)
  to   space 21824K,   0% used [0x00000000e6ab0000, 0x00000000e6ab0000, 0x00000000e8000000)
 concurrent mark-sweep generation total 393216K, used 78315K [0x00000000e8000000, 0x0000000100000000, 0x0000000100000000)
 Metaspace       used 55958K, capacity 57709K, committed 58060K, reserved 1099776K
  class space    used 6561K, capacity 6966K, committed 7116K, reserved 1048576K
2020-06-30T21:55:39.680+0100: 2387.323: [GC (Allocation Failure) 2020-06-30T21:55:39.680+0100: 2387.323: [ParNew
Desired survivor size 20112992 bytes, new threshold 8 (max 8)
- age   1:    3458144 bytes,    3458144 total
- age   2:    4900168 bytes,    8358312 total
- age   3:     132920 bytes,    8491232 total
- age   4:    3399904 bytes,   11891136 total
- age   5:    4817272 bytes,   16708408 total
- age   6:    2267632 bytes,   18976040 total
: 109248K->21824K(109248K), 0.0171580 secs] 187563K->104271K(502464K), 0.0172795 secs] [Times: user=0.02 sys=0.00, real=0.02 secs] 
Heap after GC invocations=271 (full 17):
 par new generation   total 109248K, used 21824K [0x00000000e0000000, 0x00000000e8000000, 0x00000000e8000000)
  eden space 87424K,   0% used [0x00000000e0000000, 0x00000000e0000000, 0x00000000e5560000)
  from space 21824K, 100% used [0x00000000e6ab0000, 0x00000000e8000000, 0x00000000e8000000)
  to   space 21824K,   0% used [0x00000000e5560000, 0x00000000e5560000, 0x00000000e6ab0000)
 concurrent mark-sweep generation total 393216K, used 82447K [0x00000000e8000000, 0x0000000100000000, 0x0000000100000000)
 Metaspace       used 55958K, capacity 57709K, committed 58060K, reserved 1099776K
  class space    used 6561K, capacity 6966K, committed 7116K, reserved 1048576K
}
2020-06-30T21:55:39.697+0100: 2387.341: Total time for which application threads were stopped: 0.0176607 seconds, Stopping threads took: 0.0001062 seconds
2020-06-30T21:55:39.698+0100: 2387.341: Total time for which application threads were stopped: 0.0003914 seconds, Stopping threads took: 0.0000296 seconds
2020-06-30T21:55:39.799+0100: 2387.443: Total time for which application threads were stopped: 0.0001762 seconds, Stopping threads took: 0.0000667 seconds
{Heap before GC invocations=271 (full 17):
 par new generation   total 109248K, used 109248K [0x00000000e0000000, 0x00000000e8000000, 0x00000000e8000000)
  eden space 87424K, 100% used [0x00000000e0000000, 0x00000000e5560000, 0x00000000e5560000)
  from space 21824K, 100% used [0x00000000e6ab0000, 0x00000000e8000000, 0x00000000e8000000)
  to   space 21824K,   0% used [0x00000000e5560000, 0x00000000e5560000, 0x00000000e6ab0000)
 concurrent mark-sweep generation total 393216K, used 82447K [0x00000000e8000000, 0x0000000100000000, 0x0000000100000000)
 Metaspace       used 55958K, capacity 57709K, committed 58060K, reserved 1099776K
  class space    used 6561K, capacity 6966K, committed 7116K, reserved 1048576K
2020-06-30T21:55:39.905+0100: 2387.548: [GC (Allocation Failure) 2020-06-30T21:55:39.905+0100: 2387.548: [ParNew
Desired survivor size 20112992 bytes, new threshold 7 (max 8)
- age   1:    4361936 bytes,    4361936 total
- age   2:    2838184 bytes,    7200120 total
- age   3:    4718448 bytes,   11918568 total
- age   4:     132920 bytes,   12051488 total
- age   5:    3336160 bytes,   15387648 total
- age   6:    4687080 bytes,   20074728 total
- age   7:    2254032 bytes,   22328760 total
: 109248K->21824K(109248K), 0.0183442 secs] 191695K->110903K(502464K), 0.0184873 secs] [Times: user=0.06 sys=0.00, real=0.02 secs] 
Heap after GC invocations=272 (full 17):
 par new generation   total 109248K, used 21824K [0x00000000e0000000, 0x00000000e8000000, 0x00000000e8000000)
  eden space 87424K,   0% used [0x00000000e0000000, 0x00000000e0000000, 0x00000000e5560000)
  from space 21824K, 100% used [0x00000000e5560000, 0x00000000e6ab0000, 0x00000000e6ab0000)
  to   space 21824K,   0% used [0x00000000e6ab0000, 0x00000000e6ab0000, 0x00000000e8000000)
 concurrent mark-sweep generation total 393216K, used 89079K [0x00000000e8000000, 0x0000000100000000, 0x0000000100000000)
 Metaspace       used 55958K, capacity 57709K, committed 58060K, reserved 1099776K
  class space    used 6561K, capacity 6966K, committed 7116K, reserved 1048576K
}
2020-06-30T21:55:39.923+0100: 2387.567: Total time for which application threads were stopped: 0.0190631 seconds, Stopping threads took: 0.0002751 seconds
{Heap before GC invocations=272 (full 17):
 par new generation   total 109248K, used 109248K [0x00000000e0000000, 0x00000000e8000000, 0x00000000e8000000)
  eden space 87424K, 100% used [0x00000000e0000000, 0x00000000e5560000, 0x00000000e5560000)
  from space 21824K, 100% used [0x00000000e5560000, 0x00000000e6ab0000, 0x00000000e6ab0000)
  to   space 21824K,   0% used [0x00000000e6ab0000, 0x00000000e6ab0000, 0x00000000e8000000)
 concurrent mark-sweep generation total 393216K, used 89079K [0x00000000e8000000, 0x0000000100000000, 0x0000000100000000)
 Metaspace       used 55958K, capacity 57709K, committed 58060K, reserved 1099776K
  class space    used 6561K, capacity 6966K, committed 7116K, reserved 1048576K
2020-06-30T21:55:40.076+0100: 2387.719: [GC (Allocation Failure) 2020-06-30T21:55:40.076+0100: 2387.719: [ParNew
Desired survivor size 20112992 bytes, new threshold 7 (max 8)
- age   1:    4572080 bytes,    4572080 total
- age   2:    3887624 bytes,    8459704 total
- age   3:    2681888 bytes,   11141592 total
- age   4:    2728600 bytes,   13870192 total
- age   5:     132920 bytes,   14003112 total
- age   6:    3322816 bytes,   17325928 total
- age   7:    4276784 bytes,   21602712 total
: 109248K->21824K(109248K), 0.0259292 secs] 198327K->123140K(502464K), 0.0260320 secs] [Times: user=0.02 sys=0.00, real=0.03 secs] 
Heap after GC invocations=273 (full 17):
 par new generation   total 109248K, used 21824K [0x00000000e0000000, 0x00000000e8000000, 0x00000000e8000000)
  eden space 87424K,   0% used [0x00000000e0000000, 0x00000000e0000000, 0x00000000e5560000)
  from space 21824K, 100% used [0x00000000e6ab0000, 0x00000000e8000000, 0x00000000e8000000)
  to   space 21824K,   0% used [0x00000000e5560000, 0x00000000e5560000, 0x00000000e6ab0000)
 concurrent mark-sweep generation total 393216K, used 101316K [0x00000000e8000000, 0x0000000100000000, 0x0000000100000000)
 Metaspace       used 55958K, capacity 57709K, committed 58060K, reserved 1099776K
  class space    used 6561K, capacity 6966K, committed 7116K, reserved 1048576K
}
2020-06-30T21:55:40.102+0100: 2387.745: Total time for which application threads were stopped: 0.0263896 seconds, Stopping threads took: 0.0000833 seconds
{Heap before GC invocations=273 (full 17):
 par new generation   total 109248K, used 109248K [0x00000000e0000000, 0x00000000e8000000, 0x00000000e8000000)
  eden space 87424K, 100% used [0x00000000e0000000, 0x00000000e5560000, 0x00000000e5560000)
  from space 21824K, 100% used [0x00000000e6ab0000, 0x00000000e8000000, 0x00000000e8000000)
  to   space 21824K,   0% used [0x00000000e5560000, 0x00000000e5560000, 0x00000000e6ab0000)
 concurrent mark-sweep generation total 393216K, used 101316K [0x00000000e8000000, 0x0000000100000000, 0x0000000100000000)
 Metaspace       used 55958K, capacity 57709K, committed 58060K, reserved 1099776K
  class space    used 6561K, capacity 6966K, committed 7116K, reserved 1048576K
2020-06-30T21:55:40.343+0100: 2387.986: [GC (Allocation Failure) 2020-06-30T21:55:40.343+0100: 2387.986: [ParNew
Desired survivor size 20112992 bytes, new threshold 7 (max 8)
- age   1:    5885240 bytes,    5885240 total
- age   2:    3852624 bytes,    9737864 total
- age   3:    3882160 bytes,   13620024 total
- age   4:    2585536 bytes,   16205560 total
- age   5:    2646832 bytes,   18852392 total
- age   6:     132920 bytes,   18985312 total
- age   7:    3306256 bytes,   22291568 total
: 109248K->21824K(109248K), 0.0217423 secs] 210564K->136591K(502464K), 0.0218544 secs] [Times: user=0.00 sys=0.00, real=0.02 secs] 
Heap after GC invocations=274 (full 17):
 par new generation   total 109248K, used 21824K [0x00000000e0000000, 0x00000000e8000000, 0x00000000e8000000)
  eden space 87424K,   0% used [0x00000000e0000000, 0x00000000e0000000, 0x00000000e5560000)
  from space 21824K, 100% used [0x00000000e5560000, 0x00000000e6ab0000, 0x00000000e6ab0000)
  to   space 21824K,   0% used [0x00000000e6ab0000, 0x00000000e6ab0000, 0x00000000e8000000)
 concurrent mark-sweep generation total 393216K, used 114767K [0x00000000e8000000, 0x0000000100000000, 0x0000000100000000)
 Metaspace       used 55958K, capacity 57709K, committed 58060K, reserved 1099776K
  class space    used 6561K, capacity 6966K, committed 7116K, reserved 1048576K
}
2020-06-30T21:55:40.365+0100: 2388.008: Total time for which application threads were stopped: 0.0221860 seconds, Stopping threads took: 0.0000816 seconds
2020-06-30T21:55:41.366+0100: 2389.009: Total time for which application threads were stopped: 0.0001989 seconds, Stopping threads took: 0.0000573 seconds
2020-06-30T21:55:42.030+0100: 2389.674: Total time for which application threads were stopped: 0.0001569 seconds, Stopping threads took: 0.0000738 seconds
2020-06-30T21:55:42.031+0100: 2389.674: Total time for which application threads were stopped: 0.0002698 seconds, Stopping threads took: 0.0000500 seconds
2020-06-30T21:55:42.032+0100: 2389.675: Total time for which application threads were stopped: 0.0001318 seconds, Stopping threads took: 0.0000530 seconds
2020-06-30T21:55:42.032+0100: 2389.676: Total time for which application threads were stopped: 0.0000990 seconds, Stopping threads took: 0.0000352 seconds
2020-06-30T21:55:42.032+0100: 2389.676: Total time for which application threads were stopped: 0.0000791 seconds, Stopping threads took: 0.0000418 seconds
2020-06-30T21:55:42.032+0100: 2389.676: Total time for which application threads were stopped: 0.0000682 seconds, Stopping threads took: 0.0000315 seconds
2020-06-30T21:55:43.035+0100: 2390.679: Total time for which application threads were stopped: 0.0027943 seconds, Stopping threads took: 0.0027040 seconds
2020-06-30T21:55:46.033+0100: 2393.677: Total time for which application threads were stopped: 0.0002110 seconds, Stopping threads took: 0.0001560 seconds
2020-06-30T21:55:46.036+0100: 2393.680: Total time for which application threads were stopped: 0.0001591 seconds, Stopping threads took: 0.0000874 seconds
2020-06-30T21:55:46.037+0100: 2393.681: Total time for which application threads were stopped: 0.0001146 seconds, Stopping threads took: 0.0000531 seconds
2020-06-30T21:55:46.048+0100: 2393.691: Total time for which application threads were stopped: 0.0001796 seconds, Stopping threads took: 0.0000911 seconds
2020-06-30T21:55:46.049+0100: 2393.693: Total time for which application threads were stopped: 0.0001822 seconds, Stopping threads took: 0.0000832 seconds
{Heap before GC invocations=274 (full 17):
 par new generation   total 109248K, used 109248K [0x00000000e0000000, 0x00000000e8000000, 0x00000000e8000000)
  eden space 87424K, 100% used [0x00000000e0000000, 0x00000000e5560000, 0x00000000e5560000)
  from space 21824K, 100% used [0x00000000e5560000, 0x00000000e6ab0000, 0x00000000e6ab0000)
  to   space 21824K,   0% used [0x00000000e6ab0000, 0x00000000e6ab0000, 0x00000000e8000000)
 concurrent mark-sweep generation total 393216K, used 114767K [0x00000000e8000000, 0x0000000100000000, 0x0000000100000000)
 Metaspace       used 55960K, capacity 57709K, committed 58060K, reserved 1099776K
  class space    used 6561K, capacity 6966K, committed 7116K, reserved 1048576K
2020-06-30T21:55:46.113+0100: 2393.757: [GC (Allocation Failure) 2020-06-30T21:55:46.114+0100: 2393.757: [ParNew
Desired survivor size 20112992 bytes, new threshold 6 (max 8)
- age   1:    5552688 bytes,    5552688 total
- age   2:    4805216 bytes,   10357904 total
- age   3:    2467696 bytes,   12825600 total
- age   4:    3572680 bytes,   16398280 total
- age   5:    2503912 bytes,   18902192 total
- age   6:    2646832 bytes,   21549024 total
- age   7:     132920 bytes,   21681944 total
: 109248K->21824K(109248K), 0.0186807 secs] 224015K->146140K(502464K), 0.0188001 secs] [Times: user=0.06 sys=0.00, real=0.02 secs] 
Heap after GC invocations=275 (full 17):
 par new generation   total 109248K, used 21824K [0x00000000e0000000, 0x00000000e8000000, 0x00000000e8000000)
  eden space 87424K,   0% used [0x00000000e0000000, 0x00000000e0000000, 0x00000000e5560000)
  from space 21824K, 100% used [0x00000000e6ab0000, 0x00000000e8000000, 0x00000000e8000000)
  to   space 21824K,   0% used [0x00000000e5560000, 0x00000000e5560000, 0x00000000e6ab0000)
 concurrent mark-sweep generation total 393216K, used 124316K [0x00000000e8000000, 0x0000000100000000, 0x0000000100000000)
 Metaspace       used 55960K, capacity 57709K, committed 58060K, reserved 1099776K
  class space    used 6561K, capacity 6966K, committed 7116K, reserved 1048576K
}
2020-06-30T21:55:46.132+0100: 2393.776: Total time for which application threads were stopped: 0.0190919 seconds, Stopping threads took: 0.0000754 seconds
2020-06-30T21:55:46.137+0100: 2393.780: Total time for which application threads were stopped: 0.0001830 seconds, Stopping threads took: 0.0000679 seconds
{Heap before GC invocations=275 (full 17):
 par new generation   total 109248K, used 109248K [0x00000000e0000000, 0x00000000e8000000, 0x00000000e8000000)
  eden space 87424K, 100% used [0x00000000e0000000, 0x00000000e5560000, 0x00000000e5560000)
  from space 21824K, 100% used [0x00000000e6ab0000, 0x00000000e8000000, 0x00000000e8000000)
  to   space 21824K,   0% used [0x00000000e5560000, 0x00000000e5560000, 0x00000000e6ab0000)
 concurrent mark-sweep generation total 393216K, used 124316K [0x00000000e8000000, 0x0000000100000000, 0x0000000100000000)
 Metaspace       used 55960K, capacity 57709K, committed 58060K, reserved 1099776K
  class space    used 6561K, capacity 6966K, committed 7116K, reserved 1048576K
2020-06-30T21:55:46.223+0100: 2393.867: [GC (Allocation Failure) 2020-06-30T21:55:46.223+0100: 2393.867: [ParNew
Desired survivor size 20112992 bytes, new threshold 6 (max 8)
- age   1:    5258288 bytes,    5258288 total
- age   2:    4654864 bytes,    9913152 total
- age   3:    4410856 bytes,   14324008 total
- age   4:    2287568 bytes,   16611576 total
- age   5:    3269920 bytes,   19881496 total
- age   6:    2375552 bytes,   22257048 total
: 109248K->21824K(109248K), 0.0157965 secs] 233564K->154933K(502464K), 0.0158637 secs] [Times: user=0.06 sys=0.00, real=0.02 secs] 
Heap after GC invocations=276 (full 17):
 par new generation   total 109248K, used 21824K [0x00000000e0000000, 0x00000000e8000000, 0x00000000e8000000)
  eden space 87424K,   0% used [0x00000000e0000000, 0x00000000e0000000, 0x00000000e5560000)
  from space 21824K, 100% used [0x00000000e5560000, 0x00000000e6ab0000, 0x00000000e6ab0000)
  to   space 21824K,   0% used [0x00000000e6ab0000, 0x00000000e6ab0000, 0x00000000e8000000)
 concurrent mark-sweep generation total 393216K, used 133109K [0x00000000e8000000, 0x0000000100000000, 0x0000000100000000)
 Metaspace       used 55960K, capacity 57709K, committed 58060K, reserved 1099776K
  class space    used 6561K, capacity 6966K, committed 7116K, reserved 1048576K
}
2020-06-30T21:55:46.239+0100: 2393.883: Total time for which application threads were stopped: 0.0160980 seconds, Stopping threads took: 0.0000694 seconds
2020-06-30T21:55:46.240+0100: 2393.883: Total time for which application threads were stopped: 0.0001418 seconds, Stopping threads took: 0.0000836 seconds
2020-06-30T21:55:46.240+0100: 2393.883: Total time for which application threads were stopped: 0.0000991 seconds, Stopping threads took: 0.0000519 seconds
{Heap before GC invocations=276 (full 17):
 par new generation   total 109248K, used 109248K [0x00000000e0000000, 0x00000000e8000000, 0x00000000e8000000)
  eden space 87424K, 100% used [0x00000000e0000000, 0x00000000e5560000, 0x00000000e5560000)
  from space 21824K, 100% used [0x00000000e5560000, 0x00000000e6ab0000, 0x00000000e6ab0000)
  to   space 21824K,   0% used [0x00000000e6ab0000, 0x00000000e6ab0000, 0x00000000e8000000)
 concurrent mark-sweep generation total 393216K, used 133109K [0x00000000e8000000, 0x0000000100000000, 0x0000000100000000)
 Metaspace       used 55960K, capacity 57709K, committed 58060K, reserved 1099776K
  class space    used 6561K, capacity 6966K, committed 7116K, reserved 1048576K
2020-06-30T21:55:46.338+0100: 2393.981: [GC (Allocation Failure) 2020-06-30T21:55:46.338+0100: 2393.981: [ParNew
Desired survivor size 20112992 bytes, new threshold 6 (max 8)
- age   1:    4193544 bytes,    4193544 total
- age   2:    4524928 bytes,    8718472 total
- age   3:    4481400 bytes,   13199872 total
- age   4:    3184000 bytes,   16383872 total
- age   5:    2287384 bytes,   18671256 total
- age   6:    3269920 bytes,   21941176 total
: 109248K->21824K(109248K), 0.0154379 secs] 242357K->161962K(502464K), 0.0155197 secs] [Times: user=0.06 sys=0.00, real=0.01 secs] 
Heap after GC invocations=277 (full 17):
 par new generation   total 109248K, used 21824K [0x00000000e0000000, 0x00000000e8000000, 0x00000000e8000000)
  eden space 87424K,   0% used [0x00000000e0000000, 0x00000000e0000000, 0x00000000e5560000)
  from space 21824K, 100% used [0x00000000e6ab0000, 0x00000000e8000000, 0x00000000e8000000)
  to   space 21824K,   0% used [0x00000000e5560000, 0x00000000e5560000, 0x00000000e6ab0000)
 concurrent mark-sweep generation total 393216K, used 140138K [0x00000000e8000000, 0x0000000100000000, 0x0000000100000000)
 Metaspace       used 55960K, capacity 57709K, committed 58060K, reserved 1099776K
  class space    used 6561K, capacity 6966K, committed 7116K, reserved 1048576K
}
2020-06-30T21:55:46.353+0100: 2393.997: Total time for which application threads were stopped: 0.0157728 seconds, Stopping threads took: 0.0000665 seconds
{Heap before GC invocations=277 (full 17):
 par new generation   total 109248K, used 109248K [0x00000000e0000000, 0x00000000e8000000, 0x00000000e8000000)
  eden space 87424K, 100% used [0x00000000e0000000, 0x00000000e5560000, 0x00000000e5560000)
  from space 21824K, 100% used [0x00000000e6ab0000, 0x00000000e8000000, 0x00000000e8000000)
  to   space 21824K,   0% used [0x00000000e5560000, 0x00000000e5560000, 0x00000000e6ab0000)
 concurrent mark-sweep generation total 393216K, used 140138K [0x00000000e8000000, 0x0000000100000000, 0x0000000100000000)
 Metaspace       used 55960K, capacity 57709K, committed 58060K, reserved 1099776K
  class space    used 6561K, capacity 6966K, committed 7116K, reserved 1048576K
2020-06-30T21:55:46.442+0100: 2394.085: [GC (Allocation Failure) 2020-06-30T21:55:46.442+0100: 2394.085: [ParNew
Desired survivor size 20112992 bytes, new threshold 6 (max 8)
- age   1:    3556296 bytes,    3556296 total
- age   2:    3253024 bytes,    6809320 total
- age   3:    4354696 bytes,   11164016 total
- age   4:    4283504 bytes,   15447520 total
- age   5:    3035264 bytes,   18482784 total
- age   6:    2146960 bytes,   20629744 total
: 109248K->21824K(109248K), 0.0171008 secs] 249386K->172090K(502464K), 0.0171651 secs] [Times: user=0.08 sys=0.00, real=0.02 secs] 
Heap after GC invocations=278 (full 17):
 par new generation   total 109248K, used 21824K [0x00000000e0000000, 0x00000000e8000000, 0x00000000e8000000)
  eden space 87424K,   0% used [0x00000000e0000000, 0x00000000e0000000, 0x00000000e5560000)
  from space 21824K, 100% used [0x00000000e5560000, 0x00000000e6ab0000, 0x00000000e6ab0000)
  to   space 21824K,   0% used [0x00000000e6ab0000, 0x00000000e6ab0000, 0x00000000e8000000)
 concurrent mark-sweep generation total 393216K, used 150266K [0x00000000e8000000, 0x0000000100000000, 0x0000000100000000)
 Metaspace       used 55960K, capacity 57709K, committed 58060K, reserved 1099776K
  class space    used 6561K, capacity 6966K, committed 7116K, reserved 1048576K
}
2020-06-30T21:55:46.459+0100: 2394.102: Total time for which application threads were stopped: 0.0174121 seconds, Stopping threads took: 0.0000853 seconds
2020-06-30T21:55:47.128+0100: 2394.772: Total time for which application threads were stopped: 0.0001631 seconds, Stopping threads took: 0.0000753 seconds
2020-06-30T21:55:47.129+0100: 2394.772: Total time for which application threads were stopped: 0.0001663 seconds, Stopping threads took: 0.0000705 seconds
2020-06-30T21:55:47.130+0100: 2394.773: Total time for which application threads were stopped: 0.0001128 seconds, Stopping threads took: 0.0000509 seconds
2020-06-30T21:55:47.130+0100: 2394.774: Total time for which application threads were stopped: 0.0001400 seconds, Stopping threads took: 0.0000963 seconds
2020-06-30T21:55:47.130+0100: 2394.774: Total time for which application threads were stopped: 0.0000812 seconds, Stopping threads took: 0.0000470 seconds
2020-06-30T21:55:47.130+0100: 2394.774: Total time for which application threads were stopped: 0.0000813 seconds, Stopping threads took: 0.0000351 seconds
2020-06-30T21:55:49.044+0100: 2396.688: Total time for which application threads were stopped: 0.0002786 seconds, Stopping threads took: 0.0002249 seconds
2020-06-30T21:55:49.052+0100: 2396.695: Total time for which application threads were stopped: 0.0002379 seconds, Stopping threads took: 0.0000870 seconds
2020-06-30T21:55:49.052+0100: 2396.696: Total time for which application threads were stopped: 0.0001157 seconds, Stopping threads took: 0.0000500 seconds
2020-06-30T21:55:49.136+0100: 2396.780: Total time for which application threads were stopped: 0.0001512 seconds, Stopping threads took: 0.0000688 seconds
{Heap before GC invocations=278 (full 17):
 par new generation   total 109248K, used 109248K [0x00000000e0000000, 0x00000000e8000000, 0x00000000e8000000)
  eden space 87424K, 100% used [0x00000000e0000000, 0x00000000e5560000, 0x00000000e5560000)
  from space 21824K, 100% used [0x00000000e5560000, 0x00000000e6ab0000, 0x00000000e6ab0000)
  to   space 21824K,   0% used [0x00000000e6ab0000, 0x00000000e6ab0000, 0x00000000e8000000)
 concurrent mark-sweep generation total 393216K, used 150266K [0x00000000e8000000, 0x0000000100000000, 0x0000000100000000)
 Metaspace       used 55974K, capacity 57709K, committed 58060K, reserved 1099776K
  class space    used 6561K, capacity 6966K, committed 7116K, reserved 1048576K
2020-06-30T21:55:49.164+0100: 2396.807: [GC (Allocation Failure) 2020-06-30T21:55:49.164+0100: 2396.807: [ParNew
Desired survivor size 20112992 bytes, new threshold 6 (max 8)
- age   1:    4040608 bytes,    4040608 total
- age   2:    3035896 bytes,    7076504 total
- age   3:    3187176 bytes,   10263680 total
- age   4:    3958672 bytes,   14222352 total
- age   5:    3961104 bytes,   18183456 total
- age   6:    3034880 bytes,   21218336 total
: 109248K->21824K(109248K), 0.0173391 secs] 259514K->181676K(502464K), 0.0174498 secs] [Times: user=0.06 sys=0.00, real=0.02 secs] 
Heap after GC invocations=279 (full 17):
 par new generation   total 109248K, used 21824K [0x00000000e0000000, 0x00000000e8000000, 0x00000000e8000000)
  eden space 87424K,   0% used [0x00000000e0000000, 0x00000000e0000000, 0x00000000e5560000)
  from space 21824K, 100% used [0x00000000e6ab0000, 0x00000000e8000000, 0x00000000e8000000)
  to   space 21824K,   0% used [0x00000000e5560000, 0x00000000e5560000, 0x00000000e6ab0000)
 concurrent mark-sweep generation total 393216K, used 159852K [0x00000000e8000000, 0x0000000100000000, 0x0000000100000000)
 Metaspace       used 55974K, capacity 57709K, committed 58060K, reserved 1099776K
  class space    used 6561K, capacity 6966K, committed 7116K, reserved 1048576K
}
2020-06-30T21:55:49.181+0100: 2396.825: Total time for which application threads were stopped: 0.0176897 seconds, Stopping threads took: 0.0000706 seconds
{Heap before GC invocations=279 (full 17):
 par new generation   total 109248K, used 109248K [0x00000000e0000000, 0x00000000e8000000, 0x00000000e8000000)
  eden space 87424K, 100% used [0x00000000e0000000, 0x00000000e5560000, 0x00000000e5560000)
  from space 21824K, 100% used [0x00000000e6ab0000, 0x00000000e8000000, 0x00000000e8000000)
  to   space 21824K,   0% used [0x00000000e5560000, 0x00000000e5560000, 0x00000000e6ab0000)
 concurrent mark-sweep generation total 393216K, used 159852K [0x00000000e8000000, 0x0000000100000000, 0x0000000100000000)
 Metaspace       used 55975K, capacity 57709K, committed 58060K, reserved 1099776K
  class space    used 6561K, capacity 6966K, committed 7116K, reserved 1048576K
2020-06-30T21:55:49.261+0100: 2396.904: [GC (Allocation Failure) 2020-06-30T21:55:49.261+0100: 2396.904: [ParNew
Desired survivor size 20112992 bytes, new threshold 6 (max 8)
- age   1:    4787112 bytes,    4787112 total
- age   2:    3271792 bytes,    8058904 total
- age   3:    3035856 bytes,   11094760 total
- age   4:    3187176 bytes,   14281936 total
- age   5:    3958672 bytes,   18240608 total
- age   6:    3908840 bytes,   22149448 total
: 109248K->21824K(109248K), 0.0165683 secs] 269100K->189360K(502464K), 0.0166396 secs] [Times: user=0.06 sys=0.00, real=0.02 secs] 
Heap after GC invocations=280 (full 17):
 par new generation   total 109248K, used 21824K [0x00000000e0000000, 0x00000000e8000000, 0x00000000e8000000)
  eden space 87424K,   0% used [0x00000000e0000000, 0x00000000e0000000, 0x00000000e5560000)
  from space 21824K, 100% used [0x00000000e5560000, 0x00000000e6ab0000, 0x00000000e6ab0000)
  to   space 21824K,   0% used [0x00000000e6ab0000, 0x00000000e6ab0000, 0x00000000e8000000)
 concurrent mark-sweep generation total 393216K, used 167536K [0x00000000e8000000, 0x0000000100000000, 0x0000000100000000)
 Metaspace       used 55975K, capacity 57709K, committed 58060K, reserved 1099776K
  class space    used 6561K, capacity 6966K, committed 7116K, reserved 1048576K
}
2020-06-30T21:55:49.278+0100: 2396.921: Total time for which application threads were stopped: 0.0169290 seconds, Stopping threads took: 0.0001044 seconds
{Heap before GC invocations=280 (full 17):
 par new generation   total 109248K, used 109248K [0x00000000e0000000, 0x00000000e8000000, 0x00000000e8000000)
  eden space 87424K, 100% used [0x00000000e0000000, 0x00000000e5560000, 0x00000000e5560000)
  from space 21824K, 100% used [0x00000000e5560000, 0x00000000e6ab0000, 0x00000000e6ab0000)
  to   space 21824K,   0% used [0x00000000e6ab0000, 0x00000000e6ab0000, 0x00000000e8000000)
 concurrent mark-sweep generation total 393216K, used 167536K [0x00000000e8000000, 0x0000000100000000, 0x0000000100000000)
 Metaspace       used 55976K, capacity 57709K, committed 58060K, reserved 1099776K
  class space    used 6561K, capacity 6966K, committed 7116K, reserved 1048576K
2020-06-30T21:55:49.411+0100: 2397.055: [GC (Allocation Failure) 2020-06-30T21:55:49.411+0100: 2397.055: [ParNew
Desired survivor size 20112992 bytes, new threshold 6 (max 8)
- age   1:    4661240 bytes,    4661240 total
- age   2:    3814944 bytes,    8476184 total
- age   3:    3070936 bytes,   11547120 total
- age   4:    2833152 bytes,   14380272 total
- age   5:    3168784 bytes,   17549056 total
- age   6:    3958608 bytes,   21507664 total
: 109248K->21824K(109248K), 0.0154914 secs] 276784K->196157K(502464K), 0.0155539 secs] [Times: user=0.06 sys=0.00, real=0.02 secs] 
Heap after GC invocations=281 (full 17):
 par new generation   total 109248K, used 21824K [0x00000000e0000000, 0x00000000e8000000, 0x00000000e8000000)
  eden space 87424K,   0% used [0x00000000e0000000, 0x00000000e0000000, 0x00000000e5560000)
  from space 21824K, 100% used [0x00000000e6ab0000, 0x00000000e8000000, 0x00000000e8000000)
  to   space 21824K,   0% used [0x00000000e5560000, 0x00000000e5560000, 0x00000000e6ab0000)
 concurrent mark-sweep generation total 393216K, used 174333K [0x00000000e8000000, 0x0000000100000000, 0x0000000100000000)
 Metaspace       used 55976K, capacity 57709K, committed 58060K, reserved 1099776K
  class space    used 6561K, capacity 6966K, committed 7116K, reserved 1048576K
}
2020-06-30T21:55:49.427+0100: 2397.070: Total time for which application threads were stopped: 0.0157772 seconds, Stopping threads took: 0.0000569 seconds
2020-06-30T21:55:50.554+0100: 2398.198: Total time for which application threads were stopped: 0.0001412 seconds, Stopping threads took: 0.0000768 seconds
2020-06-30T21:55:50.555+0100: 2398.199: Total time for which application threads were stopped: 0.0001140 seconds, Stopping threads took: 0.0000516 seconds
2020-06-30T21:55:50.555+0100: 2398.199: Total time for which application threads were stopped: 0.0000875 seconds, Stopping threads took: 0.0000387 seconds
2020-06-30T21:55:50.555+0100: 2398.199: Total time for which application threads were stopped: 0.0000758 seconds, Stopping threads took: 0.0000347 seconds
2020-06-30T21:55:50.556+0100: 2398.199: Total time for which application threads were stopped: 0.0001387 seconds, Stopping threads took: 0.0000775 seconds
2020-06-30T21:55:50.556+0100: 2398.199: Total time for which application threads were stopped: 0.0001856 seconds, Stopping threads took: 0.0000428 seconds
2020-06-30T21:55:51.322+0100: 2398.965: Total time for which application threads were stopped: 0.0002537 seconds, Stopping threads took: 0.0001907 seconds
2020-06-30T21:55:51.326+0100: 2398.969: Total time for which application threads were stopped: 0.0001883 seconds, Stopping threads took: 0.0000900 seconds
2020-06-30T21:55:51.326+0100: 2398.970: Total time for which application threads were stopped: 0.0001215 seconds, Stopping threads took: 0.0000525 seconds
{Heap before GC invocations=281 (full 17):
 par new generation   total 109248K, used 109248K [0x00000000e0000000, 0x00000000e8000000, 0x00000000e8000000)
  eden space 87424K, 100% used [0x00000000e0000000, 0x00000000e5560000, 0x00000000e5560000)
  from space 21824K, 100% used [0x00000000e6ab0000, 0x00000000e8000000, 0x00000000e8000000)
  to   space 21824K,   0% used [0x00000000e5560000, 0x00000000e5560000, 0x00000000e6ab0000)
 concurrent mark-sweep generation total 393216K, used 174333K [0x00000000e8000000, 0x0000000100000000, 0x0000000100000000)
 Metaspace       used 55984K, capacity 57709K, committed 58060K, reserved 1099776K
  class space    used 6561K, capacity 6966K, committed 7116K, reserved 1048576K
2020-06-30T21:55:51.390+0100: 2399.033: [GC (Allocation Failure) 2020-06-30T21:55:51.390+0100: 2399.033: [ParNew
Desired survivor size 20112992 bytes, new threshold 8 (max 8)
- age   1:    3250608 bytes,    3250608 total
- age   2:    4060048 bytes,    7310656 total
- age   3:    3624776 bytes,   10935432 total
- age   4:    2720608 bytes,   13656040 total
- age   5:    2833152 bytes,   16489192 total
- age   6:    3168784 bytes,   19657976 total
: 109248K->21824K(109248K), 0.0133284 secs] 283581K->200875K(502464K), 0.0134210 secs] [Times: user=0.06 sys=0.00, real=0.01 secs] 
Heap after GC invocations=282 (full 17):
 par new generation   total 109248K, used 21824K [0x00000000e0000000, 0x00000000e8000000, 0x00000000e8000000)
  eden space 87424K,   0% used [0x00000000e0000000, 0x00000000e0000000, 0x00000000e5560000)
  from space 21824K, 100% used [0x00000000e5560000, 0x00000000e6ab0000, 0x00000000e6ab0000)
  to   space 21824K,   0% used [0x00000000e6ab0000, 0x00000000e6ab0000, 0x00000000e8000000)
 concurrent mark-sweep generation total 393216K, used 179051K [0x00000000e8000000, 0x0000000100000000, 0x0000000100000000)
 Metaspace       used 55984K, capacity 57709K, committed 58060K, reserved 1099776K
  class space    used 6561K, capacity 6966K, committed 7116K, reserved 1048576K
}
2020-06-30T21:55:51.403+0100: 2399.046: Total time for which application threads were stopped: 0.0137421 seconds, Stopping threads took: 0.0000707 seconds
2020-06-30T21:55:51.461+0100: 2399.105: Total time for which application threads were stopped: 0.0002422 seconds, Stopping threads took: 0.0000720 seconds
{Heap before GC invocations=282 (full 17):
 par new generation   total 109248K, used 109248K [0x00000000e0000000, 0x00000000e8000000, 0x00000000e8000000)
  eden space 87424K, 100% used [0x00000000e0000000, 0x00000000e5560000, 0x00000000e5560000)
  from space 21824K, 100% used [0x00000000e5560000, 0x00000000e6ab0000, 0x00000000e6ab0000)
  to   space 21824K,   0% used [0x00000000e6ab0000, 0x00000000e6ab0000, 0x00000000e8000000)
 concurrent mark-sweep generation total 393216K, used 179051K [0x00000000e8000000, 0x0000000100000000, 0x0000000100000000)
 Metaspace       used 55984K, capacity 57709K, committed 58060K, reserved 1099776K
  class space    used 6561K, capacity 6966K, committed 7116K, reserved 1048576K
2020-06-30T21:55:51.527+0100: 2399.170: [GC (Allocation Failure) 2020-06-30T21:55:51.527+0100: 2399.170: [ParNew
Desired survivor size 20112992 bytes, new threshold 7 (max 8)
- age   1:    3517264 bytes,    3517264 total
- age   2:    2563792 bytes,    6081056 total
- age   3:    4010600 bytes,   10091656 total
- age   4:    3624320 bytes,   13715976 total
- age   5:    2627120 bytes,   16343096 total
- age   6:    2832496 bytes,   19175592 total
- age   7:    3168000 bytes,   22343592 total
: 109248K->21824K(109248K), 0.0169355 secs] 288299K->208286K(502464K), 0.0170354 secs] [Times: user=0.06 sys=0.00, real=0.02 secs] 
Heap after GC invocations=283 (full 17):
 par new generation   total 109248K, used 21824K [0x00000000e0000000, 0x00000000e8000000, 0x00000000e8000000)
  eden space 87424K,   0% used [0x00000000e0000000, 0x00000000e0000000, 0x00000000e5560000)
  from space 21824K, 100% used [0x00000000e6ab0000, 0x00000000e8000000, 0x00000000e8000000)
  to   space 21824K,   0% used [0x00000000e5560000, 0x00000000e5560000, 0x00000000e6ab0000)
 concurrent mark-sweep generation total 393216K, used 186462K [0x00000000e8000000, 0x0000000100000000, 0x0000000100000000)
 Metaspace       used 55984K, capacity 57709K, committed 58060K, reserved 1099776K
  class space    used 6561K, capacity 6966K, committed 7116K, reserved 1048576K
}
2020-06-30T21:55:51.544+0100: 2399.187: Total time for which application threads were stopped: 0.0173346 seconds, Stopping threads took: 0.0000624 seconds
{Heap before GC invocations=283 (full 17):
 par new generation   total 109248K, used 109248K [0x00000000e0000000, 0x00000000e8000000, 0x00000000e8000000)
  eden space 87424K, 100% used [0x00000000e0000000, 0x00000000e5560000, 0x00000000e5560000)
  from space 21824K, 100% used [0x00000000e6ab0000, 0x00000000e8000000, 0x00000000e8000000)
  to   space 21824K,   0% used [0x00000000e5560000, 0x00000000e5560000, 0x00000000e6ab0000)
 concurrent mark-sweep generation total 393216K, used 186462K [0x00000000e8000000, 0x0000000100000000, 0x0000000100000000)
 Metaspace       used 55989K, capacity 57709K, committed 58060K, reserved 1099776K
  class space    used 6561K, capacity 6966K, committed 7116K, reserved 1048576K
2020-06-30T21:55:51.636+0100: 2399.279: [GC (Allocation Failure) 2020-06-30T21:55:51.636+0100: 2399.279: [ParNew
Desired survivor size 20112992 bytes, new threshold 7 (max 8)
- age   1:    5736336 bytes,    5736336 total
- age   2:    1729800 bytes,    7466136 total
- age   3:    2307464 bytes,    9773600 total
- age   4:    3992064 bytes,   13765664 total
- age   5:    3301200 bytes,   17066864 total
- age   6:    2455456 bytes,   19522320 total
- age   7:    2823600 bytes,   22345920 total
: 109248K->21824K(109248K), 0.0245873 secs] 295710K->219617K(502464K), 0.0246545 secs] [Times: user=0.03 sys=0.00, real=0.03 secs] 
Heap after GC invocations=284 (full 17):
 par new generation   total 109248K, used 21824K [0x00000000e0000000, 0x00000000e8000000, 0x00000000e8000000)
  eden space 87424K,   0% used [0x00000000e0000000, 0x00000000e0000000, 0x00000000e5560000)
  from space 21824K, 100% used [0x00000000e5560000, 0x00000000e6ab0000, 0x00000000e6ab0000)
  to   space 21824K,   0% used [0x00000000e6ab0000, 0x00000000e6ab0000, 0x00000000e8000000)
 concurrent mark-sweep generation total 393216K, used 197793K [0x00000000e8000000, 0x0000000100000000, 0x0000000100000000)
 Metaspace       used 55989K, capacity 57709K, committed 58060K, reserved 1099776K
  class space    used 6561K, capacity 6966K, committed 7116K, reserved 1048576K
}
2020-06-30T21:55:51.661+0100: 2399.304: Total time for which application threads were stopped: 0.0248773 seconds, Stopping threads took: 0.0000582 seconds
2020-06-30T21:55:51.661+0100: 2399.304: [GC (CMS Initial Mark) [1 CMS-initial-mark: 197793K(393216K)] 220796K(502464K), 0.0053792 secs] [Times: user=0.05 sys=0.00, real=0.00 secs] 
2020-06-30T21:55:51.666+0100: 2399.310: Total time for which application threads were stopped: 0.0055646 seconds, Stopping threads took: 0.0000768 seconds
2020-06-30T21:55:51.666+0100: 2399.310: [CMS-concurrent-mark-start]
2020-06-30T21:55:51.692+0100: 2399.335: [CMS-concurrent-mark: 0.025/0.025 secs] [Times: user=0.06 sys=0.00, real=0.03 secs] 
2020-06-30T21:55:51.692+0100: 2399.335: [CMS-concurrent-preclean-start]
2020-06-30T21:55:51.693+0100: 2399.337: [CMS-concurrent-preclean: 0.001/0.001 secs] [Times: user=0.00 sys=0.00, real=0.00 secs] 
2020-06-30T21:55:51.694+0100: 2399.337: [GC (CMS Final Remark) [YG occupancy: 23002 K (109248 K)]{Heap before GC invocations=284 (full 18):
 par new generation   total 109248K, used 23002K [0x00000000e0000000, 0x00000000e8000000, 0x00000000e8000000)
  eden space 87424K,   1% used [0x00000000e0000000, 0x00000000e0126ac0, 0x00000000e5560000)
  from space 21824K, 100% used [0x00000000e5560000, 0x00000000e6ab0000, 0x00000000e6ab0000)
  to   space 21824K,   0% used [0x00000000e6ab0000, 0x00000000e6ab0000, 0x00000000e8000000)
 concurrent mark-sweep generation total 393216K, used 197793K [0x00000000e8000000, 0x0000000100000000, 0x0000000100000000)
 Metaspace       used 55989K, capacity 57709K, committed 58060K, reserved 1099776K
  class space    used 6561K, capacity 6966K, committed 7116K, reserved 1048576K
2020-06-30T21:55:51.694+0100: 2399.337: [GC (CMS Final Remark) 2020-06-30T21:55:51.694+0100: 2399.337: [ParNew
Desired survivor size 20112992 bytes, new threshold 8 (max 8)
- age   1:      54296 bytes,      54296 total
- age   2:    4935552 bytes,    4989848 total
- age   3:    1729800 bytes,    6719648 total
- age   4:    2307464 bytes,    9027112 total
- age   5:    3992064 bytes,   13019176 total
- age   6:    3301200 bytes,   16320376 total
- age   7:    2455456 bytes,   18775832 total
: 23002K->21824K(109248K), 0.0145427 secs] 220796K->223138K(502464K), 0.0145996 secs] [Times: user=0.00 sys=0.00, real=0.01 secs] 
Heap after GC invocations=285 (full 18):
 par new generation   total 109248K, used 21824K [0x00000000e0000000, 0x00000000e8000000, 0x00000000e8000000)
  eden space 87424K,   0% used [0x00000000e0000000, 0x00000000e0000000, 0x00000000e5560000)
  from space 21824K, 100% used [0x00000000e6ab0000, 0x00000000e8000000, 0x00000000e8000000)
  to   space 21824K,   0% used [0x00000000e5560000, 0x00000000e5560000, 0x00000000e6ab0000)
 concurrent mark-sweep generation total 393216K, used 201314K [0x00000000e8000000, 0x0000000100000000, 0x0000000100000000)
 Metaspace       used 55989K, capacity 57709K, committed 58060K, reserved 1099776K
  class space    used 6561K, capacity 6966K, committed 7116K, reserved 1048576K
}
2020-06-30T21:55:51.708+0100: 2399.352: [Rescan (parallel) , 0.0063413 secs]2020-06-30T21:55:51.715+0100: 2399.358: [weak refs processing, 0.0062224 secs]2020-06-30T21:55:51.721+0100: 2399.364: [class unloading, 0.0147240 secs]2020-06-30T21:55:51.736+0100: 2399.379: [scrub symbol table, 0.0133537 secs]2020-06-30T21:55:51.749+0100: 2399.393: [scrub string table, 0.0012378 secs][1 CMS-remark: 201314K(393216K)] 223138K(502464K), 0.0569688 secs] [Times: user=0.09 sys=0.00, real=0.06 secs] 
2020-06-30T21:55:51.751+0100: 2399.394: Total time for which application threads were stopped: 0.0572208 seconds, Stopping threads took: 0.0000658 seconds
2020-06-30T21:55:51.751+0100: 2399.394: [CMS-concurrent-sweep-start]
2020-06-30T21:55:51.751+0100: 2399.395: Total time for which application threads were stopped: 0.0001528 seconds, Stopping threads took: 0.0000977 seconds
2020-06-30T21:55:51.751+0100: 2399.395: Total time for which application threads were stopped: 0.0000920 seconds, Stopping threads took: 0.0000508 seconds
2020-06-30T21:55:51.752+0100: 2399.395: Total time for which application threads were stopped: 0.0000989 seconds, Stopping threads took: 0.0000536 seconds
2020-06-30T21:55:51.752+0100: 2399.396: Total time for which application threads were stopped: 0.0000865 seconds, Stopping threads took: 0.0000488 seconds
2020-06-30T21:55:51.753+0100: 2399.396: Total time for which application threads were stopped: 0.0001126 seconds, Stopping threads took: 0.0000421 seconds
2020-06-30T21:55:51.753+0100: 2399.397: Total time for which application threads were stopped: 0.0002376 seconds, Stopping threads took: 0.0000403 seconds
2020-06-30T21:55:51.754+0100: 2399.397: Total time for which application threads were stopped: 0.0001237 seconds, Stopping threads took: 0.0000587 seconds
2020-06-30T21:55:51.754+0100: 2399.398: Total time for which application threads were stopped: 0.0001089 seconds, Stopping threads took: 0.0000509 seconds
2020-06-30T21:55:51.836+0100: 2399.479: [CMS-concurrent-sweep: 0.084/0.085 secs] [Times: user=0.27 sys=0.00, real=0.09 secs] 
2020-06-30T21:55:51.836+0100: 2399.479: [CMS-concurrent-reset-start]
2020-06-30T21:55:51.837+0100: 2399.480: [CMS-concurrent-reset: 0.001/0.001 secs] [Times: user=0.00 sys=0.00, real=0.00 secs] 
{Heap before GC invocations=285 (full 18):
 par new generation   total 109248K, used 109248K [0x00000000e0000000, 0x00000000e8000000, 0x00000000e8000000)
  eden space 87424K, 100% used [0x00000000e0000000, 0x00000000e5560000, 0x00000000e5560000)
  from space 21824K, 100% used [0x00000000e6ab0000, 0x00000000e8000000, 0x00000000e8000000)
  to   space 21824K,   0% used [0x00000000e5560000, 0x00000000e5560000, 0x00000000e6ab0000)
 concurrent mark-sweep generation total 393216K, used 89212K [0x00000000e8000000, 0x0000000100000000, 0x0000000100000000)
 Metaspace       used 55989K, capacity 57709K, committed 58060K, reserved 1099776K
  class space    used 6561K, capacity 6966K, committed 7116K, reserved 1048576K
2020-06-30T21:55:51.945+0100: 2399.589: [GC (Allocation Failure) 2020-06-30T21:55:51.945+0100: 2399.589: [ParNew
Desired survivor size 20112992 bytes, new threshold 7 (max 8)
- age   1:    7622408 bytes,    7622408 total
- age   2:       8384 bytes,    7630792 total
- age   3:    2235848 bytes,    9866640 total
- age   4:    1395824 bytes,   11262464 total
- age   5:    2306224 bytes,   13568688 total
- age   6:    3789376 bytes,   17358064 total
- age   7:    2940584 bytes,   20298648 total
- age   8:    1998048 bytes,   22296696 total
: 109248K->21824K(109248K), 0.0166598 secs] 198460K->118010K(502464K), 0.0167515 secs] [Times: user=0.06 sys=0.00, real=0.02 secs] 
Heap after GC invocations=286 (full 18):
 par new generation   total 109248K, used 21824K [0x00000000e0000000, 0x00000000e8000000, 0x00000000e8000000)
  eden space 87424K,   0% used [0x00000000e0000000, 0x00000000e0000000, 0x00000000e5560000)
  from space 21824K, 100% used [0x00000000e5560000, 0x00000000e6ab0000, 0x00000000e6ab0000)
  to   space 21824K,   0% used [0x00000000e6ab0000, 0x00000000e6ab0000, 0x00000000e8000000)
 concurrent mark-sweep generation total 393216K, used 96186K [0x00000000e8000000, 0x0000000100000000, 0x0000000100000000)
 Metaspace       used 55989K, capacity 57709K, committed 58060K, reserved 1099776K
  class space    used 6561K, capacity 6966K, committed 7116K, reserved 1048576K
}
2020-06-30T21:55:51.962+0100: 2399.606: Total time for which application threads were stopped: 0.0170402 seconds, Stopping threads took: 0.0000719 seconds
2020-06-30T21:55:52.862+0100: 2400.506: Total time for which application threads were stopped: 0.0001831 seconds, Stopping threads took: 0.0000581 seconds
2020-06-30T21:55:52.868+0100: 2400.511: Total time for which application threads were stopped: 0.0001918 seconds, Stopping threads took: 0.0000595 seconds
2020-06-30T21:55:52.868+0100: 2400.511: Total time for which application threads were stopped: 0.0001285 seconds, Stopping threads took: 0.0000490 seconds
2020-06-30T21:56:04.874+0100: 2412.517: Total time for which application threads were stopped: 0.0001205 seconds, Stopping threads took: 0.0000671 seconds
2020-06-30T21:56:06.356+0100: 2413.999: Total time for which application threads were stopped: 0.0001651 seconds, Stopping threads took: 0.0001026 seconds
2020-06-30T21:57:04.385+0100: 2472.028: Total time for which application threads were stopped: 0.0001401 seconds, Stopping threads took: 0.0000457 seconds
2020-06-30T21:58:06.658+0100: 2534.301: Total time for which application threads were stopped: 0.0002995 seconds, Stopping threads took: 0.0002244 seconds
2020-06-30T21:58:06.677+0100: 2534.320: Total time for which application threads were stopped: 0.0001180 seconds, Stopping threads took: 0.0000335 seconds
2020-06-30T21:58:06.680+0100: 2534.323: Total time for which application threads were stopped: 0.0001235 seconds, Stopping threads took: 0.0000377 seconds
{Heap before GC invocations=286 (full 18):
 par new generation   total 109248K, used 109248K [0x00000000e0000000, 0x00000000e8000000, 0x00000000e8000000)
  eden space 87424K, 100% used [0x00000000e0000000, 0x00000000e5560000, 0x00000000e5560000)
  from space 21824K, 100% used [0x00000000e5560000, 0x00000000e6ab0000, 0x00000000e6ab0000)
  to   space 21824K,   0% used [0x00000000e6ab0000, 0x00000000e6ab0000, 0x00000000e8000000)
 concurrent mark-sweep generation total 393216K, used 96186K [0x00000000e8000000, 0x0000000100000000, 0x0000000100000000)
 Metaspace       used 55991K, capacity 57709K, committed 58060K, reserved 1099776K
  class space    used 6561K, capacity 6966K, committed 7116K, reserved 1048576K
2020-06-30T21:58:06.838+0100: 2534.481: [GC (Allocation Failure) 2020-06-30T21:58:06.838+0100: 2534.481: [ParNew
Desired survivor size 20112992 bytes, new threshold 8 (max 8)
- age   1:    6179632 bytes,    6179632 total
- age   2:    3981624 bytes,   10161256 total
- age   3:       8344 bytes,   10169600 total
- age   4:    2046136 bytes,   12215736 total
- age   5:     937632 bytes,   13153368 total
- age   6:    2292936 bytes,   15446304 total
- age   7:    3789304 bytes,   19235608 total
: 109248K->21824K(109248K), 0.0189987 secs] 205434K->126774K(502464K), 0.0191515 secs] [Times: user=0.06 sys=0.00, real=0.02 secs] 
Heap after GC invocations=287 (full 18):
 par new generation   total 109248K, used 21824K [0x00000000e0000000, 0x00000000e8000000, 0x00000000e8000000)
  eden space 87424K,   0% used [0x00000000e0000000, 0x00000000e0000000, 0x00000000e5560000)
  from space 21824K, 100% used [0x00000000e6ab0000, 0x00000000e8000000, 0x00000000e8000000)
  to   space 21824K,   0% used [0x00000000e5560000, 0x00000000e5560000, 0x00000000e6ab0000)
 concurrent mark-sweep generation total 393216K, used 104950K [0x00000000e8000000, 0x0000000100000000, 0x0000000100000000)
 Metaspace       used 55991K, capacity 57709K, committed 58060K, reserved 1099776K
  class space    used 6561K, capacity 6966K, committed 7116K, reserved 1048576K
}
2020-06-30T21:58:06.857+0100: 2534.501: Total time for which application threads were stopped: 0.0194691 seconds, Stopping threads took: 0.0000685 seconds
2020-06-30T21:58:06.878+0100: 2534.521: Total time for which application threads were stopped: 0.0001810 seconds, Stopping threads took: 0.0000706 seconds
{Heap before GC invocations=287 (full 18):
 par new generation   total 109248K, used 109248K [0x00000000e0000000, 0x00000000e8000000, 0x00000000e8000000)
  eden space 87424K, 100% used [0x00000000e0000000, 0x00000000e5560000, 0x00000000e5560000)
  from space 21824K, 100% used [0x00000000e6ab0000, 0x00000000e8000000, 0x00000000e8000000)
  to   space 21824K,   0% used [0x00000000e5560000, 0x00000000e5560000, 0x00000000e6ab0000)
 concurrent mark-sweep generation total 393216K, used 104950K [0x00000000e8000000, 0x0000000100000000, 0x0000000100000000)
 Metaspace       used 55997K, capacity 57709K, committed 58060K, reserved 1099776K
  class space    used 6561K, capacity 6966K, committed 7116K, reserved 1048576K
2020-06-30T21:58:07.059+0100: 2534.702: [GC (Allocation Failure) 2020-06-30T21:58:07.059+0100: 2534.702: [ParNew
Desired survivor size 20112992 bytes, new threshold 8 (max 8)
- age   1:    6550880 bytes,    6550880 total
- age   2:    2683208 bytes,    9234088 total
- age   3:    3981224 bytes,   13215312 total
- age   4:       8344 bytes,   13223656 total
- age   5:    2046136 bytes,   15269792 total
- age   6:     937592 bytes,   16207384 total
- age   7:    2292936 bytes,   18500320 total
- age   8:    3775896 bytes,   22276216 total
: 109248K->21824K(109248K), 0.0153511 secs] 214198K->130397K(502464K), 0.0158674 secs] [Times: user=0.03 sys=0.00, real=0.01 secs] 
Heap after GC invocations=288 (full 18):
 par new generation   total 109248K, used 21824K [0x00000000e0000000, 0x00000000e8000000, 0x00000000e8000000)
  eden space 87424K,   0% used [0x00000000e0000000, 0x00000000e0000000, 0x00000000e5560000)
  from space 21824K, 100% used [0x00000000e5560000, 0x00000000e6ab0000, 0x00000000e6ab0000)
  to   space 21824K,   0% used [0x00000000e6ab0000, 0x00000000e6ab0000, 0x00000000e8000000)
 concurrent mark-sweep generation total 393216K, used 108573K [0x00000000e8000000, 0x0000000100000000, 0x0000000100000000)
 Metaspace       used 55997K, capacity 57709K, committed 58060K, reserved 1099776K
  class space    used 6561K, capacity 6966K, committed 7116K, reserved 1048576K
}
2020-06-30T21:58:07.074+0100: 2534.718: Total time for which application threads were stopped: 0.0161838 seconds, Stopping threads took: 0.0000714 seconds
{Heap before GC invocations=288 (full 18):
 par new generation   total 109248K, used 109248K [0x00000000e0000000, 0x00000000e8000000, 0x00000000e8000000)
  eden space 87424K, 100% used [0x00000000e0000000, 0x00000000e5560000, 0x00000000e5560000)
  from space 21824K, 100% used [0x00000000e5560000, 0x00000000e6ab0000, 0x00000000e6ab0000)
  to   space 21824K,   0% used [0x00000000e6ab0000, 0x00000000e6ab0000, 0x00000000e8000000)
 concurrent mark-sweep generation total 393216K, used 108573K [0x00000000e8000000, 0x0000000100000000, 0x0000000100000000)
 Metaspace       used 56004K, capacity 57709K, committed 58060K, reserved 1099776K
  class space    used 6561K, capacity 6966K, committed 7116K, reserved 1048576K
2020-06-30T21:58:07.275+0100: 2534.918: [GC (Allocation Failure) 2020-06-30T21:58:07.275+0100: 2534.918: [ParNew
Desired survivor size 20112992 bytes, new threshold 8 (max 8)
- age   1:    4921936 bytes,    4921936 total
- age   2:    4936432 bytes,    9858368 total
- age   3:    2678680 bytes,   12537048 total
- age   4:    3981224 bytes,   16518272 total
- age   5:       8344 bytes,   16526616 total
- age   6:    2046136 bytes,   18572752 total
- age   7:     937592 bytes,   19510344 total
- age   8:    2292936 bytes,   21803280 total
: 109248K->21824K(109248K), 0.0203884 secs] 217821K->136514K(502464K), 0.0204957 secs] [Times: user=0.03 sys=0.00, real=0.02 secs] 
Heap after GC invocations=289 (full 18):
 par new generation   total 109248K, used 21824K [0x00000000e0000000, 0x00000000e8000000, 0x00000000e8000000)
  eden space 87424K,   0% used [0x00000000e0000000, 0x00000000e0000000, 0x00000000e5560000)
  from space 21824K, 100% used [0x00000000e6ab0000, 0x00000000e8000000, 0x00000000e8000000)
  to   space 21824K,   0% used [0x00000000e5560000, 0x00000000e5560000, 0x00000000e6ab0000)
 concurrent mark-sweep generation total 393216K, used 114690K [0x00000000e8000000, 0x0000000100000000, 0x0000000100000000)
 Metaspace       used 56004K, capacity 57709K, committed 58060K, reserved 1099776K
  class space    used 6561K, capacity 6966K, committed 7116K, reserved 1048576K
}
2020-06-30T21:58:07.296+0100: 2534.939: Total time for which application threads were stopped: 0.0210810 seconds, Stopping threads took: 0.0003406 seconds
{Heap before GC invocations=289 (full 18):
 par new generation   total 109248K, used 109248K [0x00000000e0000000, 0x00000000e8000000, 0x00000000e8000000)
  eden space 87424K, 100% used [0x00000000e0000000, 0x00000000e5560000, 0x00000000e5560000)
  from space 21824K, 100% used [0x00000000e6ab0000, 0x00000000e8000000, 0x00000000e8000000)
  to   space 21824K,   0% used [0x00000000e5560000, 0x00000000e5560000, 0x00000000e6ab0000)
 concurrent mark-sweep generation total 393216K, used 114690K [0x00000000e8000000, 0x0000000100000000, 0x0000000100000000)
 Metaspace       used 56004K, capacity 57709K, committed 58060K, reserved 1099776K
  class space    used 6561K, capacity 6966K, committed 7116K, reserved 1048576K
2020-06-30T21:58:07.485+0100: 2535.128: [GC (Allocation Failure) 2020-06-30T21:58:07.485+0100: 2535.128: [ParNew
Desired survivor size 20112992 bytes, new threshold 7 (max 8)
- age   1:    4366944 bytes,    4366944 total
- age   2:    3271256 bytes,    7638200 total
- age   3:    4915392 bytes,   12553592 total
- age   4:    2678544 bytes,   15232136 total
- age   5:    3981224 bytes,   19213360 total
- age   6:       8344 bytes,   19221704 total
- age   7:    2046136 bytes,   21267840 total
- age   8:     937592 bytes,   22205432 total
: 109248K->21824K(109248K), 0.0196815 secs] 223938K->144776K(502464K), 0.0197818 secs] [Times: user=0.05 sys=0.00, real=0.02 secs] 
Heap after GC invocations=290 (full 18):
 par new generation   total 109248K, used 21824K [0x00000000e0000000, 0x00000000e8000000, 0x00000000e8000000)
  eden space 87424K,   0% used [0x00000000e0000000, 0x00000000e0000000, 0x00000000e5560000)
  from space 21824K, 100% used [0x00000000e5560000, 0x00000000e6ab0000, 0x00000000e6ab0000)
  to   space 21824K,   0% used [0x00000000e6ab0000, 0x00000000e6ab0000, 0x00000000e8000000)
 concurrent mark-sweep generation total 393216K, used 122952K [0x00000000e8000000, 0x0000000100000000, 0x0000000100000000)
 Metaspace       used 56004K, capacity 57709K, committed 58060K, reserved 1099776K
  class space    used 6561K, capacity 6966K, committed 7116K, reserved 1048576K
}
2020-06-30T21:58:07.505+0100: 2535.148: Total time for which application threads were stopped: 0.0200881 seconds, Stopping threads took: 0.0000506 seconds
2020-06-30T21:58:08.118+0100: 2535.761: Total time for which application threads were stopped: 0.0006189 seconds, Stopping threads took: 0.0005090 seconds
2020-06-30T21:58:08.119+0100: 2535.762: Total time for which application threads were stopped: 0.0003722 seconds, Stopping threads took: 0.0000720 seconds
2020-06-30T21:58:08.132+0100: 2535.775: Total time for which application threads were stopped: 0.0001284 seconds, Stopping threads took: 0.0000521 seconds
2020-06-30T21:58:08.134+0100: 2535.777: Total time for which application threads were stopped: 0.0001334 seconds, Stopping threads took: 0.0000538 seconds
2020-06-30T21:58:08.134+0100: 2535.777: Total time for which application threads were stopped: 0.0001170 seconds, Stopping threads took: 0.0000430 seconds
2020-06-30T21:58:08.134+0100: 2535.777: Total time for which application threads were stopped: 0.0000853 seconds, Stopping threads took: 0.0000376 seconds
2020-06-30T21:58:12.996+0100: 2540.639: Total time for which application threads were stopped: 0.0002009 seconds, Stopping threads took: 0.0001457 seconds
2020-06-30T21:58:12.999+0100: 2540.642: Total time for which application threads were stopped: 0.0001272 seconds, Stopping threads took: 0.0000597 seconds
2020-06-30T21:58:13.000+0100: 2540.643: Total time for which application threads were stopped: 0.0001135 seconds, Stopping threads took: 0.0000513 seconds
2020-06-30T21:58:13.012+0100: 2540.655: Total time for which application threads were stopped: 0.0003250 seconds, Stopping threads took: 0.0000760 seconds
2020-06-30T21:58:13.013+0100: 2540.656: Total time for which application threads were stopped: 0.0001722 seconds, Stopping threads took: 0.0000765 seconds
2020-06-30T21:58:13.098+0100: 2540.742: Total time for which application threads were stopped: 0.0001920 seconds, Stopping threads took: 0.0000851 seconds
{Heap before GC invocations=290 (full 18):
 par new generation   total 109248K, used 109248K [0x00000000e0000000, 0x00000000e8000000, 0x00000000e8000000)
  eden space 87424K, 100% used [0x00000000e0000000, 0x00000000e5560000, 0x00000000e5560000)
  from space 21824K, 100% used [0x00000000e5560000, 0x00000000e6ab0000, 0x00000000e6ab0000)
  to   space 21824K,   0% used [0x00000000e6ab0000, 0x00000000e6ab0000, 0x00000000e8000000)
 concurrent mark-sweep generation total 393216K, used 122952K [0x00000000e8000000, 0x0000000100000000, 0x0000000100000000)
 Metaspace       used 56008K, capacity 57709K, committed 58060K, reserved 1099776K
  class space    used 6561K, capacity 6966K, committed 7116K, reserved 1048576K
2020-06-30T21:58:13.123+0100: 2540.766: [GC (Allocation Failure) 2020-06-30T21:58:13.123+0100: 2540.766: [ParNew
Desired survivor size 20112992 bytes, new threshold 6 (max 8)
- age   1:    5005136 bytes,    5005136 total
- age   2:    2994112 bytes,    7999248 total
- age   3:    3193592 bytes,   11192840 total
- age   4:    4501496 bytes,   15694336 total
- age   5:    2566400 bytes,   18260736 total
- age   6:    3981224 bytes,   22241960 total
- age   7:       8344 bytes,   22250304 total
: 109248K->21824K(109248K), 0.0166485 secs] 232200K->153444K(502464K), 0.0167589 secs] [Times: user=0.06 sys=0.00, real=0.02 secs] 
Heap after GC invocations=291 (full 18):
 par new generation   total 109248K, used 21824K [0x00000000e0000000, 0x00000000e8000000, 0x00000000e8000000)
  eden space 87424K,   0% used [0x00000000e0000000, 0x00000000e0000000, 0x00000000e5560000)
  from space 21824K, 100% used [0x00000000e6ab0000, 0x00000000e8000000, 0x00000000e8000000)
  to   space 21824K,   0% used [0x00000000e5560000, 0x00000000e5560000, 0x00000000e6ab0000)
 concurrent mark-sweep generation total 393216K, used 131620K [0x00000000e8000000, 0x0000000100000000, 0x0000000100000000)
 Metaspace       used 56008K, capacity 57709K, committed 58060K, reserved 1099776K
  class space    used 6561K, capacity 6966K, committed 7116K, reserved 1048576K
}
2020-06-30T21:58:13.140+0100: 2540.783: Total time for which application threads were stopped: 0.0170348 seconds, Stopping threads took: 0.0000744 seconds
{Heap before GC invocations=291 (full 18):
 par new generation   total 109248K, used 109248K [0x00000000e0000000, 0x00000000e8000000, 0x00000000e8000000)
  eden space 87424K, 100% used [0x00000000e0000000, 0x00000000e5560000, 0x00000000e5560000)
  from space 21824K, 100% used [0x00000000e6ab0000, 0x00000000e8000000, 0x00000000e8000000)
  to   space 21824K,   0% used [0x00000000e5560000, 0x00000000e5560000, 0x00000000e6ab0000)
 concurrent mark-sweep generation total 393216K, used 131620K [0x00000000e8000000, 0x0000000100000000, 0x0000000100000000)
 Metaspace       used 56008K, capacity 57709K, committed 58060K, reserved 1099776K
  class space    used 6561K, capacity 6966K, committed 7116K, reserved 1048576K
2020-06-30T21:58:13.219+0100: 2540.862: [GC (Allocation Failure) 2020-06-30T21:58:13.219+0100: 2540.862: [ParNew
Desired survivor size 20112992 bytes, new threshold 6 (max 8)
- age   1:    6578680 bytes,    6578680 total
- age   2:    2363880 bytes,    8942560 total
- age   3:    2940112 bytes,   11882672 total
- age   4:    2891296 bytes,   14773968 total
- age   5:    4437776 bytes,   19211744 total
- age   6:    2162824 bytes,   21374568 total
: 109248K->21824K(109248K), 0.0155147 secs] 240868K->160943K(502464K), 0.0155918 secs] [Times: user=0.06 sys=0.00, real=0.02 secs] 
Heap after GC invocations=292 (full 18):
 par new generation   total 109248K, used 21824K [0x00000000e0000000, 0x00000000e8000000, 0x00000000e8000000)
  eden space 87424K,   0% used [0x00000000e0000000, 0x00000000e0000000, 0x00000000e5560000)
  from space 21824K, 100% used [0x00000000e5560000, 0x00000000e6ab0000, 0x00000000e6ab0000)
  to   space 21824K,   0% used [0x00000000e6ab0000, 0x00000000e6ab0000, 0x00000000e8000000)
 concurrent mark-sweep generation total 393216K, used 139119K [0x00000000e8000000, 0x0000000100000000, 0x0000000100000000)
 Metaspace       used 56008K, capacity 57709K, committed 58060K, reserved 1099776K
  class space    used 6561K, capacity 6966K, committed 7116K, reserved 1048576K
}
2020-06-30T21:58:13.235+0100: 2540.878: Total time for which application threads were stopped: 0.0158326 seconds, Stopping threads took: 0.0000584 seconds
{Heap before GC invocations=292 (full 18):
 par new generation   total 109248K, used 109248K [0x00000000e0000000, 0x00000000e8000000, 0x00000000e8000000)
  eden space 87424K, 100% used [0x00000000e0000000, 0x00000000e5560000, 0x00000000e5560000)
  from space 21824K, 100% used [0x00000000e5560000, 0x00000000e6ab0000, 0x00000000e6ab0000)
  to   space 21824K,   0% used [0x00000000e6ab0000, 0x00000000e6ab0000, 0x00000000e8000000)
 concurrent mark-sweep generation total 393216K, used 139119K [0x00000000e8000000, 0x0000000100000000, 0x0000000100000000)
 Metaspace       used 56019K, capacity 57773K, committed 58060K, reserved 1099776K
  class space    used 6561K, capacity 6966K, committed 7116K, reserved 1048576K
2020-06-30T21:58:13.339+0100: 2540.982: [GC (Allocation Failure) 2020-06-30T21:58:13.339+0100: 2540.982: [ParNew
Desired survivor size 20112992 bytes, new threshold 6 (max 8)
- age   1:    4708224 bytes,    4708224 total
- age   2:    4658104 bytes,    9366328 total
- age   3:    2352320 bytes,   11718648 total
- age   4:    2940072 bytes,   14658720 total
- age   5:    2883320 bytes,   17542040 total
- age   6:    4435792 bytes,   21977832 total
: 109248K->21824K(109248K), 0.0137704 secs] 248367K->164610K(502464K), 0.0138394 secs] [Times: user=0.06 sys=0.00, real=0.01 secs] 
Heap after GC invocations=293 (full 18):
 par new generation   total 109248K, used 21824K [0x00000000e0000000, 0x00000000e8000000, 0x00000000e8000000)
  eden space 87424K,   0% used [0x00000000e0000000, 0x00000000e0000000, 0x00000000e5560000)
  from space 21824K, 100% used [0x00000000e6ab0000, 0x00000000e8000000, 0x00000000e8000000)
  to   space 21824K,   0% used [0x00000000e5560000, 0x00000000e5560000, 0x00000000e6ab0000)
 concurrent mark-sweep generation total 393216K, used 142786K [0x00000000e8000000, 0x0000000100000000, 0x0000000100000000)
 Metaspace       used 56019K, capacity 57773K, committed 58060K, reserved 1099776K
  class space    used 6561K, capacity 6966K, committed 7116K, reserved 1048576K
}
2020-06-30T21:58:13.353+0100: 2540.996: Total time for which application threads were stopped: 0.0140861 seconds, Stopping threads took: 0.0000664 seconds
2020-06-30T21:58:14.152+0100: 2541.795: Total time for which application threads were stopped: 0.0001329 seconds, Stopping threads took: 0.0000713 seconds
2020-06-30T21:58:14.152+0100: 2541.795: Total time for which application threads were stopped: 0.0001063 seconds, Stopping threads took: 0.0000497 seconds
2020-06-30T21:58:14.153+0100: 2541.797: Total time for which application threads were stopped: 0.0001042 seconds, Stopping threads took: 0.0000491 seconds
2020-06-30T21:58:14.154+0100: 2541.797: Total time for which application threads were stopped: 0.0000927 seconds, Stopping threads took: 0.0000477 seconds
2020-06-30T21:58:14.154+0100: 2541.797: Total time for which application threads were stopped: 0.0000890 seconds, Stopping threads took: 0.0000433 seconds
2020-06-30T21:58:14.154+0100: 2541.797: Total time for which application threads were stopped: 0.0000570 seconds, Stopping threads took: 0.0000190 seconds
2020-06-30T21:58:28.014+0100: 2555.657: Total time for which application threads were stopped: 0.0000800 seconds, Stopping threads took: 0.0000260 seconds
2020-06-30T21:58:29.842+0100: 2557.485: Total time for which application threads were stopped: 0.0001996 seconds, Stopping threads took: 0.0001257 seconds
2020-06-30T21:58:29.861+0100: 2557.504: Total time for which application threads were stopped: 0.0001734 seconds, Stopping threads took: 0.0000419 seconds
2020-06-30T21:58:29.863+0100: 2557.506: Total time for which application threads were stopped: 0.0001771 seconds, Stopping threads took: 0.0000785 seconds
{Heap before GC invocations=293 (full 18):
 par new generation   total 109248K, used 109248K [0x00000000e0000000, 0x00000000e8000000, 0x00000000e8000000)
  eden space 87424K, 100% used [0x00000000e0000000, 0x00000000e5560000, 0x00000000e5560000)
  from space 21824K, 100% used [0x00000000e6ab0000, 0x00000000e8000000, 0x00000000e8000000)
  to   space 21824K,   0% used [0x00000000e5560000, 0x00000000e5560000, 0x00000000e6ab0000)
 concurrent mark-sweep generation total 393216K, used 142786K [0x00000000e8000000, 0x0000000100000000, 0x0000000100000000)
 Metaspace       used 56020K, capacity 57773K, committed 58060K, reserved 1099776K
  class space    used 6561K, capacity 6966K, committed 7116K, reserved 1048576K
2020-06-30T21:58:29.894+0100: 2557.537: [GC (Allocation Failure) 2020-06-30T21:58:29.894+0100: 2557.537: [ParNew
Desired survivor size 20112992 bytes, new threshold 8 (max 8)
- age   1:    3305976 bytes,    3305976 total
- age   2:    2924792 bytes,    6230768 total
- age   3:    4036192 bytes,   10266960 total
- age   4:    1997920 bytes,   12264880 total
- age   5:    2940072 bytes,   15204952 total
- age   6:    2883320 bytes,   18088272 total
: 109248K->21824K(109248K), 0.0157298 secs] 252034K->171167K(502464K), 0.0159140 secs] [Times: user=0.06 sys=0.00, real=0.02 secs] 
Heap after GC invocations=294 (full 18):
 par new generation   total 109248K, used 21824K [0x00000000e0000000, 0x00000000e8000000, 0x00000000e8000000)
  eden space 87424K,   0% used [0x00000000e0000000, 0x00000000e0000000, 0x00000000e5560000)
  from space 21824K, 100% used [0x00000000e5560000, 0x00000000e6ab0000, 0x00000000e6ab0000)
  to   space 21824K,   0% used [0x00000000e6ab0000, 0x00000000e6ab0000, 0x00000000e8000000)
 concurrent mark-sweep generation total 393216K, used 149343K [0x00000000e8000000, 0x0000000100000000, 0x0000000100000000)
 Metaspace       used 56020K, capacity 57773K, committed 58060K, reserved 1099776K
  class space    used 6561K, capacity 6966K, committed 7116K, reserved 1048576K
}
2020-06-30T21:58:29.910+0100: 2557.553: Total time for which application threads were stopped: 0.0175180 seconds, Stopping threads took: 0.0013591 seconds
2020-06-30T21:58:30.012+0100: 2557.656: Total time for which application threads were stopped: 0.0002318 seconds, Stopping threads took: 0.0000735 seconds
{Heap before GC invocations=294 (full 18):
 par new generation   total 109248K, used 109248K [0x00000000e0000000, 0x00000000e8000000, 0x00000000e8000000)
  eden space 87424K, 100% used [0x00000000e0000000, 0x00000000e5560000, 0x00000000e5560000)
  from space 21824K, 100% used [0x00000000e5560000, 0x00000000e6ab0000, 0x00000000e6ab0000)
  to   space 21824K,   0% used [0x00000000e6ab0000, 0x00000000e6ab0000, 0x00000000e8000000)
 concurrent mark-sweep generation total 393216K, used 149343K [0x00000000e8000000, 0x0000000100000000, 0x0000000100000000)
 Metaspace       used 56020K, capacity 57773K, committed 58060K, reserved 1099776K
  class space    used 6561K, capacity 6966K, committed 7116K, reserved 1048576K
2020-06-30T21:58:30.121+0100: 2557.764: [GC (Allocation Failure) 2020-06-30T21:58:30.121+0100: 2557.764: [ParNew
Desired survivor size 20112992 bytes, new threshold 7 (max 8)
- age   1:    5094680 bytes,    5094680 total
- age   2:    3056408 bytes,    8151088 total
- age   3:    2808952 bytes,   10960040 total
- age   4:    3697360 bytes,   14657400 total
- age   5:    1860568 bytes,   16517968 total
- age   6:    2940072 bytes,   19458040 total
- age   7:    2883320 bytes,   22341360 total
: 109248K->21824K(109248K), 0.0200823 secs] 258591K->177259K(502464K), 0.0201848 secs] [Times: user=0.06 sys=0.00, real=0.02 secs] 
Heap after GC invocations=295 (full 18):
 par new generation   total 109248K, used 21824K [0x00000000e0000000, 0x00000000e8000000, 0x00000000e8000000)
  eden space 87424K,   0% used [0x00000000e0000000, 0x00000000e0000000, 0x00000000e5560000)
  from space 21824K, 100% used [0x00000000e6ab0000, 0x00000000e8000000, 0x00000000e8000000)
  to   space 21824K,   0% used [0x00000000e5560000, 0x00000000e5560000, 0x00000000e6ab0000)
 concurrent mark-sweep generation total 393216K, used 155435K [0x00000000e8000000, 0x0000000100000000, 0x0000000100000000)
 Metaspace       used 56020K, capacity 57773K, committed 58060K, reserved 1099776K
  class space    used 6561K, capacity 6966K, committed 7116K, reserved 1048576K
}
2020-06-30T21:58:30.141+0100: 2557.785: Total time for which application threads were stopped: 0.0205157 seconds, Stopping threads took: 0.0000714 seconds
2020-06-30T21:58:30.142+0100: 2557.785: Total time for which application threads were stopped: 0.0001875 seconds, Stopping threads took: 0.0000881 seconds
2020-06-30T21:58:30.142+0100: 2557.785: Total time for which application threads were stopped: 0.0001361 seconds, Stopping threads took: 0.0000609 seconds
2020-06-30T21:58:30.142+0100: 2557.786: Total time for which application threads were stopped: 0.0001828 seconds, Stopping threads took: 0.0000627 seconds
2020-06-30T21:58:30.142+0100: 2557.786: Total time for which application threads were stopped: 0.0001279 seconds, Stopping threads took: 0.0000571 seconds
2020-06-30T21:58:30.143+0100: 2557.786: Total time for which application threads were stopped: 0.0001519 seconds, Stopping threads took: 0.0000641 seconds
2020-06-30T21:58:30.143+0100: 2557.787: Total time for which application threads were stopped: 0.0001300 seconds, Stopping threads took: 0.0000586 seconds
{Heap before GC invocations=295 (full 18):
 par new generation   total 109248K, used 109248K [0x00000000e0000000, 0x00000000e8000000, 0x00000000e8000000)
  eden space 87424K, 100% used [0x00000000e0000000, 0x00000000e5560000, 0x00000000e5560000)
  from space 21824K, 100% used [0x00000000e6ab0000, 0x00000000e8000000, 0x00000000e8000000)
  to   space 21824K,   0% used [0x00000000e5560000, 0x00000000e5560000, 0x00000000e6ab0000)
 concurrent mark-sweep generation total 393216K, used 155435K [0x00000000e8000000, 0x0000000100000000, 0x0000000100000000)
 Metaspace       used 56020K, capacity 57773K, committed 58060K, reserved 1099776K
  class space    used 6561K, capacity 6966K, committed 7116K, reserved 1048576K
2020-06-30T21:58:30.333+0100: 2557.976: [GC (Allocation Failure) 2020-06-30T21:58:30.333+0100: 2557.976: [ParNew
Desired survivor size 20112992 bytes, new threshold 7 (max 8)
- age   1:    5316824 bytes,    5316824 total
- age   2:    2611576 bytes,    7928400 total
- age   3:    3053848 bytes,   10982248 total
- age   4:    2808656 bytes,   13790904 total
- age   5:    3693224 bytes,   17484128 total
- age   6:    1860152 bytes,   19344280 total
- age   7:    2940072 bytes,   22284352 total
: 109248K->21824K(109248K), 0.0241662 secs] 264683K->186998K(502464K), 0.0242653 secs] [Times: user=0.13 sys=0.00, real=0.02 secs] 
Heap after GC invocations=296 (full 18):
 par new generation   total 109248K, used 21824K [0x00000000e0000000, 0x00000000e8000000, 0x00000000e8000000)
  eden space 87424K,   0% used [0x00000000e0000000, 0x00000000e0000000, 0x00000000e5560000)
  from space 21824K, 100% used [0x00000000e5560000, 0x00000000e6ab0000, 0x00000000e6ab0000)
  to   space 21824K,   0% used [0x00000000e6ab0000, 0x00000000e6ab0000, 0x00000000e8000000)
 concurrent mark-sweep generation total 393216K, used 165174K [0x00000000e8000000, 0x0000000100000000, 0x0000000100000000)
 Metaspace       used 56020K, capacity 57773K, committed 58060K, reserved 1099776K
  class space    used 6561K, capacity 6966K, committed 7116K, reserved 1048576K
}
2020-06-30T21:58:30.357+0100: 2558.000: Total time for which application threads were stopped: 0.0245946 seconds, Stopping threads took: 0.0000811 seconds
{Heap before GC invocations=296 (full 18):
 par new generation   total 109248K, used 109248K [0x00000000e0000000, 0x00000000e8000000, 0x00000000e8000000)
  eden space 87424K, 100% used [0x00000000e0000000, 0x00000000e5560000, 0x00000000e5560000)
  from space 21824K, 100% used [0x00000000e5560000, 0x00000000e6ab0000, 0x00000000e6ab0000)
  to   space 21824K,   0% used [0x00000000e6ab0000, 0x00000000e6ab0000, 0x00000000e8000000)
 concurrent mark-sweep generation total 393216K, used 165174K [0x00000000e8000000, 0x0000000100000000, 0x0000000100000000)
 Metaspace       used 56020K, capacity 57773K, committed 58060K, reserved 1099776K
  class space    used 6561K, capacity 6966K, committed 7116K, reserved 1048576K
2020-06-30T21:58:30.566+0100: 2558.209: [GC (Allocation Failure) 2020-06-30T21:58:30.566+0100: 2558.209: [ParNew
Desired survivor size 20112992 bytes, new threshold 6 (max 8)
- age   1:    4430048 bytes,    4430048 total
- age   2:    3852640 bytes,    8282688 total
- age   3:    2606688 bytes,   10889376 total
- age   4:    2986520 bytes,   13875896 total
- age   5:    2729464 bytes,   16605360 total
- age   6:    3693104 bytes,   20298464 total
- age   7:    1819000 bytes,   22117464 total
: 109248K->21824K(109248K), 0.0206745 secs] 274422K->201688K(502464K), 0.0207876 secs] [Times: user=0.08 sys=0.02, real=0.02 secs] 
Heap after GC invocations=297 (full 18):
 par new generation   total 109248K, used 21824K [0x00000000e0000000, 0x00000000e8000000, 0x00000000e8000000)
  eden space 87424K,   0% used [0x00000000e0000000, 0x00000000e0000000, 0x00000000e5560000)
  from space 21824K, 100% used [0x00000000e6ab0000, 0x00000000e8000000, 0x00000000e8000000)
  to   space 21824K,   0% used [0x00000000e5560000, 0x00000000e5560000, 0x00000000e6ab0000)
 concurrent mark-sweep generation total 393216K, used 179864K [0x00000000e8000000, 0x0000000100000000, 0x0000000100000000)
 Metaspace       used 56020K, capacity 57773K, committed 58060K, reserved 1099776K
  class space    used 6561K, capacity 6966K, committed 7116K, reserved 1048576K
}
2020-06-30T21:58:30.587+0100: 2558.230: Total time for which application threads were stopped: 0.0211438 seconds, Stopping threads took: 0.0000824 seconds
2020-06-30T21:58:31.940+0100: 2559.583: Total time for which application threads were stopped: 0.0002096 seconds, Stopping threads took: 0.0001371 seconds
2020-06-30T21:58:31.940+0100: 2559.583: Total time for which application threads were stopped: 0.0001010 seconds, Stopping threads took: 0.0000597 seconds
2020-06-30T21:58:31.941+0100: 2559.584: Total time for which application threads were stopped: 0.0000918 seconds, Stopping threads took: 0.0000339 seconds
2020-06-30T21:58:31.941+0100: 2559.585: Total time for which application threads were stopped: 0.0000797 seconds, Stopping threads took: 0.0000307 seconds
2020-06-30T21:58:31.942+0100: 2559.585: Total time for which application threads were stopped: 0.0000820 seconds, Stopping threads took: 0.0000432 seconds
2020-06-30T21:58:31.942+0100: 2559.585: Total time for which application threads were stopped: 0.0000799 seconds, Stopping threads took: 0.0000412 seconds
2020-06-30T21:58:37.314+0100: 2564.958: Total time for which application threads were stopped: 0.0001826 seconds, Stopping threads took: 0.0001325 seconds
2020-06-30T21:58:37.317+0100: 2564.961: Total time for which application threads were stopped: 0.0001313 seconds, Stopping threads took: 0.0000639 seconds
2020-06-30T21:58:37.319+0100: 2564.963: Total time for which application threads were stopped: 0.0003357 seconds, Stopping threads took: 0.0001382 seconds
2020-06-30T21:58:37.343+0100: 2564.986: Total time for which application threads were stopped: 0.0001337 seconds, Stopping threads took: 0.0000584 seconds
2020-06-30T21:58:37.344+0100: 2564.988: Total time for which application threads were stopped: 0.0003178 seconds, Stopping threads took: 0.0002431 seconds
{Heap before GC invocations=297 (full 18):
 par new generation   total 109248K, used 109248K [0x00000000e0000000, 0x00000000e8000000, 0x00000000e8000000)
  eden space 87424K, 100% used [0x00000000e0000000, 0x00000000e5560000, 0x00000000e5560000)
  from space 21824K, 100% used [0x00000000e6ab0000, 0x00000000e8000000, 0x00000000e8000000)
  to   space 21824K,   0% used [0x00000000e5560000, 0x00000000e5560000, 0x00000000e6ab0000)
 concurrent mark-sweep generation total 393216K, used 179864K [0x00000000e8000000, 0x0000000100000000, 0x0000000100000000)
 Metaspace       used 56121K, capacity 57837K, committed 58060K, reserved 1099776K
  class space    used 6561K, capacity 6966K, committed 7116K, reserved 1048576K
2020-06-30T21:58:37.427+0100: 2565.070: [GC (Allocation Failure) 2020-06-30T21:58:37.427+0100: 2565.070: [ParNew
Desired survivor size 20112992 bytes, new threshold 6 (max 8)
- age   1:    7036256 bytes,    7036256 total
- age   2:    2936616 bytes,    9972872 total
- age   3:    3662968 bytes,   13635840 total
- age   4:    2331200 bytes,   15967040 total
- age   5:    2907344 bytes,   18874384 total
- age   6:    2729464 bytes,   21603848 total
: 109248K->21824K(109248K), 0.0175861 secs] 289112K->210584K(502464K), 0.0176900 secs] [Times: user=0.06 sys=0.00, real=0.02 secs] 
Heap after GC invocations=298 (full 18):
 par new generation   total 109248K, used 21824K [0x00000000e0000000, 0x00000000e8000000, 0x00000000e8000000)
  eden space 87424K,   0% used [0x00000000e0000000, 0x00000000e0000000, 0x00000000e5560000)
  from space 21824K, 100% used [0x00000000e5560000, 0x00000000e6ab0000, 0x00000000e6ab0000)
  to   space 21824K,   0% used [0x00000000e6ab0000, 0x00000000e6ab0000, 0x00000000e8000000)
 concurrent mark-sweep generation total 393216K, used 188760K [0x00000000e8000000, 0x0000000100000000, 0x0000000100000000)
 Metaspace       used 56121K, capacity 57837K, committed 58060K, reserved 1099776K
  class space    used 6561K, capacity 6966K, committed 7116K, reserved 1048576K
}
2020-06-30T21:58:37.445+0100: 2565.088: Total time for which application threads were stopped: 0.0179631 seconds, Stopping threads took: 0.0000657 seconds
2020-06-30T21:58:37.456+0100: 2565.099: Total time for which application threads were stopped: 0.0001344 seconds, Stopping threads took: 0.0000499 seconds
{Heap before GC invocations=298 (full 18):
 par new generation   total 109248K, used 109248K [0x00000000e0000000, 0x00000000e8000000, 0x00000000e8000000)
  eden space 87424K, 100% used [0x00000000e0000000, 0x00000000e5560000, 0x00000000e5560000)
  from space 21824K, 100% used [0x00000000e5560000, 0x00000000e6ab0000, 0x00000000e6ab0000)
  to   space 21824K,   0% used [0x00000000e6ab0000, 0x00000000e6ab0000, 0x00000000e8000000)
 concurrent mark-sweep generation total 393216K, used 188760K [0x00000000e8000000, 0x0000000100000000, 0x0000000100000000)
 Metaspace       used 56208K, capacity 57901K, committed 58316K, reserved 1099776K
  class space    used 6561K, capacity 6966K, committed 7116K, reserved 1048576K
2020-06-30T21:58:37.545+0100: 2565.188: [GC (Allocation Failure) 2020-06-30T21:58:37.545+0100: 2565.188: [ParNew
Desired survivor size 20112992 bytes, new threshold 6 (max 8)
- age   1:    3287272 bytes,    3287272 total
- age   2:    6581104 bytes,    9868376 total
- age   3:    2936512 bytes,   12804888 total
- age   4:    3552072 bytes,   16356960 total
- age   5:    2163592 bytes,   18520552 total
- age   6:    2907200 bytes,   21427752 total
: 109248K->21824K(109248K), 0.0156689 secs] 298008K->220172K(502464K), 0.0157384 secs] [Times: user=0.06 sys=0.00, real=0.02 secs] 
Heap after GC invocations=299 (full 18):
 par new generation   total 109248K, used 21824K [0x00000000e0000000, 0x00000000e8000000, 0x00000000e8000000)
  eden space 87424K,   0% used [0x00000000e0000000, 0x00000000e0000000, 0x00000000e5560000)
  from space 21824K, 100% used [0x00000000e6ab0000, 0x00000000e8000000, 0x00000000e8000000)
  to   space 21824K,   0% used [0x00000000e5560000, 0x00000000e5560000, 0x00000000e6ab0000)
 concurrent mark-sweep generation total 393216K, used 198348K [0x00000000e8000000, 0x0000000100000000, 0x0000000100000000)
 Metaspace       used 56208K, capacity 57901K, committed 58316K, reserved 1099776K
  class space    used 6561K, capacity 6966K, committed 7116K, reserved 1048576K
}
2020-06-30T21:58:37.561+0100: 2565.204: Total time for which application threads were stopped: 0.0159895 seconds, Stopping threads took: 0.0000718 seconds
2020-06-30T21:58:37.561+0100: 2565.204: [GC (CMS Initial Mark) [1 CMS-initial-mark: 198348K(393216K)] 221209K(502464K), 0.0033149 secs] [Times: user=0.00 sys=0.00, real=0.00 secs] 
2020-06-30T21:58:37.564+0100: 2565.208: Total time for which application threads were stopped: 0.0034771 seconds, Stopping threads took: 0.0000724 seconds
2020-06-30T21:58:37.565+0100: 2565.208: [CMS-concurrent-mark-start]
2020-06-30T21:58:37.589+0100: 2565.232: [CMS-concurrent-mark: 0.024/0.024 secs] [Times: user=0.13 sys=0.00, real=0.02 secs] 
2020-06-30T21:58:37.589+0100: 2565.232: [CMS-concurrent-preclean-start]
2020-06-30T21:58:37.590+0100: 2565.234: [CMS-concurrent-preclean: 0.001/0.001 secs] [Times: user=0.00 sys=0.00, real=0.00 secs] 
2020-06-30T21:58:37.591+0100: 2565.234: [CMS-concurrent-abortable-preclean-start]
{Heap before GC invocations=299 (full 19):
 par new generation   total 109248K, used 109248K [0x00000000e0000000, 0x00000000e8000000, 0x00000000e8000000)
  eden space 87424K, 100% used [0x00000000e0000000, 0x00000000e5560000, 0x00000000e5560000)
  from space 21824K, 100% used [0x00000000e6ab0000, 0x00000000e8000000, 0x00000000e8000000)
  to   space 21824K,   0% used [0x00000000e5560000, 0x00000000e5560000, 0x00000000e6ab0000)
 concurrent mark-sweep generation total 393216K, used 198348K [0x00000000e8000000, 0x0000000100000000, 0x0000000100000000)
 Metaspace       used 56208K, capacity 57901K, committed 58316K, reserved 1099776K
  class space    used 6561K, capacity 6966K, committed 7116K, reserved 1048576K
2020-06-30T21:58:37.694+0100: 2565.337: [GC (Allocation Failure) 2020-06-30T21:58:37.694+0100: 2565.337: [ParNew
Desired survivor size 20112992 bytes, new threshold 6 (max 8)
- age   1:    4051400 bytes,    4051400 total
- age   2:    2856064 bytes,    6907464 total
- age   3:    6570432 bytes,   13477896 total
- age   4:    2936512 bytes,   16414408 total
- age   5:    3552072 bytes,   19966480 total
- age   6:    2163592 bytes,   22130072 total
: 109248K->21824K(109248K), 0.0161302 secs] 307596K->225687K(502464K), 0.0161924 secs] [Times: user=0.02 sys=0.00, real=0.02 secs] 
Heap after GC invocations=300 (full 19):
 par new generation   total 109248K, used 21824K [0x00000000e0000000, 0x00000000e8000000, 0x00000000e8000000)
  eden space 87424K,   0% used [0x00000000e0000000, 0x00000000e0000000, 0x00000000e5560000)
  from space 21824K, 100% used [0x00000000e5560000, 0x00000000e6ab0000, 0x00000000e6ab0000)
  to   space 21824K,   0% used [0x00000000e6ab0000, 0x00000000e6ab0000, 0x00000000e8000000)
 concurrent mark-sweep generation total 393216K, used 203863K [0x00000000e8000000, 0x0000000100000000, 0x0000000100000000)
 Metaspace       used 56208K, capacity 57901K, committed 58316K, reserved 1099776K
  class space    used 6561K, capacity 6966K, committed 7116K, reserved 1048576K
}
2020-06-30T21:58:37.710+0100: 2565.353: Total time for which application threads were stopped: 0.0164173 seconds, Stopping threads took: 0.0000634 seconds
2020-06-30T21:58:37.770+0100: 2565.414: [CMS-concurrent-abortable-preclean: 0.101/0.180 secs] [Times: user=0.42 sys=0.00, real=0.18 secs] 
2020-06-30T21:58:37.771+0100: 2565.414: [GC (CMS Final Remark) [YG occupancy: 65976 K (109248 K)]{Heap before GC invocations=300 (full 19):
 par new generation   total 109248K, used 65976K [0x00000000e0000000, 0x00000000e8000000, 0x00000000e8000000)
  eden space 87424K,  50% used [0x00000000e0000000, 0x00000000e2b1e008, 0x00000000e5560000)
  from space 21824K, 100% used [0x00000000e5560000, 0x00000000e6ab0000, 0x00000000e6ab0000)
  to   space 21824K,   0% used [0x00000000e6ab0000, 0x00000000e6ab0000, 0x00000000e8000000)
 concurrent mark-sweep generation total 393216K, used 203863K [0x00000000e8000000, 0x0000000100000000, 0x0000000100000000)
 Metaspace       used 56208K, capacity 57901K, committed 58316K, reserved 1099776K
  class space    used 6561K, capacity 6966K, committed 7116K, reserved 1048576K
2020-06-30T21:58:37.771+0100: 2565.414: [GC (CMS Final Remark) 2020-06-30T21:58:37.771+0100: 2565.414: [ParNew
Desired survivor size 20112992 bytes, new threshold 6 (max 8)
- age   1:    4349080 bytes,    4349080 total
- age   2:    2289440 bytes,    6638520 total
- age   3:    2839896 bytes,    9478416 total
- age   4:    6332912 bytes,   15811328 total
- age   5:    2936512 bytes,   18747840 total
- age   6:    3552072 bytes,   22299912 total
: 65976K->21824K(109248K), 0.0151349 secs] 269839K->233204K(502464K), 0.0152100 secs] [Times: user=0.06 sys=0.00, real=0.02 secs] 
Heap after GC invocations=301 (full 19):
 par new generation   total 109248K, used 21824K [0x00000000e0000000, 0x00000000e8000000, 0x00000000e8000000)
  eden space 87424K,   0% used [0x00000000e0000000, 0x00000000e0000000, 0x00000000e5560000)
  from space 21824K, 100% used [0x00000000e6ab0000, 0x00000000e8000000, 0x00000000e8000000)
  to   space 21824K,   0% used [0x00000000e5560000, 0x00000000e5560000, 0x00000000e6ab0000)
 concurrent mark-sweep generation total 393216K, used 211380K [0x00000000e8000000, 0x0000000100000000, 0x0000000100000000)
 Metaspace       used 56208K, capacity 57901K, committed 58316K, reserved 1099776K
  class space    used 6561K, capacity 6966K, committed 7116K, reserved 1048576K
}
2020-06-30T21:58:37.786+0100: 2565.429: [Rescan (parallel) , 0.0058196 secs]2020-06-30T21:58:37.792+0100: 2565.435: [weak refs processing, 0.0022753 secs]2020-06-30T21:58:37.794+0100: 2565.437: [class unloading, 0.0120578 secs]2020-06-30T21:58:37.806+0100: 2565.449: [scrub symbol table, 0.0099923 secs]2020-06-30T21:58:37.816+0100: 2565.460: [scrub string table, 0.0005928 secs][1 CMS-remark: 211380K(393216K)] 233204K(502464K), 0.0463838 secs] [Times: user=0.14 sys=0.00, real=0.05 secs] 
2020-06-30T21:58:37.817+0100: 2565.460: Total time for which application threads were stopped: 0.0466282 seconds, Stopping threads took: 0.0001176 seconds
2020-06-30T21:58:37.817+0100: 2565.460: [CMS-concurrent-sweep-start]
2020-06-30T21:58:37.818+0100: 2565.461: Total time for which application threads were stopped: 0.0001563 seconds, Stopping threads took: 0.0000735 seconds
2020-06-30T21:58:37.818+0100: 2565.461: Total time for which application threads were stopped: 0.0001136 seconds, Stopping threads took: 0.0000506 seconds
2020-06-30T21:58:37.819+0100: 2565.462: Total time for which application threads were stopped: 0.0001456 seconds, Stopping threads took: 0.0000439 seconds
2020-06-30T21:58:37.819+0100: 2565.462: Total time for which application threads were stopped: 0.0001273 seconds, Stopping threads took: 0.0000504 seconds
2020-06-30T21:58:37.819+0100: 2565.462: Total time for which application threads were stopped: 0.0000888 seconds, Stopping threads took: 0.0000447 seconds
2020-06-30T21:58:37.819+0100: 2565.462: Total time for which application threads were stopped: 0.0000878 seconds, Stopping threads took: 0.0000442 seconds
2020-06-30T21:58:37.820+0100: 2565.463: Total time for which application threads were stopped: 0.0001034 seconds, Stopping threads took: 0.0000364 seconds
2020-06-30T21:58:37.820+0100: 2565.463: Total time for which application threads were stopped: 0.0000934 seconds, Stopping threads took: 0.0000409 seconds
2020-06-30T21:58:37.820+0100: 2565.463: Total time for which application threads were stopped: 0.0001170 seconds, Stopping threads took: 0.0000470 seconds
2020-06-30T21:58:37.820+0100: 2565.463: Total time for which application threads were stopped: 0.0001471 seconds, Stopping threads took: 0.0000392 seconds
2020-06-30T21:58:37.820+0100: 2565.464: Total time for which application threads were stopped: 0.0000892 seconds, Stopping threads took: 0.0000480 seconds
2020-06-30T21:58:37.821+0100: 2565.464: Total time for which application threads were stopped: 0.0000932 seconds, Stopping threads took: 0.0000376 seconds
2020-06-30T21:58:37.821+0100: 2565.464: Total time for which application threads were stopped: 0.0000912 seconds, Stopping threads took: 0.0000452 seconds
2020-06-30T21:58:37.821+0100: 2565.464: Total time for which application threads were stopped: 0.0000761 seconds, Stopping threads took: 0.0000358 seconds
2020-06-30T21:58:37.890+0100: 2565.533: [CMS-concurrent-sweep: 0.071/0.073 secs] [Times: user=0.19 sys=0.02, real=0.07 secs] 
2020-06-30T21:58:37.890+0100: 2565.533: [CMS-concurrent-reset-start]
2020-06-30T21:58:37.891+0100: 2565.534: [CMS-concurrent-reset: 0.001/0.001 secs] [Times: user=0.00 sys=0.00, real=0.00 secs] 
2020-06-30T21:58:38.762+0100: 2566.406: Total time for which application threads were stopped: 0.0001544 seconds, Stopping threads took: 0.0000652 seconds
2020-06-30T21:58:38.764+0100: 2566.407: Total time for which application threads were stopped: 0.0002505 seconds, Stopping threads took: 0.0000782 seconds
2020-06-30T21:58:38.765+0100: 2566.408: Total time for which application threads were stopped: 0.0001568 seconds, Stopping threads took: 0.0000706 seconds
2020-06-30T21:58:38.769+0100: 2566.412: Total time for which application threads were stopped: 0.0001583 seconds, Stopping threads took: 0.0000682 seconds
2020-06-30T21:58:38.769+0100: 2566.413: Total time for which application threads were stopped: 0.0001362 seconds, Stopping threads took: 0.0000647 seconds
2020-06-30T21:58:38.770+0100: 2566.413: Total time for which application threads were stopped: 0.0001157 seconds, Stopping threads took: 0.0000642 seconds
2020-06-30T21:58:42.855+0100: 2570.499: Total time for which application threads were stopped: 0.0001964 seconds, Stopping threads took: 0.0001452 seconds
{Heap before GC invocations=301 (full 19):
 par new generation   total 109248K, used 109248K [0x00000000e0000000, 0x00000000e8000000, 0x00000000e8000000)
  eden space 87424K, 100% used [0x00000000e0000000, 0x00000000e5560000, 0x00000000e5560000)
  from space 21824K, 100% used [0x00000000e6ab0000, 0x00000000e8000000, 0x00000000e8000000)
  to   space 21824K,   0% used [0x00000000e5560000, 0x00000000e5560000, 0x00000000e6ab0000)
 concurrent mark-sweep generation total 393216K, used 85687K [0x00000000e8000000, 0x0000000100000000, 0x0000000100000000)
 Metaspace       used 56220K, capacity 57901K, committed 58316K, reserved 1099776K
  class space    used 6561K, capacity 6966K, committed 7116K, reserved 1048576K
2020-06-30T21:58:42.935+0100: 2570.578: [GC (Allocation Failure) 2020-06-30T21:58:42.935+0100: 2570.578: [ParNew
Desired survivor size 20112992 bytes, new threshold 6 (max 8)
- age   1:    5352360 bytes,    5352360 total
- age   2:    3281168 bytes,    8633528 total
- age   3:    1983328 bytes,   10616856 total
- age   4:    2301136 bytes,   12917992 total
- age   5:    5606872 bytes,   18524864 total
- age   6:    2932040 bytes,   21456904 total
: 109248K->21824K(109248K), 0.0205878 secs] 194935K->118583K(502464K), 0.0206889 secs] [Times: user=0.06 sys=0.00, real=0.02 secs] 
Heap after GC invocations=302 (full 19):
 par new generation   total 109248K, used 21824K [0x00000000e0000000, 0x00000000e8000000, 0x00000000e8000000)
  eden space 87424K,   0% used [0x00000000e0000000, 0x00000000e0000000, 0x00000000e5560000)
  from space 21824K, 100% used [0x00000000e5560000, 0x00000000e6ab0000, 0x00000000e6ab0000)
  to   space 21824K,   0% used [0x00000000e6ab0000, 0x00000000e6ab0000, 0x00000000e8000000)
 concurrent mark-sweep generation total 393216K, used 96759K [0x00000000e8000000, 0x0000000100000000, 0x0000000100000000)
 Metaspace       used 56220K, capacity 57901K, committed 58316K, reserved 1099776K
  class space    used 6561K, capacity 6966K, committed 7116K, reserved 1048576K
}
2020-06-30T21:58:42.955+0100: 2570.599: Total time for which application threads were stopped: 0.0212352 seconds, Stopping threads took: 0.0002817 seconds
2020-06-30T21:58:43.013+0100: 2570.656: Total time for which application threads were stopped: 0.0001432 seconds, Stopping threads took: 0.0000588 seconds
{Heap before GC invocations=302 (full 19):
 par new generation   total 109248K, used 109248K [0x00000000e0000000, 0x00000000e8000000, 0x00000000e8000000)
  eden space 87424K, 100% used [0x00000000e0000000, 0x00000000e5560000, 0x00000000e5560000)
  from space 21824K, 100% used [0x00000000e5560000, 0x00000000e6ab0000, 0x00000000e6ab0000)
  to   space 21824K,   0% used [0x00000000e6ab0000, 0x00000000e6ab0000, 0x00000000e8000000)
 concurrent mark-sweep generation total 393216K, used 96759K [0x00000000e8000000, 0x0000000100000000, 0x0000000100000000)
 Metaspace       used 56220K, capacity 57901K, committed 58316K, reserved 1099776K
  class space    used 6561K, capacity 6966K, committed 7116K, reserved 1048576K
2020-06-30T21:58:43.122+0100: 2570.765: [GC (Allocation Failure) 2020-06-30T21:58:43.122+0100: 2570.765: [ParNew
Desired survivor size 20112992 bytes, new threshold 6 (max 8)
- age   1:    4184432 bytes,    4184432 total
- age   2:    4483384 bytes,    8667816 total
- age   3:    3280000 bytes,   11947816 total
- age   4:    1679952 bytes,   13627768 total
- age   5:    2298728 bytes,   15926496 total
- age   6:    5600440 bytes,   21526936 total
: 109248K->21824K(109248K), 0.0189579 secs] 206007K->128333K(502464K), 0.0190834 secs] [Times: user=0.06 sys=0.00, real=0.02 secs] 
Heap after GC invocations=303 (full 19):
 par new generation   total 109248K, used 21824K [0x00000000e0000000, 0x00000000e8000000, 0x00000000e8000000)
  eden space 87424K,   0% used [0x00000000e0000000, 0x00000000e0000000, 0x00000000e5560000)
  from space 21824K, 100% used [0x00000000e6ab0000, 0x00000000e8000000, 0x00000000e8000000)
  to   space 21824K,   0% used [0x00000000e5560000, 0x00000000e5560000, 0x00000000e6ab0000)
 concurrent mark-sweep generation total 393216K, used 106509K [0x00000000e8000000, 0x0000000100000000, 0x0000000100000000)
 Metaspace       used 56220K, capacity 57901K, committed 58316K, reserved 1099776K
  class space    used 6561K, capacity 6966K, committed 7116K, reserved 1048576K
}
2020-06-30T21:58:43.141+0100: 2570.784: Total time for which application threads were stopped: 0.0194270 seconds, Stopping threads took: 0.0000876 seconds
{Heap before GC invocations=303 (full 19):
 par new generation   total 109248K, used 109248K [0x00000000e0000000, 0x00000000e8000000, 0x00000000e8000000)
  eden space 87424K, 100% used [0x00000000e0000000, 0x00000000e5560000, 0x00000000e5560000)
  from space 21824K, 100% used [0x00000000e6ab0000, 0x00000000e8000000, 0x00000000e8000000)
  to   space 21824K,   0% used [0x00000000e5560000, 0x00000000e5560000, 0x00000000e6ab0000)
 concurrent mark-sweep generation total 393216K, used 106509K [0x00000000e8000000, 0x0000000100000000, 0x0000000100000000)
 Metaspace       used 56220K, capacity 57901K, committed 58316K, reserved 1099776K
  class space    used 6561K, capacity 6966K, committed 7116K, reserved 1048576K
2020-06-30T21:58:43.322+0100: 2570.965: [GC (Allocation Failure) 2020-06-30T21:58:43.322+0100: 2570.965: [ParNew
Desired survivor size 20112992 bytes, new threshold 8 (max 8)
- age   1:    4747696 bytes,    4747696 total
- age   2:    3478920 bytes,    8226616 total
- age   3:    4483304 bytes,   12709920 total
- age   4:    3280000 bytes,   15989920 total
- age   5:    1679952 bytes,   17669872 total
- age   6:    2298768 bytes,   19968640 total
: 109248K->21824K(109248K), 0.0184263 secs] 215757K->139092K(502464K), 0.0185318 secs] [Times: user=0.06 sys=0.00, real=0.02 secs] 
Heap after GC invocations=304 (full 19):
 par new generation   total 109248K, used 21824K [0x00000000e0000000, 0x00000000e8000000, 0x00000000e8000000)
  eden space 87424K,   0% used [0x00000000e0000000, 0x00000000e0000000, 0x00000000e5560000)
  from space 21824K, 100% used [0x00000000e5560000, 0x00000000e6ab0000, 0x00000000e6ab0000)
  to   space 21824K,   0% used [0x00000000e6ab0000, 0x00000000e6ab0000, 0x00000000e8000000)
 concurrent mark-sweep generation total 393216K, used 117268K [0x00000000e8000000, 0x0000000100000000, 0x0000000100000000)
 Metaspace       used 56220K, capacity 57901K, committed 58316K, reserved 1099776K
  class space    used 6561K, capacity 6966K, committed 7116K, reserved 1048576K
}
2020-06-30T21:58:43.340+0100: 2570.983: Total time for which application threads were stopped: 0.0188789 seconds, Stopping threads took: 0.0000739 seconds
{Heap before GC invocations=304 (full 19):
 par new generation   total 109248K, used 109248K [0x00000000e0000000, 0x00000000e8000000, 0x00000000e8000000)
  eden space 87424K, 100% used [0x00000000e0000000, 0x00000000e5560000, 0x00000000e5560000)
  from space 21824K, 100% used [0x00000000e5560000, 0x00000000e6ab0000, 0x00000000e6ab0000)
  to   space 21824K,   0% used [0x00000000e6ab0000, 0x00000000e6ab0000, 0x00000000e8000000)
 concurrent mark-sweep generation total 393216K, used 117268K [0x00000000e8000000, 0x0000000100000000, 0x0000000100000000)
 Metaspace       used 56220K, capacity 57901K, committed 58316K, reserved 1099776K
  class space    used 6561K, capacity 6966K, committed 7116K, reserved 1048576K
2020-06-30T21:58:43.654+0100: 2571.297: [GC (Allocation Failure) 2020-06-30T21:58:43.654+0100: 2571.297: [ParNew
Desired survivor size 20112992 bytes, new threshold 7 (max 8)
- age   1:    2956216 bytes,    2956216 total
- age   2:    3561328 bytes,    6517544 total
- age   3:    3064336 bytes,    9581880 total
- age   4:    4472792 bytes,   14054672 total
- age   5:    3280000 bytes,   17334672 total
- age   6:    1666720 bytes,   19001392 total
- age   7:    2298488 bytes,   21299880 total
: 109248K->21824K(109248K), 0.0152255 secs] 226516K->143191K(502464K), 0.0153275 secs] [Times: user=0.06 sys=0.00, real=0.01 secs] 
Heap after GC invocations=305 (full 19):
 par new generation   total 109248K, used 21824K [0x00000000e0000000, 0x00000000e8000000, 0x00000000e8000000)
  eden space 87424K,   0% used [0x00000000e0000000, 0x00000000e0000000, 0x00000000e5560000)
  from space 21824K, 100% used [0x00000000e6ab0000, 0x00000000e8000000, 0x00000000e8000000)
  to   space 21824K,   0% used [0x00000000e5560000, 0x00000000e5560000, 0x00000000e6ab0000)
 concurrent mark-sweep generation total 393216K, used 121367K [0x00000000e8000000, 0x0000000100000000, 0x0000000100000000)
 Metaspace       used 56220K, capacity 57901K, committed 58316K, reserved 1099776K
  class space    used 6561K, capacity 6966K, committed 7116K, reserved 1048576K
}
2020-06-30T21:58:43.669+0100: 2571.313: Total time for which application threads were stopped: 0.0156422 seconds, Stopping threads took: 0.0000678 seconds
2020-06-30T21:58:44.611+0100: 2572.254: Total time for which application threads were stopped: 0.0001675 seconds, Stopping threads took: 0.0000791 seconds
2020-06-30T21:58:44.614+0100: 2572.257: Total time for which application threads were stopped: 0.0001547 seconds, Stopping threads took: 0.0000620 seconds
2020-06-30T21:58:44.614+0100: 2572.257: Total time for which application threads were stopped: 0.0001284 seconds, Stopping threads took: 0.0000448 seconds
2020-06-30T21:58:44.614+0100: 2572.258: Total time for which application threads were stopped: 0.0001186 seconds, Stopping threads took: 0.0000403 seconds
2020-06-30T21:58:44.615+0100: 2572.258: Total time for which application threads were stopped: 0.0001518 seconds, Stopping threads took: 0.0000585 seconds
2020-06-30T21:58:44.615+0100: 2572.258: Total time for which application threads were stopped: 0.0002626 seconds, Stopping threads took: 0.0000436 seconds
2020-06-30T21:58:57.873+0100: 2585.517: Total time for which application threads were stopped: 0.0000775 seconds, Stopping threads took: 0.0000232 seconds
2020-06-30T21:59:43.572+0100: 2631.215: Total time for which application threads were stopped: 0.0003559 seconds, Stopping threads took: 0.0002595 seconds
2020-06-30T21:59:43.753+0100: 2631.396: Total time for which application threads were stopped: 0.0001884 seconds, Stopping threads took: 0.0000661 seconds
{Heap before GC invocations=305 (full 19):
 par new generation   total 109248K, used 109248K [0x00000000e0000000, 0x00000000e8000000, 0x00000000e8000000)
  eden space 87424K, 100% used [0x00000000e0000000, 0x00000000e5560000, 0x00000000e5560000)
  from space 21824K, 100% used [0x00000000e6ab0000, 0x00000000e8000000, 0x00000000e8000000)
  to   space 21824K,   0% used [0x00000000e5560000, 0x00000000e5560000, 0x00000000e6ab0000)
 concurrent mark-sweep generation total 393216K, used 121367K [0x00000000e8000000, 0x0000000100000000, 0x0000000100000000)
 Metaspace       used 56226K, capacity 57965K, committed 58316K, reserved 1099776K
  class space    used 6561K, capacity 6966K, committed 7116K, reserved 1048576K
2020-06-30T21:59:43.762+0100: 2631.405: [GC (Allocation Failure) 2020-06-30T21:59:43.762+0100: 2631.405: [ParNew
Desired survivor size 20112992 bytes, new threshold 7 (max 8)
- age   1:    3746872 bytes,    3746872 total
- age   2:    2362400 bytes,    6109272 total
- age   3:    3287400 bytes,    9396672 total
- age   4:    2348464 bytes,   11745136 total
- age   5:    4347528 bytes,   16092664 total
- age   6:    3166880 bytes,   19259544 total
- age   7:    1369072 bytes,   20628616 total
: 109248K->21824K(109248K), 0.0224836 secs] 230615K->150870K(502464K), 0.0225768 secs] [Times: user=0.05 sys=0.00, real=0.02 secs] 
Heap after GC invocations=306 (full 19):
 par new generation   total 109248K, used 21824K [0x00000000e0000000, 0x00000000e8000000, 0x00000000e8000000)
  eden space 87424K,   0% used [0x00000000e0000000, 0x00000000e0000000, 0x00000000e5560000)
  from space 21824K, 100% used [0x00000000e5560000, 0x00000000e6ab0000, 0x00000000e6ab0000)
  to   space 21824K,   0% used [0x00000000e6ab0000, 0x00000000e6ab0000, 0x00000000e8000000)
 concurrent mark-sweep generation total 393216K, used 129046K [0x00000000e8000000, 0x0000000100000000, 0x0000000100000000)
 Metaspace       used 56226K, capacity 57965K, committed 58316K, reserved 1099776K
  class space    used 6561K, capacity 6966K, committed 7116K, reserved 1048576K
}
2020-06-30T21:59:43.784+0100: 2631.427: Total time for which application threads were stopped: 0.0228944 seconds, Stopping threads took: 0.0000758 seconds
{Heap before GC invocations=306 (full 19):
 par new generation   total 109248K, used 109248K [0x00000000e0000000, 0x00000000e8000000, 0x00000000e8000000)
  eden space 87424K, 100% used [0x00000000e0000000, 0x00000000e5560000, 0x00000000e5560000)
  from space 21824K, 100% used [0x00000000e5560000, 0x00000000e6ab0000, 0x00000000e6ab0000)
  to   space 21824K,   0% used [0x00000000e6ab0000, 0x00000000e6ab0000, 0x00000000e8000000)
 concurrent mark-sweep generation total 393216K, used 129046K [0x00000000e8000000, 0x0000000100000000, 0x0000000100000000)
 Metaspace       used 56227K, capacity 57965K, committed 58316K, reserved 1099776K
  class space    used 6561K, capacity 6966K, committed 7116K, reserved 1048576K
2020-06-30T21:59:43.992+0100: 2631.635: [GC (Allocation Failure) 2020-06-30T21:59:43.992+0100: 2631.635: [ParNew
Desired survivor size 20112992 bytes, new threshold 7 (max 8)
- age   1:    2513928 bytes,    2513928 total
- age   2:    3204400 bytes,    5718328 total
- age   3:    2300384 bytes,    8018712 total
- age   4:    3286384 bytes,   11305096 total
- age   5:    2348352 bytes,   13653448 total
- age   6:    4334360 bytes,   17987808 total
- age   7:    3166880 bytes,   21154688 total
: 109248K->21824K(109248K), 0.0166154 secs] 238294K->156046K(502464K), 0.0167029 secs] [Times: user=0.02 sys=0.02, real=0.02 secs] 
Heap after GC invocations=307 (full 19):
 par new generation   total 109248K, used 21824K [0x00000000e0000000, 0x00000000e8000000, 0x00000000e8000000)
  eden space 87424K,   0% used [0x00000000e0000000, 0x00000000e0000000, 0x00000000e5560000)
  from space 21824K, 100% used [0x00000000e6ab0000, 0x00000000e8000000, 0x00000000e8000000)
  to   space 21824K,   0% used [0x00000000e5560000, 0x00000000e5560000, 0x00000000e6ab0000)
 concurrent mark-sweep generation total 393216K, used 134222K [0x00000000e8000000, 0x0000000100000000, 0x0000000100000000)
 Metaspace       used 56227K, capacity 57965K, committed 58316K, reserved 1099776K
  class space    used 6561K, capacity 6966K, committed 7116K, reserved 1048576K
}
2020-06-30T21:59:44.009+0100: 2631.652: Total time for which application threads were stopped: 0.0169932 seconds, Stopping threads took: 0.0000600 seconds
{Heap before GC invocations=307 (full 19):
 par new generation   total 109248K, used 109248K [0x00000000e0000000, 0x00000000e8000000, 0x00000000e8000000)
  eden space 87424K, 100% used [0x00000000e0000000, 0x00000000e5560000, 0x00000000e5560000)
  from space 21824K, 100% used [0x00000000e6ab0000, 0x00000000e8000000, 0x00000000e8000000)
  to   space 21824K,   0% used [0x00000000e5560000, 0x00000000e5560000, 0x00000000e6ab0000)
 concurrent mark-sweep generation total 393216K, used 134222K [0x00000000e8000000, 0x0000000100000000, 0x0000000100000000)
 Metaspace       used 56227K, capacity 57965K, committed 58316K, reserved 1099776K
  class space    used 6561K, capacity 6966K, committed 7116K, reserved 1048576K
2020-06-30T21:59:44.251+0100: 2631.894: [GC (Allocation Failure) 2020-06-30T21:59:44.252+0100: 2631.894: [ParNew
Desired survivor size 20112992 bytes, new threshold 7 (max 8)
- age   1:    5055544 bytes,    5055544 total
- age   2:    2046888 bytes,    7102432 total
- age   3:    3135808 bytes,   10238240 total
- age   4:    2296696 bytes,   12534936 total
- age   5:    3274032 bytes,   15808968 total
- age   6:    2222488 bytes,   18031456 total
- age   7:    4310648 bytes,   22342104 total
: 109248K->21824K(109248K), 0.0207136 secs] 243470K->162049K(502464K), 0.0208629 secs] [Times: user=0.08 sys=0.00, real=0.02 secs] 
Heap after GC invocations=308 (full 19):
 par new generation   total 109248K, used 21824K [0x00000000e0000000, 0x00000000e8000000, 0x00000000e8000000)
  eden space 87424K,   0% used [0x00000000e0000000, 0x00000000e0000000, 0x00000000e5560000)
  from space 21824K, 100% used [0x00000000e5560000, 0x00000000e6ab0000, 0x00000000e6ab0000)
  to   space 21824K,   0% used [0x00000000e6ab0000, 0x00000000e6ab0000, 0x00000000e8000000)
 concurrent mark-sweep generation total 393216K, used 140225K [0x00000000e8000000, 0x0000000100000000, 0x0000000100000000)
 Metaspace       used 56227K, capacity 57965K, committed 58316K, reserved 1099776K
  class space    used 6561K, capacity 6966K, committed 7116K, reserved 1048576K
}
2020-06-30T21:59:44.272+0100: 2631.915: Total time for which application threads were stopped: 0.0235716 seconds, Stopping threads took: 0.0024392 seconds
{Heap before GC invocations=308 (full 19):
 par new generation   total 109248K, used 109248K [0x00000000e0000000, 0x00000000e8000000, 0x00000000e8000000)
  eden space 87424K, 100% used [0x00000000e0000000, 0x00000000e5560000, 0x00000000e5560000)
  from space 21824K, 100% used [0x00000000e5560000, 0x00000000e6ab0000, 0x00000000e6ab0000)
  to   space 21824K,   0% used [0x00000000e6ab0000, 0x00000000e6ab0000, 0x00000000e8000000)
 concurrent mark-sweep generation total 393216K, used 140225K [0x00000000e8000000, 0x0000000100000000, 0x0000000100000000)
 Metaspace       used 56227K, capacity 57965K, committed 58316K, reserved 1099776K
  class space    used 6561K, capacity 6966K, committed 7116K, reserved 1048576K
2020-06-30T21:59:44.474+0100: 2632.117: [GC (Allocation Failure) 2020-06-30T21:59:44.474+0100: 2632.117: [ParNew
Desired survivor size 20112992 bytes, new threshold 7 (max 8)
- age   1:    4015808 bytes,    4015808 total
- age   2:    4512632 bytes,    8528440 total
- age   3:    1704888 bytes,   10233328 total
- age   4:    3078624 bytes,   13311952 total
- age   5:    2295872 bytes,   15607824 total
- age   6:    3273944 bytes,   18881768 total
- age   7:    1796968 bytes,   20678736 total
: 109248K->21824K(109248K), 0.0212620 secs] 249473K->173463K(502464K), 0.0213413 secs] [Times: user=0.13 sys=0.00, real=0.02 secs] 
Heap after GC invocations=309 (full 19):
 par new generation   total 109248K, used 21824K [0x00000000e0000000, 0x00000000e8000000, 0x00000000e8000000)
  eden space 87424K,   0% used [0x00000000e0000000, 0x00000000e0000000, 0x00000000e5560000)
  from space 21824K, 100% used [0x00000000e6ab0000, 0x00000000e8000000, 0x00000000e8000000)
  to   space 21824K,   0% used [0x00000000e5560000, 0x00000000e5560000, 0x00000000e6ab0000)
 concurrent mark-sweep generation total 393216K, used 151639K [0x00000000e8000000, 0x0000000100000000, 0x0000000100000000)
 Metaspace       used 56227K, capacity 57965K, committed 58316K, reserved 1099776K
  class space    used 6561K, capacity 6966K, committed 7116K, reserved 1048576K
}
2020-06-30T21:59:44.496+0100: 2632.138: Total time for which application threads were stopped: 0.0218847 seconds, Stopping threads took: 0.0001156 seconds
2020-06-30T21:59:45.779+0100: 2633.421: Total time for which application threads were stopped: 0.0001579 seconds, Stopping threads took: 0.0000660 seconds
2020-06-30T21:59:45.779+0100: 2633.422: Total time for which application threads were stopped: 0.0001249 seconds, Stopping threads took: 0.0000620 seconds
2020-06-30T21:59:50.714+0100: 2638.357: Total time for which application threads were stopped: 0.0014086 seconds, Stopping threads took: 0.0013243 seconds
2020-06-30T21:59:50.719+0100: 2638.362: Total time for which application threads were stopped: 0.0008315 seconds, Stopping threads took: 0.0006927 seconds
2020-06-30T21:59:50.720+0100: 2638.363: Total time for which application threads were stopped: 0.0001257 seconds, Stopping threads took: 0.0000340 seconds
2020-06-30T21:59:50.752+0100: 2638.395: Total time for which application threads were stopped: 0.0001954 seconds, Stopping threads took: 0.0001043 seconds
2020-06-30T21:59:50.754+0100: 2638.397: Total time for which application threads were stopped: 0.0001151 seconds, Stopping threads took: 0.0000493 seconds
2020-06-30T21:59:50.836+0100: 2638.479: Total time for which application threads were stopped: 0.0001329 seconds, Stopping threads took: 0.0000548 seconds
{Heap before GC invocations=309 (full 19):
 par new generation   total 109248K, used 109248K [0x00000000e0000000, 0x00000000e8000000, 0x00000000e8000000)
  eden space 87424K, 100% used [0x00000000e0000000, 0x00000000e5560000, 0x00000000e5560000)
  from space 21824K, 100% used [0x00000000e6ab0000, 0x00000000e8000000, 0x00000000e8000000)
  to   space 21824K,   0% used [0x00000000e5560000, 0x00000000e5560000, 0x00000000e6ab0000)
 concurrent mark-sweep generation total 393216K, used 151639K [0x00000000e8000000, 0x0000000100000000, 0x0000000100000000)
 Metaspace       used 56233K, capacity 57965K, committed 58316K, reserved 1099776K
  class space    used 6561K, capacity 6966K, committed 7116K, reserved 1048576K
2020-06-30T21:59:50.873+0100: 2638.516: [GC (Allocation Failure) 2020-06-30T21:59:50.873+0100: 2638.516: [ParNew
Desired survivor size 20112992 bytes, new threshold 7 (max 8)
- age   1:    4474384 bytes,    4474384 total
- age   2:    3483136 bytes,    7957520 total
- age   3:    4442184 bytes,   12399704 total
- age   4:    1549504 bytes,   13949208 total
- age   5:    2610000 bytes,   16559208 total
- age   6:    2079704 bytes,   18638912 total
- age   7:    3264144 bytes,   21903056 total
: 109248K->21824K(109248K), 0.0169040 secs] 260887K->181861K(502464K), 0.0169821 secs] [Times: user=0.06 sys=0.00, real=0.02 secs] 
Heap after GC invocations=310 (full 19):
 par new generation   total 109248K, used 21824K [0x00000000e0000000, 0x00000000e8000000, 0x00000000e8000000)
  eden space 87424K,   0% used [0x00000000e0000000, 0x00000000e0000000, 0x00000000e5560000)
  from space 21824K, 100% used [0x00000000e5560000, 0x00000000e6ab0000, 0x00000000e6ab0000)
  to   space 21824K,   0% used [0x00000000e6ab0000, 0x00000000e6ab0000, 0x00000000e8000000)
 concurrent mark-sweep generation total 393216K, used 160037K [0x00000000e8000000, 0x0000000100000000, 0x0000000100000000)
 Metaspace       used 56233K, capacity 57965K, committed 58316K, reserved 1099776K
  class space    used 6561K, capacity 6966K, committed 7116K, reserved 1048576K
}
2020-06-30T21:59:50.890+0100: 2638.533: Total time for which application threads were stopped: 0.0172075 seconds, Stopping threads took: 0.0000637 seconds
{Heap before GC invocations=310 (full 19):
 par new generation   total 109248K, used 109248K [0x00000000e0000000, 0x00000000e8000000, 0x00000000e8000000)
  eden space 87424K, 100% used [0x00000000e0000000, 0x00000000e5560000, 0x00000000e5560000)
  from space 21824K, 100% used [0x00000000e5560000, 0x00000000e6ab0000, 0x00000000e6ab0000)
  to   space 21824K,   0% used [0x00000000e6ab0000, 0x00000000e6ab0000, 0x00000000e8000000)
 concurrent mark-sweep generation total 393216K, used 160037K [0x00000000e8000000, 0x0000000100000000, 0x0000000100000000)
 Metaspace       used 56233K, capacity 57965K, committed 58316K, reserved 1099776K
  class space    used 6561K, capacity 6966K, committed 7116K, reserved 1048576K
2020-06-30T21:59:50.974+0100: 2638.617: [GC (Allocation Failure) 2020-06-30T21:59:50.974+0100: 2638.617: [ParNew
Desired survivor size 20112992 bytes, new threshold 7 (max 8)
- age   1:    4228896 bytes,    4228896 total
- age   2:    3708968 bytes,    7937864 total
- age   3:    3478336 bytes,   11416200 total
- age   4:    4072048 bytes,   15488248 total
- age   5:    1545392 bytes,   17033640 total
- age   6:    2609680 bytes,   19643320 total
- age   7:    2079704 bytes,   21723024 total
: 109248K->21824K(109248K), 0.0194651 secs] 269285K->192478K(502464K), 0.0195327 secs] [Times: user=0.08 sys=0.00, real=0.02 secs] 
Heap after GC invocations=311 (full 19):
 par new generation   total 109248K, used 21824K [0x00000000e0000000, 0x00000000e8000000, 0x00000000e8000000)
  eden space 87424K,   0% used [0x00000000e0000000, 0x00000000e0000000, 0x00000000e5560000)
  from space 21824K, 100% used [0x00000000e6ab0000, 0x00000000e8000000, 0x00000000e8000000)
  to   space 21824K,   0% used [0x00000000e5560000, 0x00000000e5560000, 0x00000000e6ab0000)
 concurrent mark-sweep generation total 393216K, used 170654K [0x00000000e8000000, 0x0000000100000000, 0x0000000100000000)
 Metaspace       used 56233K, capacity 57965K, committed 58316K, reserved 1099776K
  class space    used 6561K, capacity 6966K, committed 7116K, reserved 1048576K
}
2020-06-30T21:59:50.994+0100: 2638.637: Total time for which application threads were stopped: 0.0197681 seconds, Stopping threads took: 0.0000706 seconds
{Heap before GC invocations=311 (full 19):
 par new generation   total 109248K, used 109248K [0x00000000e0000000, 0x00000000e8000000, 0x00000000e8000000)
  eden space 87424K, 100% used [0x00000000e0000000, 0x00000000e5560000, 0x00000000e5560000)
  from space 21824K, 100% used [0x00000000e6ab0000, 0x00000000e8000000, 0x00000000e8000000)
  to   space 21824K,   0% used [0x00000000e5560000, 0x00000000e5560000, 0x00000000e6ab0000)
 concurrent mark-sweep generation total 393216K, used 170654K [0x00000000e8000000, 0x0000000100000000, 0x0000000100000000)
 Metaspace       used 56235K, capacity 57965K, committed 58316K, reserved 1099776K
  class space    used 6561K, capacity 6966K, committed 7116K, reserved 1048576K
2020-06-30T21:59:51.093+0100: 2638.736: [GC (Allocation Failure) 2020-06-30T21:59:51.093+0100: 2638.736: [ParNew
Desired survivor size 20112992 bytes, new threshold 7 (max 8)
- age   1:    3799168 bytes,    3799168 total
- age   2:    3193472 bytes,    6992640 total
- age   3:    3630720 bytes,   10623360 total
- age   4:    3478072 bytes,   14101432 total
- age   5:    4071960 bytes,   18173392 total
- age   6:    1545392 bytes,   19718784 total
- age   7:    2609456 bytes,   22328240 total
: 109248K->21824K(109248K), 0.0178581 secs] 279902K->202289K(502464K), 0.0179428 secs] [Times: user=0.06 sys=0.00, real=0.02 secs] 
Heap after GC invocations=312 (full 19):
 par new generation   total 109248K, used 21824K [0x00000000e0000000, 0x00000000e8000000, 0x00000000e8000000)
  eden space 87424K,   0% used [0x00000000e0000000, 0x00000000e0000000, 0x00000000e5560000)
  from space 21824K, 100% used [0x00000000e5560000, 0x00000000e6ab0000, 0x00000000e6ab0000)
  to   space 21824K,   0% used [0x00000000e6ab0000, 0x00000000e6ab0000, 0x00000000e8000000)
 concurrent mark-sweep generation total 393216K, used 180465K [0x00000000e8000000, 0x0000000100000000, 0x0000000100000000)
 Metaspace       used 56235K, capacity 57965K, committed 58316K, reserved 1099776K
  class space    used 6561K, capacity 6966K, committed 7116K, reserved 1048576K
}
2020-06-30T21:59:51.111+0100: 2638.754: Total time for which application threads were stopped: 0.0182143 seconds, Stopping threads took: 0.0000608 seconds
2020-06-30T21:59:52.112+0100: 2639.755: Total time for which application threads were stopped: 0.0005521 seconds, Stopping threads took: 0.0004534 seconds
2020-06-30T21:59:52.181+0100: 2639.824: Total time for which application threads were stopped: 0.0001883 seconds, Stopping threads took: 0.0000658 seconds
2020-06-30T21:59:52.181+0100: 2639.824: Total time for which application threads were stopped: 0.0002451 seconds, Stopping threads took: 0.0001540 seconds
2020-06-30T21:59:52.188+0100: 2639.831: Total time for which application threads were stopped: 0.0001487 seconds, Stopping threads took: 0.0000680 seconds
2020-06-30T21:59:52.188+0100: 2639.831: Total time for which application threads were stopped: 0.0001091 seconds, Stopping threads took: 0.0000427 seconds
2020-06-30T21:59:52.188+0100: 2639.831: Total time for which application threads were stopped: 0.0000941 seconds, Stopping threads took: 0.0000423 seconds
2020-06-30T21:59:52.189+0100: 2639.832: Total time for which application threads were stopped: 0.0001525 seconds, Stopping threads took: 0.0000967 seconds
2020-06-30T21:59:53.050+0100: 2640.693: Total time for which application threads were stopped: 0.0002306 seconds, Stopping threads took: 0.0001762 seconds
2020-06-30T21:59:53.053+0100: 2640.696: Total time for which application threads were stopped: 0.0001587 seconds, Stopping threads took: 0.0000909 seconds
2020-06-30T21:59:53.053+0100: 2640.696: Total time for which application threads were stopped: 0.0001122 seconds, Stopping threads took: 0.0000543 seconds
2020-06-30T21:59:53.066+0100: 2640.709: Total time for which application threads were stopped: 0.0001394 seconds, Stopping threads took: 0.0000668 seconds
2020-06-30T21:59:53.067+0100: 2640.710: Total time for which application threads were stopped: 0.0001388 seconds, Stopping threads took: 0.0000593 seconds
{Heap before GC invocations=312 (full 19):
 par new generation   total 109248K, used 109248K [0x00000000e0000000, 0x00000000e8000000, 0x00000000e8000000)
  eden space 87424K, 100% used [0x00000000e0000000, 0x00000000e5560000, 0x00000000e5560000)
  from space 21824K, 100% used [0x00000000e5560000, 0x00000000e6ab0000, 0x00000000e6ab0000)
  to   space 21824K,   0% used [0x00000000e6ab0000, 0x00000000e6ab0000, 0x00000000e8000000)
 concurrent mark-sweep generation total 393216K, used 180465K [0x00000000e8000000, 0x0000000100000000, 0x0000000100000000)
 Metaspace       used 56249K, capacity 57965K, committed 58316K, reserved 1099776K
  class space    used 6561K, capacity 6966K, committed 7116K, reserved 1048576K
2020-06-30T21:59:53.104+0100: 2640.747: [GC (Allocation Failure) 2020-06-30T21:59:53.104+0100: 2640.747: [ParNew
Desired survivor size 20112992 bytes, new threshold 6 (max 8)
- age   1:    3871848 bytes,    3871848 total
- age   2:    3522960 bytes,    7394808 total
- age   3:    2967520 bytes,   10362328 total
- age   4:    3190168 bytes,   13552496 total
- age   5:    3057920 bytes,   16610416 total
- age   6:    4068712 bytes,   20679128 total
- age   7:    1545392 bytes,   22224520 total
: 109248K->21824K(109248K), 0.0191081 secs] 289713K->213206K(502464K), 0.0191897 secs] [Times: user=0.06 sys=0.00, real=0.02 secs] 
Heap after GC invocations=313 (full 19):
 par new generation   total 109248K, used 21824K [0x00000000e0000000, 0x00000000e8000000, 0x00000000e8000000)
  eden space 87424K,   0% used [0x00000000e0000000, 0x00000000e0000000, 0x00000000e5560000)
  from space 21824K, 100% used [0x00000000e6ab0000, 0x00000000e8000000, 0x00000000e8000000)
  to   space 21824K,   0% used [0x00000000e5560000, 0x00000000e5560000, 0x00000000e6ab0000)
 concurrent mark-sweep generation total 393216K, used 191382K [0x00000000e8000000, 0x0000000100000000, 0x0000000100000000)
 Metaspace       used 56249K, capacity 57965K, committed 58316K, reserved 1099776K
  class space    used 6561K, capacity 6966K, committed 7116K, reserved 1048576K
}
2020-06-30T21:59:53.123+0100: 2640.766: Total time for which application threads were stopped: 0.0194694 seconds, Stopping threads took: 0.0000787 seconds
2020-06-30T21:59:53.153+0100: 2640.796: Total time for which application threads were stopped: 0.0001336 seconds, Stopping threads took: 0.0000641 seconds
{Heap before GC invocations=313 (full 19):
 par new generation   total 109248K, used 109248K [0x00000000e0000000, 0x00000000e8000000, 0x00000000e8000000)
  eden space 87424K, 100% used [0x00000000e0000000, 0x00000000e5560000, 0x00000000e5560000)
  from space 21824K, 100% used [0x00000000e6ab0000, 0x00000000e8000000, 0x00000000e8000000)
  to   space 21824K,   0% used [0x00000000e5560000, 0x00000000e5560000, 0x00000000e6ab0000)
 concurrent mark-sweep generation total 393216K, used 191382K [0x00000000e8000000, 0x0000000100000000, 0x0000000100000000)
 Metaspace       used 56249K, capacity 57965K, committed 58316K, reserved 1099776K
  class space    used 6561K, capacity 6966K, committed 7116K, reserved 1048576K
2020-06-30T21:59:53.209+0100: 2640.852: [GC (Allocation Failure) 2020-06-30T21:59:53.209+0100: 2640.852: [ParNew
Desired survivor size 20112992 bytes, new threshold 6 (max 8)
- age   1:    4583456 bytes,    4583456 total
- age   2:    3395568 bytes,    7979024 total
- age   3:    3366312 bytes,   11345336 total
- age   4:    2967520 bytes,   14312856 total
- age   5:    3182440 bytes,   17495296 total
- age   6:    2678248 bytes,   20173544 total
: 109248K->21824K(109248K), 0.0171931 secs] 300630K->222062K(502464K), 0.0172666 secs] [Times: user=0.08 sys=0.00, real=0.02 secs] 
Heap after GC invocations=314 (full 19):
 par new generation   total 109248K, used 21824K [0x00000000e0000000, 0x00000000e8000000, 0x00000000e8000000)
  eden space 87424K,   0% used [0x00000000e0000000, 0x00000000e0000000, 0x00000000e5560000)
  from space 21824K, 100% used [0x00000000e5560000, 0x00000000e6ab0000, 0x00000000e6ab0000)
  to   space 21824K,   0% used [0x00000000e6ab0000, 0x00000000e6ab0000, 0x00000000e8000000)
 concurrent mark-sweep generation total 393216K, used 200238K [0x00000000e8000000, 0x0000000100000000, 0x0000000100000000)
 Metaspace       used 56249K, capacity 57965K, committed 58316K, reserved 1099776K
  class space    used 6561K, capacity 6966K, committed 7116K, reserved 1048576K
}
2020-06-30T21:59:53.226+0100: 2640.869: Total time for which application threads were stopped: 0.0174955 seconds, Stopping threads took: 0.0000655 seconds
2020-06-30T21:59:53.227+0100: 2640.869: [GC (CMS Initial Mark) [1 CMS-initial-mark: 200238K(393216K)] 222985K(502464K), 0.0041424 secs] [Times: user=0.00 sys=0.00, real=0.00 secs] 
2020-06-30T21:59:53.231+0100: 2640.874: Total time for which application threads were stopped: 0.0043294 seconds, Stopping threads took: 0.0000845 seconds
2020-06-30T21:59:53.231+0100: 2640.874: [CMS-concurrent-mark-start]
2020-06-30T21:59:53.255+0100: 2640.898: [CMS-concurrent-mark: 0.024/0.024 secs] [Times: user=0.06 sys=0.00, real=0.02 secs] 
2020-06-30T21:59:53.255+0100: 2640.898: [CMS-concurrent-preclean-start]
2020-06-30T21:59:53.256+0100: 2640.899: [CMS-concurrent-preclean: 0.001/0.001 secs] [Times: user=0.00 sys=0.00, real=0.00 secs] 
2020-06-30T21:59:53.257+0100: 2640.899: [GC (CMS Final Remark) [YG occupancy: 23669 K (109248 K)]{Heap before GC invocations=314 (full 20):
 par new generation   total 109248K, used 23669K [0x00000000e0000000, 0x00000000e8000000, 0x00000000e8000000)
  eden space 87424K,   2% used [0x00000000e0000000, 0x00000000e01cd728, 0x00000000e5560000)
  from space 21824K, 100% used [0x00000000e5560000, 0x00000000e6ab0000, 0x00000000e6ab0000)
  to   space 21824K,   0% used [0x00000000e6ab0000, 0x00000000e6ab0000, 0x00000000e8000000)
 concurrent mark-sweep generation total 393216K, used 200238K [0x00000000e8000000, 0x0000000100000000, 0x0000000100000000)
 Metaspace       used 56249K, capacity 57965K, committed 58316K, reserved 1099776K
  class space    used 6561K, capacity 6966K, committed 7116K, reserved 1048576K
2020-06-30T21:59:53.257+0100: 2640.899: [GC (CMS Final Remark) 2020-06-30T21:59:53.257+0100: 2640.899: [ParNew
Desired survivor size 20112992 bytes, new threshold 8 (max 8)
- age   1:     204504 bytes,     204504 total
- age   2:    4238792 bytes,    4443296 total
- age   3:    3395464 bytes,    7838760 total
- age   4:    3366312 bytes,   11205072 total
- age   5:    2967520 bytes,   14172592 total
- age   6:    3182440 bytes,   17355032 total
: 23669K->21824K(109248K), 0.0117815 secs] 223908K->224709K(502464K), 0.0118563 secs] [Times: user=0.00 sys=0.00, real=0.01 secs] 
Heap after GC invocations=315 (full 20):
 par new generation   total 109248K, used 21824K [0x00000000e0000000, 0x00000000e8000000, 0x00000000e8000000)
  eden space 87424K,   0% used [0x00000000e0000000, 0x00000000e0000000, 0x00000000e5560000)
  from space 21824K, 100% used [0x00000000e6ab0000, 0x00000000e8000000, 0x00000000e8000000)
  to   space 21824K,   0% used [0x00000000e5560000, 0x00000000e5560000, 0x00000000e6ab0000)
 concurrent mark-sweep generation total 393216K, used 202885K [0x00000000e8000000, 0x0000000100000000, 0x0000000100000000)
 Metaspace       used 56249K, capacity 57965K, committed 58316K, reserved 1099776K
  class space    used 6561K, capacity 6966K, committed 7116K, reserved 1048576K
}
2020-06-30T21:59:53.269+0100: 2640.911: [Rescan (parallel) , 0.0045974 secs]2020-06-30T21:59:53.273+0100: 2640.916: [weak refs processing, 0.0076403 secs]2020-06-30T21:59:53.281+0100: 2640.924: [class unloading, 0.0147828 secs]2020-06-30T21:59:53.296+0100: 2640.939: [scrub symbol table, 0.0129358 secs]2020-06-30T21:59:53.309+0100: 2640.951: [scrub string table, 0.0006130 secs][1 CMS-remark: 202885K(393216K)] 224709K(502464K), 0.0528793 secs] [Times: user=0.09 sys=0.02, real=0.05 secs] 
2020-06-30T21:59:53.309+0100: 2640.952: Total time for which application threads were stopped: 0.0530648 seconds, Stopping threads took: 0.0000746 seconds
2020-06-30T21:59:53.309+0100: 2640.952: [CMS-concurrent-sweep-start]
2020-06-30T21:59:53.319+0100: 2640.962: Total time for which application threads were stopped: 0.0001855 seconds, Stopping threads took: 0.0000707 seconds
2020-06-30T21:59:53.319+0100: 2640.962: Total time for which application threads were stopped: 0.0001337 seconds, Stopping threads took: 0.0000450 seconds
2020-06-30T21:59:53.322+0100: 2640.965: Total time for which application threads were stopped: 0.0002038 seconds, Stopping threads took: 0.0000758 seconds
2020-06-30T21:59:53.322+0100: 2640.965: Total time for which application threads were stopped: 0.0001615 seconds, Stopping threads took: 0.0000654 seconds
2020-06-30T21:59:53.323+0100: 2640.966: Total time for which application threads were stopped: 0.0001772 seconds, Stopping threads took: 0.0000684 seconds
2020-06-30T21:59:53.323+0100: 2640.966: Total time for which application threads were stopped: 0.0001875 seconds, Stopping threads took: 0.0000586 seconds
2020-06-30T21:59:53.323+0100: 2640.966: Total time for which application threads were stopped: 0.0001435 seconds, Stopping threads took: 0.0000473 seconds
2020-06-30T21:59:53.324+0100: 2640.967: Total time for which application threads were stopped: 0.0001363 seconds, Stopping threads took: 0.0000534 seconds
2020-06-30T21:59:53.324+0100: 2640.967: Total time for which application threads were stopped: 0.0002895 seconds, Stopping threads took: 0.0000564 seconds
2020-06-30T21:59:53.325+0100: 2640.967: Total time for which application threads were stopped: 0.0002549 seconds, Stopping threads took: 0.0000549 seconds
2020-06-30T21:59:53.385+0100: 2641.028: [CMS-concurrent-sweep: 0.074/0.076 secs] [Times: user=0.24 sys=0.00, real=0.08 secs] 
2020-06-30T21:59:53.386+0100: 2641.028: [CMS-concurrent-reset-start]
2020-06-30T21:59:53.386+0100: 2641.029: [CMS-concurrent-reset: 0.001/0.001 secs] [Times: user=0.00 sys=0.00, real=0.00 secs] 
{Heap before GC invocations=315 (full 20):
 par new generation   total 109248K, used 109248K [0x00000000e0000000, 0x00000000e8000000, 0x00000000e8000000)
  eden space 87424K, 100% used [0x00000000e0000000, 0x00000000e5560000, 0x00000000e5560000)
  from space 21824K, 100% used [0x00000000e6ab0000, 0x00000000e8000000, 0x00000000e8000000)
  to   space 21824K,   0% used [0x00000000e5560000, 0x00000000e5560000, 0x00000000e6ab0000)
 concurrent mark-sweep generation total 393216K, used 101540K [0x00000000e8000000, 0x0000000100000000, 0x0000000100000000)
 Metaspace       used 56249K, capacity 57965K, committed 58316K, reserved 1099776K
  class space    used 6561K, capacity 6966K, committed 7116K, reserved 1048576K
2020-06-30T21:59:53.424+0100: 2641.067: [GC (Allocation Failure) 2020-06-30T21:59:53.424+0100: 2641.067: [ParNew
Desired survivor size 20112992 bytes, new threshold 8 (max 8)
- age   1:    5611888 bytes,    5611888 total
- age   2:     166656 bytes,    5778544 total
- age   3:    3578112 bytes,    9356656 total
- age   4:    1482880 bytes,   10839536 total
- age   5:    3275576 bytes,   14115112 total
- age   6:    2958160 bytes,   17073272 total
- age   7:    3002512 bytes,   20075784 total
: 109248K->21824K(109248K), 0.0138942 secs] 210788K->127817K(502464K), 0.0139684 secs] [Times: user=0.06 sys=0.00, real=0.01 secs] 
Heap after GC invocations=316 (full 20):
 par new generation   total 109248K, used 21824K [0x00000000e0000000, 0x00000000e8000000, 0x00000000e8000000)
  eden space 87424K,   0% used [0x00000000e0000000, 0x00000000e0000000, 0x00000000e5560000)
  from space 21824K, 100% used [0x00000000e5560000, 0x00000000e6ab0000, 0x00000000e6ab0000)
  to   space 21824K,   0% used [0x00000000e6ab0000, 0x00000000e6ab0000, 0x00000000e8000000)
 concurrent mark-sweep generation total 393216K, used 105993K [0x00000000e8000000, 0x0000000100000000, 0x0000000100000000)
 Metaspace       used 56249K, capacity 57965K, committed 58316K, reserved 1099776K
  class space    used 6561K, capacity 6966K, committed 7116K, reserved 1048576K
}
2020-06-30T21:59:53.438+0100: 2641.081: Total time for which application threads were stopped: 0.0142025 seconds, Stopping threads took: 0.0000648 seconds
{Heap before GC invocations=316 (full 20):
 par new generation   total 109248K, used 109248K [0x00000000e0000000, 0x00000000e8000000, 0x00000000e8000000)
  eden space 87424K, 100% used [0x00000000e0000000, 0x00000000e5560000, 0x00000000e5560000)
  from space 21824K, 100% used [0x00000000e5560000, 0x00000000e6ab0000, 0x00000000e6ab0000)
  to   space 21824K,   0% used [0x00000000e6ab0000, 0x00000000e6ab0000, 0x00000000e8000000)
 concurrent mark-sweep generation total 393216K, used 105993K [0x00000000e8000000, 0x0000000100000000, 0x0000000100000000)
 Metaspace       used 56249K, capacity 57965K, committed 58316K, reserved 1099776K
  class space    used 6561K, capacity 6966K, committed 7116K, reserved 1048576K
2020-06-30T21:59:53.558+0100: 2641.201: [GC (Allocation Failure) 2020-06-30T21:59:53.558+0100: 2641.201: [ParNew
Desired survivor size 20112992 bytes, new threshold 8 (max 8)
- age   1:    3349456 bytes,    3349456 total
- age   2:    3342328 bytes,    6691784 total
- age   3:     166656 bytes,    6858440 total
- age   4:    3575944 bytes,   10434384 total
- age   5:    1472128 bytes,   11906512 total
- age   6:    3275496 bytes,   15182008 total
- age   7:    2958160 bytes,   18140168 total
- age   8:    3002432 bytes,   21142600 total
: 109248K->21824K(109248K), 0.0132642 secs] 215241K->130448K(502464K), 0.0133259 secs] [Times: user=0.06 sys=0.00, real=0.01 secs] 
Heap after GC invocations=317 (full 20):
 par new generation   total 109248K, used 21824K [0x00000000e0000000, 0x00000000e8000000, 0x00000000e8000000)
  eden space 87424K,   0% used [0x00000000e0000000, 0x00000000e0000000, 0x00000000e5560000)
  from space 21824K, 100% used [0x00000000e6ab0000, 0x00000000e8000000, 0x00000000e8000000)
  to   space 21824K,   0% used [0x00000000e5560000, 0x00000000e5560000, 0x00000000e6ab0000)
 concurrent mark-sweep generation total 393216K, used 108624K [0x00000000e8000000, 0x0000000100000000, 0x0000000100000000)
 Metaspace       used 56249K, capacity 57965K, committed 58316K, reserved 1099776K
  class space    used 6561K, capacity 6966K, committed 7116K, reserved 1048576K
}
2020-06-30T21:59:53.572+0100: 2641.215: Total time for which application threads were stopped: 0.0135373 seconds, Stopping threads took: 0.0000537 seconds
2020-06-30T21:59:54.338+0100: 2641.981: Total time for which application threads were stopped: 0.0001599 seconds, Stopping threads took: 0.0000887 seconds
2020-06-30T21:59:54.339+0100: 2641.982: Total time for which application threads were stopped: 0.0001828 seconds, Stopping threads took: 0.0001163 seconds
2020-06-30T21:59:54.339+0100: 2641.982: Total time for which application threads were stopped: 0.0001107 seconds, Stopping threads took: 0.0000582 seconds
2020-06-30T21:59:54.340+0100: 2641.983: Total time for which application threads were stopped: 0.0001279 seconds, Stopping threads took: 0.0000557 seconds
2020-06-30T21:59:54.341+0100: 2641.984: Total time for which application threads were stopped: 0.0000996 seconds, Stopping threads took: 0.0000400 seconds
2020-06-30T21:59:54.341+0100: 2641.984: Total time for which application threads were stopped: 0.0000841 seconds, Stopping threads took: 0.0000482 seconds
2020-06-30T21:59:54.341+0100: 2641.984: Total time for which application threads were stopped: 0.0000899 seconds, Stopping threads took: 0.0000469 seconds
2020-06-30T21:59:54.682+0100: 2642.325: Total time for which application threads were stopped: 0.0003552 seconds, Stopping threads took: 0.0002791 seconds
2020-06-30T21:59:54.686+0100: 2642.329: Total time for which application threads were stopped: 0.0002045 seconds, Stopping threads took: 0.0000993 seconds
2020-06-30T21:59:54.687+0100: 2642.330: Total time for which application threads were stopped: 0.0002432 seconds, Stopping threads took: 0.0001104 seconds
2020-06-30T21:59:54.761+0100: 2642.403: Total time for which application threads were stopped: 0.0001775 seconds, Stopping threads took: 0.0000707 seconds
2020-06-30T21:59:54.762+0100: 2642.405: Total time for which application threads were stopped: 0.0001185 seconds, Stopping threads took: 0.0000511 seconds
2020-06-30T21:59:55.011+0100: 2642.654: Total time for which application threads were stopped: 0.0001952 seconds, Stopping threads took: 0.0000708 seconds
{Heap before GC invocations=317 (full 20):
 par new generation   total 109248K, used 109248K [0x00000000e0000000, 0x00000000e8000000, 0x00000000e8000000)
  eden space 87424K, 100% used [0x00000000e0000000, 0x00000000e5560000, 0x00000000e5560000)
  from space 21824K, 100% used [0x00000000e6ab0000, 0x00000000e8000000, 0x00000000e8000000)
  to   space 21824K,   0% used [0x00000000e5560000, 0x00000000e5560000, 0x00000000e6ab0000)
 concurrent mark-sweep generation total 393216K, used 108624K [0x00000000e8000000, 0x0000000100000000, 0x0000000100000000)
 Metaspace       used 56262K, capacity 57965K, committed 58316K, reserved 1099776K
  class space    used 6561K, capacity 6966K, committed 7116K, reserved 1048576K
2020-06-30T21:59:55.023+0100: 2642.665: [GC (Allocation Failure) 2020-06-30T21:59:55.023+0100: 2642.666: [ParNew
Desired survivor size 20112992 bytes, new threshold 8 (max 8)
- age   1:    4419968 bytes,    4419968 total
- age   2:    2914408 bytes,    7334376 total
- age   3:    3306672 bytes,   10641048 total
- age   4:     166656 bytes,   10807704 total
- age   5:    3145528 bytes,   13953232 total
- age   6:    1306600 bytes,   15259832 total
- age   7:    3275496 bytes,   18535328 total
- age   8:    2958160 bytes,   21493488 total
: 109248K->21824K(109248K), 0.0166683 secs] 217872K->137088K(502464K), 0.0168031 secs] [Times: user=0.06 sys=0.00, real=0.02 secs] 
Heap after GC invocations=318 (full 20):
 par new generation   total 109248K, used 21824K [0x00000000e0000000, 0x00000000e8000000, 0x00000000e8000000)
  eden space 87424K,   0% used [0x00000000e0000000, 0x00000000e0000000, 0x00000000e5560000)
  from space 21824K, 100% used [0x00000000e5560000, 0x00000000e6ab0000, 0x00000000e6ab0000)
  to   space 21824K,   0% used [0x00000000e6ab0000, 0x00000000e6ab0000, 0x00000000e8000000)
 concurrent mark-sweep generation total 393216K, used 115264K [0x00000000e8000000, 0x0000000100000000, 0x0000000100000000)
 Metaspace       used 56262K, capacity 57965K, committed 58316K, reserved 1099776K
  class space    used 6561K, capacity 6966K, committed 7116K, reserved 1048576K
}
2020-06-30T21:59:55.039+0100: 2642.682: Total time for which application threads were stopped: 0.0230066 seconds, Stopping threads took: 0.0059255 seconds
{Heap before GC invocations=318 (full 20):
 par new generation   total 109248K, used 109248K [0x00000000e0000000, 0x00000000e8000000, 0x00000000e8000000)
  eden space 87424K, 100% used [0x00000000e0000000, 0x00000000e5560000, 0x00000000e5560000)
  from space 21824K, 100% used [0x00000000e5560000, 0x00000000e6ab0000, 0x00000000e6ab0000)
  to   space 21824K,   0% used [0x00000000e6ab0000, 0x00000000e6ab0000, 0x00000000e8000000)
 concurrent mark-sweep generation total 393216K, used 115264K [0x00000000e8000000, 0x0000000100000000, 0x0000000100000000)
 Metaspace       used 56262K, capacity 57965K, committed 58316K, reserved 1099776K
  class space    used 6561K, capacity 6966K, committed 7116K, reserved 1048576K
2020-06-30T21:59:55.243+0100: 2642.885: [GC (Allocation Failure) 2020-06-30T21:59:55.243+0100: 2642.885: [ParNew
Desired survivor size 20112992 bytes, new threshold 8 (max 8)
- age   1:    4286608 bytes,    4286608 total
- age   2:    2579936 bytes,    6866544 total
- age   3:    2914336 bytes,    9780880 total
- age   4:    3306672 bytes,   13087552 total
- age   5:     166656 bytes,   13254208 total
- age   6:    3143480 bytes,   16397688 total
- age   7:    1306496 bytes,   17704184 total
- age   8:    3275496 bytes,   20979680 total
: 109248K->21824K(109248K), 0.0165906 secs] 224512K->143288K(502464K), 0.0166804 secs] [Times: user=0.06 sys=0.00, real=0.02 secs] 
Heap after GC invocations=319 (full 20):
 par new generation   total 109248K, used 21824K [0x00000000e0000000, 0x00000000e8000000, 0x00000000e8000000)
  eden space 87424K,   0% used [0x00000000e0000000, 0x00000000e0000000, 0x00000000e5560000)
  from space 21824K, 100% used [0x00000000e6ab0000, 0x00000000e8000000, 0x00000000e8000000)
  to   space 21824K,   0% used [0x00000000e5560000, 0x00000000e5560000, 0x00000000e6ab0000)
 concurrent mark-sweep generation total 393216K, used 121464K [0x00000000e8000000, 0x0000000100000000, 0x0000000100000000)
 Metaspace       used 56262K, capacity 57965K, committed 58316K, reserved 1099776K
  class space    used 6561K, capacity 6966K, committed 7116K, reserved 1048576K
}
2020-06-30T21:59:55.259+0100: 2642.902: Total time for which application threads were stopped: 0.0170065 seconds, Stopping threads took: 0.0000659 seconds
{Heap before GC invocations=319 (full 20):
 par new generation   total 109248K, used 109248K [0x00000000e0000000, 0x00000000e8000000, 0x00000000e8000000)
  eden space 87424K, 100% used [0x00000000e0000000, 0x00000000e5560000, 0x00000000e5560000)
  from space 21824K, 100% used [0x00000000e6ab0000, 0x00000000e8000000, 0x00000000e8000000)
  to   space 21824K,   0% used [0x00000000e5560000, 0x00000000e5560000, 0x00000000e6ab0000)
 concurrent mark-sweep generation total 393216K, used 121464K [0x00000000e8000000, 0x0000000100000000, 0x0000000100000000)
 Metaspace       used 56262K, capacity 57965K, committed 58316K, reserved 1099776K
  class space    used 6561K, capacity 6966K, committed 7116K, reserved 1048576K
2020-06-30T21:59:55.467+0100: 2643.110: [GC (Allocation Failure) 2020-06-30T21:59:55.467+0100: 2643.110: [ParNew
Desired survivor size 20112992 bytes, new threshold 7 (max 8)
- age   1:    6401384 bytes,    6401384 total
- age   2:    2224376 bytes,    8625760 total
- age   3:    2568816 bytes,   11194576 total
- age   4:    2914336 bytes,   14108912 total
- age   5:    3306672 bytes,   17415584 total
- age   6:     166656 bytes,   17582240 total
- age   7:    3143480 bytes,   20725720 total
- age   8:    1306496 bytes,   22032216 total
: 109248K->21824K(109248K), 0.0169210 secs] 230712K->147384K(502464K), 0.0171460 secs] [Times: user=0.06 sys=0.00, real=0.02 secs] 
Heap after GC invocations=320 (full 20):
 par new generation   total 109248K, used 21824K [0x00000000e0000000, 0x00000000e8000000, 0x00000000e8000000)
  eden space 87424K,   0% used [0x00000000e0000000, 0x00000000e0000000, 0x00000000e5560000)
  from space 21824K, 100% used [0x00000000e5560000, 0x00000000e6ab0000, 0x00000000e6ab0000)
  to   space 21824K,   0% used [0x00000000e6ab0000, 0x00000000e6ab0000, 0x00000000e8000000)
 concurrent mark-sweep generation total 393216K, used 125560K [0x00000000e8000000, 0x0000000100000000, 0x0000000100000000)
 Metaspace       used 56262K, capacity 57965K, committed 58316K, reserved 1099776K
  class space    used 6561K, capacity 6966K, committed 7116K, reserved 1048576K
}
2020-06-30T21:59:55.484+0100: 2643.127: Total time for which application threads were stopped: 0.0176607 seconds, Stopping threads took: 0.0000786 seconds
{Heap before GC invocations=320 (full 20):
 par new generation   total 109248K, used 109248K [0x00000000e0000000, 0x00000000e8000000, 0x00000000e8000000)
  eden space 87424K, 100% used [0x00000000e0000000, 0x00000000e5560000, 0x00000000e5560000)
  from space 21824K, 100% used [0x00000000e5560000, 0x00000000e6ab0000, 0x00000000e6ab0000)
  to   space 21824K,   0% used [0x00000000e6ab0000, 0x00000000e6ab0000, 0x00000000e8000000)
 concurrent mark-sweep generation total 393216K, used 125560K [0x00000000e8000000, 0x0000000100000000, 0x0000000100000000)
 Metaspace       used 56262K, capacity 57965K, committed 58316K, reserved 1099776K
  class space    used 6561K, capacity 6966K, committed 7116K, reserved 1048576K
2020-06-30T21:59:55.640+0100: 2643.283: [GC (Allocation Failure) 2020-06-30T21:59:55.640+0100: 2643.283: [ParNew
Desired survivor size 20112992 bytes, new threshold 8 (max 8)
- age   1:    5847984 bytes,    5847984 total
- age   2:    2842152 bytes,    8690136 total
- age   3:    2058360 bytes,   10748496 total
- age   4:    2567872 bytes,   13316368 total
- age   5:    2880096 bytes,   16196464 total
- age   6:    3306584 bytes,   19503048 total
- age   7:     166656 bytes,   19669704 total
: 109248K->21824K(109248K), 0.0216458 secs] 234808K->156876K(502464K), 0.0217252 secs] [Times: user=0.06 sys=0.00, real=0.02 secs] 
Heap after GC invocations=321 (full 20):
 par new generation   total 109248K, used 21824K [0x00000000e0000000, 0x00000000e8000000, 0x00000000e8000000)
  eden space 87424K,   0% used [0x00000000e0000000, 0x00000000e0000000, 0x00000000e5560000)
  from space 21824K, 100% used [0x00000000e6ab0000, 0x00000000e8000000, 0x00000000e8000000)
  to   space 21824K,   0% used [0x00000000e5560000, 0x00000000e5560000, 0x00000000e6ab0000)
 concurrent mark-sweep generation total 393216K, used 135052K [0x00000000e8000000, 0x0000000100000000, 0x0000000100000000)
 Metaspace       used 56262K, capacity 57965K, committed 58316K, reserved 1099776K
  class space    used 6561K, capacity 6966K, committed 7116K, reserved 1048576K
}
2020-06-30T21:59:55.662+0100: 2643.305: Total time for which application threads were stopped: 0.0220480 seconds, Stopping threads took: 0.0000734 seconds
2020-06-30T21:59:56.431+0100: 2644.074: Total time for which application threads were stopped: 0.0001359 seconds, Stopping threads took: 0.0000698 seconds
2020-06-30T21:59:56.432+0100: 2644.075: Total time for which application threads were stopped: 0.0001446 seconds, Stopping threads took: 0.0000891 seconds
2020-06-30T21:59:56.432+0100: 2644.075: Total time for which application threads were stopped: 0.0000809 seconds, Stopping threads took: 0.0000427 seconds
2020-06-30T21:59:56.432+0100: 2644.075: Total time for which application threads were stopped: 0.0000686 seconds, Stopping threads took: 0.0000381 seconds
2020-06-30T21:59:56.433+0100: 2644.076: Total time for which application threads were stopped: 0.0000736 seconds, Stopping threads took: 0.0000412 seconds
2020-06-30T22:00:02.233+0100: 2649.876: Total time for which application threads were stopped: 0.0001924 seconds, Stopping threads took: 0.0001410 seconds
2020-06-30T22:00:02.235+0100: 2649.878: Total time for which application threads were stopped: 0.0001342 seconds, Stopping threads took: 0.0000725 seconds
2020-06-30T22:00:02.236+0100: 2649.879: Total time for which application threads were stopped: 0.0001331 seconds, Stopping threads took: 0.0000733 seconds
2020-06-30T22:00:02.320+0100: 2649.963: Total time for which application threads were stopped: 0.0001195 seconds, Stopping threads took: 0.0000456 seconds
{Heap before GC invocations=321 (full 20):
 par new generation   total 109248K, used 109248K [0x00000000e0000000, 0x00000000e8000000, 0x00000000e8000000)
  eden space 87424K, 100% used [0x00000000e0000000, 0x00000000e5560000, 0x00000000e5560000)
  from space 21824K, 100% used [0x00000000e6ab0000, 0x00000000e8000000, 0x00000000e8000000)
  to   space 21824K,   0% used [0x00000000e5560000, 0x00000000e5560000, 0x00000000e6ab0000)
 concurrent mark-sweep generation total 393216K, used 135052K [0x00000000e8000000, 0x0000000100000000, 0x0000000100000000)
 Metaspace       used 56272K, capacity 57965K, committed 58316K, reserved 1099776K
  class space    used 6561K, capacity 6966K, committed 7116K, reserved 1048576K
2020-06-30T22:00:02.354+0100: 2649.997: [GC (Allocation Failure) 2020-06-30T22:00:02.354+0100: 2649.997: [ParNew
Desired survivor size 20112992 bytes, new threshold 7 (max 8)
- age   1:    5116400 bytes,    5116400 total
- age   2:    4410744 bytes,    9527144 total
- age   3:    2725832 bytes,   12252976 total
- age   4:    1885120 bytes,   14138096 total
- age   5:    1848560 bytes,   15986656 total
- age   6:    2880096 bytes,   18866752 total
- age   7:    3306584 bytes,   22173336 total
- age   8:     166656 bytes,   22339992 total
: 109248K->21824K(109248K), 0.0142250 secs] 244300K->162582K(502464K), 0.0143154 secs] [Times: user=0.06 sys=0.00, real=0.01 secs] 
Heap after GC invocations=322 (full 20):
 par new generation   total 109248K, used 21824K [0x00000000e0000000, 0x00000000e8000000, 0x00000000e8000000)
  eden space 87424K,   0% used [0x00000000e0000000, 0x00000000e0000000, 0x00000000e5560000)
  from space 21824K, 100% used [0x00000000e5560000, 0x00000000e6ab0000, 0x00000000e6ab0000)
  to   space 21824K,   0% used [0x00000000e6ab0000, 0x00000000e6ab0000, 0x00000000e8000000)
 concurrent mark-sweep generation total 393216K, used 140758K [0x00000000e8000000, 0x0000000100000000, 0x0000000100000000)
 Metaspace       used 56272K, capacity 57965K, committed 58316K, reserved 1099776K
  class space    used 6561K, capacity 6966K, committed 7116K, reserved 1048576K
}
2020-06-30T22:00:02.368+0100: 2650.011: Total time for which application threads were stopped: 0.0145508 seconds, Stopping threads took: 0.0000697 seconds
{Heap before GC invocations=322 (full 20):
 par new generation   total 109248K, used 109248K [0x00000000e0000000, 0x00000000e8000000, 0x00000000e8000000)
  eden space 87424K, 100% used [0x00000000e0000000, 0x00000000e5560000, 0x00000000e5560000)
  from space 21824K, 100% used [0x00000000e5560000, 0x00000000e6ab0000, 0x00000000e6ab0000)
  to   space 21824K,   0% used [0x00000000e6ab0000, 0x00000000e6ab0000, 0x00000000e8000000)
 concurrent mark-sweep generation total 393216K, used 140758K [0x00000000e8000000, 0x0000000100000000, 0x0000000100000000)
 Metaspace       used 56272K, capacity 57965K, committed 58316K, reserved 1099776K
  class space    used 6561K, capacity 6966K, committed 7116K, reserved 1048576K
2020-06-30T22:00:02.448+0100: 2650.091: [GC (Allocation Failure) 2020-06-30T22:00:02.448+0100: 2650.091: [ParNew
Desired survivor size 20112992 bytes, new threshold 7 (max 8)
- age   1:    4670424 bytes,    4670424 total
- age   2:    3509912 bytes,    8180336 total
- age   3:    4410672 bytes,   12591008 total
- age   4:    2725672 bytes,   15316680 total
- age   5:    1885120 bytes,   17201800 total
- age   6:    1848232 bytes,   19050032 total
- age   7:    2880096 bytes,   21930128 total
: 109248K->21824K(109248K), 0.0187477 secs] 250006K->171295K(502464K), 0.0188268 secs] [Times: user=0.06 sys=0.00, real=0.02 secs] 
Heap after GC invocations=323 (full 20):
 par new generation   total 109248K, used 21824K [0x00000000e0000000, 0x00000000e8000000, 0x00000000e8000000)
  eden space 87424K,   0% used [0x00000000e0000000, 0x00000000e0000000, 0x00000000e5560000)
  from space 21824K, 100% used [0x00000000e6ab0000, 0x00000000e8000000, 0x00000000e8000000)
  to   space 21824K,   0% used [0x00000000e5560000, 0x00000000e5560000, 0x00000000e6ab0000)
 concurrent mark-sweep generation total 393216K, used 149471K [0x00000000e8000000, 0x0000000100000000, 0x0000000100000000)
 Metaspace       used 56272K, capacity 57965K, committed 58316K, reserved 1099776K
  class space    used 6561K, capacity 6966K, committed 7116K, reserved 1048576K
}
2020-06-30T22:00:02.467+0100: 2650.110: Total time for which application threads were stopped: 0.0190923 seconds, Stopping threads took: 0.0000651 seconds
{Heap before GC invocations=323 (full 20):
 par new generation   total 109248K, used 109248K [0x00000000e0000000, 0x00000000e8000000, 0x00000000e8000000)
  eden space 87424K, 100% used [0x00000000e0000000, 0x00000000e5560000, 0x00000000e5560000)
  from space 21824K, 100% used [0x00000000e6ab0000, 0x00000000e8000000, 0x00000000e8000000)
  to   space 21824K,   0% used [0x00000000e5560000, 0x00000000e5560000, 0x00000000e6ab0000)
 concurrent mark-sweep generation total 393216K, used 149471K [0x00000000e8000000, 0x0000000100000000, 0x0000000100000000)
 Metaspace       used 56274K, capacity 57965K, committed 58316K, reserved 1099776K
  class space    used 6561K, capacity 6966K, committed 7116K, reserved 1048576K
2020-06-30T22:00:02.593+0100: 2650.236: [GC (Allocation Failure) 2020-06-30T22:00:02.593+0100: 2650.236: [ParNew
Desired survivor size 20112992 bytes, new threshold 7 (max 8)
- age   1:    5413464 bytes,    5413464 total
- age   2:    3006600 bytes,    8420064 total
- age   3:    2922488 bytes,   11342552 total
- age   4:    3893376 bytes,   15235928 total
- age   5:    2427584 bytes,   17663512 total
- age   6:    1751056 bytes,   19414568 total
- age   7:    1769744 bytes,   21184312 total
: 109248K->21824K(109248K), 0.0154847 secs] 258719K->179896K(502464K), 0.0155605 secs] [Times: user=0.06 sys=0.00, real=0.02 secs] 
Heap after GC invocations=324 (full 20):
 par new generation   total 109248K, used 21824K [0x00000000e0000000, 0x00000000e8000000, 0x00000000e8000000)
  eden space 87424K,   0% used [0x00000000e0000000, 0x00000000e0000000, 0x00000000e5560000)
  from space 21824K, 100% used [0x00000000e5560000, 0x00000000e6ab0000, 0x00000000e6ab0000)
  to   space 21824K,   0% used [0x00000000e6ab0000, 0x00000000e6ab0000, 0x00000000e8000000)
 concurrent mark-sweep generation total 393216K, used 158072K [0x00000000e8000000, 0x0000000100000000, 0x0000000100000000)
 Metaspace       used 56274K, capacity 57965K, committed 58316K, reserved 1099776K
  class space    used 6561K, capacity 6966K, committed 7116K, reserved 1048576K
}
2020-06-30T22:00:02.609+0100: 2650.252: Total time for which application threads were stopped: 0.0157904 seconds, Stopping threads took: 0.0000631 seconds
2020-06-30T22:00:03.383+0100: 2651.026: Total time for which application threads were stopped: 0.0001533 seconds, Stopping threads took: 0.0000618 seconds
2020-06-30T22:00:03.384+0100: 2651.027: Total time for which application threads were stopped: 0.0000961 seconds, Stopping threads took: 0.0000345 seconds
2020-06-30T22:00:03.384+0100: 2651.027: Total time for which application threads were stopped: 0.0000891 seconds, Stopping threads took: 0.0000420 seconds
2020-06-30T22:00:03.384+0100: 2651.027: Total time for which application threads were stopped: 0.0000768 seconds, Stopping threads took: 0.0000343 seconds
2020-06-30T22:00:03.384+0100: 2651.027: Total time for which application threads were stopped: 0.0000807 seconds, Stopping threads took: 0.0000404 seconds
2020-06-30T22:00:03.919+0100: 2651.562: Total time for which application threads were stopped: 0.0001851 seconds, Stopping threads took: 0.0001360 seconds
2020-06-30T22:00:03.922+0100: 2651.565: Total time for which application threads were stopped: 0.0001364 seconds, Stopping threads took: 0.0000746 seconds
2020-06-30T22:00:03.923+0100: 2651.566: Total time for which application threads were stopped: 0.0001142 seconds, Stopping threads took: 0.0000526 seconds
2020-06-30T22:00:03.935+0100: 2651.578: Total time for which application threads were stopped: 0.0001412 seconds, Stopping threads took: 0.0000596 seconds
2020-06-30T22:00:03.936+0100: 2651.579: Total time for which application threads were stopped: 0.0001548 seconds, Stopping threads took: 0.0000593 seconds
{Heap before GC invocations=324 (full 20):
 par new generation   total 109248K, used 109248K [0x00000000e0000000, 0x00000000e8000000, 0x00000000e8000000)
  eden space 87424K, 100% used [0x00000000e0000000, 0x00000000e5560000, 0x00000000e5560000)
  from space 21824K, 100% used [0x00000000e5560000, 0x00000000e6ab0000, 0x00000000e6ab0000)
  to   space 21824K,   0% used [0x00000000e6ab0000, 0x00000000e6ab0000, 0x00000000e8000000)
 concurrent mark-sweep generation total 393216K, used 158072K [0x00000000e8000000, 0x0000000100000000, 0x0000000100000000)
 Metaspace       used 56277K, capacity 57965K, committed 58316K, reserved 1099776K
  class space    used 6561K, capacity 6966K, committed 7116K, reserved 1048576K
2020-06-30T22:00:03.976+0100: 2651.619: [GC (Allocation Failure) 2020-06-30T22:00:03.976+0100: 2651.619: [ParNew
Desired survivor size 20112992 bytes, new threshold 8 (max 8)
- age   1:    3377576 bytes,    3377576 total
- age   2:    2189128 bytes,    5566704 total
- age   3:    2803048 bytes,    8369752 total
- age   4:    2547016 bytes,   10916768 total
- age   5:    3864584 bytes,   14781352 total
- age   6:    2420200 bytes,   17201552 total
- age   7:    1744344 bytes,   18945896 total
: 109248K->21824K(109248K), 0.0142827 secs] 267320K->186137K(502464K), 0.0143901 secs] [Times: user=0.02 sys=0.00, real=0.01 secs] 
Heap after GC invocations=325 (full 20):
 par new generation   total 109248K, used 21824K [0x00000000e0000000, 0x00000000e8000000, 0x00000000e8000000)
  eden space 87424K,   0% used [0x00000000e0000000, 0x00000000e0000000, 0x00000000e5560000)
  from space 21824K, 100% used [0x00000000e6ab0000, 0x00000000e8000000, 0x00000000e8000000)
  to   space 21824K,   0% used [0x00000000e5560000, 0x00000000e5560000, 0x00000000e6ab0000)
 concurrent mark-sweep generation total 393216K, used 164313K [0x00000000e8000000, 0x0000000100000000, 0x0000000100000000)
 Metaspace       used 56277K, capacity 57965K, committed 58316K, reserved 1099776K
  class space    used 6561K, capacity 6966K, committed 7116K, reserved 1048576K
}
2020-06-30T22:00:03.991+0100: 2651.634: Total time for which application threads were stopped: 0.0146870 seconds, Stopping threads took: 0.0000626 seconds
2020-06-30T22:00:04.028+0100: 2651.670: Total time for which application threads were stopped: 0.0001527 seconds, Stopping threads took: 0.0000668 seconds
2020-06-30T22:00:04.076+0100: 2651.719: Total time for which application threads were stopped: 0.0001758 seconds, Stopping threads took: 0.0000851 seconds
2020-06-30T22:00:04.076+0100: 2651.719: Total time for which application threads were stopped: 0.0001210 seconds, Stopping threads took: 0.0000545 seconds
{Heap before GC invocations=325 (full 20):
 par new generation   total 109248K, used 109248K [0x00000000e0000000, 0x00000000e8000000, 0x00000000e8000000)
  eden space 87424K, 100% used [0x00000000e0000000, 0x00000000e5560000, 0x00000000e5560000)
  from space 21824K, 100% used [0x00000000e6ab0000, 0x00000000e8000000, 0x00000000e8000000)
  to   space 21824K,   0% used [0x00000000e5560000, 0x00000000e5560000, 0x00000000e6ab0000)
 concurrent mark-sweep generation total 393216K, used 164313K [0x00000000e8000000, 0x0000000100000000, 0x0000000100000000)
 Metaspace       used 56277K, capacity 57965K, committed 58316K, reserved 1099776K
  class space    used 6561K, capacity 6966K, committed 7116K, reserved 1048576K
2020-06-30T22:00:04.097+0100: 2651.740: [GC (Allocation Failure) 2020-06-30T22:00:04.097+0100: 2651.740: [ParNew
Desired survivor size 20112992 bytes, new threshold 8 (max 8)
- age   1:    3889920 bytes,    3889920 total
- age   2:    2903584 bytes,    6793504 total
- age   3:    2122176 bytes,    8915680 total
- age   4:    2727624 bytes,   11643304 total
- age   5:    1996136 bytes,   13639440 total
- age   6:    3801744 bytes,   17441184 total
- age   7:    2416992 bytes,   19858176 total
- age   8:    1620984 bytes,   21479160 total
: 109248K->21824K(109248K), 0.0135769 secs] 273561K->189784K(502464K), 0.0136544 secs] [Times: user=0.06 sys=0.00, real=0.01 secs] 
Heap after GC invocations=326 (full 20):
 par new generation   total 109248K, used 21824K [0x00000000e0000000, 0x00000000e8000000, 0x00000000e8000000)
  eden space 87424K,   0% used [0x00000000e0000000, 0x00000000e0000000, 0x00000000e5560000)
  from space 21824K, 100% used [0x00000000e5560000, 0x00000000e6ab0000, 0x00000000e6ab0000)
  to   space 21824K,   0% used [0x00000000e6ab0000, 0x00000000e6ab0000, 0x00000000e8000000)
 concurrent mark-sweep generation total 393216K, used 167960K [0x00000000e8000000, 0x0000000100000000, 0x0000000100000000)
 Metaspace       used 56277K, capacity 57965K, committed 58316K, reserved 1099776K
  class space    used 6561K, capacity 6966K, committed 7116K, reserved 1048576K
}
2020-06-30T22:00:04.111+0100: 2651.754: Total time for which application threads were stopped: 0.0139341 seconds, Stopping threads took: 0.0000734 seconds
{Heap before GC invocations=326 (full 20):
 par new generation   total 109248K, used 109248K [0x00000000e0000000, 0x00000000e8000000, 0x00000000e8000000)
  eden space 87424K, 100% used [0x00000000e0000000, 0x00000000e5560000, 0x00000000e5560000)
  from space 21824K, 100% used [0x00000000e5560000, 0x00000000e6ab0000, 0x00000000e6ab0000)
  to   space 21824K,   0% used [0x00000000e6ab0000, 0x00000000e6ab0000, 0x00000000e8000000)
 concurrent mark-sweep generation total 393216K, used 167960K [0x00000000e8000000, 0x0000000100000000, 0x0000000100000000)
 Metaspace       used 56277K, capacity 57965K, committed 58316K, reserved 1099776K
  class space    used 6561K, capacity 6966K, committed 7116K, reserved 1048576K
2020-06-30T22:00:04.209+0100: 2651.852: [GC (Allocation Failure) 2020-06-30T22:00:04.210+0100: 2651.852: [ParNew
Desired survivor size 20112992 bytes, new threshold 8 (max 8)
- age   1:    3071408 bytes,    3071408 total
- age   2:    3367616 bytes,    6439024 total
- age   3:    2821608 bytes,    9260632 total
- age   4:    2122176 bytes,   11382808 total
- age   5:    2727624 bytes,   14110432 total
- age   6:    1996136 bytes,   16106568 total
- age   7:    3801744 bytes,   19908312 total
- age   8:    2416992 bytes,   22325304 total
: 109248K->21824K(109248K), 0.0179478 secs] 277208K->198837K(502464K), 0.0180369 secs] [Times: user=0.02 sys=0.02, real=0.02 secs] 
Heap after GC invocations=327 (full 20):
 par new generation   total 109248K, used 21824K [0x00000000e0000000, 0x00000000e8000000, 0x00000000e8000000)
  eden space 87424K,   0% used [0x00000000e0000000, 0x00000000e0000000, 0x00000000e5560000)
  from space 21824K, 100% used [0x00000000e6ab0000, 0x00000000e8000000, 0x00000000e8000000)
  to   space 21824K,   0% used [0x00000000e5560000, 0x00000000e5560000, 0x00000000e6ab0000)
 concurrent mark-sweep generation total 393216K, used 177013K [0x00000000e8000000, 0x0000000100000000, 0x0000000100000000)
 Metaspace       used 56277K, capacity 57965K, committed 58316K, reserved 1099776K
  class space    used 6561K, capacity 6966K, committed 7116K, reserved 1048576K
}
2020-06-30T22:00:04.228+0100: 2651.870: Total time for which application threads were stopped: 0.0182646 seconds, Stopping threads took: 0.0000625 seconds
{Heap before GC invocations=327 (full 20):
 par new generation   total 109248K, used 109248K [0x00000000e0000000, 0x00000000e8000000, 0x00000000e8000000)
  eden space 87424K, 100% used [0x00000000e0000000, 0x00000000e5560000, 0x00000000e5560000)
  from space 21824K, 100% used [0x00000000e6ab0000, 0x00000000e8000000, 0x00000000e8000000)
  to   space 21824K,   0% used [0x00000000e5560000, 0x00000000e5560000, 0x00000000e6ab0000)
 concurrent mark-sweep generation total 393216K, used 177013K [0x00000000e8000000, 0x0000000100000000, 0x0000000100000000)
 Metaspace       used 56277K, capacity 57965K, committed 58316K, reserved 1099776K
  class space    used 6561K, capacity 6966K, committed 7116K, reserved 1048576K
2020-06-30T22:00:04.339+0100: 2651.982: [GC (Allocation Failure) 2020-06-30T22:00:04.339+0100: 2651.982: [ParNew
Desired survivor size 20112992 bytes, new threshold 8 (max 8)
- age   1:    3441904 bytes,    3441904 total
- age   2:    2150416 bytes,    5592320 total
- age   3:    3345928 bytes,    8938248 total
- age   4:    2803744 bytes,   11741992 total
- age   5:    2065016 bytes,   13807008 total
- age   6:    2718752 bytes,   16525760 total
- age   7:    1994768 bytes,   18520528 total
- age   8:    3801136 bytes,   22321664 total
: 109248K->21824K(109248K), 0.0205119 secs] 286261K->213075K(502464K), 0.0205810 secs] [Times: user=0.03 sys=0.02, real=0.02 secs] 
Heap after GC invocations=328 (full 20):
 par new generation   total 109248K, used 21824K [0x00000000e0000000, 0x00000000e8000000, 0x00000000e8000000)
  eden space 87424K,   0% used [0x00000000e0000000, 0x00000000e0000000, 0x00000000e5560000)
  from space 21824K, 100% used [0x00000000e5560000, 0x00000000e6ab0000, 0x00000000e6ab0000)
  to   space 21824K,   0% used [0x00000000e6ab0000, 0x00000000e6ab0000, 0x00000000e8000000)
 concurrent mark-sweep generation total 393216K, used 191251K [0x00000000e8000000, 0x0000000100000000, 0x0000000100000000)
 Metaspace       used 56277K, capacity 57965K, committed 58316K, reserved 1099776K
  class space    used 6561K, capacity 6966K, committed 7116K, reserved 1048576K
}
2020-06-30T22:00:04.359+0100: 2652.002: Total time for which application threads were stopped: 0.0208497 seconds, Stopping threads took: 0.0001030 seconds
2020-06-30T22:00:05.286+0100: 2652.929: Total time for which application threads were stopped: 0.0001197 seconds, Stopping threads took: 0.0000565 seconds
2020-06-30T22:00:05.287+0100: 2652.930: Total time for which application threads were stopped: 0.0001656 seconds, Stopping threads took: 0.0001057 seconds
2020-06-30T22:00:05.287+0100: 2652.930: Total time for which application threads were stopped: 0.0001507 seconds, Stopping threads took: 0.0001046 seconds
2020-06-30T22:00:05.288+0100: 2652.930: Total time for which application threads were stopped: 0.0001359 seconds, Stopping threads took: 0.0000805 seconds
2020-06-30T22:00:05.289+0100: 2652.932: Total time for which application threads were stopped: 0.0001606 seconds, Stopping threads took: 0.0000786 seconds
2020-06-30T22:00:05.289+0100: 2652.932: Total time for which application threads were stopped: 0.0001283 seconds, Stopping threads took: 0.0000588 seconds
2020-06-30T22:00:05.289+0100: 2652.932: Total time for which application threads were stopped: 0.0002735 seconds, Stopping threads took: 0.0000611 seconds
2020-06-30T22:00:18.656+0100: 2666.299: Total time for which application threads were stopped: 0.0002872 seconds, Stopping threads took: 0.0002186 seconds
2020-06-30T22:00:18.870+0100: 2666.513: Total time for which application threads were stopped: 0.0001964 seconds, Stopping threads took: 0.0000717 seconds
{Heap before GC invocations=328 (full 20):
 par new generation   total 109248K, used 109248K [0x00000000e0000000, 0x00000000e8000000, 0x00000000e8000000)
  eden space 87424K, 100% used [0x00000000e0000000, 0x00000000e5560000, 0x00000000e5560000)
  from space 21824K, 100% used [0x00000000e5560000, 0x00000000e6ab0000, 0x00000000e6ab0000)
  to   space 21824K,   0% used [0x00000000e6ab0000, 0x00000000e6ab0000, 0x00000000e8000000)
 concurrent mark-sweep generation total 393216K, used 191251K [0x00000000e8000000, 0x0000000100000000, 0x0000000100000000)
 Metaspace       used 56278K, capacity 57965K, committed 58316K, reserved 1099776K
  class space    used 6561K, capacity 6966K, committed 7116K, reserved 1048576K
2020-06-30T22:00:18.870+0100: 2666.513: [GC (Allocation Failure) 2020-06-30T22:00:18.870+0100: 2666.513: [ParNew
Desired survivor size 20112992 bytes, new threshold 7 (max 8)
- age   1:    5172816 bytes,    5172816 total
- age   2:    2630072 bytes,    7802888 total
- age   3:    2115608 bytes,    9918496 total
- age   4:    2915456 bytes,   12833952 total
- age   5:    2612048 bytes,   15446000 total
- age   6:    2064936 bytes,   17510936 total
- age   7:    2710752 bytes,   20221688 total
- age   8:    1977896 bytes,   22199584 total
: 109248K->21824K(109248K), 0.0175246 secs] 300499K->218666K(502464K), 0.0176064 secs] [Times: user=0.06 sys=0.00, real=0.02 secs] 
Heap after GC invocations=329 (full 20):
 par new generation   total 109248K, used 21824K [0x00000000e0000000, 0x00000000e8000000, 0x00000000e8000000)
  eden space 87424K,   0% used [0x00000000e0000000, 0x00000000e0000000, 0x00000000e5560000)
  from space 21824K, 100% used [0x00000000e6ab0000, 0x00000000e8000000, 0x00000000e8000000)
  to   space 21824K,   0% used [0x00000000e5560000, 0x00000000e5560000, 0x00000000e6ab0000)
 concurrent mark-sweep generation total 393216K, used 196842K [0x00000000e8000000, 0x0000000100000000, 0x0000000100000000)
 Metaspace       used 56278K, capacity 57965K, committed 58316K, reserved 1099776K
  class space    used 6561K, capacity 6966K, committed 7116K, reserved 1048576K
}
2020-06-30T22:00:18.888+0100: 2666.531: Total time for which application threads were stopped: 0.0178723 seconds, Stopping threads took: 0.0000553 seconds
2020-06-30T22:00:18.888+0100: 2666.531: [GC (CMS Initial Mark) [1 CMS-initial-mark: 196842K(393216K)] 218676K(502464K), 0.0047123 secs] [Times: user=0.00 sys=0.00, real=0.00 secs] 
2020-06-30T22:00:18.893+0100: 2666.536: Total time for which application threads were stopped: 0.0049495 seconds, Stopping threads took: 0.0000941 seconds
2020-06-30T22:00:18.893+0100: 2666.536: [CMS-concurrent-mark-start]
2020-06-30T22:00:18.920+0100: 2666.563: [CMS-concurrent-mark: 0.027/0.027 secs] [Times: user=0.13 sys=0.00, real=0.03 secs] 
2020-06-30T22:00:18.920+0100: 2666.563: [CMS-concurrent-preclean-start]
2020-06-30T22:00:18.922+0100: 2666.565: [CMS-concurrent-preclean: 0.002/0.002 secs] [Times: user=0.00 sys=0.00, real=0.00 secs] 
2020-06-30T22:00:18.925+0100: 2666.568: [GC (CMS Final Remark) [YG occupancy: 22570 K (109248 K)]{Heap before GC invocations=329 (full 21):
 par new generation   total 109248K, used 22570K [0x00000000e0000000, 0x00000000e8000000, 0x00000000e8000000)
  eden space 87424K,   0% used [0x00000000e0000000, 0x00000000e00bab10, 0x00000000e5560000)
  from space 21824K, 100% used [0x00000000e6ab0000, 0x00000000e8000000, 0x00000000e8000000)
  to   space 21824K,   0% used [0x00000000e5560000, 0x00000000e5560000, 0x00000000e6ab0000)
 concurrent mark-sweep generation total 393216K, used 196842K [0x00000000e8000000, 0x0000000100000000, 0x0000000100000000)
 Metaspace       used 56278K, capacity 57965K, committed 58316K, reserved 1099776K
  class space    used 6561K, capacity 6966K, committed 7116K, reserved 1048576K
2020-06-30T22:00:18.925+0100: 2666.568: [GC (CMS Final Remark) 2020-06-30T22:00:18.925+0100: 2666.568: [ParNew
Desired survivor size 20112992 bytes, new threshold 8 (max 8)
- age   1:     163560 bytes,     163560 total
- age   2:    4668696 bytes,    4832256 total
- age   3:    2421280 bytes,    7253536 total
- age   4:    2063800 bytes,    9317336 total
- age   5:    2911072 bytes,   12228408 total
- age   6:    2556208 bytes,   14784616 total
- age   7:    2059576 bytes,   16844192 total
: 22570K->21824K(109248K), 0.0141521 secs] 219412K->223863K(502464K), 0.0143536 secs] [Times: user=0.03 sys=0.00, real=0.01 secs] 
Heap after GC invocations=330 (full 21):
 par new generation   total 109248K, used 21824K [0x00000000e0000000, 0x00000000e8000000, 0x00000000e8000000)
  eden space 87424K,   0% used [0x00000000e0000000, 0x00000000e0000000, 0x00000000e5560000)
  from space 21824K, 100% used [0x00000000e5560000, 0x00000000e6ab0000, 0x00000000e6ab0000)
  to   space 21824K,   0% used [0x00000000e6ab0000, 0x00000000e6ab0000, 0x00000000e8000000)
 concurrent mark-sweep generation total 393216K, used 202039K [0x00000000e8000000, 0x0000000100000000, 0x0000000100000000)
 Metaspace       used 56278K, capacity 57965K, committed 58316K, reserved 1099776K
  class space    used 6561K, capacity 6966K, committed 7116K, reserved 1048576K
}
2020-06-30T22:00:18.939+0100: 2666.582: [Rescan (parallel) , 0.0056682 secs]2020-06-30T22:00:18.945+0100: 2666.588: [weak refs processing, 0.0055652 secs]2020-06-30T22:00:18.951+0100: 2666.594: [class unloading, 0.0176696 secs]2020-06-30T22:00:18.968+0100: 2666.611: [scrub symbol table, 0.0167486 secs]2020-06-30T22:00:18.985+0100: 2666.628: [scrub string table, 0.0012236 secs][1 CMS-remark: 202039K(393216K)] 223863K(502464K), 0.0619467 secs] [Times: user=0.13 sys=0.00, real=0.06 secs] 
2020-06-30T22:00:18.987+0100: 2666.630: Total time for which application threads were stopped: 0.0622993 seconds, Stopping threads took: 0.0001021 seconds
2020-06-30T22:00:18.987+0100: 2666.630: [CMS-concurrent-sweep-start]
2020-06-30T22:00:18.988+0100: 2666.631: Total time for which application threads were stopped: 0.0003560 seconds, Stopping threads took: 0.0000961 seconds
2020-06-30T22:00:18.988+0100: 2666.631: Total time for which application threads were stopped: 0.0001805 seconds, Stopping threads took: 0.0000828 seconds
2020-06-30T22:00:18.989+0100: 2666.632: Total time for which application threads were stopped: 0.0001932 seconds, Stopping threads took: 0.0000793 seconds
2020-06-30T22:00:18.989+0100: 2666.632: Total time for which application threads were stopped: 0.0000862 seconds, Stopping threads took: 0.0000248 seconds
2020-06-30T22:00:18.992+0100: 2666.634: Total time for which application threads were stopped: 0.0001918 seconds, Stopping threads took: 0.0000803 seconds
2020-06-30T22:00:18.993+0100: 2666.636: Total time for which application threads were stopped: 0.0001475 seconds, Stopping threads took: 0.0000722 seconds
2020-06-30T22:00:19.074+0100: 2666.717: [CMS-concurrent-sweep: 0.086/0.087 secs] [Times: user=0.22 sys=0.02, real=0.09 secs] 
2020-06-30T22:00:19.074+0100: 2666.717: [CMS-concurrent-reset-start]
2020-06-30T22:00:19.075+0100: 2666.718: [CMS-concurrent-reset: 0.001/0.001 secs] [Times: user=0.00 sys=0.00, real=0.00 secs] 
{Heap before GC invocations=330 (full 21):
 par new generation   total 109248K, used 109248K [0x00000000e0000000, 0x00000000e8000000, 0x00000000e8000000)
  eden space 87424K, 100% used [0x00000000e0000000, 0x00000000e5560000, 0x00000000e5560000)
  from space 21824K, 100% used [0x00000000e5560000, 0x00000000e6ab0000, 0x00000000e6ab0000)
  to   space 21824K,   0% used [0x00000000e6ab0000, 0x00000000e6ab0000, 0x00000000e8000000)
 concurrent mark-sweep generation total 393216K, used 83979K [0x00000000e8000000, 0x0000000100000000, 0x0000000100000000)
 Metaspace       used 56278K, capacity 57965K, committed 58316K, reserved 1099776K
  class space    used 6561K, capacity 6966K, committed 7116K, reserved 1048576K
2020-06-30T22:00:19.144+0100: 2666.787: [GC (Allocation Failure) 2020-06-30T22:00:19.144+0100: 2666.787: [ParNew
Desired survivor size 20112992 bytes, new threshold 8 (max 8)
- age   1:    5329800 bytes,    5329800 total
- age   2:      57000 bytes,    5386800 total
- age   3:    4623736 bytes,   10010536 total
- age   4:    1938872 bytes,   11949408 total
- age   5:    1964448 bytes,   13913856 total
- age   6:    2659600 bytes,   16573456 total
- age   7:    2509080 bytes,   19082536 total
- age   8:    2057856 bytes,   21140392 total
: 109248K->21824K(109248K), 0.0134106 secs] 193227K->108287K(502464K), 0.0135595 secs] [Times: user=0.06 sys=0.00, real=0.01 secs] 
Heap after GC invocations=331 (full 21):
 par new generation   total 109248K, used 21824K [0x00000000e0000000, 0x00000000e8000000, 0x00000000e8000000)
  eden space 87424K,   0% used [0x00000000e0000000, 0x00000000e0000000, 0x00000000e5560000)
  from space 21824K, 100% used [0x00000000e6ab0000, 0x00000000e8000000, 0x00000000e8000000)
  to   space 21824K,   0% used [0x00000000e5560000, 0x00000000e5560000, 0x00000000e6ab0000)
 concurrent mark-sweep generation total 393216K, used 86463K [0x00000000e8000000, 0x0000000100000000, 0x0000000100000000)
 Metaspace       used 56278K, capacity 57965K, committed 58316K, reserved 1099776K
  class space    used 6561K, capacity 6966K, committed 7116K, reserved 1048576K
}
2020-06-30T22:00:19.158+0100: 2666.801: Total time for which application threads were stopped: 0.0139544 seconds, Stopping threads took: 0.0000952 seconds
{Heap before GC invocations=331 (full 21):
 par new generation   total 109248K, used 109248K [0x00000000e0000000, 0x00000000e8000000, 0x00000000e8000000)
  eden space 87424K, 100% used [0x00000000e0000000, 0x00000000e5560000, 0x00000000e5560000)
  from space 21824K, 100% used [0x00000000e6ab0000, 0x00000000e8000000, 0x00000000e8000000)
  to   space 21824K,   0% used [0x00000000e5560000, 0x00000000e5560000, 0x00000000e6ab0000)
 concurrent mark-sweep generation total 393216K, used 86463K [0x00000000e8000000, 0x0000000100000000, 0x0000000100000000)
 Metaspace       used 56279K, capacity 57965K, committed 58316K, reserved 1099776K
  class space    used 6561K, capacity 6966K, committed 7116K, reserved 1048576K
2020-06-30T22:00:19.351+0100: 2666.994: [GC (Allocation Failure) 2020-06-30T22:00:19.352+0100: 2666.995: [ParNew
Desired survivor size 20112992 bytes, new threshold 8 (max 8)
- age   1:    4956464 bytes,    4956464 total
- age   2:    3766216 bytes,    8722680 total
- age   3:      57000 bytes,    8779680 total
- age   4:    4461128 bytes,   13240808 total
- age   5:    1938720 bytes,   15179528 total
- age   6:    1891464 bytes,   17070992 total
- age   7:    2659216 bytes,   19730208 total
- age   8:    2359552 bytes,   22089760 total
: 109248K->21824K(109248K), 0.0187045 secs] 195711K->113171K(502464K), 0.0190309 secs] [Times: user=0.06 sys=0.00, real=0.02 secs] 
Heap after GC invocations=332 (full 21):
 par new generation   total 109248K, used 21824K [0x00000000e0000000, 0x00000000e8000000, 0x00000000e8000000)
  eden space 87424K,   0% used [0x00000000e0000000, 0x00000000e0000000, 0x00000000e5560000)
  from space 21824K, 100% used [0x00000000e5560000, 0x00000000e6ab0000, 0x00000000e6ab0000)
  to   space 21824K,   0% used [0x00000000e6ab0000, 0x00000000e6ab0000, 0x00000000e8000000)
 concurrent mark-sweep generation total 393216K, used 91347K [0x00000000e8000000, 0x0000000100000000, 0x0000000100000000)
 Metaspace       used 56279K, capacity 57965K, committed 58316K, reserved 1099776K
  class space    used 6561K, capacity 6966K, committed 7116K, reserved 1048576K
}
2020-06-30T22:00:19.371+0100: 2667.013: Total time for which application threads were stopped: 0.0193698 seconds, Stopping threads took: 0.0000979 seconds
{Heap before GC invocations=332 (full 21):
 par new generation   total 109248K, used 109248K [0x00000000e0000000, 0x00000000e8000000, 0x00000000e8000000)
  eden space 87424K, 100% used [0x00000000e0000000, 0x00000000e5560000, 0x00000000e5560000)
  from space 21824K, 100% used [0x00000000e5560000, 0x00000000e6ab0000, 0x00000000e6ab0000)
  to   space 21824K,   0% used [0x00000000e6ab0000, 0x00000000e6ab0000, 0x00000000e8000000)
 concurrent mark-sweep generation total 393216K, used 91347K [0x00000000e8000000, 0x0000000100000000, 0x0000000100000000)
 Metaspace       used 56279K, capacity 57965K, committed 58316K, reserved 1099776K
  class space    used 6561K, capacity 6966K, committed 7116K, reserved 1048576K
2020-06-30T22:00:19.541+0100: 2667.184: [GC (Allocation Failure) 2020-06-30T22:00:19.541+0100: 2667.184: [ParNew
Desired survivor size 20112992 bytes, new threshold 8 (max 8)
- age   1:    3404464 bytes,    3404464 total
- age   2:    4105840 bytes,    7510304 total
- age   3:    3747176 bytes,   11257480 total
- age   4:      56760 bytes,   11314240 total
- age   5:    4461104 bytes,   15775344 total
- age   6:    1938720 bytes,   17714064 total
- age   7:    1891464 bytes,   19605528 total
- age   8:    2657232 bytes,   22262760 total
: 109248K->21824K(109248K), 0.0175690 secs] 200595K->121693K(502464K), 0.0177040 secs] [Times: user=0.06 sys=0.00, real=0.02 secs] 
Heap after GC invocations=333 (full 21):
 par new generation   total 109248K, used 21824K [0x00000000e0000000, 0x00000000e8000000, 0x00000000e8000000)
  eden space 87424K,   0% used [0x00000000e0000000, 0x00000000e0000000, 0x00000000e5560000)
  from space 21824K, 100% used [0x00000000e6ab0000, 0x00000000e8000000, 0x00000000e8000000)
  to   space 21824K,   0% used [0x00000000e5560000, 0x00000000e5560000, 0x00000000e6ab0000)
 concurrent mark-sweep generation total 393216K, used 99869K [0x00000000e8000000, 0x0000000100000000, 0x0000000100000000)
 Metaspace       used 56279K, capacity 57965K, committed 58316K, reserved 1099776K
  class space    used 6561K, capacity 6966K, committed 7116K, reserved 1048576K
}
2020-06-30T22:00:19.559+0100: 2667.202: Total time for which application threads were stopped: 0.0180137 seconds, Stopping threads took: 0.0000778 seconds
2020-06-30T22:00:20.290+0100: 2667.932: Total time for which application threads were stopped: 0.0001756 seconds, Stopping threads took: 0.0000770 seconds
2020-06-30T22:00:20.290+0100: 2667.933: Total time for which application threads were stopped: 0.0001168 seconds, Stopping threads took: 0.0000693 seconds
2020-06-30T22:00:20.290+0100: 2667.933: Total time for which application threads were stopped: 0.0001495 seconds, Stopping threads took: 0.0000809 seconds
2020-06-30T22:00:20.292+0100: 2667.935: Total time for which application threads were stopped: 0.0001189 seconds, Stopping threads took: 0.0000489 seconds
2020-06-30T22:00:20.292+0100: 2667.935: Total time for which application threads were stopped: 0.0001219 seconds, Stopping threads took: 0.0000349 seconds
2020-06-30T22:00:21.293+0100: 2668.936: Total time for which application threads were stopped: 0.0001160 seconds, Stopping threads took: 0.0000622 seconds
2020-06-30T22:00:29.080+0100: 2676.723: Total time for which application threads were stopped: 0.0002242 seconds, Stopping threads took: 0.0000521 seconds
2020-06-30T22:00:29.082+0100: 2676.725: Total time for which application threads were stopped: 0.0002341 seconds, Stopping threads took: 0.0001845 seconds
2020-06-30T22:00:29.085+0100: 2676.728: Total time for which application threads were stopped: 0.0001828 seconds, Stopping threads took: 0.0000852 seconds
2020-06-30T22:00:29.087+0100: 2676.729: Total time for which application threads were stopped: 0.0001821 seconds, Stopping threads took: 0.0001202 seconds
2020-06-30T22:00:29.212+0100: 2676.855: Total time for which application threads were stopped: 0.0003892 seconds, Stopping threads took: 0.0000593 seconds
{Heap before GC invocations=333 (full 21):
 par new generation   total 109248K, used 109248K [0x00000000e0000000, 0x00000000e8000000, 0x00000000e8000000)
  eden space 87424K, 100% used [0x00000000e0000000, 0x00000000e5560000, 0x00000000e5560000)
  from space 21824K, 100% used [0x00000000e6ab0000, 0x00000000e8000000, 0x00000000e8000000)
  to   space 21824K,   0% used [0x00000000e5560000, 0x00000000e5560000, 0x00000000e6ab0000)
 concurrent mark-sweep generation total 393216K, used 99869K [0x00000000e8000000, 0x0000000100000000, 0x0000000100000000)
 Metaspace       used 56288K, capacity 57965K, committed 58316K, reserved 1099776K
  class space    used 6561K, capacity 6966K, committed 7116K, reserved 1048576K
2020-06-30T22:00:29.252+0100: 2676.895: [GC (Allocation Failure) 2020-06-30T22:00:29.252+0100: 2676.895: [ParNew
Desired survivor size 20112992 bytes, new threshold 8 (max 8)
- age   1:    4680312 bytes,    4680312 total
- age   2:    2056744 bytes,    6737056 total
- age   3:    3724448 bytes,   10461504 total
- age   4:    3508864 bytes,   13970368 total
- age   5:        392 bytes,   13970760 total
- age   6:    4190760 bytes,   18161520 total
- age   7:    1938720 bytes,   20100240 total
- age   8:    1885808 bytes,   21986048 total
: 109248K->21824K(109248K), 0.0175068 secs] 209117K->130844K(502464K), 0.0176193 secs] [Times: user=0.06 sys=0.00, real=0.02 secs] 
Heap after GC invocations=334 (full 21):
 par new generation   total 109248K, used 21824K [0x00000000e0000000, 0x00000000e8000000, 0x00000000e8000000)
  eden space 87424K,   0% used [0x00000000e0000000, 0x00000000e0000000, 0x00000000e5560000)
  from space 21824K, 100% used [0x00000000e5560000, 0x00000000e6ab0000, 0x00000000e6ab0000)
  to   space 21824K,   0% used [0x00000000e6ab0000, 0x00000000e6ab0000, 0x00000000e8000000)
 concurrent mark-sweep generation total 393216K, used 109020K [0x00000000e8000000, 0x0000000100000000, 0x0000000100000000)
 Metaspace       used 56288K, capacity 57965K, committed 58316K, reserved 1099776K
  class space    used 6561K, capacity 6966K, committed 7116K, reserved 1048576K
}
2020-06-30T22:00:29.269+0100: 2676.912: Total time for which application threads were stopped: 0.0179619 seconds, Stopping threads took: 0.0000782 seconds
{Heap before GC invocations=334 (full 21):
 par new generation   total 109248K, used 109248K [0x00000000e0000000, 0x00000000e8000000, 0x00000000e8000000)
  eden space 87424K, 100% used [0x00000000e0000000, 0x00000000e5560000, 0x00000000e5560000)
  from space 21824K, 100% used [0x00000000e5560000, 0x00000000e6ab0000, 0x00000000e6ab0000)
  to   space 21824K,   0% used [0x00000000e6ab0000, 0x00000000e6ab0000, 0x00000000e8000000)
 concurrent mark-sweep generation total 393216K, used 109020K [0x00000000e8000000, 0x0000000100000000, 0x0000000100000000)
 Metaspace       used 56288K, capacity 57965K, committed 58316K, reserved 1099776K
  class space    used 6561K, capacity 6966K, committed 7116K, reserved 1048576K
2020-06-30T22:00:29.371+0100: 2677.014: [GC (Allocation Failure) 2020-06-30T22:00:29.372+0100: 2677.014: [ParNew
Desired survivor size 20112992 bytes, new threshold 8 (max 8)
- age   1:    4340888 bytes,    4340888 total
- age   2:    3498784 bytes,    7839672 total
- age   3:    2055448 bytes,    9895120 total
- age   4:    3252680 bytes,   13147800 total
- age   5:    2188488 bytes,   15336288 total
- age   6:         16 bytes,   15336304 total
- age   7:    4171992 bytes,   19508296 total
- age   8:    1938592 bytes,   21446888 total
: 109248K->21824K(109248K), 0.0169861 secs] 218268K->139851K(502464K), 0.0171071 secs] [Times: user=0.06 sys=0.00, real=0.02 secs] 
Heap after GC invocations=335 (full 21):
 par new generation   total 109248K, used 21824K [0x00000000e0000000, 0x00000000e8000000, 0x00000000e8000000)
  eden space 87424K,   0% used [0x00000000e0000000, 0x00000000e0000000, 0x00000000e5560000)
  from space 21824K, 100% used [0x00000000e6ab0000, 0x00000000e8000000, 0x00000000e8000000)
  to   space 21824K,   0% used [0x00000000e5560000, 0x00000000e5560000, 0x00000000e6ab0000)
 concurrent mark-sweep generation total 393216K, used 118027K [0x00000000e8000000, 0x0000000100000000, 0x0000000100000000)
 Metaspace       used 56288K, capacity 57965K, committed 58316K, reserved 1099776K
  class space    used 6561K, capacity 6966K, committed 7116K, reserved 1048576K
}
2020-06-30T22:00:29.389+0100: 2677.032: Total time for which application threads were stopped: 0.0173265 seconds, Stopping threads took: 0.0000592 seconds
{Heap before GC invocations=335 (full 21):
 par new generation   total 109248K, used 109248K [0x00000000e0000000, 0x00000000e8000000, 0x00000000e8000000)
  eden space 87424K, 100% used [0x00000000e0000000, 0x00000000e5560000, 0x00000000e5560000)
  from space 21824K, 100% used [0x00000000e6ab0000, 0x00000000e8000000, 0x00000000e8000000)
  to   space 21824K,   0% used [0x00000000e5560000, 0x00000000e5560000, 0x00000000e6ab0000)
 concurrent mark-sweep generation total 393216K, used 118027K [0x00000000e8000000, 0x0000000100000000, 0x0000000100000000)
 Metaspace       used 56288K, capacity 57965K, committed 58316K, reserved 1099776K
  class space    used 6561K, capacity 6966K, committed 7116K, reserved 1048576K
2020-06-30T22:00:29.496+0100: 2677.139: [GC (Allocation Failure) 2020-06-30T22:00:29.496+0100: 2677.139: [ParNew
Desired survivor size 20112992 bytes, new threshold 8 (max 8)
- age   1:    4036032 bytes,    4036032 total
- age   2:    3183928 bytes,    7219960 total
- age   3:    3497632 bytes,   10717592 total
- age   4:    2055448 bytes,   12773040 total
- age   5:    3207104 bytes,   15980144 total
- age   6:    2188488 bytes,   18168632 total
- age   7:         16 bytes,   18168648 total
- age   8:    4171992 bytes,   22340640 total
: 109248K->21824K(109248K), 0.0150286 secs] 227275K->145605K(502464K), 0.0151133 secs] [Times: user=0.06 sys=0.00, real=0.01 secs] 
Heap after GC invocations=336 (full 21):
 par new generation   total 109248K, used 21824K [0x00000000e0000000, 0x00000000e8000000, 0x00000000e8000000)
  eden space 87424K,   0% used [0x00000000e0000000, 0x00000000e0000000, 0x00000000e5560000)
  from space 21824K, 100% used [0x00000000e5560000, 0x00000000e6ab0000, 0x00000000e6ab0000)
  to   space 21824K,   0% used [0x00000000e6ab0000, 0x00000000e6ab0000, 0x00000000e8000000)
 concurrent mark-sweep generation total 393216K, used 123781K [0x00000000e8000000, 0x0000000100000000, 0x0000000100000000)
 Metaspace       used 56288K, capacity 57965K, committed 58316K, reserved 1099776K
  class space    used 6561K, capacity 6966K, committed 7116K, reserved 1048576K
}
2020-06-30T22:00:29.511+0100: 2677.154: Total time for which application threads were stopped: 0.0153653 seconds, Stopping threads took: 0.0000706 seconds
2020-06-30T22:00:30.495+0100: 2678.138: Total time for which application threads were stopped: 0.0009302 seconds, Stopping threads took: 0.0008348 seconds
2020-06-30T22:00:30.496+0100: 2678.139: Total time for which application threads were stopped: 0.0002293 seconds, Stopping threads took: 0.0001342 seconds
2020-06-30T22:00:30.507+0100: 2678.149: Total time for which application threads were stopped: 0.0001959 seconds, Stopping threads took: 0.0000581 seconds
2020-06-30T22:00:30.507+0100: 2678.150: Total time for which application threads were stopped: 0.0001412 seconds, Stopping threads took: 0.0000506 seconds
2020-06-30T22:00:30.507+0100: 2678.150: Total time for which application threads were stopped: 0.0000873 seconds, Stopping threads took: 0.0000189 seconds
2020-06-30T22:00:30.509+0100: 2678.151: Total time for which application threads were stopped: 0.0006867 seconds, Stopping threads took: 0.0005378 seconds
2020-06-30T22:00:30.511+0100: 2678.154: Total time for which application threads were stopped: 0.0001653 seconds, Stopping threads took: 0.0000543 seconds
2020-06-30T22:06:04.649+0100: 3012.292: Total time for which application threads were stopped: 0.0001461 seconds, Stopping threads took: 0.0000479 seconds
2020-06-30T22:07:04.678+0100: 3072.321: Total time for which application threads were stopped: 0.0001895 seconds, Stopping threads took: 0.0000602 seconds
2020-06-30T22:08:04.707+0100: 3132.350: Total time for which application threads were stopped: 0.0001184 seconds, Stopping threads took: 0.0000381 seconds
2020-06-30T22:09:04.732+0100: 3192.375: Total time for which application threads were stopped: 0.0001243 seconds, Stopping threads took: 0.0000361 seconds
2020-06-30T22:10:00.516+0100: 3248.159: Total time for which application threads were stopped: 0.0016906 seconds, Stopping threads took: 0.0015891 seconds
2020-06-30T22:10:00.539+0100: 3248.183: Total time for which application threads were stopped: 0.0001692 seconds, Stopping threads took: 0.0000441 seconds
2020-06-30T22:10:00.541+0100: 3248.185: Total time for which application threads were stopped: 0.0001428 seconds, Stopping threads took: 0.0000608 seconds
{Heap before GC invocations=336 (full 21):
 par new generation   total 109248K, used 109248K [0x00000000e0000000, 0x00000000e8000000, 0x00000000e8000000)
  eden space 87424K, 100% used [0x00000000e0000000, 0x00000000e5560000, 0x00000000e5560000)
  from space 21824K, 100% used [0x00000000e5560000, 0x00000000e6ab0000, 0x00000000e6ab0000)
  to   space 21824K,   0% used [0x00000000e6ab0000, 0x00000000e6ab0000, 0x00000000e8000000)
 concurrent mark-sweep generation total 393216K, used 123781K [0x00000000e8000000, 0x0000000100000000, 0x0000000100000000)
 Metaspace       used 56327K, capacity 57989K, committed 58316K, reserved 1099776K
  class space    used 6562K, capacity 6968K, committed 7116K, reserved 1048576K
2020-06-30T22:10:00.658+0100: 3248.302: [GC (Allocation Failure) 2020-06-30T22:10:00.658+0100: 3248.302: [ParNew
Desired survivor size 20112992 bytes, new threshold 8 (max 8)
- age   1:    2374048 bytes,    2374048 total
- age   2:    2987192 bytes,    5361240 total
- age   3:    2968600 bytes,    8329840 total
- age   4:    3160896 bytes,   11490736 total
- age   5:    1760912 bytes,   13251648 total
- age   6:    3048232 bytes,   16299880 total
- age   7:    2172560 bytes,   18472440 total
: 109248K->21824K(109248K), 0.0243768 secs] 233029K->151616K(502464K), 0.0244830 secs] [Times: user=0.03 sys=0.02, real=0.02 secs] 
Heap after GC invocations=337 (full 21):
 par new generation   total 109248K, used 21824K [0x00000000e0000000, 0x00000000e8000000, 0x00000000e8000000)
  eden space 87424K,   0% used [0x00000000e0000000, 0x00000000e0000000, 0x00000000e5560000)
  from space 21824K, 100% used [0x00000000e6ab0000, 0x00000000e8000000, 0x00000000e8000000)
  to   space 21824K,   0% used [0x00000000e5560000, 0x00000000e5560000, 0x00000000e6ab0000)
 concurrent mark-sweep generation total 393216K, used 129792K [0x00000000e8000000, 0x0000000100000000, 0x0000000100000000)
 Metaspace       used 56327K, capacity 57989K, committed 58316K, reserved 1099776K
  class space    used 6562K, capacity 6968K, committed 7116K, reserved 1048576K
}
2020-06-30T22:10:00.683+0100: 3248.326: Total time for which application threads were stopped: 0.0254940 seconds, Stopping threads took: 0.0007508 seconds
2020-06-30T22:10:00.767+0100: 3248.410: Total time for which application threads were stopped: 0.0001943 seconds, Stopping threads took: 0.0000745 seconds
{Heap before GC invocations=337 (full 21):
 par new generation   total 109248K, used 109248K [0x00000000e0000000, 0x00000000e8000000, 0x00000000e8000000)
  eden space 87424K, 100% used [0x00000000e0000000, 0x00000000e5560000, 0x00000000e5560000)
  from space 21824K, 100% used [0x00000000e6ab0000, 0x00000000e8000000, 0x00000000e8000000)
  to   space 21824K,   0% used [0x00000000e5560000, 0x00000000e5560000, 0x00000000e6ab0000)
 concurrent mark-sweep generation total 393216K, used 129792K [0x00000000e8000000, 0x0000000100000000, 0x0000000100000000)
 Metaspace       used 56327K, capacity 57989K, committed 58316K, reserved 1099776K
  class space    used 6562K, capacity 6968K, committed 7116K, reserved 1048576K
2020-06-30T22:10:00.858+0100: 3248.502: [GC (Allocation Failure) 2020-06-30T22:10:00.858+0100: 3248.502: [ParNew
Desired survivor size 20112992 bytes, new threshold 7 (max 8)
- age   1:    4441008 bytes,    4441008 total
- age   2:    2081024 bytes,    6522032 total
- age   3:    2987072 bytes,    9509104 total
- age   4:    2690448 bytes,   12199552 total
- age   5:    3160736 bytes,   15360288 total
- age   6:    1760912 bytes,   17121200 total
- age   7:    3048232 bytes,   20169432 total
- age   8:    2172560 bytes,   22341992 total
: 109248K->21824K(109248K), 0.0186161 secs] 239040K->157844K(502464K), 0.0187179 secs] [Times: user=0.06 sys=0.00, real=0.02 secs] 
Heap after GC invocations=338 (full 21):
 par new generation   total 109248K, used 21824K [0x00000000e0000000, 0x00000000e8000000, 0x00000000e8000000)
  eden space 87424K,   0% used [0x00000000e0000000, 0x00000000e0000000, 0x00000000e5560000)
  from space 21824K, 100% used [0x00000000e5560000, 0x00000000e6ab0000, 0x00000000e6ab0000)
  to   space 21824K,   0% used [0x00000000e6ab0000, 0x00000000e6ab0000, 0x00000000e8000000)
 concurrent mark-sweep generation total 393216K, used 136020K [0x00000000e8000000, 0x0000000100000000, 0x0000000100000000)
 Metaspace       used 56327K, capacity 57989K, committed 58316K, reserved 1099776K
  class space    used 6562K, capacity 6968K, committed 7116K, reserved 1048576K
}
2020-06-30T22:10:00.877+0100: 3248.521: Total time for which application threads were stopped: 0.0191017 seconds, Stopping threads took: 0.0000750 seconds
{Heap before GC invocations=338 (full 21):
 par new generation   total 109248K, used 109248K [0x00000000e0000000, 0x00000000e8000000, 0x00000000e8000000)
  eden space 87424K, 100% used [0x00000000e0000000, 0x00000000e5560000, 0x00000000e5560000)
  from space 21824K, 100% used [0x00000000e5560000, 0x00000000e6ab0000, 0x00000000e6ab0000)
  to   space 21824K,   0% used [0x00000000e6ab0000, 0x00000000e6ab0000, 0x00000000e8000000)
 concurrent mark-sweep generation total 393216K, used 136020K [0x00000000e8000000, 0x0000000100000000, 0x0000000100000000)
 Metaspace       used 56327K, capacity 57989K, committed 58316K, reserved 1099776K
  class space    used 6562K, capacity 6968K, committed 7116K, reserved 1048576K
2020-06-30T22:10:01.031+0100: 3248.674: [GC (Allocation Failure) 2020-06-30T22:10:01.031+0100: 3248.674: [ParNew
Desired survivor size 20112992 bytes, new threshold 6 (max 8)
- age   1:    7231672 bytes,    7231672 total
- age   2:    2431456 bytes,    9663128 total
- age   3:    2079960 bytes,   11743088 total
- age   4:    2987072 bytes,   14730160 total
- age   5:    2690448 bytes,   17420608 total
- age   6:    3160736 bytes,   20581344 total
- age   7:    1760912 bytes,   22342256 total
: 109248K->21824K(109248K), 0.0221842 secs] 245268K->167869K(502464K), 0.0222580 secs] [Times: user=0.08 sys=0.00, real=0.02 secs] 
Heap after GC invocations=339 (full 21):
 par new generation   total 109248K, used 21824K [0x00000000e0000000, 0x00000000e8000000, 0x00000000e8000000)
  eden space 87424K,   0% used [0x00000000e0000000, 0x00000000e0000000, 0x00000000e5560000)
  from space 21824K, 100% used [0x00000000e6ab0000, 0x00000000e8000000, 0x00000000e8000000)
  to   space 21824K,   0% used [0x00000000e5560000, 0x00000000e5560000, 0x00000000e6ab0000)
 concurrent mark-sweep generation total 393216K, used 146045K [0x00000000e8000000, 0x0000000100000000, 0x0000000100000000)
 Metaspace       used 56327K, capacity 57989K, committed 58316K, reserved 1099776K
  class space    used 6562K, capacity 6968K, committed 7116K, reserved 1048576K
}
2020-06-30T22:10:01.053+0100: 3248.697: Total time for which application threads were stopped: 0.0227248 seconds, Stopping threads took: 0.0002295 seconds
{Heap before GC invocations=339 (full 21):
 par new generation   total 109248K, used 109248K [0x00000000e0000000, 0x00000000e8000000, 0x00000000e8000000)
  eden space 87424K, 100% used [0x00000000e0000000, 0x00000000e5560000, 0x00000000e5560000)
  from space 21824K, 100% used [0x00000000e6ab0000, 0x00000000e8000000, 0x00000000e8000000)
  to   space 21824K,   0% used [0x00000000e5560000, 0x00000000e5560000, 0x00000000e6ab0000)
 concurrent mark-sweep generation total 393216K, used 146045K [0x00000000e8000000, 0x0000000100000000, 0x0000000100000000)
 Metaspace       used 56328K, capacity 57989K, committed 58316K, reserved 1099776K
  class space    used 6562K, capacity 6968K, committed 7116K, reserved 1048576K
2020-06-30T22:10:01.240+0100: 3248.884: [GC (Allocation Failure) 2020-06-30T22:10:01.240+0100: 3248.884: [ParNew
Desired survivor size 20112992 bytes, new threshold 6 (max 8)
- age   1:    8836576 bytes,    8836576 total
- age   2:    2838840 bytes,   11675416 total
- age   3:    2290016 bytes,   13965432 total
- age   4:    2069112 bytes,   16034544 total
- age   5:    2987072 bytes,   19021616 total
- age   6:    2690448 bytes,   21712064 total
: 109248K->21824K(109248K), 0.0195043 secs] 255293K->178679K(502464K), 0.0196175 secs] [Times: user=0.05 sys=0.00, real=0.02 secs] 
Heap after GC invocations=340 (full 21):
 par new generation   total 109248K, used 21824K [0x00000000e0000000, 0x00000000e8000000, 0x00000000e8000000)
  eden space 87424K,   0% used [0x00000000e0000000, 0x00000000e0000000, 0x00000000e5560000)
  from space 21824K, 100% used [0x00000000e5560000, 0x00000000e6ab0000, 0x00000000e6ab0000)
  to   space 21824K,   0% used [0x00000000e6ab0000, 0x00000000e6ab0000, 0x00000000e8000000)
 concurrent mark-sweep generation total 393216K, used 156855K [0x00000000e8000000, 0x0000000100000000, 0x0000000100000000)
 Metaspace       used 56328K, capacity 57989K, committed 58316K, reserved 1099776K
  class space    used 6562K, capacity 6968K, committed 7116K, reserved 1048576K
}
2020-06-30T22:10:01.260+0100: 3248.903: Total time for which application threads were stopped: 0.0199866 seconds, Stopping threads took: 0.0000733 seconds
2020-06-30T22:10:02.403+0100: 3250.046: Total time for which application threads were stopped: 0.0003217 seconds, Stopping threads took: 0.0001680 seconds
2020-06-30T22:10:02.403+0100: 3250.046: Total time for which application threads were stopped: 0.0001547 seconds, Stopping threads took: 0.0000623 seconds
2020-06-30T22:10:02.403+0100: 3250.047: Total time for which application threads were stopped: 0.0001845 seconds, Stopping threads took: 0.0001011 seconds
2020-06-30T22:10:02.404+0100: 3250.047: Total time for which application threads were stopped: 0.0001520 seconds, Stopping threads took: 0.0000704 seconds
2020-06-30T22:10:02.405+0100: 3250.049: Total time for which application threads were stopped: 0.0001657 seconds, Stopping threads took: 0.0000678 seconds
2020-06-30T22:10:02.409+0100: 3250.053: Total time for which application threads were stopped: 0.0003056 seconds, Stopping threads took: 0.0000544 seconds
2020-06-30T22:10:02.410+0100: 3250.054: Total time for which application threads were stopped: 0.0001676 seconds, Stopping threads took: 0.0000640 seconds
2020-06-30T22:10:02.413+0100: 3250.056: Total time for which application threads were stopped: 0.0001660 seconds, Stopping threads took: 0.0000715 seconds
2020-06-30T22:10:09.222+0100: 3256.865: Total time for which application threads were stopped: 0.0002026 seconds, Stopping threads took: 0.0001454 seconds
2020-06-30T22:10:09.224+0100: 3256.868: Total time for which application threads were stopped: 0.0001293 seconds, Stopping threads took: 0.0000670 seconds
2020-06-30T22:10:09.226+0100: 3256.870: Total time for which application threads were stopped: 0.0001563 seconds, Stopping threads took: 0.0000832 seconds
{Heap before GC invocations=340 (full 21):
 par new generation   total 109248K, used 109248K [0x00000000e0000000, 0x00000000e8000000, 0x00000000e8000000)
  eden space 87424K, 100% used [0x00000000e0000000, 0x00000000e5560000, 0x00000000e5560000)
  from space 21824K, 100% used [0x00000000e5560000, 0x00000000e6ab0000, 0x00000000e6ab0000)
  to   space 21824K,   0% used [0x00000000e6ab0000, 0x00000000e6ab0000, 0x00000000e8000000)
 concurrent mark-sweep generation total 393216K, used 156855K [0x00000000e8000000, 0x0000000100000000, 0x0000000100000000)
 Metaspace       used 56340K, capacity 57989K, committed 58316K, reserved 1099776K
  class space    used 6562K, capacity 6968K, committed 7116K, reserved 1048576K
2020-06-30T22:10:09.314+0100: 3256.958: [GC (Allocation Failure) 2020-06-30T22:10:09.314+0100: 3256.958: [ParNew
Desired survivor size 20112992 bytes, new threshold 6 (max 8)
- age   1:    7312544 bytes,    7312544 total
- age   2:    3934464 bytes,   11247008 total
- age   3:    2648392 bytes,   13895400 total
- age   4:    2014032 bytes,   15909432 total
- age   5:    1836928 bytes,   17746360 total
- age   6:    2987072 bytes,   20733432 total
: 109248K->21824K(109248K), 0.0142218 secs] 266103K->184448K(502464K), 0.0143137 secs] [Times: user=0.06 sys=0.00, real=0.01 secs] 
Heap after GC invocations=341 (full 21):
 par new generation   total 109248K, used 21824K [0x00000000e0000000, 0x00000000e8000000, 0x00000000e8000000)
  eden space 87424K,   0% used [0x00000000e0000000, 0x00000000e0000000, 0x00000000e5560000)
  from space 21824K, 100% used [0x00000000e6ab0000, 0x00000000e8000000, 0x00000000e8000000)
  to   space 21824K,   0% used [0x00000000e5560000, 0x00000000e5560000, 0x00000000e6ab0000)
 concurrent mark-sweep generation total 393216K, used 162624K [0x00000000e8000000, 0x0000000100000000, 0x0000000100000000)
 Metaspace       used 56340K, capacity 57989K, committed 58316K, reserved 1099776K
  class space    used 6562K, capacity 6968K, committed 7116K, reserved 1048576K
}
2020-06-30T22:10:09.328+0100: 3256.972: Total time for which application threads were stopped: 0.0145773 seconds, Stopping threads took: 0.0000751 seconds
2020-06-30T22:10:09.334+0100: 3256.977: Total time for which application threads were stopped: 0.0001839 seconds, Stopping threads took: 0.0000953 seconds
{Heap before GC invocations=341 (full 21):
 par new generation   total 109248K, used 109248K [0x00000000e0000000, 0x00000000e8000000, 0x00000000e8000000)
  eden space 87424K, 100% used [0x00000000e0000000, 0x00000000e5560000, 0x00000000e5560000)
  from space 21824K, 100% used [0x00000000e6ab0000, 0x00000000e8000000, 0x00000000e8000000)
  to   space 21824K,   0% used [0x00000000e5560000, 0x00000000e5560000, 0x00000000e6ab0000)
 concurrent mark-sweep generation total 393216K, used 162624K [0x00000000e8000000, 0x0000000100000000, 0x0000000100000000)
 Metaspace       used 56340K, capacity 57989K, committed 58316K, reserved 1099776K
  class space    used 6562K, capacity 6968K, committed 7116K, reserved 1048576K
2020-06-30T22:10:09.420+0100: 3257.064: [GC (Allocation Failure) 2020-06-30T22:10:09.420+0100: 3257.064: [ParNew
Desired survivor size 20112992 bytes, new threshold 6 (max 8)
- age   1:    6113912 bytes,    6113912 total
- age   2:    3641672 bytes,    9755584 total
- age   3:    3934072 bytes,   13689656 total
- age   4:    2648392 bytes,   16338048 total
- age   5:    2011984 bytes,   18350032 total
- age   6:    1836704 bytes,   20186736 total
: 109248K->21824K(109248K), 0.0120613 secs] 271872K->191056K(502464K), 0.0121368 secs] [Times: user=0.06 sys=0.00, real=0.01 secs] 
Heap after GC invocations=342 (full 21):
 par new generation   total 109248K, used 21824K [0x00000000e0000000, 0x00000000e8000000, 0x00000000e8000000)
  eden space 87424K,   0% used [0x00000000e0000000, 0x00000000e0000000, 0x00000000e5560000)
  from space 21824K, 100% used [0x00000000e5560000, 0x00000000e6ab0000, 0x00000000e6ab0000)
  to   space 21824K,   0% used [0x00000000e6ab0000, 0x00000000e6ab0000, 0x00000000e8000000)
 concurrent mark-sweep generation total 393216K, used 169232K [0x00000000e8000000, 0x0000000100000000, 0x0000000100000000)
 Metaspace       used 56340K, capacity 57989K, committed 58316K, reserved 1099776K
  class space    used 6562K, capacity 6968K, committed 7116K, reserved 1048576K
}
2020-06-30T22:10:09.432+0100: 3257.076: Total time for which application threads were stopped: 0.0124943 seconds, Stopping threads took: 0.0000795 seconds
{Heap before GC invocations=342 (full 21):
 par new generation   total 109248K, used 109248K [0x00000000e0000000, 0x00000000e8000000, 0x00000000e8000000)
  eden space 87424K, 100% used [0x00000000e0000000, 0x00000000e5560000, 0x00000000e5560000)
  from space 21824K, 100% used [0x00000000e5560000, 0x00000000e6ab0000, 0x00000000e6ab0000)
  to   space 21824K,   0% used [0x00000000e6ab0000, 0x00000000e6ab0000, 0x00000000e8000000)
 concurrent mark-sweep generation total 393216K, used 169232K [0x00000000e8000000, 0x0000000100000000, 0x0000000100000000)
 Metaspace       used 56342K, capacity 57989K, committed 58316K, reserved 1099776K
  class space    used 6562K, capacity 6968K, committed 7116K, reserved 1048576K
2020-06-30T22:10:09.551+0100: 3257.194: [GC (Allocation Failure) 2020-06-30T22:10:09.551+0100: 3257.194: [ParNew
Desired survivor size 20112992 bytes, new threshold 6 (max 8)
- age   1:    5467120 bytes,    5467120 total
- age   2:    3212904 bytes,    8680024 total
- age   3:    3625296 bytes,   12305320 total
- age   4:    3934072 bytes,   16239392 total
- age   5:    2648392 bytes,   18887784 total
- age   6:    2011984 bytes,   20899768 total
: 109248K->21824K(109248K), 0.0133258 secs] 278480K->194763K(502464K), 0.0134081 secs] [Times: user=0.06 sys=0.00, real=0.01 secs] 
Heap after GC invocations=343 (full 21):
 par new generation   total 109248K, used 21824K [0x00000000e0000000, 0x00000000e8000000, 0x00000000e8000000)
  eden space 87424K,   0% used [0x00000000e0000000, 0x00000000e0000000, 0x00000000e5560000)
  from space 21824K, 100% used [0x00000000e6ab0000, 0x00000000e8000000, 0x00000000e8000000)
  to   space 21824K,   0% used [0x00000000e5560000, 0x00000000e5560000, 0x00000000e6ab0000)
 concurrent mark-sweep generation total 393216K, used 172939K [0x00000000e8000000, 0x0000000100000000, 0x0000000100000000)
 Metaspace       used 56342K, capacity 57989K, committed 58316K, reserved 1099776K
  class space    used 6562K, capacity 6968K, committed 7116K, reserved 1048576K
}
2020-06-30T22:10:09.564+0100: 3257.208: Total time for which application threads were stopped: 0.0136635 seconds, Stopping threads took: 0.0000666 seconds
{Heap before GC invocations=343 (full 21):
 par new generation   total 109248K, used 109248K [0x00000000e0000000, 0x00000000e8000000, 0x00000000e8000000)
  eden space 87424K, 100% used [0x00000000e0000000, 0x00000000e5560000, 0x00000000e5560000)
  from space 21824K, 100% used [0x00000000e6ab0000, 0x00000000e8000000, 0x00000000e8000000)
  to   space 21824K,   0% used [0x00000000e5560000, 0x00000000e5560000, 0x00000000e6ab0000)
 concurrent mark-sweep generation total 393216K, used 172939K [0x00000000e8000000, 0x0000000100000000, 0x0000000100000000)
 Metaspace       used 56342K, capacity 57989K, committed 58316K, reserved 1099776K
  class space    used 6562K, capacity 6968K, committed 7116K, reserved 1048576K
2020-06-30T22:10:09.728+0100: 3257.371: [GC (Allocation Failure) 2020-06-30T22:10:09.728+0100: 3257.372: [ParNew
Desired survivor size 20112992 bytes, new threshold 6 (max 8)
- age   1:    4877512 bytes,    4877512 total
- age   2:    3477360 bytes,    8354872 total
- age   3:    2543768 bytes,   10898640 total
- age   4:    3427560 bytes,   14326200 total
- age   5:    3934072 bytes,   18260272 total
- age   6:    2648392 bytes,   20908664 total
: 109248K->21824K(109248K), 0.0163145 secs] 282187K->202768K(502464K), 0.0164240 secs] [Times: user=0.05 sys=0.01, real=0.02 secs] 
Heap after GC invocations=344 (full 21):
 par new generation   total 109248K, used 21824K [0x00000000e0000000, 0x00000000e8000000, 0x00000000e8000000)
  eden space 87424K,   0% used [0x00000000e0000000, 0x00000000e0000000, 0x00000000e5560000)
  from space 21824K, 100% used [0x00000000e5560000, 0x00000000e6ab0000, 0x00000000e6ab0000)
  to   space 21824K,   0% used [0x00000000e6ab0000, 0x00000000e6ab0000, 0x00000000e8000000)
 concurrent mark-sweep generation total 393216K, used 180944K [0x00000000e8000000, 0x0000000100000000, 0x0000000100000000)
 Metaspace       used 56342K, capacity 57989K, committed 58316K, reserved 1099776K
  class space    used 6562K, capacity 6968K, committed 7116K, reserved 1048576K
}
2020-06-30T22:10:09.744+0100: 3257.388: Total time for which application threads were stopped: 0.0166987 seconds, Stopping threads took: 0.0000611 seconds
2020-06-30T22:10:10.766+0100: 3258.409: Total time for which application threads were stopped: 0.0002134 seconds, Stopping threads took: 0.0001124 seconds
2020-06-30T22:10:10.766+0100: 3258.410: Total time for which application threads were stopped: 0.0001485 seconds, Stopping threads took: 0.0000670 seconds
2020-06-30T22:10:10.766+0100: 3258.410: Total time for which application threads were stopped: 0.0001300 seconds, Stopping threads took: 0.0000437 seconds
2020-06-30T22:10:10.767+0100: 3258.410: Total time for which application threads were stopped: 0.0001113 seconds, Stopping threads took: 0.0000496 seconds
2020-06-30T22:10:10.767+0100: 3258.411: Total time for which application threads were stopped: 0.0001137 seconds, Stopping threads took: 0.0000434 seconds
2020-06-30T22:10:10.767+0100: 3258.411: Total time for which application threads were stopped: 0.0000992 seconds, Stopping threads took: 0.0000488 seconds
2020-06-30T22:10:10.767+0100: 3258.411: Total time for which application threads were stopped: 0.0001278 seconds, Stopping threads took: 0.0000460 seconds
2020-06-30T22:10:10.768+0100: 3258.411: Total time for which application threads were stopped: 0.0000969 seconds, Stopping threads took: 0.0000415 seconds
2020-06-30T22:10:24.240+0100: 3271.884: Total time for which application threads were stopped: 0.0000720 seconds, Stopping threads took: 0.0000227 seconds
2020-06-30T22:10:31.576+0100: 3279.219: Total time for which application threads were stopped: 0.0003389 seconds, Stopping threads took: 0.0001811 seconds
2020-06-30T22:10:31.598+0100: 3279.241: Total time for which application threads were stopped: 0.0001647 seconds, Stopping threads took: 0.0000669 seconds
2020-06-30T22:10:31.600+0100: 3279.243: Total time for which application threads were stopped: 0.0001213 seconds, Stopping threads took: 0.0000368 seconds
2020-06-30T22:10:31.775+0100: 3279.418: Total time for which application threads were stopped: 0.0039196 seconds, Stopping threads took: 0.0038010 seconds
{Heap before GC invocations=344 (full 21):
 par new generation   total 109248K, used 109248K [0x00000000e0000000, 0x00000000e8000000, 0x00000000e8000000)
  eden space 87424K, 100% used [0x00000000e0000000, 0x00000000e5560000, 0x00000000e5560000)
  from space 21824K, 100% used [0x00000000e5560000, 0x00000000e6ab0000, 0x00000000e6ab0000)
  to   space 21824K,   0% used [0x00000000e6ab0000, 0x00000000e6ab0000, 0x00000000e8000000)
 concurrent mark-sweep generation total 393216K, used 180944K [0x00000000e8000000, 0x0000000100000000, 0x0000000100000000)
 Metaspace       used 56440K, capacity 58181K, committed 58572K, reserved 1101824K
  class space    used 6562K, capacity 6968K, committed 7116K, reserved 1048576K
2020-06-30T22:10:31.817+0100: 3279.460: [GC (Allocation Failure) 2020-06-30T22:10:31.817+0100: 3279.460: [ParNew
Desired survivor size 20112992 bytes, new threshold 6 (max 8)
- age   1:    6220448 bytes,    6220448 total
- age   2:    3357992 bytes,    9578440 total
- age   3:    3372608 bytes,   12951048 total
- age   4:    2129872 bytes,   15080920 total
- age   5:    3324632 bytes,   18405552 total
- age   6:    3934072 bytes,   22339624 total
: 109248K->21824K(109248K), 0.0213206 secs] 290192K->210215K(502464K), 0.0214596 secs] [Times: user=0.13 sys=0.00, real=0.02 secs] 
Heap after GC invocations=345 (full 21):
 par new generation   total 109248K, used 21824K [0x00000000e0000000, 0x00000000e8000000, 0x00000000e8000000)
  eden space 87424K,   0% used [0x00000000e0000000, 0x00000000e0000000, 0x00000000e5560000)
  from space 21824K, 100% used [0x00000000e6ab0000, 0x00000000e8000000, 0x00000000e8000000)
  to   space 21824K,   0% used [0x00000000e5560000, 0x00000000e5560000, 0x00000000e6ab0000)
 concurrent mark-sweep generation total 393216K, used 188391K [0x00000000e8000000, 0x0000000100000000, 0x0000000100000000)
 Metaspace       used 56440K, capacity 58181K, committed 58572K, reserved 1101824K
  class space    used 6562K, capacity 6968K, committed 7116K, reserved 1048576K
}
2020-06-30T22:10:31.839+0100: 3279.482: Total time for which application threads were stopped: 0.0228985 seconds, Stopping threads took: 0.0011557 seconds
{Heap before GC invocations=345 (full 21):
 par new generation   total 109248K, used 109248K [0x00000000e0000000, 0x00000000e8000000, 0x00000000e8000000)
  eden space 87424K, 100% used [0x00000000e0000000, 0x00000000e5560000, 0x00000000e5560000)
  from space 21824K, 100% used [0x00000000e6ab0000, 0x00000000e8000000, 0x00000000e8000000)
  to   space 21824K,   0% used [0x00000000e5560000, 0x00000000e5560000, 0x00000000e6ab0000)
 concurrent mark-sweep generation total 393216K, used 188391K [0x00000000e8000000, 0x0000000100000000, 0x0000000100000000)
 Metaspace       used 56440K, capacity 58181K, committed 58572K, reserved 1101824K
  class space    used 6562K, capacity 6968K, committed 7116K, reserved 1048576K
2020-06-30T22:10:32.096+0100: 3279.738: [GC (Allocation Failure) 2020-06-30T22:10:32.096+0100: 3279.739: [ParNew
Desired survivor size 20112992 bytes, new threshold 6 (max 8)
- age   1:    4747208 bytes,    4747208 total
- age   2:    4962456 bytes,    9709664 total
- age   3:    3357880 bytes,   13067544 total
- age   4:    3372528 bytes,   16440072 total
- age   5:    2129968 bytes,   18570040 total
- age   6:    3324448 bytes,   21894488 total
: 109248K->21824K(109248K), 0.0202011 secs] 297639K->218624K(502464K), 0.0203060 secs] [Times: user=0.06 sys=0.02, real=0.02 secs] 
Heap after GC invocations=346 (full 21):
 par new generation   total 109248K, used 21824K [0x00000000e0000000, 0x00000000e8000000, 0x00000000e8000000)
  eden space 87424K,   0% used [0x00000000e0000000, 0x00000000e0000000, 0x00000000e5560000)
  from space 21824K, 100% used [0x00000000e5560000, 0x00000000e6ab0000, 0x00000000e6ab0000)
  to   space 21824K,   0% used [0x00000000e6ab0000, 0x00000000e6ab0000, 0x00000000e8000000)
 concurrent mark-sweep generation total 393216K, used 196800K [0x00000000e8000000, 0x0000000100000000, 0x0000000100000000)
 Metaspace       used 56440K, capacity 58181K, committed 58572K, reserved 1101824K
  class space    used 6562K, capacity 6968K, committed 7116K, reserved 1048576K
}
2020-06-30T22:10:32.116+0100: 3279.759: Total time for which application threads were stopped: 0.0206881 seconds, Stopping threads took: 0.0000815 seconds
2020-06-30T22:10:32.117+0100: 3279.760: [GC (CMS Initial Mark) [1 CMS-initial-mark: 196800K(393216K)] 218624K(502464K), 0.0052244 secs] [Times: user=0.00 sys=0.00, real=0.00 secs] 
2020-06-30T22:10:32.122+0100: 3279.765: Total time for which application threads were stopped: 0.0054897 seconds, Stopping threads took: 0.0000899 seconds
2020-06-30T22:10:32.122+0100: 3279.765: [CMS-concurrent-mark-start]
2020-06-30T22:10:32.148+0100: 3279.791: [CMS-concurrent-mark: 0.026/0.026 secs] [Times: user=0.13 sys=0.00, real=0.03 secs] 
2020-06-30T22:10:32.149+0100: 3279.791: [CMS-concurrent-preclean-start]
2020-06-30T22:10:32.150+0100: 3279.793: [CMS-concurrent-preclean: 0.002/0.002 secs] [Times: user=0.00 sys=0.00, real=0.00 secs] 
2020-06-30T22:10:32.151+0100: 3279.794: [GC (CMS Final Remark) [YG occupancy: 23022 K (109248 K)]{Heap before GC invocations=346 (full 22):
 par new generation   total 109248K, used 23022K [0x00000000e0000000, 0x00000000e8000000, 0x00000000e8000000)
  eden space 87424K,   1% used [0x00000000e0000000, 0x00000000e012bb80, 0x00000000e5560000)
  from space 21824K, 100% used [0x00000000e5560000, 0x00000000e6ab0000, 0x00000000e6ab0000)
  to   space 21824K,   0% used [0x00000000e6ab0000, 0x00000000e6ab0000, 0x00000000e8000000)
 concurrent mark-sweep generation total 393216K, used 196800K [0x00000000e8000000, 0x0000000100000000, 0x0000000100000000)
 Metaspace       used 56440K, capacity 58181K, committed 58572K, reserved 1101824K
  class space    used 6562K, capacity 6968K, committed 7116K, reserved 1048576K
2020-06-30T22:10:32.151+0100: 3279.794: [GC (CMS Final Remark) 2020-06-30T22:10:32.151+0100: 3279.794: [ParNew
Desired survivor size 20112992 bytes, new threshold 8 (max 8)
- age   1:     137208 bytes,     137208 total
- age   2:    3598208 bytes,    3735416 total
- age   3:    4948888 bytes,    8684304 total
- age   4:    3357864 bytes,   12042168 total
- age   5:    3372528 bytes,   15414696 total
- age   6:    2129808 bytes,   17544504 total
: 23022K->21824K(109248K), 0.0138996 secs] 219823K->222782K(502464K), 0.0139799 secs] [Times: user=0.06 sys=0.00, real=0.01 secs] 
Heap after GC invocations=347 (full 22):
 par new generation   total 109248K, used 21824K [0x00000000e0000000, 0x00000000e8000000, 0x00000000e8000000)
  eden space 87424K,   0% used [0x00000000e0000000, 0x00000000e0000000, 0x00000000e5560000)
  from space 21824K, 100% used [0x00000000e6ab0000, 0x00000000e8000000, 0x00000000e8000000)
  to   space 21824K,   0% used [0x00000000e5560000, 0x00000000e5560000, 0x00000000e6ab0000)
 concurrent mark-sweep generation total 393216K, used 200958K [0x00000000e8000000, 0x0000000100000000, 0x0000000100000000)
 Metaspace       used 56440K, capacity 58181K, committed 58572K, reserved 1101824K
  class space    used 6562K, capacity 6968K, committed 7116K, reserved 1048576K
}
2020-06-30T22:10:32.165+0100: 3279.808: [Rescan (parallel) , 0.0056694 secs]2020-06-30T22:10:32.171+0100: 3279.813: [weak refs processing, 0.0052084 secs]2020-06-30T22:10:32.176+0100: 3279.819: [class unloading, 0.0197287 secs]2020-06-30T22:10:32.196+0100: 3279.838: [scrub symbol table, 0.0170518 secs]2020-06-30T22:10:32.213+0100: 3279.856: [scrub string table, 0.0010545 secs][1 CMS-remark: 200958K(393216K)] 222782K(502464K), 0.0633061 secs] [Times: user=0.11 sys=0.00, real=0.06 secs] 
2020-06-30T22:10:32.214+0100: 3279.857: Total time for which application threads were stopped: 0.0635171 seconds, Stopping threads took: 0.0000606 seconds
2020-06-30T22:10:32.214+0100: 3279.857: [CMS-concurrent-sweep-start]
2020-06-30T22:10:32.216+0100: 3279.859: Total time for which application threads were stopped: 0.0002204 seconds, Stopping threads took: 0.0000852 seconds
2020-06-30T22:10:32.217+0100: 3279.859: Total time for which application threads were stopped: 0.0001432 seconds, Stopping threads took: 0.0000549 seconds
2020-06-30T22:10:32.217+0100: 3279.860: Total time for which application threads were stopped: 0.0001354 seconds, Stopping threads took: 0.0000613 seconds
2020-06-30T22:10:32.221+0100: 3279.864: Total time for which application threads were stopped: 0.0002520 seconds, Stopping threads took: 0.0001297 seconds
2020-06-30T22:10:32.238+0100: 3279.881: Total time for which application threads were stopped: 0.0003317 seconds, Stopping threads took: 0.0002169 seconds
2020-06-30T22:10:32.239+0100: 3279.882: Total time for which application threads were stopped: 0.0001679 seconds, Stopping threads took: 0.0000701 seconds
2020-06-30T22:10:32.240+0100: 3279.883: Total time for which application threads were stopped: 0.0003065 seconds, Stopping threads took: 0.0001514 seconds
2020-06-30T22:10:32.244+0100: 3279.887: Total time for which application threads were stopped: 0.0003539 seconds, Stopping threads took: 0.0000691 seconds
2020-06-30T22:10:32.246+0100: 3279.889: Total time for which application threads were stopped: 0.0002919 seconds, Stopping threads took: 0.0001009 seconds
2020-06-30T22:10:32.249+0100: 3279.892: Total time for which application threads were stopped: 0.0009739 seconds, Stopping threads took: 0.0002199 seconds
2020-06-30T22:10:32.250+0100: 3279.893: Total time for which application threads were stopped: 0.0002285 seconds, Stopping threads took: 0.0000887 seconds
2020-06-30T22:10:32.251+0100: 3279.893: Total time for which application threads were stopped: 0.0002350 seconds, Stopping threads took: 0.0001099 seconds
2020-06-30T22:10:32.251+0100: 3279.894: Total time for which application threads were stopped: 0.0001331 seconds, Stopping threads took: 0.0000517 seconds
2020-06-30T22:10:32.251+0100: 3279.894: Total time for which application threads were stopped: 0.0001176 seconds, Stopping threads took: 0.0000496 seconds
2020-06-30T22:10:32.254+0100: 3279.897: Total time for which application threads were stopped: 0.0002917 seconds, Stopping threads took: 0.0001312 seconds
2020-06-30T22:10:32.255+0100: 3279.898: Total time for which application threads were stopped: 0.0001876 seconds, Stopping threads took: 0.0000642 seconds
2020-06-30T22:10:32.255+0100: 3279.898: Total time for which application threads were stopped: 0.0001531 seconds, Stopping threads took: 0.0000666 seconds
2020-06-30T22:10:32.255+0100: 3279.898: Total time for which application threads were stopped: 0.0001356 seconds, Stopping threads took: 0.0000622 seconds
2020-06-30T22:10:32.256+0100: 3279.899: Total time for which application threads were stopped: 0.0001743 seconds, Stopping threads took: 0.0000535 seconds
2020-06-30T22:10:32.256+0100: 3279.899: Total time for which application threads were stopped: 0.0001132 seconds, Stopping threads took: 0.0000481 seconds
2020-06-30T22:10:32.256+0100: 3279.899: Total time for which application threads were stopped: 0.0001613 seconds, Stopping threads took: 0.0000581 seconds
2020-06-30T22:10:32.257+0100: 3279.900: Total time for which application threads were stopped: 0.0002469 seconds, Stopping threads took: 0.0000632 seconds
2020-06-30T22:10:32.257+0100: 3279.900: Total time for which application threads were stopped: 0.0001707 seconds, Stopping threads took: 0.0000560 seconds
2020-06-30T22:10:32.257+0100: 3279.900: Total time for which application threads were stopped: 0.0001651 seconds, Stopping threads took: 0.0000652 seconds
2020-06-30T22:10:32.258+0100: 3279.901: Total time for which application threads were stopped: 0.0001845 seconds, Stopping threads took: 0.0000737 seconds
2020-06-30T22:10:32.258+0100: 3279.901: Total time for which application threads were stopped: 0.0002061 seconds, Stopping threads took: 0.0000573 seconds
2020-06-30T22:10:32.259+0100: 3279.902: Total time for which application threads were stopped: 0.0001989 seconds, Stopping threads took: 0.0000879 seconds
2020-06-30T22:10:32.259+0100: 3279.902: Total time for which application threads were stopped: 0.0001535 seconds, Stopping threads took: 0.0000595 seconds
2020-06-30T22:10:32.314+0100: 3279.957: [CMS-concurrent-sweep: 0.093/0.100 secs] [Times: user=0.16 sys=0.03, real=0.10 secs] 
2020-06-30T22:10:32.314+0100: 3279.957: [CMS-concurrent-reset-start]
2020-06-30T22:10:32.317+0100: 3279.960: [CMS-concurrent-reset: 0.003/0.003 secs] [Times: user=0.00 sys=0.00, real=0.00 secs] 
{Heap before GC invocations=347 (full 22):
 par new generation   total 109248K, used 109248K [0x00000000e0000000, 0x00000000e8000000, 0x00000000e8000000)
  eden space 87424K, 100% used [0x00000000e0000000, 0x00000000e5560000, 0x00000000e5560000)
  from space 21824K, 100% used [0x00000000e6ab0000, 0x00000000e8000000, 0x00000000e8000000)
  to   space 21824K,   0% used [0x00000000e5560000, 0x00000000e5560000, 0x00000000e6ab0000)
 concurrent mark-sweep generation total 393216K, used 80340K [0x00000000e8000000, 0x0000000100000000, 0x0000000100000000)
 Metaspace       used 56441K, capacity 58181K, committed 58572K, reserved 1101824K
  class space    used 6562K, capacity 6968K, committed 7116K, reserved 1048576K
2020-06-30T22:10:32.478+0100: 3280.121: [GC (Allocation Failure) 2020-06-30T22:10:32.478+0100: 3280.121: [ParNew
Desired survivor size 20112992 bytes, new threshold 7 (max 8)
- age   1:    6028560 bytes,    6028560 total
- age   2:      79296 bytes,    6107856 total
- age   3:    2850592 bytes,    8958448 total
- age   4:    4452304 bytes,   13410752 total
- age   5:    2464672 bytes,   15875424 total
- age   6:    3293568 bytes,   19168992 total
- age   7:    2116656 bytes,   21285648 total
: 109248K->21824K(109248K), 0.0137821 secs] 189588K->102705K(502464K), 0.0138914 secs] [Times: user=0.06 sys=0.00, real=0.01 secs] 
Heap after GC invocations=348 (full 22):
 par new generation   total 109248K, used 21824K [0x00000000e0000000, 0x00000000e8000000, 0x00000000e8000000)
  eden space 87424K,   0% used [0x00000000e0000000, 0x00000000e0000000, 0x00000000e5560000)
  from space 21824K, 100% used [0x00000000e5560000, 0x00000000e6ab0000, 0x00000000e6ab0000)
  to   space 21824K,   0% used [0x00000000e6ab0000, 0x00000000e6ab0000, 0x00000000e8000000)
 concurrent mark-sweep generation total 393216K, used 80881K [0x00000000e8000000, 0x0000000100000000, 0x0000000100000000)
 Metaspace       used 56441K, capacity 58181K, committed 58572K, reserved 1101824K
  class space    used 6562K, capacity 6968K, committed 7116K, reserved 1048576K
}
2020-06-30T22:10:32.492+0100: 3280.135: Total time for which application threads were stopped: 0.0142667 seconds, Stopping threads took: 0.0000782 seconds
2020-06-30T22:10:33.493+0100: 3281.136: Total time for which application threads were stopped: 0.0003661 seconds, Stopping threads took: 0.0002816 seconds
2020-06-30T22:10:33.610+0100: 3281.252: Total time for which application threads were stopped: 0.0001991 seconds, Stopping threads took: 0.0000893 seconds
2020-06-30T22:10:33.615+0100: 3281.257: Total time for which application threads were stopped: 0.0003833 seconds, Stopping threads took: 0.0000694 seconds
2020-06-30T22:10:33.615+0100: 3281.258: Total time for which application threads were stopped: 0.0001430 seconds, Stopping threads took: 0.0000796 seconds
2020-06-30T22:10:33.615+0100: 3281.258: Total time for which application threads were stopped: 0.0001250 seconds, Stopping threads took: 0.0000503 seconds
2020-06-30T22:10:33.615+0100: 3281.258: Total time for which application threads were stopped: 0.0000995 seconds, Stopping threads took: 0.0000470 seconds
2020-06-30T22:10:40.142+0100: 3287.785: Total time for which application threads were stopped: 0.0001899 seconds, Stopping threads took: 0.0001395 seconds
2020-06-30T22:10:40.146+0100: 3287.789: Total time for which application threads were stopped: 0.0001393 seconds, Stopping threads took: 0.0000608 seconds
2020-06-30T22:10:40.147+0100: 3287.790: Total time for which application threads were stopped: 0.0001420 seconds, Stopping threads took: 0.0000585 seconds
{Heap before GC invocations=348 (full 22):
 par new generation   total 109248K, used 109248K [0x00000000e0000000, 0x00000000e8000000, 0x00000000e8000000)
  eden space 87424K, 100% used [0x00000000e0000000, 0x00000000e5560000, 0x00000000e5560000)
  from space 21824K, 100% used [0x00000000e5560000, 0x00000000e6ab0000, 0x00000000e6ab0000)
  to   space 21824K,   0% used [0x00000000e6ab0000, 0x00000000e6ab0000, 0x00000000e8000000)
 concurrent mark-sweep generation total 393216K, used 80881K [0x00000000e8000000, 0x0000000100000000, 0x0000000100000000)
 Metaspace       used 56479K, capacity 58181K, committed 58572K, reserved 1101824K
  class space    used 6562K, capacity 6968K, committed 7116K, reserved 1048576K
2020-06-30T22:10:40.180+0100: 3287.823: [GC (Allocation Failure) 2020-06-30T22:10:40.180+0100: 3287.823: [ParNew
Desired survivor size 20112992 bytes, new threshold 8 (max 8)
- age   1:    2581816 bytes,    2581816 total
- age   2:    4100192 bytes,    6682008 total
- age   3:      79080 bytes,    6761088 total
- age   4:    2580032 bytes,    9341120 total
- age   5:    4081640 bytes,   13422760 total
- age   6:    2464464 bytes,   15887224 total
- age   7:    3293568 bytes,   19180792 total
: 109248K->21824K(109248K), 0.0145140 secs] 190129K->107554K(502464K), 0.0145856 secs] [Times: user=0.00 sys=0.00, real=0.01 secs] 
Heap after GC invocations=349 (full 22):
 par new generation   total 109248K, used 21824K [0x00000000e0000000, 0x00000000e8000000, 0x00000000e8000000)
  eden space 87424K,   0% used [0x00000000e0000000, 0x00000000e0000000, 0x00000000e5560000)
  from space 21824K, 100% used [0x00000000e6ab0000, 0x00000000e8000000, 0x00000000e8000000)
  to   space 21824K,   0% used [0x00000000e5560000, 0x00000000e5560000, 0x00000000e6ab0000)
 concurrent mark-sweep generation total 393216K, used 85730K [0x00000000e8000000, 0x0000000100000000, 0x0000000100000000)
 Metaspace       used 56479K, capacity 58181K, committed 58572K, reserved 1101824K
  class space    used 6562K, capacity 6968K, committed 7116K, reserved 1048576K
}
2020-06-30T22:10:40.194+0100: 3287.837: Total time for which application threads were stopped: 0.0148104 seconds, Stopping threads took: 0.0000680 seconds
2020-06-30T22:10:40.239+0100: 3287.882: Total time for which application threads were stopped: 0.0001295 seconds, Stopping threads took: 0.0000570 seconds
{Heap before GC invocations=349 (full 22):
 par new generation   total 109248K, used 109248K [0x00000000e0000000, 0x00000000e8000000, 0x00000000e8000000)
  eden space 87424K, 100% used [0x00000000e0000000, 0x00000000e5560000, 0x00000000e5560000)
  from space 21824K, 100% used [0x00000000e6ab0000, 0x00000000e8000000, 0x00000000e8000000)
  to   space 21824K,   0% used [0x00000000e5560000, 0x00000000e5560000, 0x00000000e6ab0000)
 concurrent mark-sweep generation total 393216K, used 85730K [0x00000000e8000000, 0x0000000100000000, 0x0000000100000000)
 Metaspace       used 56479K, capacity 58181K, committed 58572K, reserved 1101824K
  class space    used 6562K, capacity 6968K, committed 7116K, reserved 1048576K
2020-06-30T22:10:40.290+0100: 3287.933: [GC (Allocation Failure) 2020-06-30T22:10:40.290+0100: 3287.933: [ParNew
Desired survivor size 20112992 bytes, new threshold 8 (max 8)
- age   1:    3454952 bytes,    3454952 total
- age   2:    2450208 bytes,    5905160 total
- age   3:    3997032 bytes,    9902192 total
- age   4:      79080 bytes,    9981272 total
- age   5:    2579776 bytes,   12561048 total
- age   6:    3944104 bytes,   16505152 total
- age   7:    2464464 bytes,   18969616 total
- age   8:    3293568 bytes,   22263184 total
: 109248K->21824K(109248K), 0.0168865 secs] 194978K->114806K(502464K), 0.0169724 secs] [Times: user=0.03 sys=0.00, real=0.02 secs] 
Heap after GC invocations=350 (full 22):
 par new generation   total 109248K, used 21824K [0x00000000e0000000, 0x00000000e8000000, 0x00000000e8000000)
  eden space 87424K,   0% used [0x00000000e0000000, 0x00000000e0000000, 0x00000000e5560000)
  from space 21824K, 100% used [0x00000000e5560000, 0x00000000e6ab0000, 0x00000000e6ab0000)
  to   space 21824K,   0% used [0x00000000e6ab0000, 0x00000000e6ab0000, 0x00000000e8000000)
 concurrent mark-sweep generation total 393216K, used 92982K [0x00000000e8000000, 0x0000000100000000, 0x0000000100000000)
 Metaspace       used 56479K, capacity 58181K, committed 58572K, reserved 1101824K
  class space    used 6562K, capacity 6968K, committed 7116K, reserved 1048576K
}
2020-06-30T22:10:40.307+0100: 3287.950: Total time for which application threads were stopped: 0.0172317 seconds, Stopping threads took: 0.0000671 seconds
2020-06-30T22:10:40.307+0100: 3287.950: Total time for which application threads were stopped: 0.0001800 seconds, Stopping threads took: 0.0000882 seconds
2020-06-30T22:10:40.307+0100: 3287.950: Total time for which application threads were stopped: 0.0001641 seconds, Stopping threads took: 0.0000787 seconds
2020-06-30T22:10:40.308+0100: 3287.951: Total time for which application threads were stopped: 0.0001630 seconds, Stopping threads took: 0.0000577 seconds
2020-06-30T22:10:40.308+0100: 3287.951: Total time for which application threads were stopped: 0.0001161 seconds, Stopping threads took: 0.0000562 seconds
2020-06-30T22:10:40.308+0100: 3287.951: Total time for which application threads were stopped: 0.0002758 seconds, Stopping threads took: 0.0000554 seconds
2020-06-30T22:10:40.309+0100: 3287.952: Total time for which application threads were stopped: 0.0002126 seconds, Stopping threads took: 0.0000430 seconds
{Heap before GC invocations=350 (full 22):
 par new generation   total 109248K, used 109248K [0x00000000e0000000, 0x00000000e8000000, 0x00000000e8000000)
  eden space 87424K, 100% used [0x00000000e0000000, 0x00000000e5560000, 0x00000000e5560000)
  from space 21824K, 100% used [0x00000000e5560000, 0x00000000e6ab0000, 0x00000000e6ab0000)
  to   space 21824K,   0% used [0x00000000e6ab0000, 0x00000000e6ab0000, 0x00000000e8000000)
 concurrent mark-sweep generation total 393216K, used 92982K [0x00000000e8000000, 0x0000000100000000, 0x0000000100000000)
 Metaspace       used 56479K, capacity 58181K, committed 58572K, reserved 1101824K
  class space    used 6562K, capacity 6968K, committed 7116K, reserved 1048576K
2020-06-30T22:10:40.399+0100: 3288.042: [GC (Allocation Failure) 2020-06-30T22:10:40.399+0100: 3288.042: [ParNew
Desired survivor size 20112992 bytes, new threshold 8 (max 8)
- age   1:    5078752 bytes,    5078752 total
- age   2:    3001824 bytes,    8080576 total
- age   3:    2429880 bytes,   10510456 total
- age   4:    2706400 bytes,   13216856 total
- age   5:      77944 bytes,   13294800 total
- age   6:    2291376 bytes,   15586176 total
- age   7:    3849856 bytes,   19436032 total
- age   8:    2450744 bytes,   21886776 total
: 109248K->21824K(109248K), 0.0206224 secs] 202230K->126559K(502464K), 0.0206859 secs] [Times: user=0.06 sys=0.00, real=0.02 secs] 
Heap after GC invocations=351 (full 22):
 par new generation   total 109248K, used 21824K [0x00000000e0000000, 0x00000000e8000000, 0x00000000e8000000)
  eden space 87424K,   0% used [0x00000000e0000000, 0x00000000e0000000, 0x00000000e5560000)
  from space 21824K, 100% used [0x00000000e6ab0000, 0x00000000e8000000, 0x00000000e8000000)
  to   space 21824K,   0% used [0x00000000e5560000, 0x00000000e5560000, 0x00000000e6ab0000)
 concurrent mark-sweep generation total 393216K, used 104735K [0x00000000e8000000, 0x0000000100000000, 0x0000000100000000)
 Metaspace       used 56479K, capacity 58181K, committed 58572K, reserved 1101824K
  class space    used 6562K, capacity 6968K, committed 7116K, reserved 1048576K
}
2020-06-30T22:10:40.420+0100: 3288.063: Total time for which application threads were stopped: 0.0209288 seconds, Stopping threads took: 0.0000636 seconds
{Heap before GC invocations=351 (full 22):
 par new generation   total 109248K, used 109248K [0x00000000e0000000, 0x00000000e8000000, 0x00000000e8000000)
  eden space 87424K, 100% used [0x00000000e0000000, 0x00000000e5560000, 0x00000000e5560000)
  from space 21824K, 100% used [0x00000000e6ab0000, 0x00000000e8000000, 0x00000000e8000000)
  to   space 21824K,   0% used [0x00000000e5560000, 0x00000000e5560000, 0x00000000e6ab0000)
 concurrent mark-sweep generation total 393216K, used 104735K [0x00000000e8000000, 0x0000000100000000, 0x0000000100000000)
 Metaspace       used 56479K, capacity 58181K, committed 58572K, reserved 1101824K
  class space    used 6562K, capacity 6968K, committed 7116K, reserved 1048576K
2020-06-30T22:10:40.531+0100: 3288.174: [GC (Allocation Failure) 2020-06-30T22:10:40.531+0100: 3288.174: [ParNew
Desired survivor size 20112992 bytes, new threshold 8 (max 8)
- age   1:    4620632 bytes,    4620632 total
- age   2:    3552272 bytes,    8172904 total
- age   3:    2996936 bytes,   11169840 total
- age   4:    2354568 bytes,   13524408 total
- age   5:    2579896 bytes,   16104304 total
- age   6:      77944 bytes,   16182248 total
- age   7:    2291376 bytes,   18473624 total
- age   8:    3849856 bytes,   22323480 total
: 109248K->21824K(109248K), 0.0195529 secs] 213983K->140711K(502464K), 0.0196454 secs] [Times: user=0.05 sys=0.00, real=0.02 secs] 
Heap after GC invocations=352 (full 22):
 par new generation   total 109248K, used 21824K [0x00000000e0000000, 0x00000000e8000000, 0x00000000e8000000)
  eden space 87424K,   0% used [0x00000000e0000000, 0x00000000e0000000, 0x00000000e5560000)
  from space 21824K, 100% used [0x00000000e5560000, 0x00000000e6ab0000, 0x00000000e6ab0000)
  to   space 21824K,   0% used [0x00000000e6ab0000, 0x00000000e6ab0000, 0x00000000e8000000)
 concurrent mark-sweep generation total 393216K, used 118887K [0x00000000e8000000, 0x0000000100000000, 0x0000000100000000)
 Metaspace       used 56479K, capacity 58181K, committed 58572K, reserved 1101824K
  class space    used 6562K, capacity 6968K, committed 7116K, reserved 1048576K
}
2020-06-30T22:10:40.551+0100: 3288.194: Total time for which application threads were stopped: 0.0199190 seconds, Stopping threads took: 0.0000708 seconds
2020-06-30T22:10:41.307+0100: 3288.950: Total time for which application threads were stopped: 0.0001682 seconds, Stopping threads took: 0.0000754 seconds
2020-06-30T22:10:41.308+0100: 3288.951: Total time for which application threads were stopped: 0.0001243 seconds, Stopping threads took: 0.0000618 seconds
2020-06-30T22:10:41.309+0100: 3288.952: Total time for which application threads were stopped: 0.0001638 seconds, Stopping threads took: 0.0000739 seconds
2020-06-30T22:10:41.309+0100: 3288.952: Total time for which application threads were stopped: 0.0001334 seconds, Stopping threads took: 0.0000578 seconds
2020-06-30T22:10:41.310+0100: 3288.953: Total time for which application threads were stopped: 0.0001208 seconds, Stopping threads took: 0.0000666 seconds
2020-06-30T22:10:41.310+0100: 3288.953: Total time for which application threads were stopped: 0.0002175 seconds, Stopping threads took: 0.0000486 seconds
2020-06-30T22:10:42.310+0100: 3289.953: Total time for which application threads were stopped: 0.0001498 seconds, Stopping threads took: 0.0000701 seconds
2020-06-30T22:10:55.158+0100: 3302.801: Total time for which application threads were stopped: 0.0000737 seconds, Stopping threads took: 0.0000231 seconds
2020-06-30T22:11:32.525+0100: 3340.168: Total time for which application threads were stopped: 0.0003110 seconds, Stopping threads took: 0.0002182 seconds
2020-06-30T22:11:32.546+0100: 3340.190: Total time for which application threads were stopped: 0.0001207 seconds, Stopping threads took: 0.0000353 seconds
{Heap before GC invocations=352 (full 22):
 par new generation   total 109248K, used 109248K [0x00000000e0000000, 0x00000000e8000000, 0x00000000e8000000)
  eden space 87424K, 100% used [0x00000000e0000000, 0x00000000e5560000, 0x00000000e5560000)
  from space 21824K, 100% used [0x00000000e5560000, 0x00000000e6ab0000, 0x00000000e6ab0000)
  to   space 21824K,   0% used [0x00000000e6ab0000, 0x00000000e6ab0000, 0x00000000e8000000)
 concurrent mark-sweep generation total 393216K, used 118887K [0x00000000e8000000, 0x0000000100000000, 0x0000000100000000)
 Metaspace       used 56493K, capacity 58181K, committed 58572K, reserved 1101824K
  class space    used 6562K, capacity 6968K, committed 7116K, reserved 1048576K
2020-06-30T22:11:32.691+0100: 3340.334: [GC (Allocation Failure) 2020-06-30T22:11:32.691+0100: 3340.334: [ParNew
Desired survivor size 20112992 bytes, new threshold 8 (max 8)
- age   1:    6047736 bytes,    6047736 total
- age   2:    3531200 bytes,    9578936 total
- age   3:    3379992 bytes,   12958928 total
- age   4:    2722680 bytes,   15681608 total
- age   5:    2207656 bytes,   17889264 total
- age   6:    2089904 bytes,   19979168 total
- age   7:      77944 bytes,   20057112 total
- age   8:    2076184 bytes,   22133296 total
: 109248K->21824K(109248K), 0.0214702 secs] 228135K->150363K(502464K), 0.0217240 secs] [Times: user=0.11 sys=0.00, real=0.02 secs] 
Heap after GC invocations=353 (full 22):
 par new generation   total 109248K, used 21824K [0x00000000e0000000, 0x00000000e8000000, 0x00000000e8000000)
  eden space 87424K,   0% used [0x00000000e0000000, 0x00000000e0000000, 0x00000000e5560000)
  from space 21824K, 100% used [0x00000000e6ab0000, 0x00000000e8000000, 0x00000000e8000000)
  to   space 21824K,   0% used [0x00000000e5560000, 0x00000000e5560000, 0x00000000e6ab0000)
 concurrent mark-sweep generation total 393216K, used 128539K [0x00000000e8000000, 0x0000000100000000, 0x0000000100000000)
 Metaspace       used 56493K, capacity 58181K, committed 58572K, reserved 1101824K
  class space    used 6562K, capacity 6968K, committed 7116K, reserved 1048576K
}
2020-06-30T22:11:32.712+0100: 3340.356: Total time for which application threads were stopped: 0.0232049 seconds, Stopping threads took: 0.0006596 seconds
2020-06-30T22:11:32.713+0100: 3340.356: Total time for which application threads were stopped: 0.0003432 seconds, Stopping threads took: 0.0000748 seconds
2020-06-30T22:11:32.727+0100: 3340.370: Total time for which application threads were stopped: 0.0001835 seconds, Stopping threads took: 0.0000806 seconds
{Heap before GC invocations=353 (full 22):
 par new generation   total 109248K, used 109248K [0x00000000e0000000, 0x00000000e8000000, 0x00000000e8000000)
  eden space 87424K, 100% used [0x00000000e0000000, 0x00000000e5560000, 0x00000000e5560000)
  from space 21824K, 100% used [0x00000000e6ab0000, 0x00000000e8000000, 0x00000000e8000000)
  to   space 21824K,   0% used [0x00000000e5560000, 0x00000000e5560000, 0x00000000e6ab0000)
 concurrent mark-sweep generation total 393216K, used 128539K [0x00000000e8000000, 0x0000000100000000, 0x0000000100000000)
 Metaspace       used 56493K, capacity 58181K, committed 58572K, reserved 1101824K
  class space    used 6562K, capacity 6968K, committed 7116K, reserved 1048576K
2020-06-30T22:11:32.963+0100: 3340.607: [GC (Allocation Failure) 2020-06-30T22:11:32.963+0100: 3340.607: [ParNew
Desired survivor size 20112992 bytes, new threshold 6 (max 8)
- age   1:    5343776 bytes,    5343776 total
- age   2:    2991048 bytes,    8334824 total
- age   3:    3531200 bytes,   11866024 total
- age   4:    3379992 bytes,   15246016 total
- age   5:    2722640 bytes,   17968656 total
- age   6:    2207576 bytes,   20176232 total
- age   7:    2089904 bytes,   22266136 total
- age   8:      77944 bytes,   22344080 total
: 109248K->21824K(109248K), 0.0186859 secs] 237787K->157120K(502464K), 0.0189891 secs] [Times: user=0.05 sys=0.00, real=0.02 secs] 
Heap after GC invocations=354 (full 22):
 par new generation   total 109248K, used 21824K [0x00000000e0000000, 0x00000000e8000000, 0x00000000e8000000)
  eden space 87424K,   0% used [0x00000000e0000000, 0x00000000e0000000, 0x00000000e5560000)
  from space 21824K, 100% used [0x00000000e5560000, 0x00000000e6ab0000, 0x00000000e6ab0000)
  to   space 21824K,   0% used [0x00000000e6ab0000, 0x00000000e6ab0000, 0x00000000e8000000)
 concurrent mark-sweep generation total 393216K, used 135296K [0x00000000e8000000, 0x0000000100000000, 0x0000000100000000)
 Metaspace       used 56493K, capacity 58181K, committed 58572K, reserved 1101824K
  class space    used 6562K, capacity 6968K, committed 7116K, reserved 1048576K
}
2020-06-30T22:11:32.983+0100: 3340.626: Total time for which application threads were stopped: 0.0195856 seconds, Stopping threads took: 0.0000616 seconds
{Heap before GC invocations=354 (full 22):
 par new generation   total 109248K, used 109248K [0x00000000e0000000, 0x00000000e8000000, 0x00000000e8000000)
  eden space 87424K, 100% used [0x00000000e0000000, 0x00000000e5560000, 0x00000000e5560000)
  from space 21824K, 100% used [0x00000000e5560000, 0x00000000e6ab0000, 0x00000000e6ab0000)
  to   space 21824K,   0% used [0x00000000e6ab0000, 0x00000000e6ab0000, 0x00000000e8000000)
 concurrent mark-sweep generation total 393216K, used 135296K [0x00000000e8000000, 0x0000000100000000, 0x0000000100000000)
 Metaspace       used 56493K, capacity 58181K, committed 58572K, reserved 1101824K
  class space    used 6562K, capacity 6968K, committed 7116K, reserved 1048576K
2020-06-30T22:11:33.240+0100: 3340.883: [GC (Allocation Failure) 2020-06-30T22:11:33.240+0100: 3340.883: [ParNew
Desired survivor size 20112992 bytes, new threshold 8 (max 8)
- age   1:    3664360 bytes,    3664360 total
- age   2:    3642544 bytes,    7306904 total
- age   3:    2945648 bytes,   10252552 total
- age   4:    3522664 bytes,   13775216 total
- age   5:    3118736 bytes,   16893952 total
- age   6:    2714496 bytes,   19608448 total
: 109248K->21824K(109248K), 0.0173659 secs] 244544K->165026K(502464K), 0.0175056 secs] [Times: user=0.06 sys=0.00, real=0.02 secs] 
Heap after GC invocations=355 (full 22):
 par new generation   total 109248K, used 21824K [0x00000000e0000000, 0x00000000e8000000, 0x00000000e8000000)
  eden space 87424K,   0% used [0x00000000e0000000, 0x00000000e0000000, 0x00000000e5560000)
  from space 21824K, 100% used [0x00000000e6ab0000, 0x00000000e8000000, 0x00000000e8000000)
  to   space 21824K,   0% used [0x00000000e5560000, 0x00000000e5560000, 0x00000000e6ab0000)
 concurrent mark-sweep generation total 393216K, used 143202K [0x00000000e8000000, 0x0000000100000000, 0x0000000100000000)
 Metaspace       used 56493K, capacity 58181K, committed 58572K, reserved 1101824K
  class space    used 6562K, capacity 6968K, committed 7116K, reserved 1048576K
}
2020-06-30T22:11:33.257+0100: 3340.901: Total time for which application threads were stopped: 0.0182454 seconds, Stopping threads took: 0.0004325 seconds
{Heap before GC invocations=355 (full 22):
 par new generation   total 109248K, used 109248K [0x00000000e0000000, 0x00000000e8000000, 0x00000000e8000000)
  eden space 87424K, 100% used [0x00000000e0000000, 0x00000000e5560000, 0x00000000e5560000)
  from space 21824K, 100% used [0x00000000e6ab0000, 0x00000000e8000000, 0x00000000e8000000)
  to   space 21824K,   0% used [0x00000000e5560000, 0x00000000e5560000, 0x00000000e6ab0000)
 concurrent mark-sweep generation total 393216K, used 143202K [0x00000000e8000000, 0x0000000100000000, 0x0000000100000000)
 Metaspace       used 56493K, capacity 58181K, committed 58572K, reserved 1101824K
  class space    used 6562K, capacity 6968K, committed 7116K, reserved 1048576K
2020-06-30T22:11:33.460+0100: 3341.104: [GC (Allocation Failure) 2020-06-30T22:11:33.460+0100: 3341.104: [ParNew
Desired survivor size 20112992 bytes, new threshold 7 (max 8)
- age   1:    4558344 bytes,    4558344 total
- age   2:    2088488 bytes,    6646832 total
- age   3:    3621456 bytes,   10268288 total
- age   4:    2758104 bytes,   13026392 total
- age   5:    3507296 bytes,   16533688 total
- age   6:    3098952 bytes,   19632640 total
- age   7:    2705368 bytes,   22338008 total
: 109248K->21824K(109248K), 0.0185568 secs] 252450K->171755K(502464K), 0.0187335 secs] [Times: user=0.05 sys=0.00, real=0.02 secs] 
Heap after GC invocations=356 (full 22):
 par new generation   total 109248K, used 21824K [0x00000000e0000000, 0x00000000e8000000, 0x00000000e8000000)
  eden space 87424K,   0% used [0x00000000e0000000, 0x00000000e0000000, 0x00000000e5560000)
  from space 21824K, 100% used [0x00000000e5560000, 0x00000000e6ab0000, 0x00000000e6ab0000)
  to   space 21824K,   0% used [0x00000000e6ab0000, 0x00000000e6ab0000, 0x00000000e8000000)
 concurrent mark-sweep generation total 393216K, used 149931K [0x00000000e8000000, 0x0000000100000000, 0x0000000100000000)
 Metaspace       used 56493K, capacity 58181K, committed 58572K, reserved 1101824K
  class space    used 6562K, capacity 6968K, committed 7116K, reserved 1048576K
}
2020-06-30T22:11:33.479+0100: 3341.122: Total time for which application threads were stopped: 0.0191905 seconds, Stopping threads took: 0.0000749 seconds
2020-06-30T22:11:34.129+0100: 3341.773: Total time for which application threads were stopped: 0.0001220 seconds, Stopping threads took: 0.0000549 seconds
2020-06-30T22:11:34.129+0100: 3341.773: Total time for which application threads were stopped: 0.0000991 seconds, Stopping threads took: 0.0000529 seconds
2020-06-30T22:11:34.129+0100: 3341.773: Total time for which application threads were stopped: 0.0000716 seconds, Stopping threads took: 0.0000411 seconds
2020-06-30T22:11:34.131+0100: 3341.774: Total time for which application threads were stopped: 0.0001137 seconds, Stopping threads took: 0.0000618 seconds
2020-06-30T22:11:34.131+0100: 3341.774: Total time for which application threads were stopped: 0.0000994 seconds, Stopping threads took: 0.0000424 seconds
2020-06-30T22:11:39.075+0100: 3346.718: Total time for which application threads were stopped: 0.0002374 seconds, Stopping threads took: 0.0001824 seconds
2020-06-30T22:11:39.078+0100: 3346.721: Total time for which application threads were stopped: 0.0002199 seconds, Stopping threads took: 0.0001503 seconds
2020-06-30T22:11:39.079+0100: 3346.722: Total time for which application threads were stopped: 0.0001285 seconds, Stopping threads took: 0.0000671 seconds
2020-06-30T22:11:39.091+0100: 3346.734: Total time for which application threads were stopped: 0.0001377 seconds, Stopping threads took: 0.0000491 seconds
2020-06-30T22:11:39.093+0100: 3346.736: Total time for which application threads were stopped: 0.0002378 seconds, Stopping threads took: 0.0000770 seconds
2020-06-30T22:11:39.158+0100: 3346.801: Total time for which application threads were stopped: 0.0001648 seconds, Stopping threads took: 0.0000634 seconds
{Heap before GC invocations=356 (full 22):
 par new generation   total 109248K, used 109248K [0x00000000e0000000, 0x00000000e8000000, 0x00000000e8000000)
  eden space 87424K, 100% used [0x00000000e0000000, 0x00000000e5560000, 0x00000000e5560000)
  from space 21824K, 100% used [0x00000000e5560000, 0x00000000e6ab0000, 0x00000000e6ab0000)
  to   space 21824K,   0% used [0x00000000e6ab0000, 0x00000000e6ab0000, 0x00000000e8000000)
 concurrent mark-sweep generation total 393216K, used 149931K [0x00000000e8000000, 0x0000000100000000, 0x0000000100000000)
 Metaspace       used 56494K, capacity 58181K, committed 58572K, reserved 1101824K
  class space    used 6562K, capacity 6968K, committed 7116K, reserved 1048576K
2020-06-30T22:11:39.191+0100: 3346.834: [GC (Allocation Failure) 2020-06-30T22:11:39.191+0100: 3346.834: [ParNew
Desired survivor size 20112992 bytes, new threshold 7 (max 8)
- age   1:    4803576 bytes,    4803576 total
- age   2:    2970128 bytes,    7773704 total
- age   3:    2011784 bytes,    9785488 total
- age   4:    3207560 bytes,   12993048 total
- age   5:    2680528 bytes,   15673576 total
- age   6:    3507296 bytes,   19180872 total
- age   7:    3098712 bytes,   22279584 total
: 109248K->21824K(109248K), 0.0157552 secs] 259179K->181276K(502464K), 0.0158995 secs] [Times: user=0.06 sys=0.00, real=0.02 secs] 
Heap after GC invocations=357 (full 22):
 par new generation   total 109248K, used 21824K [0x00000000e0000000, 0x00000000e8000000, 0x00000000e8000000)
  eden space 87424K,   0% used [0x00000000e0000000, 0x00000000e0000000, 0x00000000e5560000)
  from space 21824K, 100% used [0x00000000e6ab0000, 0x00000000e8000000, 0x00000000e8000000)
  to   space 21824K,   0% used [0x00000000e5560000, 0x00000000e5560000, 0x00000000e6ab0000)
 concurrent mark-sweep generation total 393216K, used 159452K [0x00000000e8000000, 0x0000000100000000, 0x0000000100000000)
 Metaspace       used 56494K, capacity 58181K, committed 58572K, reserved 1101824K
  class space    used 6562K, capacity 6968K, committed 7116K, reserved 1048576K
}
2020-06-30T22:11:39.207+0100: 3346.850: Total time for which application threads were stopped: 0.0161881 seconds, Stopping threads took: 0.0000650 seconds
{Heap before GC invocations=357 (full 22):
 par new generation   total 109248K, used 109248K [0x00000000e0000000, 0x00000000e8000000, 0x00000000e8000000)
  eden space 87424K, 100% used [0x00000000e0000000, 0x00000000e5560000, 0x00000000e5560000)
  from space 21824K, 100% used [0x00000000e6ab0000, 0x00000000e8000000, 0x00000000e8000000)
  to   space 21824K,   0% used [0x00000000e5560000, 0x00000000e5560000, 0x00000000e6ab0000)
 concurrent mark-sweep generation total 393216K, used 159452K [0x00000000e8000000, 0x0000000100000000, 0x0000000100000000)
 Metaspace       used 56494K, capacity 58181K, committed 58572K, reserved 1101824K
  class space    used 6562K, capacity 6968K, committed 7116K, reserved 1048576K
2020-06-30T22:11:39.293+0100: 3346.936: [GC (Allocation Failure) 2020-06-30T22:11:39.293+0100: 3346.936: [ParNew
Desired survivor size 20112992 bytes, new threshold 7 (max 8)
- age   1:    4372072 bytes,    4372072 total
- age   2:    3592600 bytes,    7964672 total
- age   3:    2970016 bytes,   10934688 total
- age   4:    2011784 bytes,   12946472 total
- age   5:    3205512 bytes,   16151984 total
- age   6:    2680464 bytes,   18832448 total
- age   7:    3507296 bytes,   22339744 total
: 109248K->21824K(109248K), 0.0165941 secs] 268700K->188780K(502464K), 0.0166630 secs] [Times: user=0.06 sys=0.00, real=0.02 secs] 
Heap after GC invocations=358 (full 22):
 par new generation   total 109248K, used 21824K [0x00000000e0000000, 0x00000000e8000000, 0x00000000e8000000)
  eden space 87424K,   0% used [0x00000000e0000000, 0x00000000e0000000, 0x00000000e5560000)
  from space 21824K, 100% used [0x00000000e5560000, 0x00000000e6ab0000, 0x00000000e6ab0000)
  to   space 21824K,   0% used [0x00000000e6ab0000, 0x00000000e6ab0000, 0x00000000e8000000)
 concurrent mark-sweep generation total 393216K, used 166956K [0x00000000e8000000, 0x0000000100000000, 0x0000000100000000)
 Metaspace       used 56494K, capacity 58181K, committed 58572K, reserved 1101824K
  class space    used 6562K, capacity 6968K, committed 7116K, reserved 1048576K
}
2020-06-30T22:11:39.309+0100: 3346.953: Total time for which application threads were stopped: 0.0168931 seconds, Stopping threads took: 0.0000633 seconds
{Heap before GC invocations=358 (full 22):
 par new generation   total 109248K, used 109248K [0x00000000e0000000, 0x00000000e8000000, 0x00000000e8000000)
  eden space 87424K, 100% used [0x00000000e0000000, 0x00000000e5560000, 0x00000000e5560000)
  from space 21824K, 100% used [0x00000000e5560000, 0x00000000e6ab0000, 0x00000000e6ab0000)
  to   space 21824K,   0% used [0x00000000e6ab0000, 0x00000000e6ab0000, 0x00000000e8000000)
 concurrent mark-sweep generation total 393216K, used 166956K [0x00000000e8000000, 0x0000000100000000, 0x0000000100000000)
 Metaspace       used 56494K, capacity 58181K, committed 58572K, reserved 1101824K
  class space    used 6562K, capacity 6968K, committed 7116K, reserved 1048576K
2020-06-30T22:11:39.408+0100: 3347.052: [GC (Allocation Failure) 2020-06-30T22:11:39.408+0100: 3347.052: [ParNew
Desired survivor size 20112992 bytes, new threshold 7 (max 8)
- age   1:    3479864 bytes,    3479864 total
- age   2:    3091752 bytes,    6571616 total
- age   3:    3574848 bytes,   10146464 total
- age   4:    2968800 bytes,   13115264 total
- age   5:    2011784 bytes,   15127048 total
- age   6:    3205512 bytes,   18332560 total
- age   7:    2680384 bytes,   21012944 total
: 109248K->21824K(109248K), 0.0148721 secs] 276204K->195485K(502464K), 0.0149668 secs] [Times: user=0.06 sys=0.00, real=0.02 secs] 
Heap after GC invocations=359 (full 22):
 par new generation   total 109248K, used 21824K [0x00000000e0000000, 0x00000000e8000000, 0x00000000e8000000)
  eden space 87424K,   0% used [0x00000000e0000000, 0x00000000e0000000, 0x00000000e5560000)
  from space 21824K, 100% used [0x00000000e6ab0000, 0x00000000e8000000, 0x00000000e8000000)
  to   space 21824K,   0% used [0x00000000e5560000, 0x00000000e5560000, 0x00000000e6ab0000)
 concurrent mark-sweep generation total 393216K, used 173661K [0x00000000e8000000, 0x0000000100000000, 0x0000000100000000)
 Metaspace       used 56494K, capacity 58181K, committed 58572K, reserved 1101824K
  class space    used 6562K, capacity 6968K, committed 7116K, reserved 1048576K
}
2020-06-30T22:11:39.424+0100: 3347.067: Total time for which application threads were stopped: 0.0152604 seconds, Stopping threads took: 0.0000641 seconds
2020-06-30T22:11:39.979+0100: 3347.622: Total time for which application threads were stopped: 0.0001203 seconds, Stopping threads took: 0.0000551 seconds
2020-06-30T22:11:39.979+0100: 3347.622: Total time for which application threads were stopped: 0.0001050 seconds, Stopping threads took: 0.0000600 seconds
2020-06-30T22:11:39.979+0100: 3347.623: Total time for which application threads were stopped: 0.0000813 seconds, Stopping threads took: 0.0000464 seconds
2020-06-30T22:11:39.980+0100: 3347.623: Total time for which application threads were stopped: 0.0001555 seconds, Stopping threads took: 0.0000708 seconds
2020-06-30T22:11:39.981+0100: 3347.624: Total time for which application threads were stopped: 0.0001491 seconds, Stopping threads took: 0.0000793 seconds
2020-06-30T22:11:39.981+0100: 3347.624: Total time for which application threads were stopped: 0.0000813 seconds, Stopping threads took: 0.0000373 seconds
2020-06-30T22:11:39.981+0100: 3347.624: Total time for which application threads were stopped: 0.0000951 seconds, Stopping threads took: 0.0000439 seconds
2020-06-30T22:11:39.981+0100: 3347.624: Total time for which application threads were stopped: 0.0000598 seconds, Stopping threads took: 0.0000190 seconds
2020-06-30T22:11:54.094+0100: 3361.737: Total time for which application threads were stopped: 0.0003812 seconds, Stopping threads took: 0.0002869 seconds
2020-06-30T22:12:01.249+0100: 3368.892: Total time for which application threads were stopped: 0.0002527 seconds, Stopping threads took: 0.0001905 seconds
2020-06-30T22:12:01.270+0100: 3368.914: Total time for which application threads were stopped: 0.0000904 seconds, Stopping threads took: 0.0000306 seconds
2020-06-30T22:12:01.272+0100: 3368.915: Total time for which application threads were stopped: 0.0001113 seconds, Stopping threads took: 0.0000300 seconds
{Heap before GC invocations=359 (full 22):
 par new generation   total 109248K, used 109248K [0x00000000e0000000, 0x00000000e8000000, 0x00000000e8000000)
  eden space 87424K, 100% used [0x00000000e0000000, 0x00000000e5560000, 0x00000000e5560000)
  from space 21824K, 100% used [0x00000000e6ab0000, 0x00000000e8000000, 0x00000000e8000000)
  to   space 21824K,   0% used [0x00000000e5560000, 0x00000000e5560000, 0x00000000e6ab0000)
 concurrent mark-sweep generation total 393216K, used 173661K [0x00000000e8000000, 0x0000000100000000, 0x0000000100000000)
 Metaspace       used 56498K, capacity 58181K, committed 58572K, reserved 1101824K
  class space    used 6562K, capacity 6968K, committed 7116K, reserved 1048576K
2020-06-30T22:12:01.307+0100: 3368.950: [GC (Allocation Failure) 2020-06-30T22:12:01.307+0100: 3368.950: [ParNew
Desired survivor size 20112992 bytes, new threshold 7 (max 8)
- age   1:    3070832 bytes,    3070832 total
- age   2:    3162608 bytes,    6233440 total
- age   3:    2762336 bytes,    8995776 total
- age   4:    2975752 bytes,   11971528 total
- age   5:    2968800 bytes,   14940328 total
- age   6:    2011784 bytes,   16952112 total
- age   7:    3205208 bytes,   20157320 total
: 109248K->21824K(109248K), 0.0165907 secs] 282909K->199204K(502464K), 0.0166831 secs] [Times: user=0.06 sys=0.00, real=0.02 secs] 
Heap after GC invocations=360 (full 22):
 par new generation   total 109248K, used 21824K [0x00000000e0000000, 0x00000000e8000000, 0x00000000e8000000)
  eden space 87424K,   0% used [0x00000000e0000000, 0x00000000e0000000, 0x00000000e5560000)
  from space 21824K, 100% used [0x00000000e5560000, 0x00000000e6ab0000, 0x00000000e6ab0000)
  to   space 21824K,   0% used [0x00000000e6ab0000, 0x00000000e6ab0000, 0x00000000e8000000)
 concurrent mark-sweep generation total 393216K, used 177380K [0x00000000e8000000, 0x0000000100000000, 0x0000000100000000)
 Metaspace       used 56498K, capacity 58181K, committed 58572K, reserved 1101824K
  class space    used 6562K, capacity 6968K, committed 7116K, reserved 1048576K
}
2020-06-30T22:12:01.323+0100: 3368.967: Total time for which application threads were stopped: 0.0178982 seconds, Stopping threads took: 0.0009004 seconds
2020-06-30T22:12:01.459+0100: 3369.103: Total time for which application threads were stopped: 0.0001453 seconds, Stopping threads took: 0.0000593 seconds
{Heap before GC invocations=360 (full 22):
 par new generation   total 109248K, used 109248K [0x00000000e0000000, 0x00000000e8000000, 0x00000000e8000000)
  eden space 87424K, 100% used [0x00000000e0000000, 0x00000000e5560000, 0x00000000e5560000)
  from space 21824K, 100% used [0x00000000e5560000, 0x00000000e6ab0000, 0x00000000e6ab0000)
  to   space 21824K,   0% used [0x00000000e6ab0000, 0x00000000e6ab0000, 0x00000000e8000000)
 concurrent mark-sweep generation total 393216K, used 177380K [0x00000000e8000000, 0x0000000100000000, 0x0000000100000000)
 Metaspace       used 56501K, capacity 58189K, committed 58572K, reserved 1101824K
  class space    used 6562K, capacity 6968K, committed 7116K, reserved 1048576K
2020-06-30T22:12:01.609+0100: 3369.253: [GC (Allocation Failure) 2020-06-30T22:12:01.609+0100: 3369.253: [ParNew
Desired survivor size 20112992 bytes, new threshold 6 (max 8)
- age   1:    5688376 bytes,    5688376 total
- age   2:    2760744 bytes,    8449120 total
- age   3:    3162456 bytes,   11611576 total
- age   4:    2762336 bytes,   14373912 total
- age   5:    2973400 bytes,   17347312 total
- age   6:    2968800 bytes,   20316112 total
- age   7:    2011784 bytes,   22327896 total
: 109248K->21824K(109248K), 0.0197378 secs] 286628K->207287K(502464K), 0.0198550 secs] [Times: user=0.05 sys=0.00, real=0.02 secs] 
Heap after GC invocations=361 (full 22):
 par new generation   total 109248K, used 21824K [0x00000000e0000000, 0x00000000e8000000, 0x00000000e8000000)
  eden space 87424K,   0% used [0x00000000e0000000, 0x00000000e0000000, 0x00000000e5560000)
  from space 21824K, 100% used [0x00000000e6ab0000, 0x00000000e8000000, 0x00000000e8000000)
  to   space 21824K,   0% used [0x00000000e5560000, 0x00000000e5560000, 0x00000000e6ab0000)
 concurrent mark-sweep generation total 393216K, used 185463K [0x00000000e8000000, 0x0000000100000000, 0x0000000100000000)
 Metaspace       used 56501K, capacity 58189K, committed 58572K, reserved 1101824K
  class space    used 6562K, capacity 6968K, committed 7116K, reserved 1048576K
}
2020-06-30T22:12:01.629+0100: 3369.273: Total time for which application threads were stopped: 0.0201689 seconds, Stopping threads took: 0.0000722 seconds
{Heap before GC invocations=361 (full 22):
 par new generation   total 109248K, used 109248K [0x00000000e0000000, 0x00000000e8000000, 0x00000000e8000000)
  eden space 87424K, 100% used [0x00000000e0000000, 0x00000000e5560000, 0x00000000e5560000)
  from space 21824K, 100% used [0x00000000e6ab0000, 0x00000000e8000000, 0x00000000e8000000)
  to   space 21824K,   0% used [0x00000000e5560000, 0x00000000e5560000, 0x00000000e6ab0000)
 concurrent mark-sweep generation total 393216K, used 185463K [0x00000000e8000000, 0x0000000100000000, 0x0000000100000000)
 Metaspace       used 56501K, capacity 58189K, committed 58572K, reserved 1101824K
  class space    used 6562K, capacity 6968K, committed 7116K, reserved 1048576K
2020-06-30T22:12:01.849+0100: 3369.493: [GC (Allocation Failure) 2020-06-30T22:12:01.849+0100: 3369.493: [ParNew
Desired survivor size 20112992 bytes, new threshold 6 (max 8)
- age   1:    8082896 bytes,    8082896 total
- age   2:    2054712 bytes,   10137608 total
- age   3:    2759520 bytes,   12897128 total
- age   4:    3162456 bytes,   16059584 total
- age   5:    2762336 bytes,   18821920 total
- age   6:    2973400 bytes,   21795320 total
: 109248K->21824K(109248K), 0.0220480 secs] 294711K->216618K(502464K), 0.0221309 secs] [Times: user=0.13 sys=0.00, real=0.02 secs] 
Heap after GC invocations=362 (full 22):
 par new generation   total 109248K, used 21824K [0x00000000e0000000, 0x00000000e8000000, 0x00000000e8000000)
  eden space 87424K,   0% used [0x00000000e0000000, 0x00000000e0000000, 0x00000000e5560000)
  from space 21824K, 100% used [0x00000000e5560000, 0x00000000e6ab0000, 0x00000000e6ab0000)
  to   space 21824K,   0% used [0x00000000e6ab0000, 0x00000000e6ab0000, 0x00000000e8000000)
 concurrent mark-sweep generation total 393216K, used 194794K [0x00000000e8000000, 0x0000000100000000, 0x0000000100000000)
 Metaspace       used 56501K, capacity 58189K, committed 58572K, reserved 1101824K
  class space    used 6562K, capacity 6968K, committed 7116K, reserved 1048576K
}
2020-06-30T22:12:01.871+0100: 3369.515: Total time for which application threads were stopped: 0.0224411 seconds, Stopping threads took: 0.0000628 seconds
{Heap before GC invocations=362 (full 22):
 par new generation   total 109248K, used 109248K [0x00000000e0000000, 0x00000000e8000000, 0x00000000e8000000)
  eden space 87424K, 100% used [0x00000000e0000000, 0x00000000e5560000, 0x00000000e5560000)
  from space 21824K, 100% used [0x00000000e5560000, 0x00000000e6ab0000, 0x00000000e6ab0000)
  to   space 21824K,   0% used [0x00000000e6ab0000, 0x00000000e6ab0000, 0x00000000e8000000)
 concurrent mark-sweep generation total 393216K, used 194794K [0x00000000e8000000, 0x0000000100000000, 0x0000000100000000)
 Metaspace       used 56502K, capacity 58189K, committed 58572K, reserved 1101824K
  class space    used 6562K, capacity 6968K, committed 7116K, reserved 1048576K
2020-06-30T22:12:02.056+0100: 3369.700: [GC (Allocation Failure) 2020-06-30T22:12:02.056+0100: 3369.700: [ParNew
Desired survivor size 20112992 bytes, new threshold 6 (max 8)
- age   1:    6838592 bytes,    6838592 total
- age   2:    4748920 bytes,   11587512 total
- age   3:    2045192 bytes,   13632704 total
- age   4:    2748712 bytes,   16381416 total
- age   5:    3162456 bytes,   19543872 total
- age   6:    2762336 bytes,   22306208 total
: 109248K->21824K(109248K), 0.0198640 secs] 304042K->227525K(502464K), 0.0199570 secs] [Times: user=0.06 sys=0.00, real=0.02 secs] 
Heap after GC invocations=363 (full 22):
 par new generation   total 109248K, used 21824K [0x00000000e0000000, 0x00000000e8000000, 0x00000000e8000000)
  eden space 87424K,   0% used [0x00000000e0000000, 0x00000000e0000000, 0x00000000e5560000)
  from space 21824K, 100% used [0x00000000e6ab0000, 0x00000000e8000000, 0x00000000e8000000)
  to   space 21824K,   0% used [0x00000000e5560000, 0x00000000e5560000, 0x00000000e6ab0000)
 concurrent mark-sweep generation total 393216K, used 205701K [0x00000000e8000000, 0x0000000100000000, 0x0000000100000000)
 Metaspace       used 56502K, capacity 58189K, committed 58572K, reserved 1101824K
  class space    used 6562K, capacity 6968K, committed 7116K, reserved 1048576K
}
2020-06-30T22:12:02.076+0100: 3369.720: Total time for which application threads were stopped: 0.0202543 seconds, Stopping threads took: 0.0000661 seconds
2020-06-30T22:12:02.076+0100: 3369.720: [GC (CMS Initial Mark) [1 CMS-initial-mark: 205701K(393216K)] 228896K(502464K), 0.0057722 secs] [Times: user=0.00 sys=0.00, real=0.01 secs] 
2020-06-30T22:12:02.082+0100: 3369.726: Total time for which application threads were stopped: 0.0059732 seconds, Stopping threads took: 0.0000773 seconds
2020-06-30T22:12:02.082+0100: 3369.726: [CMS-concurrent-mark-start]
2020-06-30T22:12:02.108+0100: 3369.752: [CMS-concurrent-mark: 0.026/0.026 secs] [Times: user=0.13 sys=0.00, real=0.03 secs] 
2020-06-30T22:12:02.108+0100: 3369.752: [CMS-concurrent-preclean-start]
2020-06-30T22:12:02.110+0100: 3369.754: [CMS-concurrent-preclean: 0.002/0.002 secs] [Times: user=0.00 sys=0.00, real=0.00 secs] 
2020-06-30T22:12:02.110+0100: 3369.754: [GC (CMS Final Remark) [YG occupancy: 23195 K (109248 K)]{Heap before GC invocations=363 (full 23):
 par new generation   total 109248K, used 23195K [0x00000000e0000000, 0x00000000e8000000, 0x00000000e8000000)
  eden space 87424K,   1% used [0x00000000e0000000, 0x00000000e0156cf8, 0x00000000e5560000)
  from space 21824K, 100% used [0x00000000e6ab0000, 0x00000000e8000000, 0x00000000e8000000)
  to   space 21824K,   0% used [0x00000000e5560000, 0x00000000e5560000, 0x00000000e6ab0000)
 concurrent mark-sweep generation total 393216K, used 205701K [0x00000000e8000000, 0x0000000100000000, 0x0000000100000000)
 Metaspace       used 56502K, capacity 58189K, committed 58572K, reserved 1101824K
  class space    used 6562K, capacity 6968K, committed 7116K, reserved 1048576K
2020-06-30T22:12:02.110+0100: 3369.754: [GC (CMS Final Remark) 2020-06-30T22:12:02.111+0100: 3369.754: [ParNew
Desired survivor size 20112992 bytes, new threshold 8 (max 8)
- age   1:       6872 bytes,       6872 total
- age   2:    5274176 bytes,    5281048 total
- age   3:    4748480 bytes,   10029528 total
- age   4:    2045192 bytes,   12074720 total
- age   5:    2748712 bytes,   14823432 total
- age   6:    3162456 bytes,   17985888 total
: 23195K->21824K(109248K), 0.0129268 secs] 228896K->231667K(502464K), 0.0130549 secs] [Times: user=0.06 sys=0.00, real=0.01 secs] 
Heap after GC invocations=364 (full 23):
 par new generation   total 109248K, used 21824K [0x00000000e0000000, 0x00000000e8000000, 0x00000000e8000000)
  eden space 87424K,   0% used [0x00000000e0000000, 0x00000000e0000000, 0x00000000e5560000)
  from space 21824K, 100% used [0x00000000e5560000, 0x00000000e6ab0000, 0x00000000e6ab0000)
  to   space 21824K,   0% used [0x00000000e6ab0000, 0x00000000e6ab0000, 0x00000000e8000000)
 concurrent mark-sweep generation total 393216K, used 209843K [0x00000000e8000000, 0x0000000100000000, 0x0000000100000000)
 Metaspace       used 56502K, capacity 58189K, committed 58572K, reserved 1101824K
  class space    used 6562K, capacity 6968K, committed 7116K, reserved 1048576K
}
2020-06-30T22:12:02.124+0100: 3369.767: [Rescan (parallel) , 0.0055834 secs]2020-06-30T22:12:02.129+0100: 3369.773: [weak refs processing, 0.0065430 secs]2020-06-30T22:12:02.136+0100: 3369.779: [class unloading, 0.0180555 secs]2020-06-30T22:12:02.154+0100: 3369.798: [scrub symbol table, 0.0167543 secs]2020-06-30T22:12:02.171+0100: 3369.814: [scrub string table, 0.0009965 secs][1 CMS-remark: 209843K(393216K)] 231667K(502464K), 0.0615677 secs] [Times: user=0.16 sys=0.00, real=0.06 secs] 
2020-06-30T22:12:02.172+0100: 3369.816: Total time for which application threads were stopped: 0.0618647 seconds, Stopping threads took: 0.0000919 seconds
2020-06-30T22:12:02.172+0100: 3369.816: [CMS-concurrent-sweep-start]
2020-06-30T22:12:02.185+0100: 3369.829: Total time for which application threads were stopped: 0.0002452 seconds, Stopping threads took: 0.0000796 seconds
2020-06-30T22:12:02.186+0100: 3369.829: Total time for which application threads were stopped: 0.0005085 seconds, Stopping threads took: 0.0000987 seconds
2020-06-30T22:12:02.187+0100: 3369.830: Total time for which application threads were stopped: 0.0002290 seconds, Stopping threads took: 0.0001253 seconds
2020-06-30T22:12:02.187+0100: 3369.831: Total time for which application threads were stopped: 0.0001514 seconds, Stopping threads took: 0.0000613 seconds
2020-06-30T22:12:02.257+0100: 3369.901: [CMS-concurrent-sweep: 0.084/0.085 secs] [Times: user=0.28 sys=0.00, real=0.09 secs] 
2020-06-30T22:12:02.258+0100: 3369.901: [CMS-concurrent-reset-start]
2020-06-30T22:12:02.259+0100: 3369.902: [CMS-concurrent-reset: 0.001/0.001 secs] [Times: user=0.00 sys=0.00, real=0.00 secs] 
2020-06-30T22:12:03.451+0100: 3371.094: Total time for which application threads were stopped: 0.0001716 seconds, Stopping threads took: 0.0000798 seconds
2020-06-30T22:12:03.452+0100: 3371.095: Total time for which application threads were stopped: 0.0001030 seconds, Stopping threads took: 0.0000427 seconds
2020-06-30T22:12:03.452+0100: 3371.096: Total time for which application threads were stopped: 0.0001278 seconds, Stopping threads took: 0.0000526 seconds
2020-06-30T22:12:03.452+0100: 3371.096: Total time for which application threads were stopped: 0.0000918 seconds, Stopping threads took: 0.0000475 seconds
2020-06-30T22:12:03.452+0100: 3371.096: Total time for which application threads were stopped: 0.0001078 seconds, Stopping threads took: 0.0000496 seconds
2020-06-30T22:12:08.893+0100: 3376.536: Total time for which application threads were stopped: 0.0002128 seconds, Stopping threads took: 0.0001576 seconds
2020-06-30T22:12:08.896+0100: 3376.539: Total time for which application threads were stopped: 0.0001401 seconds, Stopping threads took: 0.0000597 seconds
2020-06-30T22:12:08.897+0100: 3376.541: Total time for which application threads were stopped: 0.0002883 seconds, Stopping threads took: 0.0000651 seconds
{Heap before GC invocations=364 (full 23):
 par new generation   total 109248K, used 109248K [0x00000000e0000000, 0x00000000e8000000, 0x00000000e8000000)
  eden space 87424K, 100% used [0x00000000e0000000, 0x00000000e5560000, 0x00000000e5560000)
  from space 21824K, 100% used [0x00000000e5560000, 0x00000000e6ab0000, 0x00000000e6ab0000)
  to   space 21824K,   0% used [0x00000000e6ab0000, 0x00000000e6ab0000, 0x00000000e8000000)
 concurrent mark-sweep generation total 393216K, used 92470K [0x00000000e8000000, 0x0000000100000000, 0x0000000100000000)
 Metaspace       used 56513K, capacity 58253K, committed 58572K, reserved 1101824K
  class space    used 6563K, capacity 6968K, committed 7116K, reserved 1048576K
2020-06-30T22:12:08.971+0100: 3376.614: [GC (Allocation Failure) 2020-06-30T22:12:08.971+0100: 3376.614: [ParNew
Desired survivor size 20112992 bytes, new threshold 7 (max 8)
- age   1:    8295992 bytes,    8295992 total
- age   2:        336 bytes,    8296328 total
- age   3:    3271984 bytes,   11568312 total
- age   4:    2979232 bytes,   14547544 total
- age   5:    1364488 bytes,   15912032 total
- age   6:    2638240 bytes,   18550272 total
- age   7:    2934168 bytes,   21484440 total
: 109248K->21824K(109248K), 0.0129951 secs] 201718K->117638K(502464K), 0.0130645 secs] [Times: user=0.06 sys=0.00, real=0.01 secs] 
Heap after GC invocations=365 (full 23):
 par new generation   total 109248K, used 21824K [0x00000000e0000000, 0x00000000e8000000, 0x00000000e8000000)
  eden space 87424K,   0% used [0x00000000e0000000, 0x00000000e0000000, 0x00000000e5560000)
  from space 21824K, 100% used [0x00000000e6ab0000, 0x00000000e8000000, 0x00000000e8000000)
  to   space 21824K,   0% used [0x00000000e5560000, 0x00000000e5560000, 0x00000000e6ab0000)
 concurrent mark-sweep generation total 393216K, used 95814K [0x00000000e8000000, 0x0000000100000000, 0x0000000100000000)
 Metaspace       used 56513K, capacity 58253K, committed 58572K, reserved 1101824K
  class space    used 6563K, capacity 6968K, committed 7116K, reserved 1048576K
}
2020-06-30T22:12:08.984+0100: 3376.627: Total time for which application threads were stopped: 0.0133104 seconds, Stopping threads took: 0.0000701 seconds
2020-06-30T22:12:08.990+0100: 3376.634: Total time for which application threads were stopped: 0.0001469 seconds, Stopping threads took: 0.0000716 seconds
{Heap before GC invocations=365 (full 23):
 par new generation   total 109248K, used 109248K [0x00000000e0000000, 0x00000000e8000000, 0x00000000e8000000)
  eden space 87424K, 100% used [0x00000000e0000000, 0x00000000e5560000, 0x00000000e5560000)
  from space 21824K, 100% used [0x00000000e6ab0000, 0x00000000e8000000, 0x00000000e8000000)
  to   space 21824K,   0% used [0x00000000e5560000, 0x00000000e5560000, 0x00000000e6ab0000)
 concurrent mark-sweep generation total 393216K, used 95814K [0x00000000e8000000, 0x0000000100000000, 0x0000000100000000)
 Metaspace       used 56513K, capacity 58253K, committed 58572K, reserved 1101824K
  class space    used 6563K, capacity 6968K, committed 7116K, reserved 1048576K
2020-06-30T22:12:09.067+0100: 3376.711: [GC (Allocation Failure) 2020-06-30T22:12:09.067+0100: 3376.711: [ParNew
Desired survivor size 20112992 bytes, new threshold 7 (max 8)
- age   1:    9319392 bytes,    9319392 total
- age   2:    2394056 bytes,   11713448 total
- age   3:        272 bytes,   11713720 total
- age   4:    3209096 bytes,   14922816 total
- age   5:    2978632 bytes,   17901448 total
- age   6:    1358672 bytes,   19260120 total
- age   7:    2536320 bytes,   21796440 total
: 109248K->21824K(109248K), 0.0143433 secs] 205062K->122072K(502464K), 0.0144157 secs] [Times: user=0.06 sys=0.00, real=0.01 secs] 
Heap after GC invocations=366 (full 23):
 par new generation   total 109248K, used 21824K [0x00000000e0000000, 0x00000000e8000000, 0x00000000e8000000)
  eden space 87424K,   0% used [0x00000000e0000000, 0x00000000e0000000, 0x00000000e5560000)
  from space 21824K, 100% used [0x00000000e5560000, 0x00000000e6ab0000, 0x00000000e6ab0000)
  to   space 21824K,   0% used [0x00000000e6ab0000, 0x00000000e6ab0000, 0x00000000e8000000)
 concurrent mark-sweep generation total 393216K, used 100248K [0x00000000e8000000, 0x0000000100000000, 0x0000000100000000)
 Metaspace       used 56513K, capacity 58253K, committed 58572K, reserved 1101824K
  class space    used 6563K, capacity 6968K, committed 7116K, reserved 1048576K
}
2020-06-30T22:12:09.081+0100: 3376.725: Total time for which application threads were stopped: 0.0146506 seconds, Stopping threads took: 0.0000637 seconds
2020-06-30T22:12:09.082+0100: 3376.725: Total time for which application threads were stopped: 0.0001616 seconds, Stopping threads took: 0.0000780 seconds
2020-06-30T22:12:09.082+0100: 3376.726: Total time for which application threads were stopped: 0.0001201 seconds, Stopping threads took: 0.0000580 seconds
2020-06-30T22:12:09.082+0100: 3376.726: Total time for which application threads were stopped: 0.0001129 seconds, Stopping threads took: 0.0000539 seconds
2020-06-30T22:12:09.083+0100: 3376.726: Total time for which application threads were stopped: 0.0001196 seconds, Stopping threads took: 0.0000512 seconds
2020-06-30T22:12:09.083+0100: 3376.726: Total time for which application threads were stopped: 0.0001132 seconds, Stopping threads took: 0.0000567 seconds
2020-06-30T22:12:09.083+0100: 3376.727: Total time for which application threads were stopped: 0.0001042 seconds, Stopping threads took: 0.0000499 seconds
{Heap before GC invocations=366 (full 23):
 par new generation   total 109248K, used 109248K [0x00000000e0000000, 0x00000000e8000000, 0x00000000e8000000)
  eden space 87424K, 100% used [0x00000000e0000000, 0x00000000e5560000, 0x00000000e5560000)
  from space 21824K, 100% used [0x00000000e5560000, 0x00000000e6ab0000, 0x00000000e6ab0000)
  to   space 21824K,   0% used [0x00000000e6ab0000, 0x00000000e6ab0000, 0x00000000e8000000)
 concurrent mark-sweep generation total 393216K, used 100248K [0x00000000e8000000, 0x0000000100000000, 0x0000000100000000)
 Metaspace       used 56513K, capacity 58253K, committed 58572K, reserved 1101824K
  class space    used 6563K, capacity 6968K, committed 7116K, reserved 1048576K
2020-06-30T22:12:09.181+0100: 3376.825: [GC (Allocation Failure) 2020-06-30T22:12:09.181+0100: 3376.825: [ParNew
Desired survivor size 20112992 bytes, new threshold 7 (max 8)
- age   1:    5828656 bytes,    5828656 total
- age   2:    5213816 bytes,   11042472 total
- age   3:    2318056 bytes,   13360528 total
- age   4:        272 bytes,   13360800 total
- age   5:    3208952 bytes,   16569752 total
- age   6:    2978632 bytes,   19548384 total
- age   7:    1358672 bytes,   20907056 total
: 109248K->21824K(109248K), 0.0151687 secs] 209496K->125749K(502464K), 0.0152699 secs] [Times: user=0.06 sys=0.00, real=0.02 secs] 
Heap after GC invocations=367 (full 23):
 par new generation   total 109248K, used 21824K [0x00000000e0000000, 0x00000000e8000000, 0x00000000e8000000)
  eden space 87424K,   0% used [0x00000000e0000000, 0x00000000e0000000, 0x00000000e5560000)
  from space 21824K, 100% used [0x00000000e6ab0000, 0x00000000e8000000, 0x00000000e8000000)
  to   space 21824K,   0% used [0x00000000e5560000, 0x00000000e5560000, 0x00000000e6ab0000)
 concurrent mark-sweep generation total 393216K, used 103925K [0x00000000e8000000, 0x0000000100000000, 0x0000000100000000)
 Metaspace       used 56513K, capacity 58253K, committed 58572K, reserved 1101824K
  class space    used 6563K, capacity 6968K, committed 7116K, reserved 1048576K
}
2020-06-30T22:12:09.197+0100: 3376.840: Total time for which application threads were stopped: 0.0155338 seconds, Stopping threads took: 0.0000598 seconds
{Heap before GC invocations=367 (full 23):
 par new generation   total 109248K, used 109248K [0x00000000e0000000, 0x00000000e8000000, 0x00000000e8000000)
  eden space 87424K, 100% used [0x00000000e0000000, 0x00000000e5560000, 0x00000000e5560000)
  from space 21824K, 100% used [0x00000000e6ab0000, 0x00000000e8000000, 0x00000000e8000000)
  to   space 21824K,   0% used [0x00000000e5560000, 0x00000000e5560000, 0x00000000e6ab0000)
 concurrent mark-sweep generation total 393216K, used 103925K [0x00000000e8000000, 0x0000000100000000, 0x0000000100000000)
 Metaspace       used 56513K, capacity 58253K, committed 58572K, reserved 1101824K
  class space    used 6563K, capacity 6968K, committed 7116K, reserved 1048576K
2020-06-30T22:12:09.345+0100: 3376.988: [GC (Allocation Failure) 2020-06-30T22:12:09.345+0100: 3376.988: [ParNew
Desired survivor size 20112992 bytes, new threshold 7 (max 8)
- age   1:    5501944 bytes,    5501944 total
- age   2:    4862120 bytes,   10364064 total
- age   3:    3124400 bytes,   13488464 total
- age   4:    2317920 bytes,   15806384 total
- age   5:        272 bytes,   15806656 total
- age   6:    3208952 bytes,   19015608 total
- age   7:    2978632 bytes,   21994240 total
: 109248K->21824K(109248K), 0.0165575 secs] 213173K->131646K(502464K), 0.0166398 secs] [Times: user=0.06 sys=0.00, real=0.02 secs] 
Heap after GC invocations=368 (full 23):
 par new generation   total 109248K, used 21824K [0x00000000e0000000, 0x00000000e8000000, 0x00000000e8000000)
  eden space 87424K,   0% used [0x00000000e0000000, 0x00000000e0000000, 0x00000000e5560000)
  from space 21824K, 100% used [0x00000000e5560000, 0x00000000e6ab0000, 0x00000000e6ab0000)
  to   space 21824K,   0% used [0x00000000e6ab0000, 0x00000000e6ab0000, 0x00000000e8000000)
 concurrent mark-sweep generation total 393216K, used 109822K [0x00000000e8000000, 0x0000000100000000, 0x0000000100000000)
 Metaspace       used 56513K, capacity 58253K, committed 58572K, reserved 1101824K
  class space    used 6563K, capacity 6968K, committed 7116K, reserved 1048576K
}
2020-06-30T22:12:09.362+0100: 3377.005: Total time for which application threads were stopped: 0.0169281 seconds, Stopping threads took: 0.0000538 seconds
2020-06-30T22:12:09.962+0100: 3377.606: Total time for which application threads were stopped: 0.0001544 seconds, Stopping threads took: 0.0000692 seconds
2020-06-30T22:12:09.963+0100: 3377.606: Total time for which application threads were stopped: 0.0001900 seconds, Stopping threads took: 0.0001189 seconds
2020-06-30T22:12:09.963+0100: 3377.607: Total time for which application threads were stopped: 0.0001474 seconds, Stopping threads took: 0.0000643 seconds
2020-06-30T22:12:09.964+0100: 3377.608: Total time for which application threads were stopped: 0.0001721 seconds, Stopping threads took: 0.0000714 seconds
2020-06-30T22:12:09.967+0100: 3377.610: Total time for which application threads were stopped: 0.0001399 seconds, Stopping threads took: 0.0000514 seconds
2020-06-30T22:12:09.967+0100: 3377.611: Total time for which application threads were stopped: 0.0001253 seconds, Stopping threads took: 0.0000491 seconds
2020-06-30T22:12:09.967+0100: 3377.611: Total time for which application threads were stopped: 0.0001178 seconds, Stopping threads took: 0.0000462 seconds
2020-06-30T22:12:09.967+0100: 3377.611: Total time for which application threads were stopped: 0.0001134 seconds, Stopping threads took: 0.0000447 seconds
2020-06-30T22:12:09.968+0100: 3377.611: Total time for which application threads were stopped: 0.0001492 seconds, Stopping threads took: 0.0000818 seconds
2020-06-30T22:12:10.968+0100: 3378.611: Total time for which application threads were stopped: 0.0001133 seconds, Stopping threads took: 0.0000563 seconds
2020-06-30T22:12:23.924+0100: 3391.568: Total time for which application threads were stopped: 0.0001060 seconds, Stopping threads took: 0.0000428 seconds
2020-06-30T22:12:26.442+0100: 3394.086: Total time for which application threads were stopped: 0.0063705 seconds, Stopping threads took: 0.0062753 seconds
2020-06-30T22:12:26.597+0100: 3394.241: Total time for which application threads were stopped: 0.0001763 seconds, Stopping threads took: 0.0000687 seconds
{Heap before GC invocations=368 (full 23):
 par new generation   total 109248K, used 109248K [0x00000000e0000000, 0x00000000e8000000, 0x00000000e8000000)
  eden space 87424K, 100% used [0x00000000e0000000, 0x00000000e5560000, 0x00000000e5560000)
  from space 21824K, 100% used [0x00000000e5560000, 0x00000000e6ab0000, 0x00000000e6ab0000)
  to   space 21824K,   0% used [0x00000000e6ab0000, 0x00000000e6ab0000, 0x00000000e8000000)
 concurrent mark-sweep generation total 393216K, used 109822K [0x00000000e8000000, 0x0000000100000000, 0x0000000100000000)
 Metaspace       used 56515K, capacity 58253K, committed 58572K, reserved 1101824K
  class space    used 6563K, capacity 6968K, committed 7116K, reserved 1048576K
2020-06-30T22:12:26.632+0100: 3394.276: [GC (Allocation Failure) 2020-06-30T22:12:26.632+0100: 3394.276: [ParNew
Desired survivor size 20112992 bytes, new threshold 7 (max 8)
- age   1:    5800760 bytes,    5800760 total
- age   2:    3927992 bytes,    9728752 total
- age   3:    4708712 bytes,   14437464 total
- age   4:    2710168 bytes,   17147632 total
- age   5:    1604536 bytes,   18752168 total
- age   6:        152 bytes,   18752320 total
- age   7:    2779760 bytes,   21532080 total
: 109248K->21824K(109248K), 0.0214134 secs] 219070K->140944K(502464K), 0.0215022 secs] [Times: user=0.05 sys=0.00, real=0.02 secs] 
Heap after GC invocations=369 (full 23):
 par new generation   total 109248K, used 21824K [0x00000000e0000000, 0x00000000e8000000, 0x00000000e8000000)
  eden space 87424K,   0% used [0x00000000e0000000, 0x00000000e0000000, 0x00000000e5560000)
  from space 21824K, 100% used [0x00000000e6ab0000, 0x00000000e8000000, 0x00000000e8000000)
  to   space 21824K,   0% used [0x00000000e5560000, 0x00000000e5560000, 0x00000000e6ab0000)
 concurrent mark-sweep generation total 393216K, used 119120K [0x00000000e8000000, 0x0000000100000000, 0x0000000100000000)
 Metaspace       used 56515K, capacity 58253K, committed 58572K, reserved 1101824K
  class space    used 6563K, capacity 6968K, committed 7116K, reserved 1048576K
}
2020-06-30T22:12:26.654+0100: 3394.297: Total time for which application threads were stopped: 0.0218104 seconds, Stopping threads took: 0.0000770 seconds
{Heap before GC invocations=369 (full 23):
 par new generation   total 109248K, used 109248K [0x00000000e0000000, 0x00000000e8000000, 0x00000000e8000000)
  eden space 87424K, 100% used [0x00000000e0000000, 0x00000000e5560000, 0x00000000e5560000)
  from space 21824K, 100% used [0x00000000e6ab0000, 0x00000000e8000000, 0x00000000e8000000)
  to   space 21824K,   0% used [0x00000000e5560000, 0x00000000e5560000, 0x00000000e6ab0000)
 concurrent mark-sweep generation total 393216K, used 119120K [0x00000000e8000000, 0x0000000100000000, 0x0000000100000000)
 Metaspace       used 56532K, capacity 58317K, committed 58572K, reserved 1101824K
  class space    used 6563K, capacity 6968K, committed 7116K, reserved 1048576K
2020-06-30T22:12:26.879+0100: 3394.523: [GC (Allocation Failure) 2020-06-30T22:12:26.879+0100: 3394.523: [ParNew
Desired survivor size 20112992 bytes, new threshold 5 (max 8)
- age   1:    6288216 bytes,    6288216 total
- age   2:    3111392 bytes,    9399608 total
- age   3:    3927840 bytes,   13327448 total
- age   4:    4707496 bytes,   18034944 total
- age   5:    2710104 bytes,   20745048 total
- age   6:    1495368 bytes,   22240416 total
- age   7:        152 bytes,   22240568 total
: 109248K->21824K(109248K), 0.0190376 secs] 228368K->147553K(502464K), 0.0191186 secs] [Times: user=0.13 sys=0.00, real=0.02 secs] 
Heap after GC invocations=370 (full 23):
 par new generation   total 109248K, used 21824K [0x00000000e0000000, 0x00000000e8000000, 0x00000000e8000000)
  eden space 87424K,   0% used [0x00000000e0000000, 0x00000000e0000000, 0x00000000e5560000)
  from space 21824K, 100% used [0x00000000e5560000, 0x00000000e6ab0000, 0x00000000e6ab0000)
  to   space 21824K,   0% used [0x00000000e6ab0000, 0x00000000e6ab0000, 0x00000000e8000000)
 concurrent mark-sweep generation total 393216K, used 125729K [0x00000000e8000000, 0x0000000100000000, 0x0000000100000000)
 Metaspace       used 56532K, capacity 58317K, committed 58572K, reserved 1101824K
  class space    used 6563K, capacity 6968K, committed 7116K, reserved 1048576K
}
2020-06-30T22:12:26.899+0100: 3394.542: Total time for which application threads were stopped: 0.0202845 seconds, Stopping threads took: 0.0009053 seconds
{Heap before GC invocations=370 (full 23):
 par new generation   total 109248K, used 109248K [0x00000000e0000000, 0x00000000e8000000, 0x00000000e8000000)
  eden space 87424K, 100% used [0x00000000e0000000, 0x00000000e5560000, 0x00000000e5560000)
  from space 21824K, 100% used [0x00000000e5560000, 0x00000000e6ab0000, 0x00000000e6ab0000)
  to   space 21824K,   0% used [0x00000000e6ab0000, 0x00000000e6ab0000, 0x00000000e8000000)
 concurrent mark-sweep generation total 393216K, used 125729K [0x00000000e8000000, 0x0000000100000000, 0x0000000100000000)
 Metaspace       used 56532K, capacity 58317K, committed 58572K, reserved 1101824K
  class space    used 6563K, capacity 6968K, committed 7116K, reserved 1048576K
2020-06-30T22:12:27.101+0100: 3394.744: [GC (Allocation Failure) 2020-06-30T22:12:27.101+0100: 3394.744: [ParNew
Desired survivor size 20112992 bytes, new threshold 5 (max 8)
- age   1:    4811704 bytes,    4811704 total
- age   2:    4996808 bytes,    9808512 total
- age   3:    3046632 bytes,   12855144 total
- age   4:    3927840 bytes,   16782984 total
- age   5:    4707496 bytes,   21490480 total
: 109248K->21824K(109248K), 0.0173242 secs] 234977K->153586K(502464K), 0.0174022 secs] [Times: user=0.00 sys=0.02, real=0.02 secs] 
Heap after GC invocations=371 (full 23):
 par new generation   total 109248K, used 21824K [0x00000000e0000000, 0x00000000e8000000, 0x00000000e8000000)
  eden space 87424K,   0% used [0x00000000e0000000, 0x00000000e0000000, 0x00000000e5560000)
  from space 21824K, 100% used [0x00000000e6ab0000, 0x00000000e8000000, 0x00000000e8000000)
  to   space 21824K,   0% used [0x00000000e5560000, 0x00000000e5560000, 0x00000000e6ab0000)
 concurrent mark-sweep generation total 393216K, used 131762K [0x00000000e8000000, 0x0000000100000000, 0x0000000100000000)
 Metaspace       used 56532K, capacity 58317K, committed 58572K, reserved 1101824K
  class space    used 6563K, capacity 6968K, committed 7116K, reserved 1048576K
}
2020-06-30T22:12:27.118+0100: 3394.762: Total time for which application threads were stopped: 0.0177391 seconds, Stopping threads took: 0.0000773 seconds
2020-06-30T22:12:28.667+0100: 3396.311: Total time for which application threads were stopped: 0.0001285 seconds, Stopping threads took: 0.0000659 seconds
2020-06-30T22:12:28.667+0100: 3396.311: Total time for which application threads were stopped: 0.0001350 seconds, Stopping threads took: 0.0000577 seconds
2020-06-30T22:12:28.668+0100: 3396.312: Total time for which application threads were stopped: 0.0001397 seconds, Stopping threads took: 0.0000629 seconds
2020-06-30T22:12:28.669+0100: 3396.313: Total time for which application threads were stopped: 0.0001163 seconds, Stopping threads took: 0.0000534 seconds
2020-06-30T22:12:28.669+0100: 3396.313: Total time for which application threads were stopped: 0.0000958 seconds, Stopping threads took: 0.0000417 seconds
2020-06-30T22:12:28.670+0100: 3396.313: Total time for which application threads were stopped: 0.0001388 seconds, Stopping threads took: 0.0000833 seconds
2020-06-30T22:12:28.670+0100: 3396.313: Total time for which application threads were stopped: 0.0000783 seconds, Stopping threads took: 0.0000375 seconds
2020-06-30T22:12:28.670+0100: 3396.314: Total time for which application threads were stopped: 0.0000770 seconds, Stopping threads took: 0.0000364 seconds
2020-06-30T22:12:35.491+0100: 3403.134: Total time for which application threads were stopped: 0.0002100 seconds, Stopping threads took: 0.0001605 seconds
2020-06-30T22:12:35.494+0100: 3403.137: Total time for which application threads were stopped: 0.0001424 seconds, Stopping threads took: 0.0000714 seconds
2020-06-30T22:12:35.495+0100: 3403.139: Total time for which application threads were stopped: 0.0001338 seconds, Stopping threads took: 0.0000668 seconds
{Heap before GC invocations=371 (full 23):
 par new generation   total 109248K, used 109248K [0x00000000e0000000, 0x00000000e8000000, 0x00000000e8000000)
  eden space 87424K, 100% used [0x00000000e0000000, 0x00000000e5560000, 0x00000000e5560000)
  from space 21824K, 100% used [0x00000000e6ab0000, 0x00000000e8000000, 0x00000000e8000000)
  to   space 21824K,   0% used [0x00000000e5560000, 0x00000000e5560000, 0x00000000e6ab0000)
 concurrent mark-sweep generation total 393216K, used 131762K [0x00000000e8000000, 0x0000000100000000, 0x0000000100000000)
 Metaspace       used 56537K, capacity 58317K, committed 58572K, reserved 1101824K
  class space    used 6563K, capacity 6968K, committed 7116K, reserved 1048576K
2020-06-30T22:12:35.524+0100: 3403.168: [GC (Allocation Failure) 2020-06-30T22:12:35.524+0100: 3403.168: [ParNew
Desired survivor size 20112992 bytes, new threshold 8 (max 8)
- age   1:    2584992 bytes,    2584992 total
- age   2:    2247320 bytes,    4832312 total
- age   3:    4824400 bytes,    9656712 total
- age   4:    2718824 bytes,   12375536 total
- age   5:    3927840 bytes,   16303376 total
: 109248K->21824K(109248K), 0.0166457 secs] 241010K->161779K(502464K), 0.0167266 secs] [Times: user=0.03 sys=0.00, real=0.02 secs] 
Heap after GC invocations=372 (full 23):
 par new generation   total 109248K, used 21824K [0x00000000e0000000, 0x00000000e8000000, 0x00000000e8000000)
  eden space 87424K,   0% used [0x00000000e0000000, 0x00000000e0000000, 0x00000000e5560000)
  from space 21824K, 100% used [0x00000000e5560000, 0x00000000e6ab0000, 0x00000000e6ab0000)
  to   space 21824K,   0% used [0x00000000e6ab0000, 0x00000000e6ab0000, 0x00000000e8000000)
 concurrent mark-sweep generation total 393216K, used 139955K [0x00000000e8000000, 0x0000000100000000, 0x0000000100000000)
 Metaspace       used 56537K, capacity 58317K, committed 58572K, reserved 1101824K
  class space    used 6563K, capacity 6968K, committed 7116K, reserved 1048576K
}
2020-06-30T22:12:35.541+0100: 3403.185: Total time for which application threads were stopped: 0.0169876 seconds, Stopping threads took: 0.0000881 seconds
2020-06-30T22:12:35.588+0100: 3403.231: Total time for which application threads were stopped: 0.0001560 seconds, Stopping threads took: 0.0000766 seconds
{Heap before GC invocations=372 (full 23):
 par new generation   total 109248K, used 109248K [0x00000000e0000000, 0x00000000e8000000, 0x00000000e8000000)
  eden space 87424K, 100% used [0x00000000e0000000, 0x00000000e5560000, 0x00000000e5560000)
  from space 21824K, 100% used [0x00000000e5560000, 0x00000000e6ab0000, 0x00000000e6ab0000)
  to   space 21824K,   0% used [0x00000000e6ab0000, 0x00000000e6ab0000, 0x00000000e8000000)
 concurrent mark-sweep generation total 393216K, used 139955K [0x00000000e8000000, 0x0000000100000000, 0x0000000100000000)
 Metaspace       used 56537K, capacity 58317K, committed 58572K, reserved 1101824K
  class space    used 6563K, capacity 6968K, committed 7116K, reserved 1048576K
2020-06-30T22:12:35.636+0100: 3403.280: [GC (Allocation Failure) 2020-06-30T22:12:35.636+0100: 3403.280: [ParNew
Desired survivor size 20112992 bytes, new threshold 6 (max 8)
- age   1:    7195936 bytes,    7195936 total
- age   2:    1824376 bytes,    9020312 total
- age   3:    2058640 bytes,   11078952 total
- age   4:    4824040 bytes,   15902992 total
- age   5:    2516888 bytes,   18419880 total
- age   6:    3926272 bytes,   22346152 total
: 109248K->21824K(109248K), 0.0135733 secs] 249203K->165509K(502464K), 0.0136476 secs] [Times: user=0.06 sys=0.00, real=0.01 secs] 
Heap after GC invocations=373 (full 23):
 par new generation   total 109248K, used 21824K [0x00000000e0000000, 0x00000000e8000000, 0x00000000e8000000)
  eden space 87424K,   0% used [0x00000000e0000000, 0x00000000e0000000, 0x00000000e5560000)
  from space 21824K, 100% used [0x00000000e6ab0000, 0x00000000e8000000, 0x00000000e8000000)
  to   space 21824K,   0% used [0x00000000e5560000, 0x00000000e5560000, 0x00000000e6ab0000)
 concurrent mark-sweep generation total 393216K, used 143685K [0x00000000e8000000, 0x0000000100000000, 0x0000000100000000)
 Metaspace       used 56537K, capacity 58317K, committed 58572K, reserved 1101824K
  class space    used 6563K, capacity 6968K, committed 7116K, reserved 1048576K
}
2020-06-30T22:12:35.650+0100: 3403.293: Total time for which application threads were stopped: 0.0138697 seconds, Stopping threads took: 0.0000588 seconds
2020-06-30T22:12:35.650+0100: 3403.294: Total time for which application threads were stopped: 0.0002405 seconds, Stopping threads took: 0.0000861 seconds
2020-06-30T22:12:35.650+0100: 3403.294: Total time for which application threads were stopped: 0.0001487 seconds, Stopping threads took: 0.0000910 seconds
2020-06-30T22:12:35.651+0100: 3403.294: Total time for which application threads were stopped: 0.0001067 seconds, Stopping threads took: 0.0000504 seconds
2020-06-30T22:12:35.651+0100: 3403.295: Total time for which application threads were stopped: 0.0000630 seconds, Stopping threads took: 0.0000180 seconds
2020-06-30T22:12:35.651+0100: 3403.295: Total time for which application threads were stopped: 0.0001839 seconds, Stopping threads took: 0.0000609 seconds
2020-06-30T22:12:35.651+0100: 3403.295: Total time for which application threads were stopped: 0.0001042 seconds, Stopping threads took: 0.0000467 seconds
{Heap before GC invocations=373 (full 23):
 par new generation   total 109248K, used 109248K [0x00000000e0000000, 0x00000000e8000000, 0x00000000e8000000)
  eden space 87424K, 100% used [0x00000000e0000000, 0x00000000e5560000, 0x00000000e5560000)
  from space 21824K, 100% used [0x00000000e6ab0000, 0x00000000e8000000, 0x00000000e8000000)
  to   space 21824K,   0% used [0x00000000e5560000, 0x00000000e5560000, 0x00000000e6ab0000)
 concurrent mark-sweep generation total 393216K, used 143685K [0x00000000e8000000, 0x0000000100000000, 0x0000000100000000)
 Metaspace       used 56537K, capacity 58317K, committed 58572K, reserved 1101824K
  class space    used 6563K, capacity 6968K, committed 7116K, reserved 1048576K
2020-06-30T22:12:35.746+0100: 3403.389: [GC (Allocation Failure) 2020-06-30T22:12:35.746+0100: 3403.389: [ParNew
Desired survivor size 20112992 bytes, new threshold 6 (max 8)
- age   1:    5252944 bytes,    5252944 total
- age   2:    5952088 bytes,   11205032 total
- age   3:    1821616 bytes,   13026648 total
- age   4:    2051224 bytes,   15077872 total
- age   5:    4741896 bytes,   19819768 total
- age   6:    2516600 bytes,   22336368 total
: 109248K->21824K(109248K), 0.0198868 secs] 252933K->175974K(502464K), 0.0199739 secs] [Times: user=0.06 sys=0.00, real=0.02 secs] 
Heap after GC invocations=374 (full 23):
 par new generation   total 109248K, used 21824K [0x00000000e0000000, 0x00000000e8000000, 0x00000000e8000000)
  eden space 87424K,   0% used [0x00000000e0000000, 0x00000000e0000000, 0x00000000e5560000)
  from space 21824K, 100% used [0x00000000e5560000, 0x00000000e6ab0000, 0x00000000e6ab0000)
  to   space 21824K,   0% used [0x00000000e6ab0000, 0x00000000e6ab0000, 0x00000000e8000000)
 concurrent mark-sweep generation total 393216K, used 154150K [0x00000000e8000000, 0x0000000100000000, 0x0000000100000000)
 Metaspace       used 56537K, capacity 58317K, committed 58572K, reserved 1101824K
  class space    used 6563K, capacity 6968K, committed 7116K, reserved 1048576K
}
2020-06-30T22:12:35.766+0100: 3403.409: Total time for which application threads were stopped: 0.0202221 seconds, Stopping threads took: 0.0000632 seconds
{Heap before GC invocations=374 (full 23):
 par new generation   total 109248K, used 109248K [0x00000000e0000000, 0x00000000e8000000, 0x00000000e8000000)
  eden space 87424K, 100% used [0x00000000e0000000, 0x00000000e5560000, 0x00000000e5560000)
  from space 21824K, 100% used [0x00000000e5560000, 0x00000000e6ab0000, 0x00000000e6ab0000)
  to   space 21824K,   0% used [0x00000000e6ab0000, 0x00000000e6ab0000, 0x00000000e8000000)
 concurrent mark-sweep generation total 393216K, used 154150K [0x00000000e8000000, 0x0000000100000000, 0x0000000100000000)
 Metaspace       used 56537K, capacity 58317K, committed 58572K, reserved 1101824K
  class space    used 6563K, capacity 6968K, committed 7116K, reserved 1048576K
2020-06-30T22:12:35.873+0100: 3403.517: [GC (Allocation Failure) 2020-06-30T22:12:35.873+0100: 3403.517: [ParNew
Desired survivor size 20112992 bytes, new threshold 6 (max 8)
- age   1:    4525104 bytes,    4525104 total
- age   2:    3819184 bytes,    8344288 total
- age   3:    5248336 bytes,   13592624 total
- age   4:    1609064 bytes,   15201688 total
- age   5:    2033288 bytes,   17234976 total
- age   6:    4727928 bytes,   21962904 total
: 109248K->21824K(109248K), 0.0186692 secs] 263398K->190736K(502464K), 0.0187343 secs] [Times: user=0.06 sys=0.00, real=0.02 secs] 
Heap after GC invocations=375 (full 23):
 par new generation   total 109248K, used 21824K [0x00000000e0000000, 0x00000000e8000000, 0x00000000e8000000)
  eden space 87424K,   0% used [0x00000000e0000000, 0x00000000e0000000, 0x00000000e5560000)
  from space 21824K, 100% used [0x00000000e6ab0000, 0x00000000e8000000, 0x00000000e8000000)
  to   space 21824K,   0% used [0x00000000e5560000, 0x00000000e5560000, 0x00000000e6ab0000)
 concurrent mark-sweep generation total 393216K, used 168912K [0x00000000e8000000, 0x0000000100000000, 0x0000000100000000)
 Metaspace       used 56537K, capacity 58317K, committed 58572K, reserved 1101824K
  class space    used 6563K, capacity 6968K, committed 7116K, reserved 1048576K
}
2020-06-30T22:12:35.892+0100: 3403.535: Total time for which application threads were stopped: 0.0189829 seconds, Stopping threads took: 0.0000677 seconds
2020-06-30T22:12:36.892+0100: 3404.536: Total time for which application threads were stopped: 0.0005561 seconds, Stopping threads took: 0.0004699 seconds
2020-06-30T22:12:36.958+0100: 3404.602: Total time for which application threads were stopped: 0.0001531 seconds, Stopping threads took: 0.0000665 seconds
2020-06-30T22:12:36.958+0100: 3404.602: Total time for which application threads were stopped: 0.0001402 seconds, Stopping threads took: 0.0000541 seconds
2020-06-30T22:12:36.961+0100: 3404.604: Total time for which application threads were stopped: 0.0002036 seconds, Stopping threads took: 0.0000765 seconds
2020-06-30T22:12:36.961+0100: 3404.605: Total time for which application threads were stopped: 0.0001346 seconds, Stopping threads took: 0.0000496 seconds
2020-06-30T22:12:36.961+0100: 3404.605: Total time for which application threads were stopped: 0.0001287 seconds, Stopping threads took: 0.0000612 seconds
2020-06-30T22:12:36.962+0100: 3404.605: Total time for which application threads were stopped: 0.0003075 seconds, Stopping threads took: 0.0000570 seconds
2020-06-30T22:12:37.963+0100: 3405.606: Total time for which application threads were stopped: 0.0001104 seconds, Stopping threads took: 0.0000561 seconds
2020-06-30T22:12:44.015+0100: 3411.658: Total time for which application threads were stopped: 0.0003383 seconds, Stopping threads took: 0.0002228 seconds
{Heap before GC invocations=375 (full 23):
 par new generation   total 109248K, used 109248K [0x00000000e0000000, 0x00000000e8000000, 0x00000000e8000000)
  eden space 87424K, 100% used [0x00000000e0000000, 0x00000000e5560000, 0x00000000e5560000)
  from space 21824K, 100% used [0x00000000e6ab0000, 0x00000000e8000000, 0x00000000e8000000)
  to   space 21824K,   0% used [0x00000000e5560000, 0x00000000e5560000, 0x00000000e6ab0000)
 concurrent mark-sweep generation total 393216K, used 168912K [0x00000000e8000000, 0x0000000100000000, 0x0000000100000000)
 Metaspace       used 56538K, capacity 58317K, committed 58572K, reserved 1101824K
  class space    used 6563K, capacity 6968K, committed 7116K, reserved 1048576K
2020-06-30T22:12:44.172+0100: 3411.816: [GC (Allocation Failure) 2020-06-30T22:12:44.172+0100: 3411.816: [ParNew
Desired survivor size 20112992 bytes, new threshold 6 (max 8)
- age   1:    4492400 bytes,    4492400 total
- age   2:    4012920 bytes,    8505320 total
- age   3:    3136128 bytes,   11641448 total
- age   4:    4973280 bytes,   16614728 total
- age   5:    1536592 bytes,   18151320 total
- age   6:    1993232 bytes,   20144552 total
: 109248K->21824K(109248K), 0.0182592 secs] 278160K->201868K(502464K), 0.0183433 secs] [Times: user=0.06 sys=0.00, real=0.02 secs] 
Heap after GC invocations=376 (full 23):
 par new generation   total 109248K, used 21824K [0x00000000e0000000, 0x00000000e8000000, 0x00000000e8000000)
  eden space 87424K,   0% used [0x00000000e0000000, 0x00000000e0000000, 0x00000000e5560000)
  from space 21824K, 100% used [0x00000000e5560000, 0x00000000e6ab0000, 0x00000000e6ab0000)
  to   space 21824K,   0% used [0x00000000e6ab0000, 0x00000000e6ab0000, 0x00000000e8000000)
 concurrent mark-sweep generation total 393216K, used 180044K [0x00000000e8000000, 0x0000000100000000, 0x0000000100000000)
 Metaspace       used 56538K, capacity 58317K, committed 58572K, reserved 1101824K
  class space    used 6563K, capacity 6968K, committed 7116K, reserved 1048576K
}
2020-06-30T22:12:44.191+0100: 3411.834: Total time for which application threads were stopped: 0.0186640 seconds, Stopping threads took: 0.0000609 seconds
2020-06-30T22:12:44.200+0100: 3411.844: Total time for which application threads were stopped: 0.0001705 seconds, Stopping threads took: 0.0000650 seconds
{Heap before GC invocations=376 (full 23):
 par new generation   total 109248K, used 109248K [0x00000000e0000000, 0x00000000e8000000, 0x00000000e8000000)
  eden space 87424K, 100% used [0x00000000e0000000, 0x00000000e5560000, 0x00000000e5560000)
  from space 21824K, 100% used [0x00000000e5560000, 0x00000000e6ab0000, 0x00000000e6ab0000)
  to   space 21824K,   0% used [0x00000000e6ab0000, 0x00000000e6ab0000, 0x00000000e8000000)
 concurrent mark-sweep generation total 393216K, used 180044K [0x00000000e8000000, 0x0000000100000000, 0x0000000100000000)
 Metaspace       used 56538K, capacity 58317K, committed 58572K, reserved 1101824K
  class space    used 6563K, capacity 6968K, committed 7116K, reserved 1048576K
2020-06-30T22:12:44.425+0100: 3412.069: [GC (Allocation Failure) 2020-06-30T22:12:44.425+0100: 3412.069: [ParNew
Desired survivor size 20112992 bytes, new threshold 5 (max 8)
- age   1:    4803624 bytes,    4803624 total
- age   2:    3475128 bytes,    8278752 total
- age   3:    4012768 bytes,   12291520 total
- age   4:    3136128 bytes,   15427648 total
- age   5:    4857104 bytes,   20284752 total
- age   6:    1536528 bytes,   21821280 total
: 109248K->21824K(109248K), 0.0173119 secs] 289292K->208910K(502464K), 0.0174254 secs] [Times: user=0.06 sys=0.00, real=0.02 secs] 
Heap after GC invocations=377 (full 23):
 par new generation   total 109248K, used 21824K [0x00000000e0000000, 0x00000000e8000000, 0x00000000e8000000)
  eden space 87424K,   0% used [0x00000000e0000000, 0x00000000e0000000, 0x00000000e5560000)
  from space 21824K, 100% used [0x00000000e6ab0000, 0x00000000e8000000, 0x00000000e8000000)
  to   space 21824K,   0% used [0x00000000e5560000, 0x00000000e5560000, 0x00000000e6ab0000)
 concurrent mark-sweep generation total 393216K, used 187086K [0x00000000e8000000, 0x0000000100000000, 0x0000000100000000)
 Metaspace       used 56538K, capacity 58317K, committed 58572K, reserved 1101824K
  class space    used 6563K, capacity 6968K, committed 7116K, reserved 1048576K
}
2020-06-30T22:12:44.442+0100: 3412.086: Total time for which application threads were stopped: 0.0177610 seconds, Stopping threads took: 0.0000883 seconds
{Heap before GC invocations=377 (full 23):
 par new generation   total 109248K, used 109248K [0x00000000e0000000, 0x00000000e8000000, 0x00000000e8000000)
  eden space 87424K, 100% used [0x00000000e0000000, 0x00000000e5560000, 0x00000000e5560000)
  from space 21824K, 100% used [0x00000000e6ab0000, 0x00000000e8000000, 0x00000000e8000000)
  to   space 21824K,   0% used [0x00000000e5560000, 0x00000000e5560000, 0x00000000e6ab0000)
 concurrent mark-sweep generation total 393216K, used 187086K [0x00000000e8000000, 0x0000000100000000, 0x0000000100000000)
 Metaspace       used 56540K, capacity 58317K, committed 58572K, reserved 1101824K
  class space    used 6563K, capacity 6968K, committed 7116K, reserved 1048576K
2020-06-30T22:12:44.733+0100: 3412.377: [GC (Allocation Failure) 2020-06-30T22:12:44.733+0100: 3412.377: [ParNew
Desired survivor size 20112992 bytes, new threshold 5 (max 8)
- age   1:    5633088 bytes,    5633088 total
- age   2:    4223752 bytes,    9856840 total
- age   3:    3464272 bytes,   13321112 total
- age   4:    4012768 bytes,   17333880 total
- age   5:    3136128 bytes,   20470008 total
: 109248K->21824K(109248K), 0.0186096 secs] 296334K->216648K(502464K), 0.0187079 secs] [Times: user=0.06 sys=0.00, real=0.02 secs] 
Heap after GC invocations=378 (full 23):
 par new generation   total 109248K, used 21824K [0x00000000e0000000, 0x00000000e8000000, 0x00000000e8000000)
  eden space 87424K,   0% used [0x00000000e0000000, 0x00000000e0000000, 0x00000000e5560000)
  from space 21824K, 100% used [0x00000000e5560000, 0x00000000e6ab0000, 0x00000000e6ab0000)
  to   space 21824K,   0% used [0x00000000e6ab0000, 0x00000000e6ab0000, 0x00000000e8000000)
 concurrent mark-sweep generation total 393216K, used 194824K [0x00000000e8000000, 0x0000000100000000, 0x0000000100000000)
 Metaspace       used 56540K, capacity 58317K, committed 58572K, reserved 1101824K
  class space    used 6563K, capacity 6968K, committed 7116K, reserved 1048576K
}
2020-06-30T22:12:44.752+0100: 3412.395: Total time for which application threads were stopped: 0.0190076 seconds, Stopping threads took: 0.0000620 seconds
{Heap before GC invocations=378 (full 23):
 par new generation   total 109248K, used 109248K [0x00000000e0000000, 0x00000000e8000000, 0x00000000e8000000)
  eden space 87424K, 100% used [0x00000000e0000000, 0x00000000e5560000, 0x00000000e5560000)
  from space 21824K, 100% used [0x00000000e5560000, 0x00000000e6ab0000, 0x00000000e6ab0000)
  to   space 21824K,   0% used [0x00000000e6ab0000, 0x00000000e6ab0000, 0x00000000e8000000)
 concurrent mark-sweep generation total 393216K, used 194824K [0x00000000e8000000, 0x0000000100000000, 0x0000000100000000)
 Metaspace       used 56540K, capacity 58317K, committed 58572K, reserved 1101824K
  class space    used 6563K, capacity 6968K, committed 7116K, reserved 1048576K
2020-06-30T22:12:44.902+0100: 3412.546: [GC (Allocation Failure) 2020-06-30T22:12:44.902+0100: 3412.546: [ParNew
Desired survivor size 20112992 bytes, new threshold 5 (max 8)
- age   1:    3989784 bytes,    3989784 total
- age   2:    4760688 bytes,    8750472 total
- age   3:    4207008 bytes,   12957480 total
- age   4:    3464136 bytes,   16421616 total
- age   5:    4012768 bytes,   20434384 total
: 109248K->21824K(109248K), 0.0181150 secs] 304072K->225777K(502464K), 0.0182118 secs] [Times: user=0.06 sys=0.00, real=0.02 secs] 
Heap after GC invocations=379 (full 23):
 par new generation   total 109248K, used 21824K [0x00000000e0000000, 0x00000000e8000000, 0x00000000e8000000)
  eden space 87424K,   0% used [0x00000000e0000000, 0x00000000e0000000, 0x00000000e5560000)
  from space 21824K, 100% used [0x00000000e6ab0000, 0x00000000e8000000, 0x00000000e8000000)
  to   space 21824K,   0% used [0x00000000e5560000, 0x00000000e5560000, 0x00000000e6ab0000)
 concurrent mark-sweep generation total 393216K, used 203953K [0x00000000e8000000, 0x0000000100000000, 0x0000000100000000)
 Metaspace       used 56540K, capacity 58317K, committed 58572K, reserved 1101824K
  class space    used 6563K, capacity 6968K, committed 7116K, reserved 1048576K
}
2020-06-30T22:12:44.921+0100: 3412.564: Total time for which application threads were stopped: 0.0185430 seconds, Stopping threads took: 0.0000701 seconds
2020-06-30T22:12:44.921+0100: 3412.565: [GC (CMS Initial Mark) [1 CMS-initial-mark: 203953K(393216K)] 225777K(502464K), 0.0031603 secs] [Times: user=0.00 sys=0.00, real=0.00 secs] 
2020-06-30T22:12:44.924+0100: 3412.568: Total time for which application threads were stopped: 0.0033626 seconds, Stopping threads took: 0.0000901 seconds
2020-06-30T22:12:44.924+0100: 3412.568: [CMS-concurrent-mark-start]
2020-06-30T22:12:44.952+0100: 3412.596: [CMS-concurrent-mark: 0.028/0.028 secs] [Times: user=0.13 sys=0.00, real=0.03 secs] 
2020-06-30T22:12:44.952+0100: 3412.596: [CMS-concurrent-preclean-start]
2020-06-30T22:12:44.953+0100: 3412.597: [CMS-concurrent-preclean: 0.001/0.001 secs] [Times: user=0.00 sys=0.00, real=0.00 secs] 
2020-06-30T22:12:44.954+0100: 3412.597: [GC (CMS Final Remark) [YG occupancy: 23275 K (109248 K)]{Heap before GC invocations=379 (full 24):
 par new generation   total 109248K, used 23275K [0x00000000e0000000, 0x00000000e8000000, 0x00000000e8000000)
  eden space 87424K,   1% used [0x00000000e0000000, 0x00000000e016adb8, 0x00000000e5560000)
  from space 21824K, 100% used [0x00000000e6ab0000, 0x00000000e8000000, 0x00000000e8000000)
  to   space 21824K,   0% used [0x00000000e5560000, 0x00000000e5560000, 0x00000000e6ab0000)
 concurrent mark-sweep generation total 393216K, used 203953K [0x00000000e8000000, 0x0000000100000000, 0x0000000100000000)
 Metaspace       used 56540K, capacity 58317K, committed 58572K, reserved 1101824K
  class space    used 6563K, capacity 6968K, committed 7116K, reserved 1048576K
2020-06-30T22:12:44.954+0100: 3412.597: [GC (CMS Final Remark) 2020-06-30T22:12:44.954+0100: 3412.598: [ParNew
Desired survivor size 20112992 bytes, new threshold 8 (max 8)
- age   1:      12288 bytes,      12288 total
- age   2:    3912104 bytes,    3924392 total
- age   3:    4758000 bytes,    8682392 total
- age   4:    4207008 bytes,   12889400 total
- age   5:    3464136 bytes,   16353536 total
: 23275K->21824K(109248K), 0.0120800 secs] 227228K->229706K(502464K), 0.0121386 secs] [Times: user=0.06 sys=0.00, real=0.01 secs] 
Heap after GC invocations=380 (full 24):
 par new generation   total 109248K, used 21824K [0x00000000e0000000, 0x00000000e8000000, 0x00000000e8000000)
  eden space 87424K,   0% used [0x00000000e0000000, 0x00000000e0000000, 0x00000000e5560000)
  from space 21824K, 100% used [0x00000000e5560000, 0x00000000e6ab0000, 0x00000000e6ab0000)
  to   space 21824K,   0% used [0x00000000e6ab0000, 0x00000000e6ab0000, 0x00000000e8000000)
 concurrent mark-sweep generation total 393216K, used 207882K [0x00000000e8000000, 0x0000000100000000, 0x0000000100000000)
 Metaspace       used 56540K, capacity 58317K, committed 58572K, reserved 1101824K
  class space    used 6563K, capacity 6968K, committed 7116K, reserved 1048576K
}
2020-06-30T22:12:44.966+0100: 3412.610: [Rescan (parallel) , 0.0053263 secs]2020-06-30T22:12:44.971+0100: 3412.615: [weak refs processing, 0.0055034 secs]2020-06-30T22:12:44.977+0100: 3412.621: [class unloading, 0.0109153 secs]2020-06-30T22:12:44.988+0100: 3412.632: [scrub symbol table, 0.0111505 secs]2020-06-30T22:12:44.999+0100: 3412.643: [scrub string table, 0.0005997 secs][1 CMS-remark: 207882K(393216K)] 229706K(502464K), 0.0461354 secs] [Times: user=0.14 sys=0.00, real=0.05 secs] 
2020-06-30T22:12:45.000+0100: 3412.644: Total time for which application threads were stopped: 0.0464098 seconds, Stopping threads took: 0.0001083 seconds
2020-06-30T22:12:45.000+0100: 3412.644: [CMS-concurrent-sweep-start]
2020-06-30T22:12:45.002+0100: 3412.646: Total time for which application threads were stopped: 0.0001413 seconds, Stopping threads took: 0.0000748 seconds
2020-06-30T22:12:45.003+0100: 3412.646: Total time for which application threads were stopped: 0.0001374 seconds, Stopping threads took: 0.0000768 seconds
2020-06-30T22:12:45.003+0100: 3412.647: Total time for which application threads were stopped: 0.0001280 seconds, Stopping threads took: 0.0000566 seconds
2020-06-30T22:12:45.003+0100: 3412.647: Total time for which application threads were stopped: 0.0001045 seconds, Stopping threads took: 0.0000506 seconds
2020-06-30T22:12:45.003+0100: 3412.647: Total time for which application threads were stopped: 0.0001063 seconds, Stopping threads took: 0.0000484 seconds
2020-06-30T22:12:45.004+0100: 3412.647: Total time for which application threads were stopped: 0.0001102 seconds, Stopping threads took: 0.0000515 seconds
2020-06-30T22:12:45.005+0100: 3412.649: Total time for which application threads were stopped: 0.0001819 seconds, Stopping threads took: 0.0000737 seconds
2020-06-30T22:12:45.005+0100: 3412.649: Total time for which application threads were stopped: 0.0001127 seconds, Stopping threads took: 0.0000508 seconds
2020-06-30T22:12:45.005+0100: 3412.649: Total time for which application threads were stopped: 0.0000872 seconds, Stopping threads took: 0.0000485 seconds
2020-06-30T22:12:45.006+0100: 3412.649: Total time for which application threads were stopped: 0.0001302 seconds, Stopping threads took: 0.0000515 seconds
2020-06-30T22:12:45.006+0100: 3412.650: Total time for which application threads were stopped: 0.0001182 seconds, Stopping threads took: 0.0000562 seconds
2020-06-30T22:12:45.006+0100: 3412.650: Total time for which application threads were stopped: 0.0000971 seconds, Stopping threads took: 0.0000379 seconds
2020-06-30T22:12:45.006+0100: 3412.650: Total time for which application threads were stopped: 0.0000768 seconds, Stopping threads took: 0.0000402 seconds
2020-06-30T22:12:45.006+0100: 3412.650: Total time for which application threads were stopped: 0.0000682 seconds, Stopping threads took: 0.0000345 seconds
2020-06-30T22:12:45.007+0100: 3412.650: Total time for which application threads were stopped: 0.0000743 seconds, Stopping threads took: 0.0000407 seconds
2020-06-30T22:12:45.007+0100: 3412.650: Total time for which application threads were stopped: 0.0000712 seconds, Stopping threads took: 0.0000387 seconds
2020-06-30T22:12:45.007+0100: 3412.651: Total time for which application threads were stopped: 0.0000873 seconds, Stopping threads took: 0.0000312 seconds
2020-06-30T22:12:45.007+0100: 3412.651: Total time for which application threads were stopped: 0.0000979 seconds, Stopping threads took: 0.0000440 seconds
2020-06-30T22:12:45.007+0100: 3412.651: Total time for which application threads were stopped: 0.0000978 seconds, Stopping threads took: 0.0000437 seconds
2020-06-30T22:12:45.008+0100: 3412.651: Total time for which application threads were stopped: 0.0001323 seconds, Stopping threads took: 0.0000568 seconds
2020-06-30T22:12:45.081+0100: 3412.725: [CMS-concurrent-sweep: 0.078/0.081 secs] [Times: user=0.11 sys=0.00, real=0.08 secs] 
2020-06-30T22:12:45.081+0100: 3412.725: [CMS-concurrent-reset-start]
2020-06-30T22:12:45.082+0100: 3412.725: [CMS-concurrent-reset: 0.001/0.001 secs] [Times: user=0.00 sys=0.00, real=0.00 secs] 
2020-06-30T22:12:46.095+0100: 3413.739: Total time for which application threads were stopped: 0.0003100 seconds, Stopping threads took: 0.0002020 seconds
2020-06-30T22:12:46.095+0100: 3413.739: Total time for which application threads were stopped: 0.0001787 seconds, Stopping threads took: 0.0000742 seconds
2020-06-30T22:12:49.821+0100: 3417.465: Total time for which application threads were stopped: 0.0002258 seconds, Stopping threads took: 0.0001718 seconds
2020-06-30T22:12:49.824+0100: 3417.468: Total time for which application threads were stopped: 0.0001604 seconds, Stopping threads took: 0.0000811 seconds
2020-06-30T22:12:49.825+0100: 3417.469: Total time for which application threads were stopped: 0.0001342 seconds, Stopping threads took: 0.0000642 seconds
2020-06-30T22:12:49.838+0100: 3417.482: Total time for which application threads were stopped: 0.0002033 seconds, Stopping threads took: 0.0001198 seconds
2020-06-30T22:12:49.839+0100: 3417.483: Total time for which application threads were stopped: 0.0001252 seconds, Stopping threads took: 0.0000512 seconds
2020-06-30T22:12:49.977+0100: 3417.621: Total time for which application threads were stopped: 0.0001440 seconds, Stopping threads took: 0.0000697 seconds
{Heap before GC invocations=380 (full 24):
 par new generation   total 109248K, used 109248K [0x00000000e0000000, 0x00000000e8000000, 0x00000000e8000000)
  eden space 87424K, 100% used [0x00000000e0000000, 0x00000000e5560000, 0x00000000e5560000)
  from space 21824K, 100% used [0x00000000e5560000, 0x00000000e6ab0000, 0x00000000e6ab0000)
  to   space 21824K,   0% used [0x00000000e6ab0000, 0x00000000e6ab0000, 0x00000000e8000000)
 concurrent mark-sweep generation total 393216K, used 87811K [0x00000000e8000000, 0x0000000100000000, 0x0000000100000000)
 Metaspace       used 56555K, capacity 58317K, committed 58572K, reserved 1101824K
  class space    used 6563K, capacity 6968K, committed 7116K, reserved 1048576K
2020-06-30T22:12:49.999+0100: 3417.642: [GC (Allocation Failure) 2020-06-30T22:12:49.999+0100: 3417.642: [ParNew
Desired survivor size 20112992 bytes, new threshold 6 (max 8)
- age   1:    8662168 bytes,    8662168 total
- age   2:       4496 bytes,    8666664 total
- age   3:    2826936 bytes,   11493600 total
- age   4:    4606768 bytes,   16100368 total
- age   5:    3753744 bytes,   19854112 total
- age   6:    2336536 bytes,   22190648 total
: 109248K->21824K(109248K), 0.0122907 secs] 197059K->111969K(502464K), 0.0123590 secs] [Times: user=0.06 sys=0.00, real=0.01 secs] 
Heap after GC invocations=381 (full 24):
 par new generation   total 109248K, used 21824K [0x00000000e0000000, 0x00000000e8000000, 0x00000000e8000000)
  eden space 87424K,   0% used [0x00000000e0000000, 0x00000000e0000000, 0x00000000e5560000)
  from space 21824K, 100% used [0x00000000e6ab0000, 0x00000000e8000000, 0x00000000e8000000)
  to   space 21824K,   0% used [0x00000000e5560000, 0x00000000e5560000, 0x00000000e6ab0000)
 concurrent mark-sweep generation total 393216K, used 90145K [0x00000000e8000000, 0x0000000100000000, 0x0000000100000000)
 Metaspace       used 56555K, capacity 58317K, committed 58572K, reserved 1101824K
  class space    used 6563K, capacity 6968K, committed 7116K, reserved 1048576K
}
2020-06-30T22:12:50.011+0100: 3417.655: Total time for which application threads were stopped: 0.0126580 seconds, Stopping threads took: 0.0000854 seconds
{Heap before GC invocations=381 (full 24):
 par new generation   total 109248K, used 109248K [0x00000000e0000000, 0x00000000e8000000, 0x00000000e8000000)
  eden space 87424K, 100% used [0x00000000e0000000, 0x00000000e5560000, 0x00000000e5560000)
  from space 21824K, 100% used [0x00000000e6ab0000, 0x00000000e8000000, 0x00000000e8000000)
  to   space 21824K,   0% used [0x00000000e5560000, 0x00000000e5560000, 0x00000000e6ab0000)
 concurrent mark-sweep generation total 393216K, used 90145K [0x00000000e8000000, 0x0000000100000000, 0x0000000100000000)
 Metaspace       used 56555K, capacity 58317K, committed 58572K, reserved 1101824K
  class space    used 6563K, capacity 6968K, committed 7116K, reserved 1048576K
2020-06-30T22:12:50.092+0100: 3417.736: [GC (Allocation Failure) 2020-06-30T22:12:50.092+0100: 3417.736: [ParNew
Desired survivor size 20112992 bytes, new threshold 6 (max 8)
- age   1:    5178776 bytes,    5178776 total
- age   2:    5979472 bytes,   11158248 total
- age   3:       4456 bytes,   11162704 total
- age   4:    2826672 bytes,   13989376 total
- age   5:    4606584 bytes,   18595960 total
- age   6:    3750480 bytes,   22346440 total
: 109248K->21824K(109248K), 0.0157737 secs] 199393K->118324K(502464K), 0.0158471 secs] [Times: user=0.06 sys=0.00, real=0.02 secs] 
Heap after GC invocations=382 (full 24):
 par new generation   total 109248K, used 21824K [0x00000000e0000000, 0x00000000e8000000, 0x00000000e8000000)
  eden space 87424K,   0% used [0x00000000e0000000, 0x00000000e0000000, 0x00000000e5560000)
  from space 21824K, 100% used [0x00000000e5560000, 0x00000000e6ab0000, 0x00000000e6ab0000)
  to   space 21824K,   0% used [0x00000000e6ab0000, 0x00000000e6ab0000, 0x00000000e8000000)
 concurrent mark-sweep generation total 393216K, used 96500K [0x00000000e8000000, 0x0000000100000000, 0x0000000100000000)
 Metaspace       used 56555K, capacity 58317K, committed 58572K, reserved 1101824K
  class space    used 6563K, capacity 6968K, committed 7116K, reserved 1048576K
}
2020-06-30T22:12:50.108+0100: 3417.751: Total time for which application threads were stopped: 0.0160703 seconds, Stopping threads took: 0.0000588 seconds
{Heap before GC invocations=382 (full 24):
 par new generation   total 109248K, used 109248K [0x00000000e0000000, 0x00000000e8000000, 0x00000000e8000000)
  eden space 87424K, 100% used [0x00000000e0000000, 0x00000000e5560000, 0x00000000e5560000)
  from space 21824K, 100% used [0x00000000e5560000, 0x00000000e6ab0000, 0x00000000e6ab0000)
  to   space 21824K,   0% used [0x00000000e6ab0000, 0x00000000e6ab0000, 0x00000000e8000000)
 concurrent mark-sweep generation total 393216K, used 96500K [0x00000000e8000000, 0x0000000100000000, 0x0000000100000000)
 Metaspace       used 56557K, capacity 58317K, committed 58572K, reserved 1101824K
  class space    used 6563K, capacity 6968K, committed 7116K, reserved 1048576K
2020-06-30T22:12:50.212+0100: 3417.856: [GC (Allocation Failure) 2020-06-30T22:12:50.212+0100: 3417.856: [ParNew
Desired survivor size 20112992 bytes, new threshold 6 (max 8)
- age   1:    3719616 bytes,    3719616 total
- age   2:    3521336 bytes,    7240952 total
- age   3:    5968368 bytes,   13209320 total
- age   4:       4456 bytes,   13213776 total
- age   5:    2826672 bytes,   16040448 total
- age   6:    4606584 bytes,   20647032 total
: 109248K->21824K(109248K), 0.0148250 secs] 205748K->124708K(502464K), 0.0148901 secs] [Times: user=0.06 sys=0.00, real=0.02 secs] 
Heap after GC invocations=383 (full 24):
 par new generation   total 109248K, used 21824K [0x00000000e0000000, 0x00000000e8000000, 0x00000000e8000000)
  eden space 87424K,   0% used [0x00000000e0000000, 0x00000000e0000000, 0x00000000e5560000)
  from space 21824K, 100% used [0x00000000e6ab0000, 0x00000000e8000000, 0x00000000e8000000)
  to   space 21824K,   0% used [0x00000000e5560000, 0x00000000e5560000, 0x00000000e6ab0000)
 concurrent mark-sweep generation total 393216K, used 102884K [0x00000000e8000000, 0x0000000100000000, 0x0000000100000000)
 Metaspace       used 56557K, capacity 58317K, committed 58572K, reserved 1101824K
  class space    used 6563K, capacity 6968K, committed 7116K, reserved 1048576K
}
2020-06-30T22:12:50.227+0100: 3417.871: Total time for which application threads were stopped: 0.0151334 seconds, Stopping threads took: 0.0000476 seconds
2020-06-30T22:12:50.825+0100: 3418.469: Total time for which application threads were stopped: 0.0001262 seconds, Stopping threads took: 0.0000656 seconds
2020-06-30T22:12:50.826+0100: 3418.469: Total time for which application threads were stopped: 0.0000913 seconds, Stopping threads took: 0.0000435 seconds
2020-06-30T22:12:50.826+0100: 3418.469: Total time for which application threads were stopped: 0.0000870 seconds, Stopping threads took: 0.0000500 seconds
2020-06-30T22:12:50.826+0100: 3418.470: Total time for which application threads were stopped: 0.0001213 seconds, Stopping threads took: 0.0000628 seconds
2020-06-30T22:12:50.827+0100: 3418.471: Total time for which application threads were stopped: 0.0000907 seconds, Stopping threads took: 0.0000418 seconds
2020-06-30T22:12:50.827+0100: 3418.471: Total time for which application threads were stopped: 0.0000679 seconds, Stopping threads took: 0.0000280 seconds
2020-06-30T22:12:50.827+0100: 3418.471: Total time for which application threads were stopped: 0.0000571 seconds, Stopping threads took: 0.0000265 seconds
2020-06-30T22:12:50.827+0100: 3418.471: Total time for which application threads were stopped: 0.0000644 seconds, Stopping threads took: 0.0000340 seconds
2020-06-30T22:12:58.160+0100: 3425.804: Total time for which application threads were stopped: 0.0002374 seconds, Stopping threads took: 0.0001522 seconds
2020-06-30T22:12:58.179+0100: 3425.823: Total time for which application threads were stopped: 0.0003970 seconds, Stopping threads took: 0.0003144 seconds
2020-06-30T22:12:58.182+0100: 3425.826: Total time for which application threads were stopped: 0.0004181 seconds, Stopping threads took: 0.0003408 seconds
{Heap before GC invocations=383 (full 24):
 par new generation   total 109248K, used 109248K [0x00000000e0000000, 0x00000000e8000000, 0x00000000e8000000)
  eden space 87424K, 100% used [0x00000000e0000000, 0x00000000e5560000, 0x00000000e5560000)
  from space 21824K, 100% used [0x00000000e6ab0000, 0x00000000e8000000, 0x00000000e8000000)
  to   space 21824K,   0% used [0x00000000e5560000, 0x00000000e5560000, 0x00000000e6ab0000)
 concurrent mark-sweep generation total 393216K, used 102884K [0x00000000e8000000, 0x0000000100000000, 0x0000000100000000)
 Metaspace       used 56557K, capacity 58317K, committed 58572K, reserved 1101824K
  class space    used 6563K, capacity 6968K, committed 7116K, reserved 1048576K
2020-06-30T22:12:58.217+0100: 3425.860: [GC (Allocation Failure) 2020-06-30T22:12:58.217+0100: 3425.861: [ParNew
Desired survivor size 20112992 bytes, new threshold 8 (max 8)
- age   1:    4095112 bytes,    4095112 total
- age   2:    3341416 bytes,    7436528 total
- age   3:    3331504 bytes,   10768032 total
- age   4:    5413512 bytes,   16181544 total
- age   5:       4456 bytes,   16186000 total
- age   6:    2826672 bytes,   19012672 total
: 109248K->21824K(109248K), 0.0159015 secs] 212132K->129226K(502464K), 0.0160947 secs] [Times: user=0.06 sys=0.00, real=0.02 secs] 
Heap after GC invocations=384 (full 24):
 par new generation   total 109248K, used 21824K [0x00000000e0000000, 0x00000000e8000000, 0x00000000e8000000)
  eden space 87424K,   0% used [0x00000000e0000000, 0x00000000e0000000, 0x00000000e5560000)
  from space 21824K, 100% used [0x00000000e5560000, 0x00000000e6ab0000, 0x00000000e6ab0000)
  to   space 21824K,   0% used [0x00000000e6ab0000, 0x00000000e6ab0000, 0x00000000e8000000)
 concurrent mark-sweep generation total 393216K, used 107402K [0x00000000e8000000, 0x0000000100000000, 0x0000000100000000)
 Metaspace       used 56557K, capacity 58317K, committed 58572K, reserved 1101824K
  class space    used 6563K, capacity 6968K, committed 7116K, reserved 1048576K
}
2020-06-30T22:12:58.233+0100: 3425.877: Total time for which application threads were stopped: 0.0193586 seconds, Stopping threads took: 0.0028664 seconds
2020-06-30T22:12:58.337+0100: 3425.981: Total time for which application threads were stopped: 0.0001569 seconds, Stopping threads took: 0.0000612 seconds
{Heap before GC invocations=384 (full 24):
 par new generation   total 109248K, used 109248K [0x00000000e0000000, 0x00000000e8000000, 0x00000000e8000000)
  eden space 87424K, 100% used [0x00000000e0000000, 0x00000000e5560000, 0x00000000e5560000)
  from space 21824K, 100% used [0x00000000e5560000, 0x00000000e6ab0000, 0x00000000e6ab0000)
  to   space 21824K,   0% used [0x00000000e6ab0000, 0x00000000e6ab0000, 0x00000000e8000000)
 concurrent mark-sweep generation total 393216K, used 107402K [0x00000000e8000000, 0x0000000100000000, 0x0000000100000000)
 Metaspace       used 56573K, capacity 58317K, committed 58572K, reserved 1101824K
  class space    used 6563K, capacity 6968K, committed 7116K, reserved 1048576K
2020-06-30T22:12:58.428+0100: 3426.071: [GC (Allocation Failure) 2020-06-30T22:12:58.428+0100: 3426.071: [ParNew
Desired survivor size 20112992 bytes, new threshold 7 (max 8)
- age   1:    8272368 bytes,    8272368 total
- age   2:     269136 bytes,    8541504 total
- age   3:    1553528 bytes,   10095032 total
- age   4:    3329960 bytes,   13424992 total
- age   5:    4448760 bytes,   17873752 total
- age   6:       4456 bytes,   17878208 total
- age   7:    2826672 bytes,   20704880 total
: 109248K->21824K(109248K), 0.0167928 secs] 216650K->132749K(502464K), 0.0168800 secs] [Times: user=0.03 sys=0.00, real=0.02 secs] 
Heap after GC invocations=385 (full 24):
 par new generation   total 109248K, used 21824K [0x00000000e0000000, 0x00000000e8000000, 0x00000000e8000000)
  eden space 87424K,   0% used [0x00000000e0000000, 0x00000000e0000000, 0x00000000e5560000)
  from space 21824K, 100% used [0x00000000e6ab0000, 0x00000000e8000000, 0x00000000e8000000)
  to   space 21824K,   0% used [0x00000000e5560000, 0x00000000e5560000, 0x00000000e6ab0000)
 concurrent mark-sweep generation total 393216K, used 110925K [0x00000000e8000000, 0x0000000100000000, 0x0000000100000000)
 Metaspace       used 56573K, capacity 58317K, committed 58572K, reserved 1101824K
  class space    used 6563K, capacity 6968K, committed 7116K, reserved 1048576K
}
2020-06-30T22:12:58.445+0100: 3426.088: Total time for which application threads were stopped: 0.0172225 seconds, Stopping threads took: 0.0000682 seconds
{Heap before GC invocations=385 (full 24):
 par new generation   total 109248K, used 109248K [0x00000000e0000000, 0x00000000e8000000, 0x00000000e8000000)
  eden space 87424K, 100% used [0x00000000e0000000, 0x00000000e5560000, 0x00000000e5560000)
  from space 21824K, 100% used [0x00000000e6ab0000, 0x00000000e8000000, 0x00000000e8000000)
  to   space 21824K,   0% used [0x00000000e5560000, 0x00000000e5560000, 0x00000000e6ab0000)
 concurrent mark-sweep generation total 393216K, used 110925K [0x00000000e8000000, 0x0000000100000000, 0x0000000100000000)
 Metaspace       used 56573K, capacity 58317K, committed 58572K, reserved 1101824K
  class space    used 6563K, capacity 6968K, committed 7116K, reserved 1048576K
2020-06-30T22:12:58.658+0100: 3426.302: [GC (Allocation Failure) 2020-06-30T22:12:58.658+0100: 3426.302: [ParNew
Desired survivor size 20112992 bytes, new threshold 6 (max 8)
- age   1:    7026024 bytes,    7026024 total
- age   2:    4271768 bytes,   11297792 total
- age   3:     267992 bytes,   11565784 total
- age   4:    1553528 bytes,   13119312 total
- age   5:    3329960 bytes,   16449272 total
- age   6:    4448760 bytes,   20898032 total
- age   7:       4456 bytes,   20902488 total
: 109248K->21824K(109248K), 0.0228484 secs] 220173K->140409K(502464K), 0.0229277 secs] [Times: user=0.11 sys=0.00, real=0.02 secs] 
Heap after GC invocations=386 (full 24):
 par new generation   total 109248K, used 21824K [0x00000000e0000000, 0x00000000e8000000, 0x00000000e8000000)
  eden space 87424K,   0% used [0x00000000e0000000, 0x00000000e0000000, 0x00000000e5560000)
  from space 21824K, 100% used [0x00000000e5560000, 0x00000000e6ab0000, 0x00000000e6ab0000)
  to   space 21824K,   0% used [0x00000000e6ab0000, 0x00000000e6ab0000, 0x00000000e8000000)
 concurrent mark-sweep generation total 393216K, used 118585K [0x00000000e8000000, 0x0000000100000000, 0x0000000100000000)
 Metaspace       used 56573K, capacity 58317K, committed 58572K, reserved 1101824K
  class space    used 6563K, capacity 6968K, committed 7116K, reserved 1048576K
}
2020-06-30T22:12:58.681+0100: 3426.325: Total time for which application threads were stopped: 0.0232390 seconds, Stopping threads took: 0.0000534 seconds
{Heap before GC invocations=386 (full 24):
 par new generation   total 109248K, used 109248K [0x00000000e0000000, 0x00000000e8000000, 0x00000000e8000000)
  eden space 87424K, 100% used [0x00000000e0000000, 0x00000000e5560000, 0x00000000e5560000)
  from space 21824K, 100% used [0x00000000e5560000, 0x00000000e6ab0000, 0x00000000e6ab0000)
  to   space 21824K,   0% used [0x00000000e6ab0000, 0x00000000e6ab0000, 0x00000000e8000000)
 concurrent mark-sweep generation total 393216K, used 118585K [0x00000000e8000000, 0x0000000100000000, 0x0000000100000000)
 Metaspace       used 56575K, capacity 58317K, committed 58572K, reserved 1101824K
  class space    used 6563K, capacity 6968K, committed 7116K, reserved 1048576K
2020-06-30T22:12:58.884+0100: 3426.528: [GC (Allocation Failure) 2020-06-30T22:12:58.884+0100: 3426.528: [ParNew
Desired survivor size 20112992 bytes, new threshold 6 (max 8)
- age   1:    6752576 bytes,    6752576 total
- age   2:    5324016 bytes,   12076592 total
- age   3:    4270992 bytes,   16347584 total
- age   4:     267688 bytes,   16615272 total
- age   5:    1553528 bytes,   18168800 total
- age   6:    3329960 bytes,   21498760 total
: 109248K->21824K(109248K), 0.0181785 secs] 227833K->152895K(502464K), 0.0182803 secs] [Times: user=0.00 sys=0.00, real=0.02 secs] 
Heap after GC invocations=387 (full 24):
 par new generation   total 109248K, used 21824K [0x00000000e0000000, 0x00000000e8000000, 0x00000000e8000000)
  eden space 87424K,   0% used [0x00000000e0000000, 0x00000000e0000000, 0x00000000e5560000)
  from space 21824K, 100% used [0x00000000e6ab0000, 0x00000000e8000000, 0x00000000e8000000)
  to   space 21824K,   0% used [0x00000000e5560000, 0x00000000e5560000, 0x00000000e6ab0000)
 concurrent mark-sweep generation total 393216K, used 131071K [0x00000000e8000000, 0x0000000100000000, 0x0000000100000000)
 Metaspace       used 56575K, capacity 58317K, committed 58572K, reserved 1101824K
  class space    used 6563K, capacity 6968K, committed 7116K, reserved 1048576K
}
2020-06-30T22:12:58.902+0100: 3426.546: Total time for which application threads were stopped: 0.0186548 seconds, Stopping threads took: 0.0001008 seconds
2020-06-30T22:12:59.885+0100: 3427.529: Total time for which application threads were stopped: 0.0001741 seconds, Stopping threads took: 0.0000832 seconds
2020-06-30T22:12:59.886+0100: 3427.529: Total time for which application threads were stopped: 0.0001217 seconds, Stopping threads took: 0.0000549 seconds
2020-06-30T22:12:59.886+0100: 3427.530: Total time for which application threads were stopped: 0.0003243 seconds, Stopping threads took: 0.0000756 seconds
2020-06-30T22:12:59.888+0100: 3427.532: Total time for which application threads were stopped: 0.0001625 seconds, Stopping threads took: 0.0000667 seconds
2020-06-30T22:12:59.888+0100: 3427.532: Total time for which application threads were stopped: 0.0001264 seconds, Stopping threads took: 0.0000643 seconds
2020-06-30T22:12:59.890+0100: 3427.534: Total time for which application threads were stopped: 0.0001754 seconds, Stopping threads took: 0.0000900 seconds
2020-06-30T22:12:59.891+0100: 3427.535: Total time for which application threads were stopped: 0.0001265 seconds, Stopping threads took: 0.0000502 seconds
2020-06-30T22:13:00.892+0100: 3428.535: Total time for which application threads were stopped: 0.0001041 seconds, Stopping threads took: 0.0000466 seconds
2020-06-30T22:13:04.430+0100: 3432.073: Total time for which application threads were stopped: 0.0002111 seconds, Stopping threads took: 0.0000430 seconds
2020-06-30T22:13:04.432+0100: 3432.075: Total time for which application threads were stopped: 0.0002284 seconds, Stopping threads took: 0.0001769 seconds
2020-06-30T22:13:04.435+0100: 3432.078: Total time for which application threads were stopped: 0.0001670 seconds, Stopping threads took: 0.0000803 seconds
2020-06-30T22:13:04.436+0100: 3432.080: Total time for which application threads were stopped: 0.0001364 seconds, Stopping threads took: 0.0000710 seconds
2020-06-30T22:13:04.446+0100: 3432.090: Total time for which application threads were stopped: 0.0001435 seconds, Stopping threads took: 0.0000673 seconds
2020-06-30T22:13:04.448+0100: 3432.092: Total time for which application threads were stopped: 0.0001670 seconds, Stopping threads took: 0.0000726 seconds
{Heap before GC invocations=387 (full 24):
 par new generation   total 109248K, used 109248K [0x00000000e0000000, 0x00000000e8000000, 0x00000000e8000000)
  eden space 87424K, 100% used [0x00000000e0000000, 0x00000000e5560000, 0x00000000e5560000)
  from space 21824K, 100% used [0x00000000e6ab0000, 0x00000000e8000000, 0x00000000e8000000)
  to   space 21824K,   0% used [0x00000000e5560000, 0x00000000e5560000, 0x00000000e6ab0000)
 concurrent mark-sweep generation total 393216K, used 131071K [0x00000000e8000000, 0x0000000100000000, 0x0000000100000000)
 Metaspace       used 56593K, capacity 58381K, committed 58572K, reserved 1101824K
  class space    used 6563K, capacity 6968K, committed 7116K, reserved 1048576K
2020-06-30T22:13:04.512+0100: 3432.155: [GC (Allocation Failure) 2020-06-30T22:13:04.512+0100: 3432.155: [ParNew
Desired survivor size 20112992 bytes, new threshold 6 (max 8)
- age   1:    5784112 bytes,    5784112 total
- age   2:    5124928 bytes,   10909040 total
- age   3:    5021960 bytes,   15931000 total
- age   4:    3586648 bytes,   19517648 total
- age   5:     154744 bytes,   19672392 total
- age   6:    1533000 bytes,   21205392 total
: 109248K->21824K(109248K), 0.0164128 secs] 240319K->161763K(502464K), 0.0165806 secs] [Times: user=0.06 sys=0.00, real=0.02 secs] 
Heap after GC invocations=388 (full 24):
 par new generation   total 109248K, used 21824K [0x00000000e0000000, 0x00000000e8000000, 0x00000000e8000000)
  eden space 87424K,   0% used [0x00000000e0000000, 0x00000000e0000000, 0x00000000e5560000)
  from space 21824K, 100% used [0x00000000e5560000, 0x00000000e6ab0000, 0x00000000e6ab0000)
  to   space 21824K,   0% used [0x00000000e6ab0000, 0x00000000e6ab0000, 0x00000000e8000000)
 concurrent mark-sweep generation total 393216K, used 139939K [0x00000000e8000000, 0x0000000100000000, 0x0000000100000000)
 Metaspace       used 56593K, capacity 58381K, committed 58572K, reserved 1101824K
  class space    used 6563K, capacity 6968K, committed 7116K, reserved 1048576K
}
2020-06-30T22:13:04.528+0100: 3432.172: Total time for which application threads were stopped: 0.0169907 seconds, Stopping threads took: 0.0000749 seconds
2020-06-30T22:13:04.537+0100: 3432.180: Total time for which application threads were stopped: 0.0002108 seconds, Stopping threads took: 0.0000860 seconds
2020-06-30T22:13:04.544+0100: 3432.188: Total time for which application threads were stopped: 0.0002292 seconds, Stopping threads took: 0.0000972 seconds
2020-06-30T22:13:04.544+0100: 3432.188: Total time for which application threads were stopped: 0.0001252 seconds, Stopping threads took: 0.0000613 seconds
{Heap before GC invocations=388 (full 24):
 par new generation   total 109248K, used 109248K [0x00000000e0000000, 0x00000000e8000000, 0x00000000e8000000)
  eden space 87424K, 100% used [0x00000000e0000000, 0x00000000e5560000, 0x00000000e5560000)
  from space 21824K, 100% used [0x00000000e5560000, 0x00000000e6ab0000, 0x00000000e6ab0000)
  to   space 21824K,   0% used [0x00000000e6ab0000, 0x00000000e6ab0000, 0x00000000e8000000)
 concurrent mark-sweep generation total 393216K, used 139939K [0x00000000e8000000, 0x0000000100000000, 0x0000000100000000)
 Metaspace       used 56593K, capacity 58381K, committed 58572K, reserved 1101824K
  class space    used 6563K, capacity 6968K, committed 7116K, reserved 1048576K
2020-06-30T22:13:04.620+0100: 3432.263: [GC (Allocation Failure) 2020-06-30T22:13:04.620+0100: 3432.263: [ParNew
Desired survivor size 20112992 bytes, new threshold 5 (max 8)
- age   1:    4340584 bytes,    4340584 total
- age   2:    2852904 bytes,    7193488 total
- age   3:    5124816 bytes,   12318304 total
- age   4:    5021960 bytes,   17340264 total
- age   5:    3584600 bytes,   20924864 total
- age   6:     154600 bytes,   21079464 total
: 109248K->21824K(109248K), 0.0144280 secs] 249187K->168736K(502464K), 0.0145124 secs] [Times: user=0.06 sys=0.00, real=0.01 secs] 
Heap after GC invocations=389 (full 24):
 par new generation   total 109248K, used 21824K [0x00000000e0000000, 0x00000000e8000000, 0x00000000e8000000)
  eden space 87424K,   0% used [0x00000000e0000000, 0x00000000e0000000, 0x00000000e5560000)
  from space 21824K, 100% used [0x00000000e6ab0000, 0x00000000e8000000, 0x00000000e8000000)
  to   space 21824K,   0% used [0x00000000e5560000, 0x00000000e5560000, 0x00000000e6ab0000)
 concurrent mark-sweep generation total 393216K, used 146912K [0x00000000e8000000, 0x0000000100000000, 0x0000000100000000)
 Metaspace       used 56593K, capacity 58381K, committed 58572K, reserved 1101824K
  class space    used 6563K, capacity 6968K, committed 7116K, reserved 1048576K
}
2020-06-30T22:13:04.634+0100: 3432.278: Total time for which application threads were stopped: 0.0148514 seconds, Stopping threads took: 0.0000993 seconds
{Heap before GC invocations=389 (full 24):
 par new generation   total 109248K, used 109248K [0x00000000e0000000, 0x00000000e8000000, 0x00000000e8000000)
  eden space 87424K, 100% used [0x00000000e0000000, 0x00000000e5560000, 0x00000000e5560000)
  from space 21824K, 100% used [0x00000000e6ab0000, 0x00000000e8000000, 0x00000000e8000000)
  to   space 21824K,   0% used [0x00000000e5560000, 0x00000000e5560000, 0x00000000e6ab0000)
 concurrent mark-sweep generation total 393216K, used 146912K [0x00000000e8000000, 0x0000000100000000, 0x0000000100000000)
 Metaspace       used 56593K, capacity 58381K, committed 58572K, reserved 1101824K
  class space    used 6563K, capacity 6968K, committed 7116K, reserved 1048576K
2020-06-30T22:13:04.750+0100: 3432.394: [GC (Allocation Failure) 2020-06-30T22:13:04.750+0100: 3432.394: [ParNew
Desired survivor size 20112992 bytes, new threshold 5 (max 8)
- age   1:    5277168 bytes,    5277168 total
- age   2:    3285640 bytes,    8562808 total
- age   3:    2709328 bytes,   11272136 total
- age   4:    5124816 bytes,   16396952 total
- age   5:    5021960 bytes,   21418912 total
: 109248K->21824K(109248K), 0.0162835 secs] 256160K->173755K(502464K), 0.0163554 secs] [Times: user=0.06 sys=0.00, real=0.02 secs] 
Heap after GC invocations=390 (full 24):
 par new generation   total 109248K, used 21824K [0x00000000e0000000, 0x00000000e8000000, 0x00000000e8000000)
  eden space 87424K,   0% used [0x00000000e0000000, 0x00000000e0000000, 0x00000000e5560000)
  from space 21824K, 100% used [0x00000000e5560000, 0x00000000e6ab0000, 0x00000000e6ab0000)
  to   space 21824K,   0% used [0x00000000e6ab0000, 0x00000000e6ab0000, 0x00000000e8000000)
 concurrent mark-sweep generation total 393216K, used 151931K [0x00000000e8000000, 0x0000000100000000, 0x0000000100000000)
 Metaspace       used 56593K, capacity 58381K, committed 58572K, reserved 1101824K
  class space    used 6563K, capacity 6968K, committed 7116K, reserved 1048576K
}
2020-06-30T22:13:04.767+0100: 3432.410: Total time for which application threads were stopped: 0.0165632 seconds, Stopping threads took: 0.0000455 seconds
{Heap before GC invocations=390 (full 24):
 par new generation   total 109248K, used 109248K [0x00000000e0000000, 0x00000000e8000000, 0x00000000e8000000)
  eden space 87424K, 100% used [0x00000000e0000000, 0x00000000e5560000, 0x00000000e5560000)
  from space 21824K, 100% used [0x00000000e5560000, 0x00000000e6ab0000, 0x00000000e6ab0000)
  to   space 21824K,   0% used [0x00000000e6ab0000, 0x00000000e6ab0000, 0x00000000e8000000)
 concurrent mark-sweep generation total 393216K, used 151931K [0x00000000e8000000, 0x0000000100000000, 0x0000000100000000)
 Metaspace       used 56593K, capacity 58381K, committed 58572K, reserved 1101824K
  class space    used 6563K, capacity 6968K, committed 7116K, reserved 1048576K
2020-06-30T22:13:04.868+0100: 3432.512: [GC (Allocation Failure) 2020-06-30T22:13:04.868+0100: 3432.512: [ParNew
Desired survivor size 20112992 bytes, new threshold 5 (max 8)
- age   1:    5648616 bytes,    5648616 total
- age   2:    4501488 bytes,   10150104 total
- age   3:    3268688 bytes,   13418792 total
- age   4:    2709192 bytes,   16127984 total
- age   5:    5124816 bytes,   21252800 total
: 109248K->21824K(109248K), 0.0173098 secs] 261179K->182814K(502464K), 0.0173857 secs] [Times: user=0.06 sys=0.00, real=0.02 secs] 
Heap after GC invocations=391 (full 24):
 par new generation   total 109248K, used 21824K [0x00000000e0000000, 0x00000000e8000000, 0x00000000e8000000)
  eden space 87424K,   0% used [0x00000000e0000000, 0x00000000e0000000, 0x00000000e5560000)
  from space 21824K, 100% used [0x00000000e6ab0000, 0x00000000e8000000, 0x00000000e8000000)
  to   space 21824K,   0% used [0x00000000e5560000, 0x00000000e5560000, 0x00000000e6ab0000)
 concurrent mark-sweep generation total 393216K, used 160990K [0x00000000e8000000, 0x0000000100000000, 0x0000000100000000)
 Metaspace       used 56593K, capacity 58381K, committed 58572K, reserved 1101824K
  class space    used 6563K, capacity 6968K, committed 7116K, reserved 1048576K
}
2020-06-30T22:13:04.886+0100: 3432.529: Total time for which application threads were stopped: 0.0176191 seconds, Stopping threads took: 0.0000619 seconds
2020-06-30T22:13:05.418+0100: 3433.062: Total time for which application threads were stopped: 0.0001905 seconds, Stopping threads took: 0.0001216 seconds
2020-06-30T22:13:05.418+0100: 3433.062: Total time for which application threads were stopped: 0.0000660 seconds, Stopping threads took: 0.0000158 seconds
2020-06-30T22:13:05.419+0100: 3433.062: Total time for which application threads were stopped: 0.0003111 seconds, Stopping threads took: 0.0000208 seconds
2020-06-30T22:13:05.420+0100: 3433.064: Total time for which application threads were stopped: 0.0001154 seconds, Stopping threads took: 0.0000603 seconds
2020-06-30T22:13:05.421+0100: 3433.064: Total time for which application threads were stopped: 0.0000932 seconds, Stopping threads took: 0.0000400 seconds
2020-06-30T22:13:05.421+0100: 3433.064: Total time for which application threads were stopped: 0.0000428 seconds, Stopping threads took: 0.0000160 seconds
2020-06-30T22:13:05.421+0100: 3433.064: Total time for which application threads were stopped: 0.0000419 seconds, Stopping threads took: 0.0000159 seconds
2020-06-30T22:13:14.268+0100: 3441.912: Total time for which application threads were stopped: 0.0002842 seconds, Stopping threads took: 0.0002094 seconds
2020-06-30T22:13:14.287+0100: 3441.931: Total time for which application threads were stopped: 0.0001529 seconds, Stopping threads took: 0.0000646 seconds
2020-06-30T22:13:14.289+0100: 3441.933: Total time for which application threads were stopped: 0.0001909 seconds, Stopping threads took: 0.0001039 seconds
2020-06-30T22:13:14.426+0100: 3442.069: Total time for which application threads were stopped: 0.0001895 seconds, Stopping threads took: 0.0000713 seconds
{Heap before GC invocations=391 (full 24):
 par new generation   total 109248K, used 109248K [0x00000000e0000000, 0x00000000e8000000, 0x00000000e8000000)
  eden space 87424K, 100% used [0x00000000e0000000, 0x00000000e5560000, 0x00000000e5560000)
  from space 21824K, 100% used [0x00000000e6ab0000, 0x00000000e8000000, 0x00000000e8000000)
  to   space 21824K,   0% used [0x00000000e5560000, 0x00000000e5560000, 0x00000000e6ab0000)
 concurrent mark-sweep generation total 393216K, used 160990K [0x00000000e8000000, 0x0000000100000000, 0x0000000100000000)
 Metaspace       used 56595K, capacity 58381K, committed 58572K, reserved 1101824K
  class space    used 6563K, capacity 6968K, committed 7116K, reserved 1048576K
2020-06-30T22:13:14.458+0100: 3442.102: [GC (Allocation Failure) 2020-06-30T22:13:14.458+0100: 3442.102: [ParNew
Desired survivor size 20112992 bytes, new threshold 5 (max 8)
- age   1:    7478048 bytes,    7478048 total
- age   2:    2946200 bytes,   10424248 total
- age   3:    4422992 bytes,   14847240 total
- age   4:    2854792 bytes,   17702032 total
- age   5:    2449224 bytes,   20151256 total
: 109248K->21824K(109248K), 0.0167270 secs] 270238K->190296K(502464K), 0.0168129 secs] [Times: user=0.08 sys=0.00, real=0.02 secs] 
Heap after GC invocations=392 (full 24):
 par new generation   total 109248K, used 21824K [0x00000000e0000000, 0x00000000e8000000, 0x00000000e8000000)
  eden space 87424K,   0% used [0x00000000e0000000, 0x00000000e0000000, 0x00000000e5560000)
  from space 21824K, 100% used [0x00000000e5560000, 0x00000000e6ab0000, 0x00000000e6ab0000)
  to   space 21824K,   0% used [0x00000000e6ab0000, 0x00000000e6ab0000, 0x00000000e8000000)
 concurrent mark-sweep generation total 393216K, used 168472K [0x00000000e8000000, 0x0000000100000000, 0x0000000100000000)
 Metaspace       used 56595K, capacity 58381K, committed 58572K, reserved 1101824K
  class space    used 6563K, capacity 6968K, committed 7116K, reserved 1048576K
}
2020-06-30T22:13:14.475+0100: 3442.119: Total time for which application threads were stopped: 0.0171282 seconds, Stopping threads took: 0.0000735 seconds
{Heap before GC invocations=392 (full 24):
 par new generation   total 109248K, used 109248K [0x00000000e0000000, 0x00000000e8000000, 0x00000000e8000000)
  eden space 87424K, 100% used [0x00000000e0000000, 0x00000000e5560000, 0x00000000e5560000)
  from space 21824K, 100% used [0x00000000e5560000, 0x00000000e6ab0000, 0x00000000e6ab0000)
  to   space 21824K,   0% used [0x00000000e6ab0000, 0x00000000e6ab0000, 0x00000000e8000000)
 concurrent mark-sweep generation total 393216K, used 168472K [0x00000000e8000000, 0x0000000100000000, 0x0000000100000000)
 Metaspace       used 56595K, capacity 58381K, committed 58572K, reserved 1101824K
  class space    used 6563K, capacity 6968K, committed 7116K, reserved 1048576K
2020-06-30T22:13:14.652+0100: 3442.296: [GC (Allocation Failure) 2020-06-30T22:13:14.653+0100: 3442.296: [ParNew
Desired survivor size 20112992 bytes, new threshold 5 (max 8)
- age   1:    7857792 bytes,    7857792 total
- age   2:    3875176 bytes,   11732968 total
- age   3:    2827064 bytes,   14560032 total
- age   4:    4370384 bytes,   18930416 total
- age   5:    2757864 bytes,   21688280 total
: 109248K->21824K(109248K), 0.0179836 secs] 277720K->193781K(502464K), 0.0181100 secs] [Times: user=0.06 sys=0.00, real=0.02 secs] 
Heap after GC invocations=393 (full 24):
 par new generation   total 109248K, used 21824K [0x00000000e0000000, 0x00000000e8000000, 0x00000000e8000000)
  eden space 87424K,   0% used [0x00000000e0000000, 0x00000000e0000000, 0x00000000e5560000)
  from space 21824K, 100% used [0x00000000e6ab0000, 0x00000000e8000000, 0x00000000e8000000)
  to   space 21824K,   0% used [0x00000000e5560000, 0x00000000e5560000, 0x00000000e6ab0000)
 concurrent mark-sweep generation total 393216K, used 171957K [0x00000000e8000000, 0x0000000100000000, 0x0000000100000000)
 Metaspace       used 56595K, capacity 58381K, committed 58572K, reserved 1101824K
  class space    used 6563K, capacity 6968K, committed 7116K, reserved 1048576K
}
2020-06-30T22:13:14.671+0100: 3442.314: Total time for which application threads were stopped: 0.0190850 seconds, Stopping threads took: 0.0005881 seconds
2020-06-30T22:13:14.673+0100: 3442.317: Total time for which application threads were stopped: 0.0001809 seconds, Stopping threads took: 0.0000778 seconds
2020-06-30T22:13:14.673+0100: 3442.317: Total time for which application threads were stopped: 0.0001159 seconds, Stopping threads took: 0.0000499 seconds
{Heap before GC invocations=393 (full 24):
 par new generation   total 109248K, used 109248K [0x00000000e0000000, 0x00000000e8000000, 0x00000000e8000000)
  eden space 87424K, 100% used [0x00000000e0000000, 0x00000000e5560000, 0x00000000e5560000)
  from space 21824K, 100% used [0x00000000e6ab0000, 0x00000000e8000000, 0x00000000e8000000)
  to   space 21824K,   0% used [0x00000000e5560000, 0x00000000e5560000, 0x00000000e6ab0000)
 concurrent mark-sweep generation total 393216K, used 171957K [0x00000000e8000000, 0x0000000100000000, 0x0000000100000000)
 Metaspace       used 56595K, capacity 58381K, committed 58572K, reserved 1101824K
  class space    used 6563K, capacity 6968K, committed 7116K, reserved 1048576K
2020-06-30T22:13:15.037+0100: 3442.680: [GC (Allocation Failure) 2020-06-30T22:13:15.037+0100: 3442.681: [ParNew
Desired survivor size 20112992 bytes, new threshold 8 (max 8)
- age   1:    3755040 bytes,    3755040 total
- age   2:    5204184 bytes,    8959224 total
- age   3:    3774560 bytes,   12733784 total
- age   4:    2827064 bytes,   15560848 total
- age   5:    4370144 bytes,   19930992 total
: 109248K->21824K(109248K), 0.0169615 secs] 281205K->198807K(502464K), 0.0170478 secs] [Times: user=0.03 sys=0.00, real=0.02 secs] 
Heap after GC invocations=394 (full 24):
 par new generation   total 109248K, used 21824K [0x00000000e0000000, 0x00000000e8000000, 0x00000000e8000000)
  eden space 87424K,   0% used [0x00000000e0000000, 0x00000000e0000000, 0x00000000e5560000)
  from space 21824K, 100% used [0x00000000e5560000, 0x00000000e6ab0000, 0x00000000e6ab0000)
  to   space 21824K,   0% used [0x00000000e6ab0000, 0x00000000e6ab0000, 0x00000000e8000000)
 concurrent mark-sweep generation total 393216K, used 176983K [0x00000000e8000000, 0x0000000100000000, 0x0000000100000000)
 Metaspace       used 56595K, capacity 58381K, committed 58572K, reserved 1101824K
  class space    used 6563K, capacity 6968K, committed 7116K, reserved 1048576K
}
2020-06-30T22:13:15.054+0100: 3442.698: Total time for which application threads were stopped: 0.0176384 seconds, Stopping threads took: 0.0003072 seconds
2020-06-30T22:13:15.966+0100: 3443.610: Total time for which application threads were stopped: 0.0001794 seconds, Stopping threads took: 0.0000805 seconds
2020-06-30T22:13:15.966+0100: 3443.610: Total time for which application threads were stopped: 0.0001153 seconds, Stopping threads took: 0.0000520 seconds
2020-06-30T22:13:15.973+0100: 3443.617: Total time for which application threads were stopped: 0.0001267 seconds, Stopping threads took: 0.0000525 seconds
2020-06-30T22:13:15.973+0100: 3443.617: Total time for which application threads were stopped: 0.0001469 seconds, Stopping threads took: 0.0000481 seconds
2020-06-30T22:13:15.974+0100: 3443.617: Total time for which application threads were stopped: 0.0001052 seconds, Stopping threads took: 0.0000553 seconds
2020-06-30T22:13:15.974+0100: 3443.618: Total time for which application threads were stopped: 0.0000969 seconds, Stopping threads took: 0.0000508 seconds
2020-06-30T22:13:20.509+0100: 3448.153: Total time for which application threads were stopped: 0.0002276 seconds, Stopping threads took: 0.0001765 seconds
2020-06-30T22:13:20.512+0100: 3448.155: Total time for which application threads were stopped: 0.0001216 seconds, Stopping threads took: 0.0000581 seconds
2020-06-30T22:13:20.513+0100: 3448.157: Total time for which application threads were stopped: 0.0001745 seconds, Stopping threads took: 0.0001047 seconds
2020-06-30T22:13:20.522+0100: 3448.165: Total time for which application threads were stopped: 0.0001303 seconds, Stopping threads took: 0.0000723 seconds
2020-06-30T22:13:20.523+0100: 3448.167: Total time for which application threads were stopped: 0.0001458 seconds, Stopping threads took: 0.0000618 seconds
{Heap before GC invocations=394 (full 24):
 par new generation   total 109248K, used 109248K [0x00000000e0000000, 0x00000000e8000000, 0x00000000e8000000)
  eden space 87424K, 100% used [0x00000000e0000000, 0x00000000e5560000, 0x00000000e5560000)
  from space 21824K, 100% used [0x00000000e5560000, 0x00000000e6ab0000, 0x00000000e6ab0000)
  to   space 21824K,   0% used [0x00000000e6ab0000, 0x00000000e6ab0000, 0x00000000e8000000)
 concurrent mark-sweep generation total 393216K, used 176983K [0x00000000e8000000, 0x0000000100000000, 0x0000000100000000)
 Metaspace       used 56597K, capacity 58381K, committed 58572K, reserved 1101824K
  class space    used 6563K, capacity 6968K, committed 7116K, reserved 1048576K
2020-06-30T22:13:20.524+0100: 3448.167: [GC (Allocation Failure) 2020-06-30T22:13:20.524+0100: 3448.167: [ParNew
Desired survivor size 20112992 bytes, new threshold 6 (max 8)
- age   1:    2282528 bytes,    2282528 total
- age   2:    3502392 bytes,    5784920 total
- age   3:    4517248 bytes,   10302168 total
- age   4:    3424440 bytes,   13726608 total
- age   5:    2827064 bytes,   16553672 total
- age   6:    4370144 bytes,   20923816 total
: 109248K->21824K(109248K), 0.0131386 secs] 286231K->201885K(502464K), 0.0132225 secs] [Times: user=0.01 sys=0.00, real=0.01 secs] 
Heap after GC invocations=395 (full 24):
 par new generation   total 109248K, used 21824K [0x00000000e0000000, 0x00000000e8000000, 0x00000000e8000000)
  eden space 87424K,   0% used [0x00000000e0000000, 0x00000000e0000000, 0x00000000e5560000)
  from space 21824K, 100% used [0x00000000e6ab0000, 0x00000000e8000000, 0x00000000e8000000)
  to   space 21824K,   0% used [0x00000000e5560000, 0x00000000e5560000, 0x00000000e6ab0000)
 concurrent mark-sweep generation total 393216K, used 180061K [0x00000000e8000000, 0x0000000100000000, 0x0000000100000000)
 Metaspace       used 56597K, capacity 58381K, committed 58572K, reserved 1101824K
  class space    used 6563K, capacity 6968K, committed 7116K, reserved 1048576K
}
2020-06-30T22:13:20.537+0100: 3448.181: Total time for which application threads were stopped: 0.0135951 seconds, Stopping threads took: 0.0000510 seconds
2020-06-30T22:13:20.604+0100: 3448.248: Total time for which application threads were stopped: 0.0002451 seconds, Stopping threads took: 0.0000581 seconds
{Heap before GC invocations=395 (full 24):
 par new generation   total 109248K, used 109248K [0x00000000e0000000, 0x00000000e8000000, 0x00000000e8000000)
  eden space 87424K, 100% used [0x00000000e0000000, 0x00000000e5560000, 0x00000000e5560000)
  from space 21824K, 100% used [0x00000000e6ab0000, 0x00000000e8000000, 0x00000000e8000000)
  to   space 21824K,   0% used [0x00000000e5560000, 0x00000000e5560000, 0x00000000e6ab0000)
 concurrent mark-sweep generation total 393216K, used 180061K [0x00000000e8000000, 0x0000000100000000, 0x0000000100000000)
 Metaspace       used 56597K, capacity 58381K, committed 58572K, reserved 1101824K
  class space    used 6563K, capacity 6968K, committed 7116K, reserved 1048576K
2020-06-30T22:13:20.652+0100: 3448.295: [GC (Allocation Failure) 2020-06-30T22:13:20.652+0100: 3448.295: [ParNew
Desired survivor size 20112992 bytes, new threshold 6 (max 8)
- age   1:    6202680 bytes,    6202680 total
- age   2:    2131376 bytes,    8334056 total
- age   3:    3423952 bytes,   11758008 total
- age   4:    4516888 bytes,   16274896 total
- age   5:    3219720 bytes,   19494616 total
- age   6:    2826576 bytes,   22321192 total
: 109248K->21824K(109248K), 0.0191640 secs] 289309K->211040K(502464K), 0.0192404 secs] [Times: user=0.06 sys=0.00, real=0.02 secs] 
Heap after GC invocations=396 (full 24):
 par new generation   total 109248K, used 21824K [0x00000000e0000000, 0x00000000e8000000, 0x00000000e8000000)
  eden space 87424K,   0% used [0x00000000e0000000, 0x00000000e0000000, 0x00000000e5560000)
  from space 21824K, 100% used [0x00000000e5560000, 0x00000000e6ab0000, 0x00000000e6ab0000)
  to   space 21824K,   0% used [0x00000000e6ab0000, 0x00000000e6ab0000, 0x00000000e8000000)
 concurrent mark-sweep generation total 393216K, used 189216K [0x00000000e8000000, 0x0000000100000000, 0x0000000100000000)
 Metaspace       used 56597K, capacity 58381K, committed 58572K, reserved 1101824K
  class space    used 6563K, capacity 6968K, committed 7116K, reserved 1048576K
}
2020-06-30T22:13:20.671+0100: 3448.315: Total time for which application threads were stopped: 0.0194853 seconds, Stopping threads took: 0.0000615 seconds
2020-06-30T22:13:20.672+0100: 3448.315: Total time for which application threads were stopped: 0.0003477 seconds, Stopping threads took: 0.0000737 seconds
2020-06-30T22:13:20.672+0100: 3448.316: Total time for which application threads were stopped: 0.0002591 seconds, Stopping threads took: 0.0000562 seconds
{Heap before GC invocations=396 (full 24):
 par new generation   total 109248K, used 109248K [0x00000000e0000000, 0x00000000e8000000, 0x00000000e8000000)
  eden space 87424K, 100% used [0x00000000e0000000, 0x00000000e5560000, 0x00000000e5560000)
  from space 21824K, 100% used [0x00000000e5560000, 0x00000000e6ab0000, 0x00000000e6ab0000)
  to   space 21824K,   0% used [0x00000000e6ab0000, 0x00000000e6ab0000, 0x00000000e8000000)
 concurrent mark-sweep generation total 393216K, used 189216K [0x00000000e8000000, 0x0000000100000000, 0x0000000100000000)
 Metaspace       used 56597K, capacity 58381K, committed 58572K, reserved 1101824K
  class space    used 6563K, capacity 6968K, committed 7116K, reserved 1048576K
2020-06-30T22:13:20.768+0100: 3448.412: [GC (Allocation Failure) 2020-06-30T22:13:20.768+0100: 3448.412: [ParNew
Desired survivor size 20112992 bytes, new threshold 6 (max 8)
- age   1:    5316424 bytes,    5316424 total
- age   2:    4809520 bytes,   10125944 total
- age   3:    1469096 bytes,   11595040 total
- age   4:    3026496 bytes,   14621536 total
- age   5:    4510704 bytes,   19132240 total
- age   6:    3208856 bytes,   22341096 total
: 109248K->21824K(109248K), 0.0187003 secs] 298464K->221167K(502464K), 0.0187909 secs] [Times: user=0.08 sys=0.00, real=0.02 secs] 
Heap after GC invocations=397 (full 24):
 par new generation   total 109248K, used 21824K [0x00000000e0000000, 0x00000000e8000000, 0x00000000e8000000)
  eden space 87424K,   0% used [0x00000000e0000000, 0x00000000e0000000, 0x00000000e5560000)
  from space 21824K, 100% used [0x00000000e6ab0000, 0x00000000e8000000, 0x00000000e8000000)
  to   space 21824K,   0% used [0x00000000e5560000, 0x00000000e5560000, 0x00000000e6ab0000)
 concurrent mark-sweep generation total 393216K, used 199343K [0x00000000e8000000, 0x0000000100000000, 0x0000000100000000)
 Metaspace       used 56597K, capacity 58381K, committed 58572K, reserved 1101824K
  class space    used 6563K, capacity 6968K, committed 7116K, reserved 1048576K
}
2020-06-30T22:13:20.787+0100: 3448.431: Total time for which application threads were stopped: 0.0190335 seconds, Stopping threads took: 0.0000574 seconds
2020-06-30T22:13:20.787+0100: 3448.431: [GC (CMS Initial Mark) [1 CMS-initial-mark: 199343K(393216K)] 222319K(502464K), 0.0044189 secs] [Times: user=0.00 sys=0.00, real=0.01 secs] 
2020-06-30T22:13:20.792+0100: 3448.435: Total time for which application threads were stopped: 0.0046518 seconds, Stopping threads took: 0.0000913 seconds
2020-06-30T22:13:20.792+0100: 3448.435: [CMS-concurrent-mark-start]
2020-06-30T22:13:20.815+0100: 3448.459: [CMS-concurrent-mark: 0.024/0.024 secs] [Times: user=0.06 sys=0.00, real=0.02 secs] 
2020-06-30T22:13:20.815+0100: 3448.459: [CMS-concurrent-preclean-start]
2020-06-30T22:13:20.817+0100: 3448.460: [CMS-concurrent-preclean: 0.001/0.001 secs] [Times: user=0.00 sys=0.00, real=0.00 secs] 
2020-06-30T22:13:20.817+0100: 3448.461: [GC (CMS Final Remark) [YG occupancy: 22975 K (109248 K)]{Heap before GC invocations=397 (full 25):
 par new generation   total 109248K, used 22975K [0x00000000e0000000, 0x00000000e8000000, 0x00000000e8000000)
  eden space 87424K,   1% used [0x00000000e0000000, 0x00000000e011ffe8, 0x00000000e5560000)
  from space 21824K, 100% used [0x00000000e6ab0000, 0x00000000e8000000, 0x00000000e8000000)
  to   space 21824K,   0% used [0x00000000e5560000, 0x00000000e5560000, 0x00000000e6ab0000)
 concurrent mark-sweep generation total 393216K, used 199343K [0x00000000e8000000, 0x0000000100000000, 0x0000000100000000)
 Metaspace       used 56597K, capacity 58381K, committed 58572K, reserved 1101824K
  class space    used 6563K, capacity 6968K, committed 7116K, reserved 1048576K
2020-06-30T22:13:20.817+0100: 3448.461: [GC (CMS Final Remark) 2020-06-30T22:13:20.817+0100: 3448.461: [ParNew
Desired survivor size 20112992 bytes, new threshold 8 (max 8)
- age   1:      48640 bytes,      48640 total
- age   2:    3807096 bytes,    3855736 total
- age   3:    4208680 bytes,    8064416 total
- age   4:    1465328 bytes,    9529744 total
- age   5:    3026496 bytes,   12556240 total
- age   6:    4510704 bytes,   17066944 total
: 22975K->21824K(109248K), 0.0110874 secs] 222319K->226271K(502464K), 0.0112227 secs] [Times: user=0.06 sys=0.00, real=0.01 secs] 
Heap after GC invocations=398 (full 25):
 par new generation   total 109248K, used 21824K [0x00000000e0000000, 0x00000000e8000000, 0x00000000e8000000)
  eden space 87424K,   0% used [0x00000000e0000000, 0x00000000e0000000, 0x00000000e5560000)
  from space 21824K, 100% used [0x00000000e5560000, 0x00000000e6ab0000, 0x00000000e6ab0000)
  to   space 21824K,   0% used [0x00000000e6ab0000, 0x00000000e6ab0000, 0x00000000e8000000)
 concurrent mark-sweep generation total 393216K, used 204447K [0x00000000e8000000, 0x0000000100000000, 0x0000000100000000)
 Metaspace       used 56597K, capacity 58381K, committed 58572K, reserved 1101824K
  class space    used 6563K, capacity 6968K, committed 7116K, reserved 1048576K
}
2020-06-30T22:13:20.828+0100: 3448.472: [Rescan (parallel) , 0.0046469 secs]2020-06-30T22:13:20.833+0100: 3448.477: [weak refs processing, 0.0031627 secs]2020-06-30T22:13:20.836+0100: 3448.480: [class unloading, 0.0122026 secs]2020-06-30T22:13:20.848+0100: 3448.492: [scrub symbol table, 0.0103521 secs]2020-06-30T22:13:20.859+0100: 3448.502: [scrub string table, 0.0005901 secs][1 CMS-remark: 204447K(393216K)] 226271K(502464K), 0.0426168 secs] [Times: user=0.14 sys=0.00, real=0.04 secs] 
2020-06-30T22:13:20.859+0100: 3448.503: Total time for which application threads were stopped: 0.0427990 seconds, Stopping threads took: 0.0000618 seconds
2020-06-30T22:13:20.860+0100: 3448.503: [CMS-concurrent-sweep-start]
2020-06-30T22:13:20.943+0100: 3448.586: [CMS-concurrent-sweep: 0.083/0.083 secs] [Times: user=0.22 sys=0.05, real=0.08 secs] 
2020-06-30T22:13:20.943+0100: 3448.586: [CMS-concurrent-reset-start]
2020-06-30T22:13:20.943+0100: 3448.587: [CMS-concurrent-reset: 0.001/0.001 secs] [Times: user=0.00 sys=0.00, real=0.00 secs] 
{Heap before GC invocations=398 (full 25):
 par new generation   total 109248K, used 109248K [0x00000000e0000000, 0x00000000e8000000, 0x00000000e8000000)
  eden space 87424K, 100% used [0x00000000e0000000, 0x00000000e5560000, 0x00000000e5560000)
  from space 21824K, 100% used [0x00000000e5560000, 0x00000000e6ab0000, 0x00000000e6ab0000)
  to   space 21824K,   0% used [0x00000000e6ab0000, 0x00000000e6ab0000, 0x00000000e8000000)
 concurrent mark-sweep generation total 393216K, used 80395K [0x00000000e8000000, 0x0000000100000000, 0x0000000100000000)
 Metaspace       used 56597K, capacity 58381K, committed 58572K, reserved 1101824K
  class space    used 6563K, capacity 6968K, committed 7116K, reserved 1048576K
2020-06-30T22:13:20.991+0100: 3448.634: [GC (Allocation Failure) 2020-06-30T22:13:20.991+0100: 3448.635: [ParNew
Desired survivor size 20112992 bytes, new threshold 7 (max 8)
- age   1:    6567568 bytes,    6567568 total
- age   2:        512 bytes,    6568080 total
- age   3:    3140416 bytes,    9708496 total
- age   4:    3708416 bytes,   13416912 total
- age   5:    1461952 bytes,   14878864 total
- age   6:    2871056 bytes,   17749920 total
- age   7:    4422600 bytes,   22172520 total
: 109248K->21824K(109248K), 0.0153797 secs] 189643K->111674K(502464K), 0.0154513 secs] [Times: user=0.02 sys=0.00, real=0.02 secs] 
Heap after GC invocations=399 (full 25):
 par new generation   total 109248K, used 21824K [0x00000000e0000000, 0x00000000e8000000, 0x00000000e8000000)
  eden space 87424K,   0% used [0x00000000e0000000, 0x00000000e0000000, 0x00000000e5560000)
  from space 21824K, 100% used [0x00000000e6ab0000, 0x00000000e8000000, 0x00000000e8000000)
  to   space 21824K,   0% used [0x00000000e5560000, 0x00000000e5560000, 0x00000000e6ab0000)
 concurrent mark-sweep generation total 393216K, used 89850K [0x00000000e8000000, 0x0000000100000000, 0x0000000100000000)
 Metaspace       used 56597K, capacity 58381K, committed 58572K, reserved 1101824K
  class space    used 6563K, capacity 6968K, committed 7116K, reserved 1048576K
}
2020-06-30T22:13:21.006+0100: 3448.650: Total time for which application threads were stopped: 0.0158145 seconds, Stopping threads took: 0.0001381 seconds
2020-06-30T22:13:21.436+0100: 3449.080: Total time for which application threads were stopped: 0.0001541 seconds, Stopping threads took: 0.0000899 seconds
2020-06-30T22:13:21.437+0100: 3449.080: Total time for which application threads were stopped: 0.0000902 seconds, Stopping threads took: 0.0000433 seconds
2020-06-30T22:13:21.438+0100: 3449.082: Total time for which application threads were stopped: 0.0002281 seconds, Stopping threads took: 0.0001274 seconds
2020-06-30T22:13:21.439+0100: 3449.082: Total time for which application threads were stopped: 0.0001593 seconds, Stopping threads took: 0.0001127 seconds
2020-06-30T22:13:21.439+0100: 3449.083: Total time for which application threads were stopped: 0.0001780 seconds, Stopping threads took: 0.0001437 seconds
2020-06-30T22:13:21.439+0100: 3449.083: Total time for which application threads were stopped: 0.0001943 seconds, Stopping threads took: 0.0001610 seconds
2020-06-30T22:13:22.439+0100: 3450.082: Total time for which application threads were stopped: 0.0001937 seconds, Stopping threads took: 0.0000628 seconds
2020-06-30T22:13:37.846+0100: 3465.490: Total time for which application threads were stopped: 0.0001988 seconds, Stopping threads took: 0.0001492 seconds
2020-06-30T22:13:37.872+0100: 3465.516: Total time for which application threads were stopped: 0.0003674 seconds, Stopping threads took: 0.0001560 seconds
2020-06-30T22:13:37.874+0100: 3465.518: Total time for which application threads were stopped: 0.0001191 seconds, Stopping threads took: 0.0000345 seconds
{Heap before GC invocations=399 (full 25):
 par new generation   total 109248K, used 109248K [0x00000000e0000000, 0x00000000e8000000, 0x00000000e8000000)
  eden space 87424K, 100% used [0x00000000e0000000, 0x00000000e5560000, 0x00000000e5560000)
  from space 21824K, 100% used [0x00000000e6ab0000, 0x00000000e8000000, 0x00000000e8000000)
  to   space 21824K,   0% used [0x00000000e5560000, 0x00000000e5560000, 0x00000000e6ab0000)
 concurrent mark-sweep generation total 393216K, used 89850K [0x00000000e8000000, 0x0000000100000000, 0x0000000100000000)
 Metaspace       used 56599K, capacity 58381K, committed 58572K, reserved 1101824K
  class space    used 6563K, capacity 6968K, committed 7116K, reserved 1048576K
2020-06-30T22:13:38.017+0100: 3465.661: [GC (Allocation Failure) 2020-06-30T22:13:38.017+0100: 3465.661: [ParNew
Desired survivor size 20112992 bytes, new threshold 7 (max 8)
- age   1:    5562832 bytes,    5562832 total
- age   2:    6335280 bytes,   11898112 total
- age   3:        472 bytes,   11898584 total
- age   4:    2949080 bytes,   14847664 total
- age   5:    3285328 bytes,   18132992 total
- age   6:    1294504 bytes,   19427496 total
- age   7:    2430152 bytes,   21857648 total
: 109248K->21824K(109248K), 0.0183074 secs] 199098K->121600K(502464K), 0.0184030 secs] [Times: user=0.06 sys=0.00, real=0.02 secs] 
Heap after GC invocations=400 (full 25):
 par new generation   total 109248K, used 21824K [0x00000000e0000000, 0x00000000e8000000, 0x00000000e8000000)
  eden space 87424K,   0% used [0x00000000e0000000, 0x00000000e0000000, 0x00000000e5560000)
  from space 21824K, 100% used [0x00000000e5560000, 0x00000000e6ab0000, 0x00000000e6ab0000)
  to   space 21824K,   0% used [0x00000000e6ab0000, 0x00000000e6ab0000, 0x00000000e8000000)
 concurrent mark-sweep generation total 393216K, used 99776K [0x00000000e8000000, 0x0000000100000000, 0x0000000100000000)
 Metaspace       used 56599K, capacity 58381K, committed 58572K, reserved 1101824K
  class space    used 6563K, capacity 6968K, committed 7116K, reserved 1048576K
}
2020-06-30T22:13:38.036+0100: 3465.679: Total time for which application threads were stopped: 0.0187246 seconds, Stopping threads took: 0.0000653 seconds
2020-06-30T22:13:38.050+0100: 3465.694: Total time for which application threads were stopped: 0.0001797 seconds, Stopping threads took: 0.0000757 seconds
{Heap before GC invocations=400 (full 25):
 par new generation   total 109248K, used 109248K [0x00000000e0000000, 0x00000000e8000000, 0x00000000e8000000)
  eden space 87424K, 100% used [0x00000000e0000000, 0x00000000e5560000, 0x00000000e5560000)
  from space 21824K, 100% used [0x00000000e5560000, 0x00000000e6ab0000, 0x00000000e6ab0000)
  to   space 21824K,   0% used [0x00000000e6ab0000, 0x00000000e6ab0000, 0x00000000e8000000)
 concurrent mark-sweep generation total 393216K, used 99776K [0x00000000e8000000, 0x0000000100000000, 0x0000000100000000)
 Metaspace       used 56599K, capacity 58381K, committed 58572K, reserved 1101824K
  class space    used 6563K, capacity 6968K, committed 7116K, reserved 1048576K
2020-06-30T22:13:38.241+0100: 3465.885: [GC (Allocation Failure) 2020-06-30T22:13:38.241+0100: 3465.885: [ParNew
Desired survivor size 20112992 bytes, new threshold 6 (max 8)
- age   1:    4999928 bytes,    4999928 total
- age   2:    4555120 bytes,    9555048 total
- age   3:    4458080 bytes,   14013128 total
- age   4:        472 bytes,   14013600 total
- age   5:    2949080 bytes,   16962680 total
- age   6:    3285208 bytes,   20247888 total
- age   7:    1294504 bytes,   21542392 total
: 109248K->21824K(109248K), 0.0195353 secs] 209024K->130731K(502464K), 0.0196186 secs] [Times: user=0.03 sys=0.00, real=0.02 secs] 
Heap after GC invocations=401 (full 25):
 par new generation   total 109248K, used 21824K [0x00000000e0000000, 0x00000000e8000000, 0x00000000e8000000)
  eden space 87424K,   0% used [0x00000000e0000000, 0x00000000e0000000, 0x00000000e5560000)
  from space 21824K, 100% used [0x00000000e6ab0000, 0x00000000e8000000, 0x00000000e8000000)
  to   space 21824K,   0% used [0x00000000e5560000, 0x00000000e5560000, 0x00000000e6ab0000)
 concurrent mark-sweep generation total 393216K, used 108907K [0x00000000e8000000, 0x0000000100000000, 0x0000000100000000)
 Metaspace       used 56599K, capacity 58381K, committed 58572K, reserved 1101824K
  class space    used 6563K, capacity 6968K, committed 7116K, reserved 1048576K
}
2020-06-30T22:13:38.261+0100: 3465.904: Total time for which application threads were stopped: 0.0200596 seconds, Stopping threads took: 0.0001981 seconds
{Heap before GC invocations=401 (full 25):
 par new generation   total 109248K, used 109248K [0x00000000e0000000, 0x00000000e8000000, 0x00000000e8000000)
  eden space 87424K, 100% used [0x00000000e0000000, 0x00000000e5560000, 0x00000000e5560000)
  from space 21824K, 100% used [0x00000000e6ab0000, 0x00000000e8000000, 0x00000000e8000000)
  to   space 21824K,   0% used [0x00000000e5560000, 0x00000000e5560000, 0x00000000e6ab0000)
 concurrent mark-sweep generation total 393216K, used 108907K [0x00000000e8000000, 0x0000000100000000, 0x0000000100000000)
 Metaspace       used 56599K, capacity 58381K, committed 58572K, reserved 1101824K
  class space    used 6563K, capacity 6968K, committed 7116K, reserved 1048576K
2020-06-30T22:13:38.547+0100: 3466.191: [GC (Allocation Failure) 2020-06-30T22:13:38.547+0100: 3466.191: [ParNew
Desired survivor size 20112992 bytes, new threshold 6 (max 8)
- age   1:    5595712 bytes,    5595712 total
- age   2:    2984080 bytes,    8579792 total
- age   3:    4544408 bytes,   13124200 total
- age   4:    4458080 bytes,   17582280 total
- age   5:        472 bytes,   17582752 total
- age   6:    2949080 bytes,   20531832 total
: 109248K->21824K(109248K), 0.0154311 secs] 218155K->135330K(502464K), 0.0155196 secs] [Times: user=0.05 sys=0.00, real=0.02 secs] 
Heap after GC invocations=402 (full 25):
 par new generation   total 109248K, used 21824K [0x00000000e0000000, 0x00000000e8000000, 0x00000000e8000000)
  eden space 87424K,   0% used [0x00000000e0000000, 0x00000000e0000000, 0x00000000e5560000)
  from space 21824K, 100% used [0x00000000e5560000, 0x00000000e6ab0000, 0x00000000e6ab0000)
  to   space 21824K,   0% used [0x00000000e6ab0000, 0x00000000e6ab0000, 0x00000000e8000000)
 concurrent mark-sweep generation total 393216K, used 113506K [0x00000000e8000000, 0x0000000100000000, 0x0000000100000000)
 Metaspace       used 56599K, capacity 58381K, committed 58572K, reserved 1101824K
  class space    used 6563K, capacity 6968K, committed 7116K, reserved 1048576K
}
2020-06-30T22:13:38.563+0100: 3466.207: Total time for which application threads were stopped: 0.0158414 seconds, Stopping threads took: 0.0000777 seconds
{Heap before GC invocations=402 (full 25):
 par new generation   total 109248K, used 109248K [0x00000000e0000000, 0x00000000e8000000, 0x00000000e8000000)
  eden space 87424K, 100% used [0x00000000e0000000, 0x00000000e5560000, 0x00000000e5560000)
  from space 21824K, 100% used [0x00000000e5560000, 0x00000000e6ab0000, 0x00000000e6ab0000)
  to   space 21824K,   0% used [0x00000000e6ab0000, 0x00000000e6ab0000, 0x00000000e8000000)
 concurrent mark-sweep generation total 393216K, used 113506K [0x00000000e8000000, 0x0000000100000000, 0x0000000100000000)
 Metaspace       used 56599K, capacity 58381K, committed 58572K, reserved 1101824K
  class space    used 6563K, capacity 6968K, committed 7116K, reserved 1048576K
2020-06-30T22:13:38.792+0100: 3466.436: [GC (Allocation Failure) 2020-06-30T22:13:38.792+0100: 3466.436: [ParNew
Desired survivor size 20112992 bytes, new threshold 5 (max 8)
- age   1:    6227056 bytes,    6227056 total
- age   2:    4614176 bytes,   10841232 total
- age   3:    2333840 bytes,   13175072 total
- age   4:    4544272 bytes,   17719344 total
- age   5:    4458080 bytes,   22177424 total
- age   6:        472 bytes,   22177896 total
: 109248K->21824K(109248K), 0.0192644 secs] 222754K->142214K(502464K), 0.0193543 secs] [Times: user=0.06 sys=0.00, real=0.02 secs] 
Heap after GC invocations=403 (full 25):
 par new generation   total 109248K, used 21824K [0x00000000e0000000, 0x00000000e8000000, 0x00000000e8000000)
  eden space 87424K,   0% used [0x00000000e0000000, 0x00000000e0000000, 0x00000000e5560000)
  from space 21824K, 100% used [0x00000000e6ab0000, 0x00000000e8000000, 0x00000000e8000000)
  to   space 21824K,   0% used [0x00000000e5560000, 0x00000000e5560000, 0x00000000e6ab0000)
 concurrent mark-sweep generation total 393216K, used 120390K [0x00000000e8000000, 0x0000000100000000, 0x0000000100000000)
 Metaspace       used 56599K, capacity 58381K, committed 58572K, reserved 1101824K
  class space    used 6563K, capacity 6968K, committed 7116K, reserved 1048576K
}
2020-06-30T22:13:38.812+0100: 3466.455: Total time for which application threads were stopped: 0.0196512 seconds, Stopping threads took: 0.0000614 seconds
2020-06-30T22:13:39.866+0100: 3467.510: Total time for which application threads were stopped: 0.0001731 seconds, Stopping threads took: 0.0000690 seconds
2020-06-30T22:13:39.867+0100: 3467.510: Total time for which application threads were stopped: 0.0001406 seconds, Stopping threads took: 0.0000474 seconds
2020-06-30T22:13:39.872+0100: 3467.516: Total time for which application threads were stopped: 0.0001214 seconds, Stopping threads took: 0.0000467 seconds
2020-06-30T22:13:39.872+0100: 3467.516: Total time for which application threads were stopped: 0.0001211 seconds, Stopping threads took: 0.0000499 seconds
2020-06-30T22:13:39.873+0100: 3467.516: Total time for which application threads were stopped: 0.0001034 seconds, Stopping threads took: 0.0000409 seconds
2020-06-30T22:13:39.873+0100: 3467.516: Total time for which application threads were stopped: 0.0000913 seconds, Stopping threads took: 0.0000326 seconds
2020-06-30T22:13:44.444+0100: 3472.087: Total time for which application threads were stopped: 0.0002101 seconds, Stopping threads took: 0.0001581 seconds
2020-06-30T22:13:44.447+0100: 3472.091: Total time for which application threads were stopped: 0.0001788 seconds, Stopping threads took: 0.0000983 seconds
2020-06-30T22:13:44.448+0100: 3472.092: Total time for which application threads were stopped: 0.0001700 seconds, Stopping threads took: 0.0000926 seconds
2020-06-30T22:13:44.470+0100: 3472.114: Total time for which application threads were stopped: 0.0001551 seconds, Stopping threads took: 0.0000741 seconds
2020-06-30T22:13:44.471+0100: 3472.115: Total time for which application threads were stopped: 0.0001529 seconds, Stopping threads took: 0.0000667 seconds
2020-06-30T22:13:44.552+0100: 3472.196: Total time for which application threads were stopped: 0.0001450 seconds, Stopping threads took: 0.0000665 seconds
{Heap before GC invocations=403 (full 25):
 par new generation   total 109248K, used 109248K [0x00000000e0000000, 0x00000000e8000000, 0x00000000e8000000)
  eden space 87424K, 100% used [0x00000000e0000000, 0x00000000e5560000, 0x00000000e5560000)
  from space 21824K, 100% used [0x00000000e6ab0000, 0x00000000e8000000, 0x00000000e8000000)
  to   space 21824K,   0% used [0x00000000e5560000, 0x00000000e5560000, 0x00000000e6ab0000)
 concurrent mark-sweep generation total 393216K, used 120390K [0x00000000e8000000, 0x0000000100000000, 0x0000000100000000)
 Metaspace       used 56606K, capacity 58381K, committed 58572K, reserved 1101824K
  class space    used 6563K, capacity 6968K, committed 7116K, reserved 1048576K
2020-06-30T22:13:44.572+0100: 3472.215: [GC (Allocation Failure) 2020-06-30T22:13:44.572+0100: 3472.215: [ParNew
Desired survivor size 20112992 bytes, new threshold 5 (max 8)
- age   1:    4528192 bytes,    4528192 total
- age   2:    4977216 bytes,    9505408 total
- age   3:    4530288 bytes,   14035696 total
- age   4:    1919944 bytes,   15955640 total
- age   5:    4389920 bytes,   20345560 total
: 109248K->21824K(109248K), 0.0141998 secs] 229638K->151664K(502464K), 0.0142773 secs] [Times: user=0.05 sys=0.01, real=0.01 secs] 
Heap after GC invocations=404 (full 25):
 par new generation   total 109248K, used 21824K [0x00000000e0000000, 0x00000000e8000000, 0x00000000e8000000)
  eden space 87424K,   0% used [0x00000000e0000000, 0x00000000e0000000, 0x00000000e5560000)
  from space 21824K, 100% used [0x00000000e5560000, 0x00000000e6ab0000, 0x00000000e6ab0000)
  to   space 21824K,   0% used [0x00000000e6ab0000, 0x00000000e6ab0000, 0x00000000e8000000)
 concurrent mark-sweep generation total 393216K, used 129840K [0x00000000e8000000, 0x0000000100000000, 0x0000000100000000)
 Metaspace       used 56606K, capacity 58381K, committed 58572K, reserved 1101824K
  class space    used 6563K, capacity 6968K, committed 7116K, reserved 1048576K
}
2020-06-30T22:13:44.586+0100: 3472.230: Total time for which application threads were stopped: 0.0145132 seconds, Stopping threads took: 0.0000556 seconds
{Heap before GC invocations=404 (full 25):
 par new generation   total 109248K, used 109248K [0x00000000e0000000, 0x00000000e8000000, 0x00000000e8000000)
  eden space 87424K, 100% used [0x00000000e0000000, 0x00000000e5560000, 0x00000000e5560000)
  from space 21824K, 100% used [0x00000000e5560000, 0x00000000e6ab0000, 0x00000000e6ab0000)
  to   space 21824K,   0% used [0x00000000e6ab0000, 0x00000000e6ab0000, 0x00000000e8000000)
 concurrent mark-sweep generation total 393216K, used 129840K [0x00000000e8000000, 0x0000000100000000, 0x0000000100000000)
 Metaspace       used 56606K, capacity 58381K, committed 58572K, reserved 1101824K
  class space    used 6563K, capacity 6968K, committed 7116K, reserved 1048576K
2020-06-30T22:13:44.665+0100: 3472.308: [GC (Allocation Failure) 2020-06-30T22:13:44.665+0100: 3472.308: [ParNew
Desired survivor size 20112992 bytes, new threshold 5 (max 8)
- age   1:    6896928 bytes,    6896928 total
- age   2:    2701328 bytes,    9598256 total
- age   3:    4976936 bytes,   14575192 total
- age   4:    4529776 bytes,   19104968 total
- age   5:    1865192 bytes,   20970160 total
: 109248K->21824K(109248K), 0.0162402 secs] 239088K->157999K(502464K), 0.0163251 secs] [Times: user=0.06 sys=0.00, real=0.02 secs] 
Heap after GC invocations=405 (full 25):
 par new generation   total 109248K, used 21824K [0x00000000e0000000, 0x00000000e8000000, 0x00000000e8000000)
  eden space 87424K,   0% used [0x00000000e0000000, 0x00000000e0000000, 0x00000000e5560000)
  from space 21824K, 100% used [0x00000000e6ab0000, 0x00000000e8000000, 0x00000000e8000000)
  to   space 21824K,   0% used [0x00000000e5560000, 0x00000000e5560000, 0x00000000e6ab0000)
 concurrent mark-sweep generation total 393216K, used 136175K [0x00000000e8000000, 0x0000000100000000, 0x0000000100000000)
 Metaspace       used 56606K, capacity 58381K, committed 58572K, reserved 1101824K
  class space    used 6563K, capacity 6968K, committed 7116K, reserved 1048576K
}
2020-06-30T22:13:44.681+0100: 3472.325: Total time for which application threads were stopped: 0.0165880 seconds, Stopping threads took: 0.0000559 seconds
{Heap before GC invocations=405 (full 25):
 par new generation   total 109248K, used 109248K [0x00000000e0000000, 0x00000000e8000000, 0x00000000e8000000)
  eden space 87424K, 100% used [0x00000000e0000000, 0x00000000e5560000, 0x00000000e5560000)
  from space 21824K, 100% used [0x00000000e6ab0000, 0x00000000e8000000, 0x00000000e8000000)
  to   space 21824K,   0% used [0x00000000e5560000, 0x00000000e5560000, 0x00000000e6ab0000)
 concurrent mark-sweep generation total 393216K, used 136175K [0x00000000e8000000, 0x0000000100000000, 0x0000000100000000)
 Metaspace       used 56606K, capacity 58381K, committed 58572K, reserved 1101824K
  class space    used 6563K, capacity 6968K, committed 7116K, reserved 1048576K
2020-06-30T22:13:44.789+0100: 3472.433: [GC (Allocation Failure) 2020-06-30T22:13:44.789+0100: 3472.433: [ParNew
Desired survivor size 20112992 bytes, new threshold 5 (max 8)
- age   1:    5933920 bytes,    5933920 total
- age   2:    4711008 bytes,   10644928 total
- age   3:    2544088 bytes,   13189016 total
- age   4:    4623304 bytes,   17812320 total
- age   5:    4529776 bytes,   22342096 total
: 109248K->21824K(109248K), 0.0138908 secs] 245423K->161538K(502464K), 0.0139638 secs] [Times: user=0.02 sys=0.00, real=0.01 secs] 
Heap after GC invocations=406 (full 25):
 par new generation   total 109248K, used 21824K [0x00000000e0000000, 0x00000000e8000000, 0x00000000e8000000)
  eden space 87424K,   0% used [0x00000000e0000000, 0x00000000e0000000, 0x00000000e5560000)
  from space 21824K, 100% used [0x00000000e5560000, 0x00000000e6ab0000, 0x00000000e6ab0000)
  to   space 21824K,   0% used [0x00000000e6ab0000, 0x00000000e6ab0000, 0x00000000e8000000)
 concurrent mark-sweep generation total 393216K, used 139714K [0x00000000e8000000, 0x0000000100000000, 0x0000000100000000)
 Metaspace       used 56606K, capacity 58381K, committed 58572K, reserved 1101824K
  class space    used 6563K, capacity 6968K, committed 7116K, reserved 1048576K
}
2020-06-30T22:13:44.803+0100: 3472.447: Total time for which application threads were stopped: 0.0141863 seconds, Stopping threads took: 0.0000618 seconds
2020-06-30T22:13:45.623+0100: 3473.267: Total time for which application threads were stopped: 0.0001439 seconds, Stopping threads took: 0.0000722 seconds
2020-06-30T22:13:45.623+0100: 3473.267: Total time for which application threads were stopped: 0.0001448 seconds, Stopping threads took: 0.0000590 seconds
2020-06-30T22:13:45.624+0100: 3473.268: Total time for which application threads were stopped: 0.0000999 seconds, Stopping threads took: 0.0000437 seconds
2020-06-30T22:13:45.625+0100: 3473.268: Total time for which application threads were stopped: 0.0001170 seconds, Stopping threads took: 0.0000373 seconds
2020-06-30T22:13:45.625+0100: 3473.269: Total time for which application threads were stopped: 0.0000798 seconds, Stopping threads took: 0.0000454 seconds
2020-06-30T22:13:45.625+0100: 3473.269: Total time for which application threads were stopped: 0.0002017 seconds, Stopping threads took: 0.0000463 seconds
2020-06-30T22:13:59.473+0100: 3487.117: Total time for which application threads were stopped: 0.0000869 seconds, Stopping threads took: 0.0000252 seconds
2020-06-30T22:14:09.940+0100: 3497.583: Total time for which application threads were stopped: 0.0002550 seconds, Stopping threads took: 0.0001985 seconds
{Heap before GC invocations=406 (full 25):
 par new generation   total 109248K, used 109248K [0x00000000e0000000, 0x00000000e8000000, 0x00000000e8000000)
  eden space 87424K, 100% used [0x00000000e0000000, 0x00000000e5560000, 0x00000000e5560000)
  from space 21824K, 100% used [0x00000000e5560000, 0x00000000e6ab0000, 0x00000000e6ab0000)
  to   space 21824K,   0% used [0x00000000e6ab0000, 0x00000000e6ab0000, 0x00000000e8000000)
 concurrent mark-sweep generation total 393216K, used 139714K [0x00000000e8000000, 0x0000000100000000, 0x0000000100000000)
 Metaspace       used 56608K, capacity 58381K, committed 58572K, reserved 1101824K
  class space    used 6563K, capacity 6968K, committed 7116K, reserved 1048576K
2020-06-30T22:14:09.948+0100: 3497.591: [GC (Allocation Failure) 2020-06-30T22:14:09.948+0100: 3497.591: [ParNew
Desired survivor size 20112992 bytes, new threshold 8 (max 8)
- age   1:    3444696 bytes,    3444696 total
- age   2:    2688304 bytes,    6133000 total
- age   3:    4517568 bytes,   10650568 total
- age   4:    1918448 bytes,   12569016 total
- age   5:    4516392 bytes,   17085408 total
: 109248K->21824K(109248K), 0.0155412 secs] 248962K->169111K(502464K), 0.0156105 secs] [Times: user=0.06 sys=0.00, real=0.02 secs] 
Heap after GC invocations=407 (full 25):
 par new generation   total 109248K, used 21824K [0x00000000e0000000, 0x00000000e8000000, 0x00000000e8000000)
  eden space 87424K,   0% used [0x00000000e0000000, 0x00000000e0000000, 0x00000000e5560000)
  from space 21824K, 100% used [0x00000000e6ab0000, 0x00000000e8000000, 0x00000000e8000000)
  to   space 21824K,   0% used [0x00000000e5560000, 0x00000000e5560000, 0x00000000e6ab0000)
 concurrent mark-sweep generation total 393216K, used 147287K [0x00000000e8000000, 0x0000000100000000, 0x0000000100000000)
 Metaspace       used 56608K, capacity 58381K, committed 58572K, reserved 1101824K
  class space    used 6563K, capacity 6968K, committed 7116K, reserved 1048576K
}
2020-06-30T22:14:09.963+0100: 3497.606: Total time for which application threads were stopped: 0.0157890 seconds, Stopping threads took: 0.0000242 seconds
2020-06-30T22:14:09.965+0100: 3497.608: Total time for which application threads were stopped: 0.0001357 seconds, Stopping threads took: 0.0000663 seconds
2020-06-30T22:14:09.966+0100: 3497.609: Total time for which application threads were stopped: 0.0001381 seconds, Stopping threads took: 0.0000393 seconds
2020-06-30T22:14:09.967+0100: 3497.610: Total time for which application threads were stopped: 0.0002430 seconds, Stopping threads took: 0.0000742 seconds
2020-06-30T22:14:10.039+0100: 3497.682: Total time for which application threads were stopped: 0.0001286 seconds, Stopping threads took: 0.0000503 seconds
{Heap before GC invocations=407 (full 25):
 par new generation   total 109248K, used 109248K [0x00000000e0000000, 0x00000000e8000000, 0x00000000e8000000)
  eden space 87424K, 100% used [0x00000000e0000000, 0x00000000e5560000, 0x00000000e5560000)
  from space 21824K, 100% used [0x00000000e6ab0000, 0x00000000e8000000, 0x00000000e8000000)
  to   space 21824K,   0% used [0x00000000e5560000, 0x00000000e5560000, 0x00000000e6ab0000)
 concurrent mark-sweep generation total 393216K, used 147287K [0x00000000e8000000, 0x0000000100000000, 0x0000000100000000)
 Metaspace       used 56613K, capacity 58381K, committed 58572K, reserved 1101824K
  class space    used 6563K, capacity 6968K, committed 7116K, reserved 1048576K
2020-06-30T22:14:10.079+0100: 3497.722: [GC (Allocation Failure) 2020-06-30T22:14:10.079+0100: 3497.722: [ParNew
Desired survivor size 20112992 bytes, new threshold 6 (max 8)
- age   1:    6553024 bytes,    6553024 total
- age   2:    3097792 bytes,    9650816 total
- age   3:    2686712 bytes,   12337528 total
- age   4:    4517568 bytes,   16855096 total
- age   5:    1915624 bytes,   18770720 total
- age   6:    3432544 bytes,   22203264 total
: 109248K->21824K(109248K), 0.0144876 secs] 256535K->174698K(502464K), 0.0145510 secs] [Times: user=0.06 sys=0.00, real=0.02 secs] 
Heap after GC invocations=408 (full 25):
 par new generation   total 109248K, used 21824K [0x00000000e0000000, 0x00000000e8000000, 0x00000000e8000000)
  eden space 87424K,   0% used [0x00000000e0000000, 0x00000000e0000000, 0x00000000e5560000)
  from space 21824K, 100% used [0x00000000e5560000, 0x00000000e6ab0000, 0x00000000e6ab0000)
  to   space 21824K,   0% used [0x00000000e6ab0000, 0x00000000e6ab0000, 0x00000000e8000000)
 concurrent mark-sweep generation total 393216K, used 152874K [0x00000000e8000000, 0x0000000100000000, 0x0000000100000000)
 Metaspace       used 56613K, capacity 58381K, committed 58572K, reserved 1101824K
  class space    used 6563K, capacity 6968K, committed 7116K, reserved 1048576K
}
2020-06-30T22:14:10.094+0100: 3497.737: Total time for which application threads were stopped: 0.0147736 seconds, Stopping threads took: 0.0000579 seconds
{Heap before GC invocations=408 (full 25):
 par new generation   total 109248K, used 109248K [0x00000000e0000000, 0x00000000e8000000, 0x00000000e8000000)
  eden space 87424K, 100% used [0x00000000e0000000, 0x00000000e5560000, 0x00000000e5560000)
  from space 21824K, 100% used [0x00000000e5560000, 0x00000000e6ab0000, 0x00000000e6ab0000)
  to   space 21824K,   0% used [0x00000000e6ab0000, 0x00000000e6ab0000, 0x00000000e8000000)
 concurrent mark-sweep generation total 393216K, used 152874K [0x00000000e8000000, 0x0000000100000000, 0x0000000100000000)
 Metaspace       used 56613K, capacity 58381K, committed 58572K, reserved 1101824K
  class space    used 6563K, capacity 6968K, committed 7116K, reserved 1048576K
2020-06-30T22:14:10.175+0100: 3497.818: [GC (Allocation Failure) 2020-06-30T22:14:10.175+0100: 3497.818: [ParNew
Desired survivor size 20112992 bytes, new threshold 5 (max 8)
- age   1:    4596832 bytes,    4596832 total
- age   2:    5511928 bytes,   10108760 total
- age   3:    3097352 bytes,   13206112 total
- age   4:    2686712 bytes,   15892824 total
- age   5:    4517568 bytes,   20410392 total
- age   6:    1915624 bytes,   22326016 total
: 109248K->21824K(109248K), 0.0184445 secs] 262122K->184927K(502464K), 0.0185203 secs] [Times: user=0.08 sys=0.00, real=0.02 secs] 
Heap after GC invocations=409 (full 25):
 par new generation   total 109248K, used 21824K [0x00000000e0000000, 0x00000000e8000000, 0x00000000e8000000)
  eden space 87424K,   0% used [0x00000000e0000000, 0x00000000e0000000, 0x00000000e5560000)
  from space 21824K, 100% used [0x00000000e6ab0000, 0x00000000e8000000, 0x00000000e8000000)
  to   space 21824K,   0% used [0x00000000e5560000, 0x00000000e5560000, 0x00000000e6ab0000)
 concurrent mark-sweep generation total 393216K, used 163103K [0x00000000e8000000, 0x0000000100000000, 0x0000000100000000)
 Metaspace       used 56613K, capacity 58381K, committed 58572K, reserved 1101824K
  class space    used 6563K, capacity 6968K, committed 7116K, reserved 1048576K
}
2020-06-30T22:14:10.194+0100: 3497.837: Total time for which application threads were stopped: 0.0187540 seconds, Stopping threads took: 0.0000704 seconds
{Heap before GC invocations=409 (full 25):
 par new generation   total 109248K, used 109248K [0x00000000e0000000, 0x00000000e8000000, 0x00000000e8000000)
  eden space 87424K, 100% used [0x00000000e0000000, 0x00000000e5560000, 0x00000000e5560000)
  from space 21824K, 100% used [0x00000000e6ab0000, 0x00000000e8000000, 0x00000000e8000000)
  to   space 21824K,   0% used [0x00000000e5560000, 0x00000000e5560000, 0x00000000e6ab0000)
 concurrent mark-sweep generation total 393216K, used 163103K [0x00000000e8000000, 0x0000000100000000, 0x0000000100000000)
 Metaspace       used 56613K, capacity 58381K, committed 58572K, reserved 1101824K
  class space    used 6563K, capacity 6968K, committed 7116K, reserved 1048576K
2020-06-30T22:14:10.307+0100: 3497.950: [GC (Allocation Failure) 2020-06-30T22:14:10.307+0100: 3497.950: [ParNew
Desired survivor size 20112992 bytes, new threshold 8 (max 8)
- age   1:    6911752 bytes,    6911752 total
- age   2:    1910336 bytes,    8822088 total
- age   3:    5441192 bytes,   14263280 total
- age   4:    3094648 bytes,   17357928 total
- age   5:    2667144 bytes,   20025072 total
: 109248K->21824K(109248K), 0.0174969 secs] 272351K->198384K(502464K), 0.0175576 secs] [Times: user=0.06 sys=0.00, real=0.02 secs] 
Heap after GC invocations=410 (full 25):
 par new generation   total 109248K, used 21824K [0x00000000e0000000, 0x00000000e8000000, 0x00000000e8000000)
  eden space 87424K,   0% used [0x00000000e0000000, 0x00000000e0000000, 0x00000000e5560000)
  from space 21824K, 100% used [0x00000000e5560000, 0x00000000e6ab0000, 0x00000000e6ab0000)
  to   space 21824K,   0% used [0x00000000e6ab0000, 0x00000000e6ab0000, 0x00000000e8000000)
 concurrent mark-sweep generation total 393216K, used 176560K [0x00000000e8000000, 0x0000000100000000, 0x0000000100000000)
 Metaspace       used 56613K, capacity 58381K, committed 58572K, reserved 1101824K
  class space    used 6563K, capacity 6968K, committed 7116K, reserved 1048576K
}
2020-06-30T22:14:10.325+0100: 3497.968: Total time for which application threads were stopped: 0.0177840 seconds, Stopping threads took: 0.0000610 seconds
2020-06-30T22:14:10.913+0100: 3498.556: Total time for which application threads were stopped: 0.0001973 seconds, Stopping threads took: 0.0001228 seconds
2020-06-30T22:14:10.915+0100: 3498.558: Total time for which application threads were stopped: 0.0001318 seconds, Stopping threads took: 0.0000673 seconds
2020-06-30T22:14:10.915+0100: 3498.558: Total time for which application threads were stopped: 0.0000943 seconds, Stopping threads took: 0.0000395 seconds
2020-06-30T22:14:13.936+0100: 3501.579: Total time for which application threads were stopped: 0.0002505 seconds, Stopping threads took: 0.0001628 seconds
2020-06-30T22:14:13.939+0100: 3501.582: Total time for which application threads were stopped: 0.0001726 seconds, Stopping threads took: 0.0000895 seconds
2020-06-30T22:14:13.939+0100: 3501.582: Total time for which application threads were stopped: 0.0001166 seconds, Stopping threads took: 0.0000569 seconds
{Heap before GC invocations=410 (full 25):
 par new generation   total 109248K, used 109248K [0x00000000e0000000, 0x00000000e8000000, 0x00000000e8000000)
  eden space 87424K, 100% used [0x00000000e0000000, 0x00000000e5560000, 0x00000000e5560000)
  from space 21824K, 100% used [0x00000000e5560000, 0x00000000e6ab0000, 0x00000000e6ab0000)
  to   space 21824K,   0% used [0x00000000e6ab0000, 0x00000000e6ab0000, 0x00000000e8000000)
 concurrent mark-sweep generation total 393216K, used 176560K [0x00000000e8000000, 0x0000000100000000, 0x0000000100000000)
 Metaspace       used 56616K, capacity 58381K, committed 58572K, reserved 1101824K
  class space    used 6563K, capacity 6968K, committed 7116K, reserved 1048576K
2020-06-30T22:14:14.000+0100: 3501.643: [GC (Allocation Failure) 2020-06-30T22:14:14.000+0100: 3501.643: [ParNew
Desired survivor size 20112992 bytes, new threshold 6 (max 8)
- age   1:    4130648 bytes,    4130648 total
- age   2:    5975552 bytes,   10106200 total
- age   3:    1718096 bytes,   11824296 total
- age   4:    5065728 bytes,   16890024 total
- age   5:    2966952 bytes,   19856976 total
- age   6:    2341472 bytes,   22198448 total
: 109248K->21824K(109248K), 0.0155954 secs] 285808K->205328K(502464K), 0.0156708 secs] [Times: user=0.06 sys=0.00, real=0.02 secs] 
Heap after GC invocations=411 (full 25):
 par new generation   total 109248K, used 21824K [0x00000000e0000000, 0x00000000e8000000, 0x00000000e8000000)
  eden space 87424K,   0% used [0x00000000e0000000, 0x00000000e0000000, 0x00000000e5560000)
  from space 21824K, 100% used [0x00000000e6ab0000, 0x00000000e8000000, 0x00000000e8000000)
  to   space 21824K,   0% used [0x00000000e5560000, 0x00000000e5560000, 0x00000000e6ab0000)
 concurrent mark-sweep generation total 393216K, used 183504K [0x00000000e8000000, 0x0000000100000000, 0x0000000100000000)
 Metaspace       used 56616K, capacity 58381K, committed 58572K, reserved 1101824K
  class space    used 6563K, capacity 6968K, committed 7116K, reserved 1048576K
}
2020-06-30T22:14:14.016+0100: 3501.659: Total time for which application threads were stopped: 0.0159324 seconds, Stopping threads took: 0.0000683 seconds
2020-06-30T22:14:14.032+0100: 3501.675: Total time for which application threads were stopped: 0.0001697 seconds, Stopping threads took: 0.0000746 seconds
{Heap before GC invocations=411 (full 25):
 par new generation   total 109248K, used 109248K [0x00000000e0000000, 0x00000000e8000000, 0x00000000e8000000)
  eden space 87424K, 100% used [0x00000000e0000000, 0x00000000e5560000, 0x00000000e5560000)
  from space 21824K, 100% used [0x00000000e6ab0000, 0x00000000e8000000, 0x00000000e8000000)
  to   space 21824K,   0% used [0x00000000e5560000, 0x00000000e5560000, 0x00000000e6ab0000)
 concurrent mark-sweep generation total 393216K, used 183504K [0x00000000e8000000, 0x0000000100000000, 0x0000000100000000)
 Metaspace       used 56616K, capacity 58381K, committed 58572K, reserved 1101824K
  class space    used 6563K, capacity 6968K, committed 7116K, reserved 1048576K
2020-06-30T22:14:14.109+0100: 3501.752: [GC (Allocation Failure) 2020-06-30T22:14:14.109+0100: 3501.752: [ParNew
Desired survivor size 20112992 bytes, new threshold 6 (max 8)
- age   1:    4201840 bytes,    4201840 total
- age   2:    2020928 bytes,    6222768 total
- age   3:    5932360 bytes,   12155128 total
- age   4:    1716232 bytes,   13871360 total
- age   5:    4396144 bytes,   18267504 total
- age   6:    2914352 bytes,   21181856 total
: 109248K->21824K(109248K), 0.0145863 secs] 292752K->213857K(502464K), 0.0146603 secs] [Times: user=0.06 sys=0.00, real=0.02 secs] 
Heap after GC invocations=412 (full 25):
 par new generation   total 109248K, used 21824K [0x00000000e0000000, 0x00000000e8000000, 0x00000000e8000000)
  eden space 87424K,   0% used [0x00000000e0000000, 0x00000000e0000000, 0x00000000e5560000)
  from space 21824K, 100% used [0x00000000e5560000, 0x00000000e6ab0000, 0x00000000e6ab0000)
  to   space 21824K,   0% used [0x00000000e6ab0000, 0x00000000e6ab0000, 0x00000000e8000000)
 concurrent mark-sweep generation total 393216K, used 192033K [0x00000000e8000000, 0x0000000100000000, 0x0000000100000000)
 Metaspace       used 56616K, capacity 58381K, committed 58572K, reserved 1101824K
  class space    used 6563K, capacity 6968K, committed 7116K, reserved 1048576K
}
2020-06-30T22:14:14.124+0100: 3501.767: Total time for which application threads were stopped: 0.0148810 seconds, Stopping threads took: 0.0000544 seconds
{Heap before GC invocations=412 (full 25):
 par new generation   total 109248K, used 109248K [0x00000000e0000000, 0x00000000e8000000, 0x00000000e8000000)
  eden space 87424K, 100% used [0x00000000e0000000, 0x00000000e5560000, 0x00000000e5560000)
  from space 21824K, 100% used [0x00000000e5560000, 0x00000000e6ab0000, 0x00000000e6ab0000)
  to   space 21824K,   0% used [0x00000000e6ab0000, 0x00000000e6ab0000, 0x00000000e8000000)
 concurrent mark-sweep generation total 393216K, used 192033K [0x00000000e8000000, 0x0000000100000000, 0x0000000100000000)
 Metaspace       used 56616K, capacity 58381K, committed 58572K, reserved 1101824K
  class space    used 6563K, capacity 6968K, committed 7116K, reserved 1048576K
2020-06-30T22:14:14.218+0100: 3501.861: [GC (Allocation Failure) 2020-06-30T22:14:14.218+0100: 3501.861: [ParNew
Desired survivor size 20112992 bytes, new threshold 6 (max 8)
- age   1:    4682304 bytes,    4682304 total
- age   2:    2128472 bytes,    6810776 total
- age   3:    2003232 bytes,    8814008 total
- age   4:    5875296 bytes,   14689304 total
- age   5:    1709352 bytes,   16398656 total
- age   6:    4342424 bytes,   20741080 total
: 109248K->21824K(109248K), 0.0138709 secs] 301281K->217875K(502464K), 0.0139310 secs] [Times: user=0.06 sys=0.00, real=0.01 secs] 
Heap after GC invocations=413 (full 25):
 par new generation   total 109248K, used 21824K [0x00000000e0000000, 0x00000000e8000000, 0x00000000e8000000)
  eden space 87424K,   0% used [0x00000000e0000000, 0x00000000e0000000, 0x00000000e5560000)
  from space 21824K, 100% used [0x00000000e6ab0000, 0x00000000e8000000, 0x00000000e8000000)
  to   space 21824K,   0% used [0x00000000e5560000, 0x00000000e5560000, 0x00000000e6ab0000)
 concurrent mark-sweep generation total 393216K, used 196051K [0x00000000e8000000, 0x0000000100000000, 0x0000000100000000)
 Metaspace       used 56616K, capacity 58381K, committed 58572K, reserved 1101824K
  class space    used 6563K, capacity 6968K, committed 7116K, reserved 1048576K
}
2020-06-30T22:14:14.232+0100: 3501.875: Total time for which application threads were stopped: 0.0141891 seconds, Stopping threads took: 0.0001009 seconds
{Heap before GC invocations=413 (full 25):
 par new generation   total 109248K, used 109248K [0x00000000e0000000, 0x00000000e8000000, 0x00000000e8000000)
  eden space 87424K, 100% used [0x00000000e0000000, 0x00000000e5560000, 0x00000000e5560000)
  from space 21824K, 100% used [0x00000000e6ab0000, 0x00000000e8000000, 0x00000000e8000000)
  to   space 21824K,   0% used [0x00000000e5560000, 0x00000000e5560000, 0x00000000e6ab0000)
 concurrent mark-sweep generation total 393216K, used 196051K [0x00000000e8000000, 0x0000000100000000, 0x0000000100000000)
 Metaspace       used 56616K, capacity 58381K, committed 58572K, reserved 1101824K
  class space    used 6563K, capacity 6968K, committed 7116K, reserved 1048576K
2020-06-30T22:14:14.324+0100: 3501.967: [GC (Allocation Failure) 2020-06-30T22:14:14.324+0100: 3501.967: [ParNew
Desired survivor size 20112992 bytes, new threshold 5 (max 8)
- age   1:    6495752 bytes,    6495752 total
- age   2:    4148152 bytes,   10643904 total
- age   3:    2111496 bytes,   12755400 total
- age   4:    2003232 bytes,   14758632 total
- age   5:    5875296 bytes,   20633928 total
- age   6:    1709352 bytes,   22343280 total
: 109248K->21824K(109248K), 0.0152964 secs] 305299K->224882K(502464K), 0.0153731 secs] [Times: user=0.00 sys=0.02, real=0.02 secs] 
Heap after GC invocations=414 (full 25):
 par new generation   total 109248K, used 21824K [0x00000000e0000000, 0x00000000e8000000, 0x00000000e8000000)
  eden space 87424K,   0% used [0x00000000e0000000, 0x00000000e0000000, 0x00000000e5560000)
  from space 21824K, 100% used [0x00000000e5560000, 0x00000000e6ab0000, 0x00000000e6ab0000)
  to   space 21824K,   0% used [0x00000000e6ab0000, 0x00000000e6ab0000, 0x00000000e8000000)
 concurrent mark-sweep generation total 393216K, used 203058K [0x00000000e8000000, 0x0000000100000000, 0x0000000100000000)
 Metaspace       used 56616K, capacity 58381K, committed 58572K, reserved 1101824K
  class space    used 6563K, capacity 6968K, committed 7116K, reserved 1048576K
}
2020-06-30T22:14:14.339+0100: 3501.982: Total time for which application threads were stopped: 0.0156100 seconds, Stopping threads took: 0.0000684 seconds
2020-06-30T22:14:14.339+0100: 3501.982: [GC (CMS Initial Mark) [1 CMS-initial-mark: 203058K(393216K)] 226315K(502464K), 0.0038962 secs] [Times: user=0.00 sys=0.00, real=0.00 secs] 
2020-06-30T22:14:14.343+0100: 3501.986: Total time for which application threads were stopped: 0.0040519 seconds, Stopping threads took: 0.0000658 seconds
2020-06-30T22:14:14.343+0100: 3501.986: [CMS-concurrent-mark-start]
2020-06-30T22:14:14.367+0100: 3502.010: [CMS-concurrent-mark: 0.023/0.023 secs] [Times: user=0.13 sys=0.00, real=0.02 secs] 
2020-06-30T22:14:14.367+0100: 3502.010: [CMS-concurrent-preclean-start]
2020-06-30T22:14:14.368+0100: 3502.011: [CMS-concurrent-preclean: 0.001/0.001 secs] [Times: user=0.00 sys=0.00, real=0.00 secs] 
2020-06-30T22:14:14.368+0100: 3502.011: [GC (CMS Final Remark) [YG occupancy: 23256 K (109248 K)]{Heap before GC invocations=414 (full 26):
 par new generation   total 109248K, used 23256K [0x00000000e0000000, 0x00000000e8000000, 0x00000000e8000000)
  eden space 87424K,   1% used [0x00000000e0000000, 0x00000000e01662e0, 0x00000000e5560000)
  from space 21824K, 100% used [0x00000000e5560000, 0x00000000e6ab0000, 0x00000000e6ab0000)
  to   space 21824K,   0% used [0x00000000e6ab0000, 0x00000000e6ab0000, 0x00000000e8000000)
 concurrent mark-sweep generation total 393216K, used 203058K [0x00000000e8000000, 0x0000000100000000, 0x0000000100000000)
 Metaspace       used 56616K, capacity 58381K, committed 58572K, reserved 1101824K
  class space    used 6563K, capacity 6968K, committed 7116K, reserved 1048576K
2020-06-30T22:14:14.368+0100: 3502.011: [GC (CMS Final Remark) 2020-06-30T22:14:14.368+0100: 3502.011: [ParNew
Desired survivor size 20112992 bytes, new threshold 8 (max 8)
- age   1:     356024 bytes,     356024 total
- age   2:    6192080 bytes,    6548104 total
- age   3:    4148152 bytes,   10696256 total
- age   4:    2111456 bytes,   12807712 total
- age   5:    2003232 bytes,   14810944 total
: 23256K->21461K(109248K), 0.0129746 secs] 226315K->231970K(502464K), 0.0130268 secs] [Times: user=0.00 sys=0.00, real=0.01 secs] 
Heap after GC invocations=415 (full 26):
 par new generation   total 109248K, used 21461K [0x00000000e0000000, 0x00000000e8000000, 0x00000000e8000000)
  eden space 87424K,   0% used [0x00000000e0000000, 0x00000000e0000000, 0x00000000e5560000)
  from space 21824K,  98% used [0x00000000e6ab0000, 0x00000000e7fa54e0, 0x00000000e8000000)
  to   space 21824K,   0% used [0x00000000e5560000, 0x00000000e5560000, 0x00000000e6ab0000)
 concurrent mark-sweep generation total 393216K, used 210509K [0x00000000e8000000, 0x0000000100000000, 0x0000000100000000)
 Metaspace       used 56616K, capacity 58381K, committed 58572K, reserved 1101824K
  class space    used 6563K, capacity 6968K, committed 7116K, reserved 1048576K
}
2020-06-30T22:14:14.381+0100: 3502.024: [Rescan (parallel) , 0.0047592 secs]2020-06-30T22:14:14.386+0100: 3502.029: [weak refs processing, 0.0050586 secs]2020-06-30T22:14:14.391+0100: 3502.034: [class unloading, 0.0093110 secs]2020-06-30T22:14:14.401+0100: 3502.044: [scrub symbol table, 0.0097292 secs]2020-06-30T22:14:14.410+0100: 3502.053: [scrub string table, 0.0006172 secs][1 CMS-remark: 210509K(393216K)] 231970K(502464K), 0.0428649 secs] [Times: user=0.08 sys=0.00, real=0.04 secs] 
2020-06-30T22:14:14.411+0100: 3502.054: Total time for which application threads were stopped: 0.0430316 seconds, Stopping threads took: 0.0000687 seconds
2020-06-30T22:14:14.411+0100: 3502.054: [CMS-concurrent-sweep-start]
2020-06-30T22:14:14.412+0100: 3502.055: Total time for which application threads were stopped: 0.0002015 seconds, Stopping threads took: 0.0000746 seconds
2020-06-30T22:14:14.412+0100: 3502.055: Total time for which application threads were stopped: 0.0001199 seconds, Stopping threads took: 0.0000391 seconds
2020-06-30T22:14:14.412+0100: 3502.055: Total time for which application threads were stopped: 0.0000989 seconds, Stopping threads took: 0.0000536 seconds
2020-06-30T22:14:14.413+0100: 3502.056: Total time for which application threads were stopped: 0.0000947 seconds, Stopping threads took: 0.0000490 seconds
2020-06-30T22:14:14.413+0100: 3502.056: Total time for which application threads were stopped: 0.0000994 seconds, Stopping threads took: 0.0000450 seconds
2020-06-30T22:14:14.413+0100: 3502.056: Total time for which application threads were stopped: 0.0000924 seconds, Stopping threads took: 0.0000484 seconds
2020-06-30T22:14:14.414+0100: 3502.057: Total time for which application threads were stopped: 0.0001082 seconds, Stopping threads took: 0.0000493 seconds
2020-06-30T22:14:14.414+0100: 3502.057: Total time for which application threads were stopped: 0.0001027 seconds, Stopping threads took: 0.0000513 seconds
2020-06-30T22:14:14.414+0100: 3502.057: Total time for which application threads were stopped: 0.0001577 seconds, Stopping threads took: 0.0000433 seconds
2020-06-30T22:14:14.414+0100: 3502.057: Total time for which application threads were stopped: 0.0001008 seconds, Stopping threads took: 0.0000501 seconds
2020-06-30T22:14:14.415+0100: 3502.058: Total time for which application threads were stopped: 0.0001033 seconds, Stopping threads took: 0.0000562 seconds
2020-06-30T22:14:14.415+0100: 3502.058: Total time for which application threads were stopped: 0.0000884 seconds, Stopping threads took: 0.0000502 seconds
2020-06-30T22:14:14.415+0100: 3502.058: Total time for which application threads were stopped: 0.0000964 seconds, Stopping threads took: 0.0000494 seconds
2020-06-30T22:14:14.415+0100: 3502.058: Total time for which application threads were stopped: 0.0000912 seconds, Stopping threads took: 0.0000496 seconds
2020-06-30T22:14:14.416+0100: 3502.059: Total time for which application threads were stopped: 0.0000919 seconds, Stopping threads took: 0.0000492 seconds
2020-06-30T22:14:14.416+0100: 3502.059: Total time for which application threads were stopped: 0.0000803 seconds, Stopping threads took: 0.0000407 seconds
2020-06-30T22:14:14.472+0100: 3502.115: [CMS-concurrent-sweep: 0.058/0.061 secs] [Times: user=0.16 sys=0.00, real=0.06 secs] 
2020-06-30T22:14:14.472+0100: 3502.115: [CMS-concurrent-reset-start]
2020-06-30T22:14:14.472+0100: 3502.115: [CMS-concurrent-reset: 0.000/0.000 secs] [Times: user=0.00 sys=0.00, real=0.00 secs] 
2020-06-30T22:14:15.381+0100: 3503.024: Total time for which application threads were stopped: 0.0002072 seconds, Stopping threads took: 0.0001308 seconds
2020-06-30T22:14:15.382+0100: 3503.025: Total time for which application threads were stopped: 0.0001439 seconds, Stopping threads took: 0.0000772 seconds
2020-06-30T22:14:15.382+0100: 3503.025: Total time for which application threads were stopped: 0.0001715 seconds, Stopping threads took: 0.0001225 seconds
2020-06-30T22:14:15.382+0100: 3503.025: Total time for which application threads were stopped: 0.0002099 seconds, Stopping threads took: 0.0001234 seconds
2020-06-30T22:14:15.382+0100: 3503.025: Total time for which application threads were stopped: 0.0001256 seconds, Stopping threads took: 0.0000635 seconds
2020-06-30T22:14:16.146+0100: 3503.789: Total time for which application threads were stopped: 0.0001919 seconds, Stopping threads took: 0.0001399 seconds
2020-06-30T22:14:16.149+0100: 3503.792: Total time for which application threads were stopped: 0.0001986 seconds, Stopping threads took: 0.0001066 seconds
2020-06-30T22:14:16.149+0100: 3503.792: Total time for which application threads were stopped: 0.0001716 seconds, Stopping threads took: 0.0000829 seconds
2020-06-30T22:14:16.223+0100: 3503.866: Total time for which application threads were stopped: 0.0001751 seconds, Stopping threads took: 0.0000934 seconds
{Heap before GC invocations=415 (full 26):
 par new generation   total 109248K, used 108885K [0x00000000e0000000, 0x00000000e8000000, 0x00000000e8000000)
  eden space 87424K, 100% used [0x00000000e0000000, 0x00000000e5560000, 0x00000000e5560000)
  from space 21824K,  98% used [0x00000000e6ab0000, 0x00000000e7fa54e0, 0x00000000e8000000)
  to   space 21824K,   0% used [0x00000000e5560000, 0x00000000e5560000, 0x00000000e6ab0000)
 concurrent mark-sweep generation total 393216K, used 88466K [0x00000000e8000000, 0x0000000100000000, 0x0000000100000000)
 Metaspace       used 56618K, capacity 58381K, committed 58572K, reserved 1101824K
  class space    used 6563K, capacity 6968K, committed 7116K, reserved 1048576K
2020-06-30T22:14:16.237+0100: 3503.879: [GC (Allocation Failure) 2020-06-30T22:14:16.237+0100: 3503.879: [ParNew
Desired survivor size 20112992 bytes, new threshold 6 (max 8)
- age   1:    8735456 bytes,    8735456 total
- age   2:     105784 bytes,    8841240 total
- age   3:    4944128 bytes,   13785368 total
- age   4:    4105832 bytes,   17891200 total
- age   5:    1290360 bytes,   19181560 total
- age   6:    1564160 bytes,   20745720 total
: 108885K->21824K(109248K), 0.0107318 secs] 197351K->111058K(502464K), 0.0108038 secs] [Times: user=0.06 sys=0.00, real=0.01 secs] 
Heap after GC invocations=416 (full 26):
 par new generation   total 109248K, used 21824K [0x00000000e0000000, 0x00000000e8000000, 0x00000000e8000000)
  eden space 87424K,   0% used [0x00000000e0000000, 0x00000000e0000000, 0x00000000e5560000)
  from space 21824K, 100% used [0x00000000e5560000, 0x00000000e6ab0000, 0x00000000e6ab0000)
  to   space 21824K,   0% used [0x00000000e6ab0000, 0x00000000e6ab0000, 0x00000000e8000000)
 concurrent mark-sweep generation total 393216K, used 89234K [0x00000000e8000000, 0x0000000100000000, 0x0000000100000000)
 Metaspace       used 56618K, capacity 58381K, committed 58572K, reserved 1101824K
  class space    used 6563K, capacity 6968K, committed 7116K, reserved 1048576K
}
2020-06-30T22:14:16.247+0100: 3503.890: Total time for which application threads were stopped: 0.0110593 seconds, Stopping threads took: 0.0000605 seconds
{Heap before GC invocations=416 (full 26):
 par new generation   total 109248K, used 109248K [0x00000000e0000000, 0x00000000e8000000, 0x00000000e8000000)
  eden space 87424K, 100% used [0x00000000e0000000, 0x00000000e5560000, 0x00000000e5560000)
  from space 21824K, 100% used [0x00000000e5560000, 0x00000000e6ab0000, 0x00000000e6ab0000)
  to   space 21824K,   0% used [0x00000000e6ab0000, 0x00000000e6ab0000, 0x00000000e8000000)
 concurrent mark-sweep generation total 393216K, used 89234K [0x00000000e8000000, 0x0000000100000000, 0x0000000100000000)
 Metaspace       used 56618K, capacity 58381K, committed 58572K, reserved 1101824K
  class space    used 6563K, capacity 6968K, committed 7116K, reserved 1048576K
2020-06-30T22:14:16.328+0100: 3503.971: [GC (Allocation Failure) 2020-06-30T22:14:16.328+0100: 3503.971: [ParNew
Desired survivor size 20112992 bytes, new threshold 6 (max 8)
- age   1:    5424632 bytes,    5424632 total
- age   2:    5406888 bytes,   10831520 total
- age   3:     104456 bytes,   10935976 total
- age   4:    4760920 bytes,   15696896 total
- age   5:    4105832 bytes,   19802728 total
- age   6:    1289936 bytes,   21092664 total
: 109248K->21824K(109248K), 0.0133231 secs] 198482K->115460K(502464K), 0.0134070 secs] [Times: user=0.06 sys=0.00, real=0.01 secs] 
Heap after GC invocations=417 (full 26):
 par new generation   total 109248K, used 21824K [0x00000000e0000000, 0x00000000e8000000, 0x00000000e8000000)
  eden space 87424K,   0% used [0x00000000e0000000, 0x00000000e0000000, 0x00000000e5560000)
  from space 21824K, 100% used [0x00000000e6ab0000, 0x00000000e8000000, 0x00000000e8000000)
  to   space 21824K,   0% used [0x00000000e5560000, 0x00000000e5560000, 0x00000000e6ab0000)
 concurrent mark-sweep generation total 393216K, used 93636K [0x00000000e8000000, 0x0000000100000000, 0x0000000100000000)
 Metaspace       used 56618K, capacity 58381K, committed 58572K, reserved 1101824K
  class space    used 6563K, capacity 6968K, committed 7116K, reserved 1048576K
}
2020-06-30T22:14:16.341+0100: 3503.984: Total time for which application threads were stopped: 0.0136386 seconds, Stopping threads took: 0.0000662 seconds
{Heap before GC invocations=417 (full 26):
 par new generation   total 109248K, used 109248K [0x00000000e0000000, 0x00000000e8000000, 0x00000000e8000000)
  eden space 87424K, 100% used [0x00000000e0000000, 0x00000000e5560000, 0x00000000e5560000)
  from space 21824K, 100% used [0x00000000e6ab0000, 0x00000000e8000000, 0x00000000e8000000)
  to   space 21824K,   0% used [0x00000000e5560000, 0x00000000e5560000, 0x00000000e6ab0000)
 concurrent mark-sweep generation total 393216K, used 93636K [0x00000000e8000000, 0x0000000100000000, 0x0000000100000000)
 Metaspace       used 56618K, capacity 58381K, committed 58572K, reserved 1101824K
  class space    used 6563K, capacity 6968K, committed 7116K, reserved 1048576K
2020-06-30T22:14:16.459+0100: 3504.102: [GC (Allocation Failure) 2020-06-30T22:14:16.459+0100: 3504.102: [ParNew
Desired survivor size 20112992 bytes, new threshold 6 (max 8)
- age   1:    4429816 bytes,    4429816 total
- age   2:    3610320 bytes,    8040136 total
- age   3:    5332792 bytes,   13372928 total
- age   4:     104456 bytes,   13477384 total
- age   5:    4761040 bytes,   18238424 total
- age   6:    4105832 bytes,   22344256 total
: 109248K->21824K(109248K), 0.0157600 secs] 202884K->119866K(502464K), 0.0158318 secs] [Times: user=0.06 sys=0.00, real=0.02 secs] 
Heap after GC invocations=418 (full 26):
 par new generation   total 109248K, used 21824K [0x00000000e0000000, 0x00000000e8000000, 0x00000000e8000000)
  eden space 87424K,   0% used [0x00000000e0000000, 0x00000000e0000000, 0x00000000e5560000)
  from space 21824K, 100% used [0x00000000e5560000, 0x00000000e6ab0000, 0x00000000e6ab0000)
  to   space 21824K,   0% used [0x00000000e6ab0000, 0x00000000e6ab0000, 0x00000000e8000000)
 concurrent mark-sweep generation total 393216K, used 98042K [0x00000000e8000000, 0x0000000100000000, 0x0000000100000000)
 Metaspace       used 56618K, capacity 58381K, committed 58572K, reserved 1101824K
  class space    used 6563K, capacity 6968K, committed 7116K, reserved 1048576K
}
2020-06-30T22:14:16.475+0100: 3504.118: Total time for which application threads were stopped: 0.0160561 seconds, Stopping threads took: 0.0000592 seconds
2020-06-30T22:14:17.391+0100: 3505.034: Total time for which application threads were stopped: 0.0001472 seconds, Stopping threads took: 0.0000739 seconds
2020-06-30T22:14:17.391+0100: 3505.034: Total time for which application threads were stopped: 0.0001183 seconds, Stopping threads took: 0.0000603 seconds
2020-06-30T22:14:17.391+0100: 3505.034: Total time for which application threads were stopped: 0.0000993 seconds, Stopping threads took: 0.0000559 seconds
2020-06-30T22:14:17.392+0100: 3505.034: Total time for which application threads were stopped: 0.0001171 seconds, Stopping threads took: 0.0000570 seconds
2020-06-30T22:14:17.392+0100: 3505.035: Total time for which application threads were stopped: 0.0001301 seconds, Stopping threads took: 0.0000796 seconds
2020-06-30T22:14:18.393+0100: 3506.036: Total time for which application threads were stopped: 0.0005388 seconds, Stopping threads took: 0.0004486 seconds
2020-06-30T22:14:28.834+0100: 3516.477: Total time for which application threads were stopped: 0.0002690 seconds, Stopping threads took: 0.0002106 seconds
{Heap before GC invocations=418 (full 26):
 par new generation   total 109248K, used 109248K [0x00000000e0000000, 0x00000000e8000000, 0x00000000e8000000)
  eden space 87424K, 100% used [0x00000000e0000000, 0x00000000e5560000, 0x00000000e5560000)
  from space 21824K, 100% used [0x00000000e5560000, 0x00000000e6ab0000, 0x00000000e6ab0000)
  to   space 21824K,   0% used [0x00000000e6ab0000, 0x00000000e6ab0000, 0x00000000e8000000)
 concurrent mark-sweep generation total 393216K, used 98042K [0x00000000e8000000, 0x0000000100000000, 0x0000000100000000)
 Metaspace       used 56618K, capacity 58381K, committed 58572K, reserved 1101824K
  class space    used 6563K, capacity 6968K, committed 7116K, reserved 1048576K
2020-06-30T22:14:28.837+0100: 3516.480: [GC (Allocation Failure) 2020-06-30T22:14:28.838+0100: 3516.480: [ParNew
Desired survivor size 20112992 bytes, new threshold 6 (max 8)
- age   1:    3992976 bytes,    3992976 total
- age   2:    3692352 bytes,    7685328 total
- age   3:    3418200 bytes,   11103528 total
- age   4:    4756136 bytes,   15859664 total
- age   5:     104456 bytes,   15964120 total
- age   6:    4760920 bytes,   20725040 total
: 109248K->21824K(109248K), 0.0173710 secs] 207290K->126440K(502464K), 0.0174614 secs] [Times: user=0.00 sys=0.02, real=0.02 secs] 
Heap after GC invocations=419 (full 26):
 par new generation   total 109248K, used 21824K [0x00000000e0000000, 0x00000000e8000000, 0x00000000e8000000)
  eden space 87424K,   0% used [0x00000000e0000000, 0x00000000e0000000, 0x00000000e5560000)
  from space 21824K, 100% used [0x00000000e6ab0000, 0x00000000e8000000, 0x00000000e8000000)
  to   space 21824K,   0% used [0x00000000e5560000, 0x00000000e5560000, 0x00000000e6ab0000)
 concurrent mark-sweep generation total 393216K, used 104616K [0x00000000e8000000, 0x0000000100000000, 0x0000000100000000)
 Metaspace       used 56618K, capacity 58381K, committed 58572K, reserved 1101824K
  class space    used 6563K, capacity 6968K, committed 7116K, reserved 1048576K
}
2020-06-30T22:14:28.855+0100: 3516.498: Total time for which application threads were stopped: 0.0178715 seconds, Stopping threads took: 0.0001836 seconds
2020-06-30T22:14:29.019+0100: 3516.662: Total time for which application threads were stopped: 0.0004368 seconds, Stopping threads took: 0.0003322 seconds
{Heap before GC invocations=419 (full 26):
 par new generation   total 109248K, used 109248K [0x00000000e0000000, 0x00000000e8000000, 0x00000000e8000000)
  eden space 87424K, 100% used [0x00000000e0000000, 0x00000000e5560000, 0x00000000e5560000)
  from space 21824K, 100% used [0x00000000e6ab0000, 0x00000000e8000000, 0x00000000e8000000)
  to   space 21824K,   0% used [0x00000000e5560000, 0x00000000e5560000, 0x00000000e6ab0000)
 concurrent mark-sweep generation total 393216K, used 104616K [0x00000000e8000000, 0x0000000100000000, 0x0000000100000000)
 Metaspace       used 56618K, capacity 58381K, committed 58572K, reserved 1101824K
  class space    used 6563K, capacity 6968K, committed 7116K, reserved 1048576K
2020-06-30T22:14:29.121+0100: 3516.764: [GC (Allocation Failure) 2020-06-30T22:14:29.121+0100: 3516.764: [ParNew
Desired survivor size 20112992 bytes, new threshold 5 (max 8)
- age   1:    6687096 bytes,    6687096 total
- age   2:    2980232 bytes,    9667328 total
- age   3:    3692208 bytes,   13359536 total
- age   4:    3418016 bytes,   16777552 total
- age   5:    4665144 bytes,   21442696 total
- age   6:     104456 bytes,   21547152 total
: 109248K->21824K(109248K), 0.0190231 secs] 213864K->134990K(502464K), 0.0191173 secs] [Times: user=0.06 sys=0.00, real=0.02 secs] 
Heap after GC invocations=420 (full 26):
 par new generation   total 109248K, used 21824K [0x00000000e0000000, 0x00000000e8000000, 0x00000000e8000000)
  eden space 87424K,   0% used [0x00000000e0000000, 0x00000000e0000000, 0x00000000e5560000)
  from space 21824K, 100% used [0x00000000e5560000, 0x00000000e6ab0000, 0x00000000e6ab0000)
  to   space 21824K,   0% used [0x00000000e6ab0000, 0x00000000e6ab0000, 0x00000000e8000000)
 concurrent mark-sweep generation total 393216K, used 113166K [0x00000000e8000000, 0x0000000100000000, 0x0000000100000000)
 Metaspace       used 56618K, capacity 58381K, committed 58572K, reserved 1101824K
  class space    used 6563K, capacity 6968K, committed 7116K, reserved 1048576K
}
2020-06-30T22:14:29.140+0100: 3516.783: Total time for which application threads were stopped: 0.0194071 seconds, Stopping threads took: 0.0000597 seconds
2020-06-30T22:14:29.147+0100: 3516.790: Total time for which application threads were stopped: 0.0024625 seconds, Stopping threads took: 0.0023004 seconds
2020-06-30T22:14:29.148+0100: 3516.791: Total time for which application threads were stopped: 0.0002565 seconds, Stopping threads took: 0.0001360 seconds
2020-06-30T22:14:29.149+0100: 3516.792: Total time for which application threads were stopped: 0.0002356 seconds, Stopping threads took: 0.0000815 seconds
2020-06-30T22:14:29.149+0100: 3516.792: Total time for which application threads were stopped: 0.0001259 seconds, Stopping threads took: 0.0000360 seconds
{Heap before GC invocations=420 (full 26):
 par new generation   total 109248K, used 109248K [0x00000000e0000000, 0x00000000e8000000, 0x00000000e8000000)
  eden space 87424K, 100% used [0x00000000e0000000, 0x00000000e5560000, 0x00000000e5560000)
  from space 21824K, 100% used [0x00000000e5560000, 0x00000000e6ab0000, 0x00000000e6ab0000)
  to   space 21824K,   0% used [0x00000000e6ab0000, 0x00000000e6ab0000, 0x00000000e8000000)
 concurrent mark-sweep generation total 393216K, used 113166K [0x00000000e8000000, 0x0000000100000000, 0x0000000100000000)
 Metaspace       used 56618K, capacity 58381K, committed 58572K, reserved 1101824K
  class space    used 6563K, capacity 6968K, committed 7116K, reserved 1048576K
2020-06-30T22:14:29.286+0100: 3516.929: [GC (Allocation Failure) 2020-06-30T22:14:29.286+0100: 3516.929: [ParNew
Desired survivor size 20112992 bytes, new threshold 8 (max 8)
- age   1:    6816936 bytes,    6816936 total
- age   2:    3118696 bytes,    9935632 total
- age   3:    2979576 bytes,   12915208 total
- age   4:    3632560 bytes,   16547768 total
- age   5:    3417840 bytes,   19965608 total
: 109248K->21824K(109248K), 0.0219525 secs] 222414K->144379K(502464K), 0.0220575 secs] [Times: user=0.02 sys=0.02, real=0.02 secs] 
Heap after GC invocations=421 (full 26):
 par new generation   total 109248K, used 21824K [0x00000000e0000000, 0x00000000e8000000, 0x00000000e8000000)
  eden space 87424K,   0% used [0x00000000e0000000, 0x00000000e0000000, 0x00000000e5560000)
  from space 21824K, 100% used [0x00000000e6ab0000, 0x00000000e8000000, 0x00000000e8000000)
  to   space 21824K,   0% used [0x00000000e5560000, 0x00000000e5560000, 0x00000000e6ab0000)
 concurrent mark-sweep generation total 393216K, used 122555K [0x00000000e8000000, 0x0000000100000000, 0x0000000100000000)
 Metaspace       used 56618K, capacity 58381K, committed 58572K, reserved 1101824K
  class space    used 6563K, capacity 6968K, committed 7116K, reserved 1048576K
}
2020-06-30T22:14:29.308+0100: 3516.951: Total time for which application threads were stopped: 0.0223798 seconds, Stopping threads took: 0.0000792 seconds
2020-06-30T22:14:29.310+0100: 3516.952: Total time for which application threads were stopped: 0.0002504 seconds, Stopping threads took: 0.0000759 seconds
2020-06-30T22:14:29.310+0100: 3516.953: Total time for which application threads were stopped: 0.0001540 seconds, Stopping threads took: 0.0000605 seconds
{Heap before GC invocations=421 (full 26):
 par new generation   total 109248K, used 109248K [0x00000000e0000000, 0x00000000e8000000, 0x00000000e8000000)
  eden space 87424K, 100% used [0x00000000e0000000, 0x00000000e5560000, 0x00000000e5560000)
  from space 21824K, 100% used [0x00000000e6ab0000, 0x00000000e8000000, 0x00000000e8000000)
  to   space 21824K,   0% used [0x00000000e5560000, 0x00000000e5560000, 0x00000000e6ab0000)
 concurrent mark-sweep generation total 393216K, used 122555K [0x00000000e8000000, 0x0000000100000000, 0x0000000100000000)
 Metaspace       used 56618K, capacity 58381K, committed 58572K, reserved 1101824K
  class space    used 6563K, capacity 6968K, committed 7116K, reserved 1048576K
2020-06-30T22:14:29.523+0100: 3517.166: [GC (Allocation Failure) 2020-06-30T22:14:29.523+0100: 3517.166: [ParNew
Desired survivor size 20112992 bytes, new threshold 6 (max 8)
- age   1:    4287168 bytes,    4287168 total
- age   2:    5076192 bytes,    9363360 total
- age   3:    3015104 bytes,   12378464 total
- age   4:    2927272 bytes,   15305736 total
- age   5:    3627264 bytes,   18933000 total
- age   6:    3403808 bytes,   22336808 total
: 109248K->21824K(109248K), 0.0190400 secs] 231803K->152906K(502464K), 0.0194801 secs] [Times: user=0.06 sys=0.00, real=0.02 secs] 
Heap after GC invocations=422 (full 26):
 par new generation   total 109248K, used 21824K [0x00000000e0000000, 0x00000000e8000000, 0x00000000e8000000)
  eden space 87424K,   0% used [0x00000000e0000000, 0x00000000e0000000, 0x00000000e5560000)
  from space 21824K, 100% used [0x00000000e5560000, 0x00000000e6ab0000, 0x00000000e6ab0000)
  to   space 21824K,   0% used [0x00000000e6ab0000, 0x00000000e6ab0000, 0x00000000e8000000)
 concurrent mark-sweep generation total 393216K, used 131082K [0x00000000e8000000, 0x0000000100000000, 0x0000000100000000)
 Metaspace       used 56618K, capacity 58381K, committed 58572K, reserved 1101824K
  class space    used 6563K, capacity 6968K, committed 7116K, reserved 1048576K
}
2020-06-30T22:14:29.543+0100: 3517.186: Total time for which application threads were stopped: 0.0199472 seconds, Stopping threads took: 0.0000614 seconds
2020-06-30T22:14:30.189+0100: 3517.832: Total time for which application threads were stopped: 0.0007228 seconds, Stopping threads took: 0.0003605 seconds
2020-06-30T22:14:30.230+0100: 3517.873: Total time for which application threads were stopped: 0.0002314 seconds, Stopping threads took: 0.0001154 seconds
2020-06-30T22:14:30.231+0100: 3517.874: Total time for which application threads were stopped: 0.0001732 seconds, Stopping threads took: 0.0000624 seconds
2020-06-30T22:14:30.232+0100: 3517.875: Total time for which application threads were stopped: 0.0001293 seconds, Stopping threads took: 0.0000436 seconds
2020-06-30T22:14:30.232+0100: 3517.875: Total time for which application threads were stopped: 0.0001111 seconds, Stopping threads took: 0.0000390 seconds
2020-06-30T22:14:30.232+0100: 3517.875: Total time for which application threads were stopped: 0.0001186 seconds, Stopping threads took: 0.0000405 seconds
2020-06-30T22:14:31.233+0100: 3518.876: Total time for which application threads were stopped: 0.0001172 seconds, Stopping threads took: 0.0000584 seconds
2020-06-30T22:14:35.333+0100: 3522.976: Total time for which application threads were stopped: 0.0002220 seconds, Stopping threads took: 0.0001650 seconds
2020-06-30T22:14:35.338+0100: 3522.981: Total time for which application threads were stopped: 0.0002117 seconds, Stopping threads took: 0.0000878 seconds
2020-06-30T22:14:35.339+0100: 3522.982: Total time for which application threads were stopped: 0.0001825 seconds, Stopping threads took: 0.0000911 seconds
{Heap before GC invocations=422 (full 26):
 par new generation   total 109248K, used 109248K [0x00000000e0000000, 0x00000000e8000000, 0x00000000e8000000)
  eden space 87424K, 100% used [0x00000000e0000000, 0x00000000e5560000, 0x00000000e5560000)
  from space 21824K, 100% used [0x00000000e5560000, 0x00000000e6ab0000, 0x00000000e6ab0000)
  to   space 21824K,   0% used [0x00000000e6ab0000, 0x00000000e6ab0000, 0x00000000e8000000)
 concurrent mark-sweep generation total 393216K, used 131082K [0x00000000e8000000, 0x0000000100000000, 0x0000000100000000)
 Metaspace       used 56620K, capacity 58381K, committed 58572K, reserved 1101824K
  class space    used 6563K, capacity 6968K, committed 7116K, reserved 1048576K
2020-06-30T22:14:35.401+0100: 3523.044: [GC (Allocation Failure) 2020-06-30T22:14:35.402+0100: 3523.044: [ParNew
Desired survivor size 20112992 bytes, new threshold 6 (max 8)
- age   1:    5618880 bytes,    5618880 total
- age   2:    3011080 bytes,    8629960 total
- age   3:    4884544 bytes,   13514504 total
- age   4:    2581024 bytes,   16095528 total
- age   5:    2792344 bytes,   18887872 total
- age   6:    3455072 bytes,   22342944 total
: 109248K->21824K(109248K), 0.0184679 secs] 240330K->163153K(502464K), 0.0185949 secs] [Times: user=0.06 sys=0.00, real=0.02 secs] 
Heap after GC invocations=423 (full 26):
 par new generation   total 109248K, used 21824K [0x00000000e0000000, 0x00000000e8000000, 0x00000000e8000000)
  eden space 87424K,   0% used [0x00000000e0000000, 0x00000000e0000000, 0x00000000e5560000)
  from space 21824K, 100% used [0x00000000e6ab0000, 0x00000000e8000000, 0x00000000e8000000)
  to   space 21824K,   0% used [0x00000000e5560000, 0x00000000e5560000, 0x00000000e6ab0000)
 concurrent mark-sweep generation total 393216K, used 141329K [0x00000000e8000000, 0x0000000100000000, 0x0000000100000000)
 Metaspace       used 56620K, capacity 58381K, committed 58572K, reserved 1101824K
  class space    used 6563K, capacity 6968K, committed 7116K, reserved 1048576K
}
2020-06-30T22:14:35.420+0100: 3523.063: Total time for which application threads were stopped: 0.0188444 seconds, Stopping threads took: 0.0000774 seconds
2020-06-30T22:14:35.434+0100: 3523.076: Total time for which application threads were stopped: 0.0001679 seconds, Stopping threads took: 0.0000633 seconds
{Heap before GC invocations=423 (full 26):
 par new generation   total 109248K, used 109248K [0x00000000e0000000, 0x00000000e8000000, 0x00000000e8000000)
  eden space 87424K, 100% used [0x00000000e0000000, 0x00000000e5560000, 0x00000000e5560000)
  from space 21824K, 100% used [0x00000000e6ab0000, 0x00000000e8000000, 0x00000000e8000000)
  to   space 21824K,   0% used [0x00000000e5560000, 0x00000000e5560000, 0x00000000e6ab0000)
 concurrent mark-sweep generation total 393216K, used 141329K [0x00000000e8000000, 0x0000000100000000, 0x0000000100000000)
 Metaspace       used 56620K, capacity 58381K, committed 58572K, reserved 1101824K
  class space    used 6563K, capacity 6968K, committed 7116K, reserved 1048576K
2020-06-30T22:14:35.503+0100: 3523.146: [GC (Allocation Failure) 2020-06-30T22:14:35.503+0100: 3523.146: [ParNew
Desired survivor size 20112992 bytes, new threshold 6 (max 8)
- age   1:    6461656 bytes,    6461656 total
- age   2:    4084560 bytes,   10546216 total
- age   3:    2653512 bytes,   13199728 total
- age   4:    4320136 bytes,   17519864 total
- age   5:    2569528 bytes,   20089392 total
- age   6:    2228216 bytes,   22317608 total
: 109248K->21824K(109248K), 0.0164161 secs] 250577K->172940K(502464K), 0.0165316 secs] [Times: user=0.06 sys=0.00, real=0.02 secs] 
Heap after GC invocations=424 (full 26):
 par new generation   total 109248K, used 21824K [0x00000000e0000000, 0x00000000e8000000, 0x00000000e8000000)
  eden space 87424K,   0% used [0x00000000e0000000, 0x00000000e0000000, 0x00000000e5560000)
  from space 21824K, 100% used [0x00000000e5560000, 0x00000000e6ab0000, 0x00000000e6ab0000)
  to   space 21824K,   0% used [0x00000000e6ab0000, 0x00000000e6ab0000, 0x00000000e8000000)
 concurrent mark-sweep generation total 393216K, used 151116K [0x00000000e8000000, 0x0000000100000000, 0x0000000100000000)
 Metaspace       used 56620K, capacity 58381K, committed 58572K, reserved 1101824K
  class space    used 6563K, capacity 6968K, committed 7116K, reserved 1048576K
}
2020-06-30T22:14:35.520+0100: 3523.163: Total time for which application threads were stopped: 0.0167537 seconds, Stopping threads took: 0.0000546 seconds
{Heap before GC invocations=424 (full 26):
 par new generation   total 109248K, used 109248K [0x00000000e0000000, 0x00000000e8000000, 0x00000000e8000000)
  eden space 87424K, 100% used [0x00000000e0000000, 0x00000000e5560000, 0x00000000e5560000)
  from space 21824K, 100% used [0x00000000e5560000, 0x00000000e6ab0000, 0x00000000e6ab0000)
  to   space 21824K,   0% used [0x00000000e6ab0000, 0x00000000e6ab0000, 0x00000000e8000000)
 concurrent mark-sweep generation total 393216K, used 151116K [0x00000000e8000000, 0x0000000100000000, 0x0000000100000000)
 Metaspace       used 56620K, capacity 58381K, committed 58572K, reserved 1101824K
  class space    used 6563K, capacity 6968K, committed 7116K, reserved 1048576K
2020-06-30T22:14:35.611+0100: 3523.254: [GC (Allocation Failure) 2020-06-30T22:14:35.611+0100: 3523.254: [ParNew
Desired survivor size 20112992 bytes, new threshold 6 (max 8)
- age   1:    2583696 bytes,    2583696 total
- age   2:    5245280 bytes,    7828976 total
- age   3:    4074112 bytes,   11903088 total
- age   4:    2653512 bytes,   14556600 total
- age   5:    4320136 bytes,   18876736 total
- age   6:    2569528 bytes,   21446264 total
: 109248K->21824K(109248K), 0.0140257 secs] 260364K->178485K(502464K), 0.0141130 secs] [Times: user=0.06 sys=0.00, real=0.01 secs] 
Heap after GC invocations=425 (full 26):
 par new generation   total 109248K, used 21824K [0x00000000e0000000, 0x00000000e8000000, 0x00000000e8000000)
  eden space 87424K,   0% used [0x00000000e0000000, 0x00000000e0000000, 0x00000000e5560000)
  from space 21824K, 100% used [0x00000000e6ab0000, 0x00000000e8000000, 0x00000000e8000000)
  to   space 21824K,   0% used [0x00000000e5560000, 0x00000000e5560000, 0x00000000e6ab0000)
 concurrent mark-sweep generation total 393216K, used 156661K [0x00000000e8000000, 0x0000000100000000, 0x0000000100000000)
 Metaspace       used 56620K, capacity 58381K, committed 58572K, reserved 1101824K
  class space    used 6563K, capacity 6968K, committed 7116K, reserved 1048576K
}
2020-06-30T22:14:35.626+0100: 3523.269: Total time for which application threads were stopped: 0.0143233 seconds, Stopping threads took: 0.0000540 seconds
{Heap before GC invocations=425 (full 26):
 par new generation   total 109248K, used 109248K [0x00000000e0000000, 0x00000000e8000000, 0x00000000e8000000)
  eden space 87424K, 100% used [0x00000000e0000000, 0x00000000e5560000, 0x00000000e5560000)
  from space 21824K, 100% used [0x00000000e6ab0000, 0x00000000e8000000, 0x00000000e8000000)
  to   space 21824K,   0% used [0x00000000e5560000, 0x00000000e5560000, 0x00000000e6ab0000)
 concurrent mark-sweep generation total 393216K, used 156661K [0x00000000e8000000, 0x0000000100000000, 0x0000000100000000)
 Metaspace       used 56620K, capacity 58381K, committed 58572K, reserved 1101824K
  class space    used 6563K, capacity 6968K, committed 7116K, reserved 1048576K
2020-06-30T22:14:35.722+0100: 3523.365: [GC (Allocation Failure) 2020-06-30T22:14:35.722+0100: 3523.365: [ParNew
Desired survivor size 20112992 bytes, new threshold 6 (max 8)
- age   1:    4401304 bytes,    4401304 total
- age   2:    2295416 bytes,    6696720 total
- age   3:    5217640 bytes,   11914360 total
- age   4:    3871312 bytes,   15785672 total
- age   5:    2240416 bytes,   18026088 total
- age   6:    4315072 bytes,   22341160 total
: 109248K->21824K(109248K), 0.0169779 secs] 265909K->186292K(502464K), 0.0171121 secs] [Times: user=0.06 sys=0.00, real=0.02 secs] 
Heap after GC invocations=426 (full 26):
 par new generation   total 109248K, used 21824K [0x00000000e0000000, 0x00000000e8000000, 0x00000000e8000000)
  eden space 87424K,   0% used [0x00000000e0000000, 0x00000000e0000000, 0x00000000e5560000)
  from space 21824K, 100% used [0x00000000e5560000, 0x00000000e6ab0000, 0x00000000e6ab0000)
  to   space 21824K,   0% used [0x00000000e6ab0000, 0x00000000e6ab0000, 0x00000000e8000000)
 concurrent mark-sweep generation total 393216K, used 164468K [0x00000000e8000000, 0x0000000100000000, 0x0000000100000000)
 Metaspace       used 56620K, capacity 58381K, committed 58572K, reserved 1101824K
  class space    used 6563K, capacity 6968K, committed 7116K, reserved 1048576K
}
2020-06-30T22:14:35.739+0100: 3523.382: Total time for which application threads were stopped: 0.0173714 seconds, Stopping threads took: 0.0000713 seconds
2020-06-30T22:14:36.260+0100: 3523.903: Total time for which application threads were stopped: 0.0002332 seconds, Stopping threads took: 0.0001142 seconds
2020-06-30T22:14:36.272+0100: 3523.915: Total time for which application threads were stopped: 0.0006577 seconds, Stopping threads took: 0.0005387 seconds
2020-06-30T22:14:36.278+0100: 3523.921: Total time for which application threads were stopped: 0.0001902 seconds, Stopping threads took: 0.0000621 seconds
2020-06-30T22:14:36.279+0100: 3523.922: Total time for which application threads were stopped: 0.0001465 seconds, Stopping threads took: 0.0000542 seconds
2020-06-30T22:14:36.279+0100: 3523.922: Total time for which application threads were stopped: 0.0001133 seconds, Stopping threads took: 0.0000350 seconds
2020-06-30T22:14:36.279+0100: 3523.922: Total time for which application threads were stopped: 0.0001249 seconds, Stopping threads took: 0.0000380 seconds
2020-06-30T22:14:50.351+0100: 3537.994: Total time for which application threads were stopped: 0.0001006 seconds, Stopping threads took: 0.0000335 seconds
2020-06-30T22:14:57.753+0100: 3545.397: Total time for which application threads were stopped: 0.0001958 seconds, Stopping threads took: 0.0000683 seconds
2020-06-30T22:14:58.753+0100: 3546.396: Total time for which application threads were stopped: 0.0001250 seconds, Stopping threads took: 0.0000266 seconds
2020-06-30T22:15:04.755+0100: 3552.398: Total time for which application threads were stopped: 0.0000989 seconds, Stopping threads took: 0.0000320 seconds
2020-06-30T22:15:05.825+0100: 3553.468: Total time for which application threads were stopped: 0.0000916 seconds, Stopping threads took: 0.0000204 seconds
2020-06-30T22:15:06.827+0100: 3554.471: Total time for which application threads were stopped: 0.0002199 seconds, Stopping threads took: 0.0000468 seconds
2020-06-30T22:15:06.828+0100: 3554.471: Total time for which application threads were stopped: 0.0000867 seconds, Stopping threads took: 0.0000395 seconds
2020-06-30T22:15:06.828+0100: 3554.471: Total time for which application threads were stopped: 0.0001382 seconds, Stopping threads took: 0.0000175 seconds
2020-06-30T22:15:06.828+0100: 3554.471: Total time for which application threads were stopped: 0.0000733 seconds, Stopping threads took: 0.0000366 seconds
2020-06-30T22:15:07.882+0100: 3555.525: Total time for which application threads were stopped: 0.0022304 seconds, Stopping threads took: 0.0021063 seconds
2020-06-30T22:15:07.882+0100: 3555.526: Total time for which application threads were stopped: 0.0002993 seconds, Stopping threads took: 0.0000800 seconds
2020-06-30T22:15:07.883+0100: 3555.527: Total time for which application threads were stopped: 0.0005346 seconds, Stopping threads took: 0.0004091 seconds
2020-06-30T22:15:07.883+0100: 3555.527: Total time for which application threads were stopped: 0.0001249 seconds, Stopping threads took: 0.0000453 seconds
2020-06-30T22:15:07.884+0100: 3555.527: Total time for which application threads were stopped: 0.0000973 seconds, Stopping threads took: 0.0000337 seconds
2020-06-30T22:15:07.885+0100: 3555.528: Total time for which application threads were stopped: 0.0002210 seconds, Stopping threads took: 0.0001138 seconds
2020-06-30T22:15:07.885+0100: 3555.529: Total time for which application threads were stopped: 0.0003497 seconds, Stopping threads took: 0.0000640 seconds
2020-06-30T22:15:07.894+0100: 3555.537: Total time for which application threads were stopped: 0.0001789 seconds, Stopping threads took: 0.0000426 seconds
2020-06-30T22:15:07.894+0100: 3555.537: Total time for which application threads were stopped: 0.0001418 seconds, Stopping threads took: 0.0000500 seconds
2020-06-30T22:15:07.894+0100: 3555.537: Total time for which application threads were stopped: 0.0001155 seconds, Stopping threads took: 0.0000296 seconds
2020-06-30T22:15:07.894+0100: 3555.538: Total time for which application threads were stopped: 0.0001826 seconds, Stopping threads took: 0.0000406 seconds
2020-06-30T22:15:07.895+0100: 3555.538: Total time for which application threads were stopped: 0.0001279 seconds, Stopping threads took: 0.0000287 seconds
2020-06-30T22:15:07.895+0100: 3555.538: Total time for which application threads were stopped: 0.0001355 seconds, Stopping threads took: 0.0000423 seconds
2020-06-30T22:15:07.895+0100: 3555.538: Total time for which application threads were stopped: 0.0001158 seconds, Stopping threads took: 0.0000229 seconds
2020-06-30T22:15:08.896+0100: 3556.539: Total time for which application threads were stopped: 0.0001104 seconds, Stopping threads took: 0.0000508 seconds
2020-06-30T22:15:13.141+0100: 3560.784: Total time for which application threads were stopped: 0.0002313 seconds, Stopping threads took: 0.0001389 seconds
2020-06-30T22:15:13.144+0100: 3560.787: Total time for which application threads were stopped: 0.0001695 seconds, Stopping threads took: 0.0000692 seconds
2020-06-30T22:15:13.144+0100: 3560.787: Total time for which application threads were stopped: 0.0001280 seconds, Stopping threads took: 0.0000777 seconds
2020-06-30T22:15:13.144+0100: 3560.787: Total time for which application threads were stopped: 0.0000909 seconds, Stopping threads took: 0.0000467 seconds
2020-06-30T22:15:13.147+0100: 3560.790: Total time for which application threads were stopped: 0.0001613 seconds, Stopping threads took: 0.0000719 seconds
2020-06-30T22:15:13.149+0100: 3560.792: Total time for which application threads were stopped: 0.0004126 seconds, Stopping threads took: 0.0000539 seconds
2020-06-30T22:15:13.152+0100: 3560.795: Total time for which application threads were stopped: 0.0001593 seconds, Stopping threads took: 0.0000546 seconds
2020-06-30T22:15:13.383+0100: 3561.026: Total time for which application threads were stopped: 0.0000811 seconds, Stopping threads took: 0.0000221 seconds
2020-06-30T22:15:13.383+0100: 3561.026: Total time for which application threads were stopped: 0.0000559 seconds, Stopping threads took: 0.0000127 seconds
2020-06-30T22:15:13.383+0100: 3561.026: Total time for which application threads were stopped: 0.0000458 seconds, Stopping threads took: 0.0000129 seconds
2020-06-30T22:15:13.383+0100: 3561.027: Total time for which application threads were stopped: 0.0000454 seconds, Stopping threads took: 0.0000126 seconds
2020-06-30T22:15:13.384+0100: 3561.027: Total time for which application threads were stopped: 0.0000692 seconds, Stopping threads took: 0.0000158 seconds
2020-06-30T22:15:13.384+0100: 3561.027: Total time for which application threads were stopped: 0.0000605 seconds, Stopping threads took: 0.0000165 seconds
2020-06-30T22:15:13.384+0100: 3561.027: Total time for which application threads were stopped: 0.0000547 seconds, Stopping threads took: 0.0000140 seconds
2020-06-30T22:15:13.384+0100: 3561.027: Total time for which application threads were stopped: 0.0000533 seconds, Stopping threads took: 0.0000146 seconds
2020-06-30T22:15:13.384+0100: 3561.028: Total time for which application threads were stopped: 0.0000636 seconds, Stopping threads took: 0.0000260 seconds
2020-06-30T22:15:13.384+0100: 3561.028: Total time for which application threads were stopped: 0.0000532 seconds, Stopping threads took: 0.0000140 seconds
2020-06-30T22:15:13.385+0100: 3561.028: Total time for which application threads were stopped: 0.0000694 seconds, Stopping threads took: 0.0000135 seconds
2020-06-30T22:15:13.385+0100: 3561.028: Total time for which application threads were stopped: 0.0000408 seconds, Stopping threads took: 0.0000115 seconds
2020-06-30T22:15:13.385+0100: 3561.028: Total time for which application threads were stopped: 0.0000462 seconds, Stopping threads took: 0.0000151 seconds
2020-06-30T22:15:13.385+0100: 3561.029: Total time for which application threads were stopped: 0.0000384 seconds, Stopping threads took: 0.0000116 seconds
2020-06-30T22:15:13.385+0100: 3561.029: Total time for which application threads were stopped: 0.0000404 seconds, Stopping threads took: 0.0000132 seconds
2020-06-30T22:15:13.385+0100: 3561.029: Total time for which application threads were stopped: 0.0000380 seconds, Stopping threads took: 0.0000112 seconds
2020-06-30T22:15:13.386+0100: 3561.029: Total time for which application threads were stopped: 0.0000694 seconds, Stopping threads took: 0.0000312 seconds
2020-06-30T22:15:13.386+0100: 3561.029: Total time for which application threads were stopped: 0.0000567 seconds, Stopping threads took: 0.0000148 seconds
2020-06-30T22:15:13.386+0100: 3561.029: Total time for which application threads were stopped: 0.0000524 seconds, Stopping threads took: 0.0000143 seconds
2020-06-30T22:15:13.386+0100: 3561.029: Total time for which application threads were stopped: 0.0000515 seconds, Stopping threads took: 0.0000127 seconds
2020-06-30T22:15:13.386+0100: 3561.030: Total time for which application threads were stopped: 0.0000542 seconds, Stopping threads took: 0.0000163 seconds
2020-06-30T22:15:13.386+0100: 3561.030: Total time for which application threads were stopped: 0.0000503 seconds, Stopping threads took: 0.0000134 seconds
2020-06-30T22:15:13.387+0100: 3561.030: Total time for which application threads were stopped: 0.0000642 seconds, Stopping threads took: 0.0000239 seconds
2020-06-30T22:15:13.387+0100: 3561.031: Total time for which application threads were stopped: 0.0000565 seconds, Stopping threads took: 0.0000173 seconds
2020-06-30T22:15:13.389+0100: 3561.033: Total time for which application threads were stopped: 0.0001253 seconds, Stopping threads took: 0.0000309 seconds
2020-06-30T22:15:13.390+0100: 3561.033: Total time for which application threads were stopped: 0.0000852 seconds, Stopping threads took: 0.0000159 seconds
2020-06-30T22:15:13.391+0100: 3561.034: Total time for which application threads were stopped: 0.0001410 seconds, Stopping threads took: 0.0000544 seconds
2020-06-30T22:15:13.393+0100: 3561.037: Total time for which application threads were stopped: 0.0000682 seconds, Stopping threads took: 0.0000190 seconds
2020-06-30T22:15:13.398+0100: 3561.041: Total time for which application threads were stopped: 0.0009936 seconds, Stopping threads took: 0.0000560 seconds
2020-06-30T22:15:13.401+0100: 3561.044: Total time for which application threads were stopped: 0.0000727 seconds, Stopping threads took: 0.0000159 seconds
Heap
 par new generation   total 109248K, used 70113K [0x00000000e0000000, 0x00000000e8000000, 0x00000000e8000000)
  eden space 87424K,  55% used [0x00000000e0000000, 0x00000000e2f28490, 0x00000000e5560000)
  from space 21824K, 100% used [0x00000000e5560000, 0x00000000e6ab0000, 0x00000000e6ab0000)
  to   space 21824K,   0% used [0x00000000e6ab0000, 0x00000000e6ab0000, 0x00000000e8000000)
 concurrent mark-sweep generation total 393216K, used 164468K [0x00000000e8000000, 0x0000000100000000, 0x0000000100000000)
 Metaspace       used 57476K, capacity 59235K, committed 59468K, reserved 1101824K
  class space    used 6677K, capacity 7115K, committed 7244K, reserved 1048576K
